2010-07-17 16:25:36,640 [Finalizer] DEBUG com.xuggle.xuggler - Closing dangling Container (../../../../../../../csrc/com/xuggle/xuggler/Container.cpp:83)
2010-08-26 15:42:08,843 [Finalizer] DEBUG com.xuggle.xuggler - Closing dangling Container (../../../../../../../csrc/com/xuggle/xuggler/Container.cpp:83)
2011-01-24 14:47:54,671 [Finalizer] DEBUG com.xuggle.xuggler - Closing dangling Container (../../../../../../../csrc/com/xuggle/xuggler/Container.cpp:83)
2011-01-24 14:47:54,676 [Thread-4] DEBUG com.xuggle.xuggler - Closing dangling Container (../../../../../../../csrc/com/xuggle/xuggler/Container.cpp:83)
2011-01-24 14:47:54,679 [Thread-4] ERROR org.ffmpeg - [wmv2 @ 0xa1b8a10] warning: first frame is no keyframe
2011-01-24 14:47:55,105 [Thread-4] ERROR org.ffmpeg - [wmav2 @ 0x55b1460] overflow in spectral RLE, ignoring
2011-01-24 14:47:55,202 [Thread-4] ERROR org.ffmpeg - [wmav2 @ 0x55b1460] overflow in spectral RLE, ignoring
2011-01-24 14:47:55,275 [Thread-4] ERROR org.ffmpeg - [wmav2 @ 0x55b1460] overflow in spectral RLE, ignoring
2011-01-24 14:47:55,461 [Thread-4] ERROR org.ffmpeg - [wmav2 @ 0x55b1460] overflow in spectral RLE, ignoring
2011-01-24 14:47:55,700 [Thread-4] ERROR org.ffmpeg - [wmav2 @ 0x55b1460] overflow in spectral RLE, ignoring
2011-01-24 14:47:55,788 [Thread-4] ERROR org.ffmpeg - [wmav2 @ 0x55b1460] overflow in spectral RLE, ignoring
2011-01-24 14:47:56,149 [Thread-4] ERROR org.ffmpeg - [wmav2 @ 0x55b1460] overflow in spectral RLE, ignoring
2011-01-24 14:47:56,174 [Thread-4] ERROR org.ffmpeg - [wmav2 @ 0x55b1460] overflow in spectral RLE, ignoring
2011-01-24 14:47:56,766 [Thread-4] ERROR org.ffmpeg - [wmav2 @ 0x55b1460] overflow in spectral RLE, ignoring
2011-01-24 14:47:56,767 [Thread-4] ERROR org.ffmpeg - [wmav2 @ 0x55b1460] overflow in spectral RLE, ignoring
2011-01-24 14:50:17,980 [Finalizer] DEBUG com.xuggle.xuggler - Closing dangling Container (../../../../../../../csrc/com/xuggle/xuggler/Container.cpp:83)
2011-01-24 14:50:19,236 [Thread-4] ERROR org.ffmpeg - [wmv2 @ 0x9defae0] warning: first frame is no keyframe
2011-01-24 14:50:19,254 [Finalizer] DEBUG com.xuggle.xuggler - Closing dangling Container (../../../../../../../csrc/com/xuggle/xuggler/Container.cpp:83)
2011-01-24 14:50:19,255 [Thread-4] ERROR org.ffmpeg - [wmav2 @ 0x9df04f0] overflow in spectral RLE, ignoring
2011-01-24 14:50:19,611 [Thread-4] ERROR org.ffmpeg - [wmav2 @ 0x9df04f0] overflow in spectral RLE, ignoring
2011-01-24 14:50:19,860 [Thread-4] ERROR org.ffmpeg - [wmav2 @ 0x9df04f0] overflow in spectral RLE, ignoring
2011-01-24 14:50:19,950 [Thread-4] ERROR org.ffmpeg - [wmav2 @ 0x9df04f0] overflow in spectral RLE, ignoring
2011-01-24 14:50:20,120 [Thread-4] ERROR org.ffmpeg - [wmav2 @ 0x9df04f0] overflow in spectral RLE, ignoring
2011-01-24 14:50:20,122 [Thread-4] ERROR org.ffmpeg - [wmav2 @ 0x9df04f0] overflow in spectral RLE, ignoring
2011-01-24 14:50:20,168 [Thread-4] ERROR org.ffmpeg - [wmav2 @ 0x9df04f0] overflow in spectral RLE, ignoring
2011-01-24 14:50:20,344 [Thread-4] ERROR org.ffmpeg - [wmav2 @ 0x9df04f0] overflow in spectral RLE, ignoring
2011-01-24 14:50:20,369 [Thread-4] ERROR org.ffmpeg - [wmav2 @ 0x9df04f0] overflow in spectral RLE, ignoring
2011-01-24 14:50:20,488 [Thread-4] ERROR org.ffmpeg - [wmav2 @ 0x9df04f0] overflow in spectral RLE, ignoring
2011-01-24 14:50:20,510 [Thread-4] ERROR org.ffmpeg - [wmav2 @ 0x9df04f0] overflow in spectral RLE, ignoring
2011-01-24 14:50:20,511 [Thread-4] ERROR org.ffmpeg - [wmav2 @ 0x9df04f0] overflow in spectral RLE, ignoring
2011-01-24 14:50:20,652 [Thread-4] ERROR org.ffmpeg - [wmav2 @ 0x9df04f0] overflow in spectral RLE, ignoring
2011-01-24 14:50:20,653 [Thread-4] ERROR org.ffmpeg - [wmav2 @ 0x9df04f0] overflow in spectral RLE, ignoring
2011-01-24 14:50:20,714 [Thread-4] ERROR org.ffmpeg - [wmav2 @ 0x9df04f0] overflow in spectral RLE, ignoring
2011-01-24 14:50:20,859 [Thread-4] ERROR org.ffmpeg - [wmav2 @ 0x9df04f0] overflow in spectral RLE, ignoring
2011-01-24 14:50:20,930 [Thread-4] ERROR org.ffmpeg - [wmav2 @ 0x9df04f0] overflow in spectral RLE, ignoring
2011-01-24 14:50:20,954 [Thread-4] ERROR org.ffmpeg - [wmav2 @ 0x9df04f0] overflow in spectral RLE, ignoring
2011-01-24 14:50:20,979 [Thread-4] ERROR org.ffmpeg - [wmav2 @ 0x9df04f0] overflow in spectral RLE, ignoring
2011-01-24 14:50:21,025 [Thread-4] ERROR org.ffmpeg - [wmav2 @ 0x9df04f0] overflow in spectral RLE, ignoring
2011-01-24 14:50:21,026 [Thread-4] ERROR org.ffmpeg - [wmav2 @ 0x9df04f0] overflow in spectral RLE, ignoring
2011-01-24 14:50:21,071 [Thread-4] ERROR org.ffmpeg - [wmav2 @ 0x9df04f0] overflow in spectral RLE, ignoring
2011-01-24 14:50:21,115 [Thread-4] ERROR org.ffmpeg - [wmav2 @ 0x9df04f0] overflow in spectral RLE, ignoring
2011-01-24 14:50:21,115 [Thread-4] ERROR org.ffmpeg - [wmav2 @ 0x9df04f0] overflow in spectral RLE, ignoring
2011-01-24 14:50:21,256 [Thread-4] ERROR org.ffmpeg - [wmav2 @ 0x9df04f0] overflow in spectral RLE, ignoring
2011-01-24 14:50:21,355 [Thread-4] ERROR org.ffmpeg - [wmav2 @ 0x9df04f0] overflow in spectral RLE, ignoring
2011-01-24 14:50:21,421 [Thread-4] ERROR org.ffmpeg - [wmav2 @ 0x9df04f0] overflow in spectral RLE, ignoring
2011-01-24 14:50:21,423 [Thread-4] ERROR org.ffmpeg - [wmav2 @ 0x9df04f0] overflow in spectral RLE, ignoring
2011-01-24 14:50:22,243 [Thread-4] ERROR org.ffmpeg - [wmav2 @ 0x9df04f0] overflow in spectral RLE, ignoring
2011-01-24 14:50:22,244 [Thread-4] ERROR org.ffmpeg - [wmav2 @ 0x9df04f0] overflow in spectral RLE, ignoring
2011-01-24 14:50:22,926 [Thread-4] ERROR org.ffmpeg - [wmav2 @ 0x9df04f0] overflow in spectral RLE, ignoring
2011-01-24 14:50:23,074 [Thread-4] ERROR org.ffmpeg - [wmav2 @ 0x9df04f0] overflow in spectral RLE, ignoring
2011-01-24 14:50:23,269 [Thread-4] ERROR org.ffmpeg - [wmav2 @ 0x9df04f0] overflow in spectral RLE, ignoring
2011-01-24 14:50:24,479 [Thread-4] ERROR org.ffmpeg - [wmav2 @ 0x9df04f0] overflow in spectral RLE, ignoring
2011-01-24 14:50:24,565 [Thread-4] ERROR org.ffmpeg - [wmav2 @ 0x9df04f0] overflow in spectral RLE, ignoring
2011-01-24 14:50:24,667 [Thread-4] ERROR org.ffmpeg - [wmav2 @ 0x9df04f0] overflow in spectral RLE, ignoring
2011-01-24 14:50:24,915 [Thread-4] ERROR org.ffmpeg - [wmav2 @ 0x9df04f0] overflow in spectral RLE, ignoring
2011-01-24 14:50:25,128 [Thread-4] ERROR org.ffmpeg - [wmav2 @ 0x9df04f0] overflow in spectral RLE, ignoring
2011-01-24 14:50:25,415 [Thread-4] ERROR org.ffmpeg - [wmav2 @ 0x9df04f0] overflow in spectral RLE, ignoring
2011-01-24 14:50:25,437 [Thread-4] ERROR org.ffmpeg - [wmav2 @ 0x9df04f0] overflow in spectral RLE, ignoring
2011-01-24 14:50:25,458 [Thread-4] ERROR org.ffmpeg - [wmav2 @ 0x9df04f0] overflow in spectral RLE, ignoring
2011-01-24 14:50:25,459 [Thread-4] ERROR org.ffmpeg - [wmav2 @ 0x9df04f0] overflow in spectral RLE, ignoring
2011-01-24 14:50:25,608 [Thread-4] ERROR org.ffmpeg - [wmav2 @ 0x9df04f0] overflow in spectral RLE, ignoring
2011-01-24 14:50:25,694 [Thread-4] ERROR org.ffmpeg - [wmav2 @ 0x9df04f0] overflow in spectral RLE, ignoring
2011-01-24 15:02:33,517 [Finalizer] DEBUG com.xuggle.xuggler - Closing dangling Container (../../../../../../../csrc/com/xuggle/xuggler/Container.cpp:83)
2011-01-24 15:02:33,518 [Thread-5] DEBUG com.xuggle.xuggler - Closing dangling Container (../../../../../../../csrc/com/xuggle/xuggler/Container.cpp:83)
2011-01-24 15:02:33,536 [Thread-5] ERROR org.ffmpeg - [wmv2 @ 0x9ef0ff0] warning: first frame is no keyframe
2011-01-24 15:02:33,551 [Thread-5] ERROR org.ffmpeg - [wmav2 @ 0x9ef17e0] overflow in spectral RLE, ignoring
2011-01-24 15:02:33,855 [Thread-5] ERROR org.ffmpeg - [wmav2 @ 0x9ef17e0] overflow in spectral RLE, ignoring
2011-01-24 15:02:34,101 [Thread-5] ERROR org.ffmpeg - [wmav2 @ 0x9ef17e0] overflow in spectral RLE, ignoring
2011-01-24 15:02:34,195 [Thread-5] ERROR org.ffmpeg - [wmav2 @ 0x9ef17e0] overflow in spectral RLE, ignoring
2011-01-24 15:02:34,356 [Thread-5] ERROR org.ffmpeg - [wmav2 @ 0x9ef17e0] overflow in spectral RLE, ignoring
2011-01-24 15:02:34,359 [Thread-5] ERROR org.ffmpeg - [wmav2 @ 0x9ef17e0] overflow in spectral RLE, ignoring
2011-01-24 15:02:34,409 [Thread-5] ERROR org.ffmpeg - [wmav2 @ 0x9ef17e0] overflow in spectral RLE, ignoring
2011-01-24 15:02:34,591 [Thread-5] ERROR org.ffmpeg - [wmav2 @ 0x9ef17e0] overflow in spectral RLE, ignoring
2011-01-24 15:02:34,620 [Thread-5] ERROR org.ffmpeg - [wmav2 @ 0x9ef17e0] overflow in spectral RLE, ignoring
2011-01-24 15:02:34,735 [Thread-5] ERROR org.ffmpeg - [wmav2 @ 0x9ef17e0] overflow in spectral RLE, ignoring
2011-01-24 15:02:34,757 [Thread-5] ERROR org.ffmpeg - [wmav2 @ 0x9ef17e0] overflow in spectral RLE, ignoring
2011-01-24 15:02:34,758 [Thread-5] ERROR org.ffmpeg - [wmav2 @ 0x9ef17e0] overflow in spectral RLE, ignoring
2011-01-24 15:02:34,920 [Thread-5] ERROR org.ffmpeg - [wmav2 @ 0x9ef17e0] overflow in spectral RLE, ignoring
2011-01-24 15:02:34,920 [Thread-5] ERROR org.ffmpeg - [wmav2 @ 0x9ef17e0] overflow in spectral RLE, ignoring
2011-01-24 15:02:34,979 [Thread-5] ERROR org.ffmpeg - [wmav2 @ 0x9ef17e0] overflow in spectral RLE, ignoring
2011-01-24 15:02:35,132 [Thread-5] ERROR org.ffmpeg - [wmav2 @ 0x9ef17e0] overflow in spectral RLE, ignoring
2011-01-24 15:02:35,201 [Thread-5] ERROR org.ffmpeg - [wmav2 @ 0x9ef17e0] overflow in spectral RLE, ignoring
2011-01-24 15:02:35,225 [Thread-5] ERROR org.ffmpeg - [wmav2 @ 0x9ef17e0] overflow in spectral RLE, ignoring
2011-01-24 15:02:35,249 [Thread-5] ERROR org.ffmpeg - [wmav2 @ 0x9ef17e0] overflow in spectral RLE, ignoring
2011-01-24 15:02:35,291 [Thread-5] ERROR org.ffmpeg - [wmav2 @ 0x9ef17e0] overflow in spectral RLE, ignoring
2011-01-24 15:02:35,292 [Thread-5] ERROR org.ffmpeg - [wmav2 @ 0x9ef17e0] overflow in spectral RLE, ignoring
2011-01-24 15:02:35,338 [Thread-5] ERROR org.ffmpeg - [wmav2 @ 0x9ef17e0] overflow in spectral RLE, ignoring
2011-01-24 15:02:35,386 [Thread-5] ERROR org.ffmpeg - [wmav2 @ 0x9ef17e0] overflow in spectral RLE, ignoring
2011-01-24 15:02:35,387 [Thread-5] ERROR org.ffmpeg - [wmav2 @ 0x9ef17e0] overflow in spectral RLE, ignoring
2011-01-24 15:02:35,534 [Thread-5] ERROR org.ffmpeg - [wmav2 @ 0x9ef17e0] overflow in spectral RLE, ignoring
2011-01-24 15:02:35,623 [Thread-5] ERROR org.ffmpeg - [wmav2 @ 0x9ef17e0] overflow in spectral RLE, ignoring
2011-01-24 15:02:35,689 [Thread-5] ERROR org.ffmpeg - [wmav2 @ 0x9ef17e0] overflow in spectral RLE, ignoring
2011-01-24 15:02:35,691 [Thread-5] ERROR org.ffmpeg - [wmav2 @ 0x9ef17e0] overflow in spectral RLE, ignoring
2011-01-24 15:02:36,285 [Thread-5] ERROR org.ffmpeg - [wmav2 @ 0x9ef17e0] overflow in spectral RLE, ignoring
2011-01-24 15:02:36,285 [Thread-5] ERROR org.ffmpeg - [wmav2 @ 0x9ef17e0] overflow in spectral RLE, ignoring
2011-01-24 15:02:37,003 [Thread-5] ERROR org.ffmpeg - [wmav2 @ 0x9ef17e0] overflow in spectral RLE, ignoring
2011-01-24 15:02:37,178 [Thread-5] ERROR org.ffmpeg - [wmav2 @ 0x9ef17e0] overflow in spectral RLE, ignoring
2011-01-24 15:02:37,351 [Thread-5] ERROR org.ffmpeg - [wmav2 @ 0x9ef17e0] overflow in spectral RLE, ignoring
2011-01-24 15:02:38,629 [Thread-5] ERROR org.ffmpeg - [wmav2 @ 0x9ef17e0] overflow in spectral RLE, ignoring
2011-01-24 15:02:38,716 [Thread-5] ERROR org.ffmpeg - [wmav2 @ 0x9ef17e0] overflow in spectral RLE, ignoring
2011-01-24 15:02:38,759 [Thread-5] ERROR org.ffmpeg - [wmav2 @ 0x9ef17e0] overflow in spectral RLE, ignoring
2011-01-24 15:02:38,960 [Thread-5] ERROR org.ffmpeg - [wmav2 @ 0x9ef17e0] overflow in spectral RLE, ignoring
2011-01-24 15:02:39,182 [Thread-5] ERROR org.ffmpeg - [wmav2 @ 0x9ef17e0] overflow in spectral RLE, ignoring
2011-01-24 15:02:39,500 [Thread-5] ERROR org.ffmpeg - [wmav2 @ 0x9ef17e0] overflow in spectral RLE, ignoring
2011-01-24 15:02:39,528 [Thread-5] ERROR org.ffmpeg - [wmav2 @ 0x9ef17e0] overflow in spectral RLE, ignoring
2011-01-24 15:02:39,556 [Thread-5] ERROR org.ffmpeg - [wmav2 @ 0x9ef17e0] overflow in spectral RLE, ignoring
2011-01-24 15:02:39,557 [Thread-5] ERROR org.ffmpeg - [wmav2 @ 0x9ef17e0] overflow in spectral RLE, ignoring
2011-01-24 15:02:39,690 [Thread-5] ERROR org.ffmpeg - [wmav2 @ 0x9ef17e0] overflow in spectral RLE, ignoring
2011-01-24 15:02:39,776 [Thread-5] ERROR org.ffmpeg - [wmav2 @ 0x9ef17e0] overflow in spectral RLE, ignoring
2011-01-24 15:03:25,902 [Thread-4] DEBUG com.xuggle.xuggler - Closing dangling Container (../../../../../../../csrc/com/xuggle/xuggler/Container.cpp:83)
2011-01-24 15:03:25,900 [Finalizer] DEBUG com.xuggle.xuggler - Closing dangling Container (../../../../../../../csrc/com/xuggle/xuggler/Container.cpp:83)
2011-01-24 15:05:03,313 [Finalizer] DEBUG com.xuggle.xuggler - Closing dangling Container (../../../../../../../csrc/com/xuggle/xuggler/Container.cpp:83)
2011-01-24 15:05:03,313 [Thread-4] DEBUG com.xuggle.xuggler - Closing dangling Container (../../../../../../../csrc/com/xuggle/xuggler/Container.cpp:83)
2011-01-24 15:05:42,302 [Finalizer] DEBUG com.xuggle.xuggler - Closing dangling Container (../../../../../../../csrc/com/xuggle/xuggler/Container.cpp:83)
2011-01-24 15:05:42,302 [Thread-4] DEBUG com.xuggle.xuggler - Closing dangling Container (../../../../../../../csrc/com/xuggle/xuggler/Container.cpp:83)
2011-01-24 15:07:13,381 [Finalizer] DEBUG com.xuggle.xuggler - Closing dangling Container (../../../../../../../csrc/com/xuggle/xuggler/Container.cpp:83)
2011-01-24 15:09:54,200 [Finalizer] DEBUG com.xuggle.xuggler - Closing dangling Container (../../../../../../../csrc/com/xuggle/xuggler/Container.cpp:83)
2011-01-24 15:21:06,813 [Thread-4] ERROR org.ffmpeg - [wmv2 @ 0x5520500] warning: first frame is no keyframe
2011-01-24 15:21:06,833 [Thread-4] DEBUG com.xuggle.xuggler - Closing dangling Container (../../../../../../../csrc/com/xuggle/xuggler/Container.cpp:83)
2011-01-24 15:21:06,836 [Thread-4] ERROR org.ffmpeg - [wmav2 @ 0x5520f10] overflow in spectral RLE, ignoring
2011-01-24 15:21:07,139 [Thread-4] ERROR org.ffmpeg - [wmav2 @ 0x5520f10] overflow in spectral RLE, ignoring
2011-01-24 15:21:07,392 [Thread-4] ERROR org.ffmpeg - [wmav2 @ 0x5520f10] overflow in spectral RLE, ignoring
2011-01-24 15:21:07,485 [Thread-4] ERROR org.ffmpeg - [wmav2 @ 0x5520f10] overflow in spectral RLE, ignoring
2011-01-24 15:21:07,648 [Thread-4] ERROR org.ffmpeg - [wmav2 @ 0x5520f10] overflow in spectral RLE, ignoring
2011-01-24 15:21:07,650 [Thread-4] ERROR org.ffmpeg - [wmav2 @ 0x5520f10] overflow in spectral RLE, ignoring
2011-01-24 15:21:07,699 [Thread-4] ERROR org.ffmpeg - [wmav2 @ 0x5520f10] overflow in spectral RLE, ignoring
2011-01-24 15:21:07,870 [Thread-4] ERROR org.ffmpeg - [wmav2 @ 0x5520f10] overflow in spectral RLE, ignoring
2011-01-24 15:21:07,895 [Thread-4] ERROR org.ffmpeg - [wmav2 @ 0x5520f10] overflow in spectral RLE, ignoring
2011-01-24 15:21:08,009 [Thread-4] ERROR org.ffmpeg - [wmav2 @ 0x5520f10] overflow in spectral RLE, ignoring
2011-01-24 15:21:08,032 [Thread-4] ERROR org.ffmpeg - [wmav2 @ 0x5520f10] overflow in spectral RLE, ignoring
2011-01-24 15:21:08,033 [Thread-4] ERROR org.ffmpeg - [wmav2 @ 0x5520f10] overflow in spectral RLE, ignoring
2011-01-24 15:21:08,172 [Thread-4] ERROR org.ffmpeg - [wmav2 @ 0x5520f10] overflow in spectral RLE, ignoring
2011-01-24 15:21:08,172 [Thread-4] ERROR org.ffmpeg - [wmav2 @ 0x5520f10] overflow in spectral RLE, ignoring
2011-01-24 15:21:08,253 [Thread-4] ERROR org.ffmpeg - [wmav2 @ 0x5520f10] overflow in spectral RLE, ignoring
2011-01-24 15:21:08,336 [Thread-4] ERROR org.ffmpeg - [wmav2 @ 0x5520f10] overflow in spectral RLE, ignoring
2011-01-24 15:21:08,402 [Thread-4] ERROR org.ffmpeg - [wmav2 @ 0x5520f10] overflow in spectral RLE, ignoring
2011-01-24 15:21:08,426 [Thread-4] ERROR org.ffmpeg - [wmav2 @ 0x5520f10] overflow in spectral RLE, ignoring
2011-01-24 15:21:08,449 [Thread-4] ERROR org.ffmpeg - [wmav2 @ 0x5520f10] overflow in spectral RLE, ignoring
2011-01-24 15:21:08,495 [Thread-4] ERROR org.ffmpeg - [wmav2 @ 0x5520f10] overflow in spectral RLE, ignoring
2011-01-24 15:21:08,495 [Thread-4] ERROR org.ffmpeg - [wmav2 @ 0x5520f10] overflow in spectral RLE, ignoring
2011-01-24 15:21:08,539 [Thread-4] ERROR org.ffmpeg - [wmav2 @ 0x5520f10] overflow in spectral RLE, ignoring
2011-01-24 15:21:08,587 [Thread-4] ERROR org.ffmpeg - [wmav2 @ 0x5520f10] overflow in spectral RLE, ignoring
2011-01-24 15:21:08,588 [Thread-4] ERROR org.ffmpeg - [wmav2 @ 0x5520f10] overflow in spectral RLE, ignoring
2011-01-24 15:21:08,749 [Thread-4] ERROR org.ffmpeg - [wmav2 @ 0x5520f10] overflow in spectral RLE, ignoring
2011-01-24 15:21:08,791 [Thread-4] ERROR org.ffmpeg - [wmav2 @ 0x5520f10] overflow in spectral RLE, ignoring
2011-01-24 15:21:08,857 [Thread-4] ERROR org.ffmpeg - [wmav2 @ 0x5520f10] overflow in spectral RLE, ignoring
2011-01-24 15:21:08,858 [Thread-4] ERROR org.ffmpeg - [wmav2 @ 0x5520f10] overflow in spectral RLE, ignoring
2011-01-24 15:21:09,405 [Thread-4] ERROR org.ffmpeg - [wmav2 @ 0x5520f10] overflow in spectral RLE, ignoring
2011-01-24 15:21:09,406 [Thread-4] ERROR org.ffmpeg - [wmav2 @ 0x5520f10] overflow in spectral RLE, ignoring
2011-01-24 15:21:10,127 [Thread-4] ERROR org.ffmpeg - [wmav2 @ 0x5520f10] overflow in spectral RLE, ignoring
2011-01-24 15:21:10,236 [Thread-4] ERROR org.ffmpeg - [wmav2 @ 0x5520f10] overflow in spectral RLE, ignoring
2011-01-24 15:21:10,410 [Thread-4] ERROR org.ffmpeg - [wmav2 @ 0x5520f10] overflow in spectral RLE, ignoring
2011-01-24 15:21:11,513 [Thread-4] ERROR org.ffmpeg - [wmav2 @ 0x5520f10] overflow in spectral RLE, ignoring
2011-01-24 15:21:11,600 [Thread-4] ERROR org.ffmpeg - [wmav2 @ 0x5520f10] overflow in spectral RLE, ignoring
2011-01-24 15:21:11,642 [Thread-4] ERROR org.ffmpeg - [wmav2 @ 0x5520f10] overflow in spectral RLE, ignoring
2011-01-24 15:21:11,870 [Thread-4] ERROR org.ffmpeg - [wmav2 @ 0x5520f10] overflow in spectral RLE, ignoring
2011-01-24 15:21:12,051 [Thread-4] ERROR org.ffmpeg - [wmav2 @ 0x5520f10] overflow in spectral RLE, ignoring
2011-01-24 15:21:12,334 [Thread-4] ERROR org.ffmpeg - [wmav2 @ 0x5520f10] overflow in spectral RLE, ignoring
2011-01-24 15:21:12,356 [Thread-4] ERROR org.ffmpeg - [wmav2 @ 0x5520f10] overflow in spectral RLE, ignoring
2011-01-24 15:21:12,377 [Thread-4] ERROR org.ffmpeg - [wmav2 @ 0x5520f10] overflow in spectral RLE, ignoring
2011-01-24 15:21:12,377 [Thread-4] ERROR org.ffmpeg - [wmav2 @ 0x5520f10] overflow in spectral RLE, ignoring
2011-01-24 15:21:12,513 [Thread-4] ERROR org.ffmpeg - [wmav2 @ 0x5520f10] overflow in spectral RLE, ignoring
2011-01-24 15:21:12,645 [Thread-4] ERROR org.ffmpeg - [wmav2 @ 0x5520f10] overflow in spectral RLE, ignoring
2011-01-24 15:53:21,231 [Thread-4] ERROR org.ffmpeg - [wmv2 @ 0x5430500] warning: first frame is no keyframe
2011-01-24 15:53:21,250 [Thread-4] DEBUG com.xuggle.xuggler - Closing dangling Container (../../../../../../../csrc/com/xuggle/xuggler/Container.cpp:83)
2011-01-24 15:53:21,256 [Thread-4] ERROR org.ffmpeg - [wmav2 @ 0x5430f10] overflow in spectral RLE, ignoring
2011-01-24 15:53:21,578 [Thread-4] ERROR org.ffmpeg - [wmav2 @ 0x5430f10] overflow in spectral RLE, ignoring
2011-01-24 15:53:21,801 [Thread-4] ERROR org.ffmpeg - [wmav2 @ 0x5430f10] overflow in spectral RLE, ignoring
2011-01-24 15:53:21,943 [Thread-4] ERROR org.ffmpeg - [wmav2 @ 0x5430f10] overflow in spectral RLE, ignoring
2011-01-24 15:53:22,093 [Thread-4] ERROR org.ffmpeg - [wmav2 @ 0x5430f10] overflow in spectral RLE, ignoring
2011-01-24 15:53:22,094 [Thread-4] ERROR org.ffmpeg - [wmav2 @ 0x5430f10] overflow in spectral RLE, ignoring
2011-01-24 15:53:22,141 [Thread-4] ERROR org.ffmpeg - [wmav2 @ 0x5430f10] overflow in spectral RLE, ignoring
2011-01-24 15:53:22,277 [Thread-4] ERROR org.ffmpeg - [wmav2 @ 0x5430f10] overflow in spectral RLE, ignoring
2011-01-24 15:53:22,304 [Thread-4] ERROR org.ffmpeg - [wmav2 @ 0x5430f10] overflow in spectral RLE, ignoring
2011-01-24 15:53:22,478 [Thread-4] ERROR org.ffmpeg - [wmav2 @ 0x5430f10] overflow in spectral RLE, ignoring
2011-01-24 15:53:22,501 [Thread-4] ERROR org.ffmpeg - [wmav2 @ 0x5430f10] overflow in spectral RLE, ignoring
2011-01-24 15:53:22,502 [Thread-4] ERROR org.ffmpeg - [wmav2 @ 0x5430f10] overflow in spectral RLE, ignoring
2011-01-24 15:53:22,638 [Thread-4] ERROR org.ffmpeg - [wmav2 @ 0x5430f10] overflow in spectral RLE, ignoring
2011-01-24 15:53:22,638 [Thread-4] ERROR org.ffmpeg - [wmav2 @ 0x5430f10] overflow in spectral RLE, ignoring
2011-01-24 15:53:22,684 [Thread-4] ERROR org.ffmpeg - [wmav2 @ 0x5430f10] overflow in spectral RLE, ignoring
2011-01-24 15:53:22,771 [Thread-4] ERROR org.ffmpeg - [wmav2 @ 0x5430f10] overflow in spectral RLE, ignoring
2011-01-24 15:53:22,882 [Thread-4] ERROR org.ffmpeg - [wmav2 @ 0x5430f10] overflow in spectral RLE, ignoring
2011-01-24 15:53:22,906 [Thread-4] ERROR org.ffmpeg - [wmav2 @ 0x5430f10] overflow in spectral RLE, ignoring
2011-01-24 15:53:22,930 [Thread-4] ERROR org.ffmpeg - [wmav2 @ 0x5430f10] overflow in spectral RLE, ignoring
2011-01-24 15:53:22,971 [Thread-4] ERROR org.ffmpeg - [wmav2 @ 0x5430f10] overflow in spectral RLE, ignoring
2011-01-24 15:53:22,972 [Thread-4] ERROR org.ffmpeg - [wmav2 @ 0x5430f10] overflow in spectral RLE, ignoring
2011-01-24 15:53:23,017 [Thread-4] ERROR org.ffmpeg - [wmav2 @ 0x5430f10] overflow in spectral RLE, ignoring
2011-01-24 15:53:23,059 [Thread-4] ERROR org.ffmpeg - [wmav2 @ 0x5430f10] overflow in spectral RLE, ignoring
2011-01-24 15:53:23,060 [Thread-4] ERROR org.ffmpeg - [wmav2 @ 0x5430f10] overflow in spectral RLE, ignoring
2011-01-24 15:53:23,170 [Thread-4] ERROR org.ffmpeg - [wmav2 @ 0x5430f10] overflow in spectral RLE, ignoring
2011-01-24 15:53:23,212 [Thread-4] ERROR org.ffmpeg - [wmav2 @ 0x5430f10] overflow in spectral RLE, ignoring
2011-01-24 15:53:23,320 [Thread-4] ERROR org.ffmpeg - [wmav2 @ 0x5430f10] overflow in spectral RLE, ignoring
2011-01-24 15:53:23,321 [Thread-4] ERROR org.ffmpeg - [wmav2 @ 0x5430f10] overflow in spectral RLE, ignoring
2011-01-24 15:53:23,867 [Thread-4] ERROR org.ffmpeg - [wmav2 @ 0x5430f10] overflow in spectral RLE, ignoring
2011-01-24 15:53:23,868 [Thread-4] ERROR org.ffmpeg - [wmav2 @ 0x5430f10] overflow in spectral RLE, ignoring
2011-01-24 15:53:24,543 [Thread-4] ERROR org.ffmpeg - [wmav2 @ 0x5430f10] overflow in spectral RLE, ignoring
2011-01-24 15:53:24,646 [Thread-4] ERROR org.ffmpeg - [wmav2 @ 0x5430f10] overflow in spectral RLE, ignoring
2011-01-24 15:53:24,858 [Thread-4] ERROR org.ffmpeg - [wmav2 @ 0x5430f10] overflow in spectral RLE, ignoring
2011-01-24 15:53:25,971 [Thread-4] ERROR org.ffmpeg - [wmav2 @ 0x5430f10] overflow in spectral RLE, ignoring
2011-01-24 15:53:26,054 [Thread-4] ERROR org.ffmpeg - [wmav2 @ 0x5430f10] overflow in spectral RLE, ignoring
2011-01-24 15:53:26,095 [Thread-4] ERROR org.ffmpeg - [wmav2 @ 0x5430f10] overflow in spectral RLE, ignoring
2011-01-24 15:53:26,331 [Thread-4] ERROR org.ffmpeg - [wmav2 @ 0x5430f10] overflow in spectral RLE, ignoring
2011-01-24 15:53:26,506 [Thread-4] ERROR org.ffmpeg - [wmav2 @ 0x5430f10] overflow in spectral RLE, ignoring
2011-01-24 15:53:26,810 [Thread-4] ERROR org.ffmpeg - [wmav2 @ 0x5430f10] overflow in spectral RLE, ignoring
2011-01-24 15:53:26,832 [Thread-4] ERROR org.ffmpeg - [wmav2 @ 0x5430f10] overflow in spectral RLE, ignoring
2011-01-24 15:53:26,853 [Thread-4] ERROR org.ffmpeg - [wmav2 @ 0x5430f10] overflow in spectral RLE, ignoring
2011-01-24 15:53:26,854 [Thread-4] ERROR org.ffmpeg - [wmav2 @ 0x5430f10] overflow in spectral RLE, ignoring
2011-01-24 15:53:26,969 [Thread-4] ERROR org.ffmpeg - [wmav2 @ 0x5430f10] overflow in spectral RLE, ignoring
2011-01-24 15:53:27,089 [Thread-4] ERROR org.ffmpeg - [wmav2 @ 0x5430f10] overflow in spectral RLE, ignoring
2011-01-24 15:54:38,515 [Thread-4] ERROR org.ffmpeg - [wmv2 @ 0x5440500] warning: first frame is no keyframe
2011-01-24 15:54:38,536 [Finalizer] DEBUG com.xuggle.xuggler - Closing dangling Container (../../../../../../../csrc/com/xuggle/xuggler/Container.cpp:83)
2011-01-24 15:54:38,538 [Thread-4] ERROR org.ffmpeg - [wmav2 @ 0x5440f10] overflow in spectral RLE, ignoring
2011-01-24 15:54:38,834 [Thread-4] ERROR org.ffmpeg - [wmav2 @ 0x5440f10] overflow in spectral RLE, ignoring
2011-01-24 15:54:39,085 [Thread-4] ERROR org.ffmpeg - [wmav2 @ 0x5440f10] overflow in spectral RLE, ignoring
2011-01-24 15:54:39,176 [Thread-4] ERROR org.ffmpeg - [wmav2 @ 0x5440f10] overflow in spectral RLE, ignoring
2011-01-24 15:54:39,338 [Thread-4] ERROR org.ffmpeg - [wmav2 @ 0x5440f10] overflow in spectral RLE, ignoring
2011-01-24 15:54:39,339 [Thread-4] ERROR org.ffmpeg - [wmav2 @ 0x5440f10] overflow in spectral RLE, ignoring
2011-01-24 15:54:39,383 [Thread-4] ERROR org.ffmpeg - [wmav2 @ 0x5440f10] overflow in spectral RLE, ignoring
2011-01-24 15:54:39,554 [Thread-4] ERROR org.ffmpeg - [wmav2 @ 0x5440f10] overflow in spectral RLE, ignoring
2011-01-24 15:54:39,577 [Thread-4] ERROR org.ffmpeg - [wmav2 @ 0x5440f10] overflow in spectral RLE, ignoring
2011-01-24 15:54:39,690 [Thread-4] ERROR org.ffmpeg - [wmav2 @ 0x5440f10] overflow in spectral RLE, ignoring
2011-01-24 15:54:39,714 [Thread-4] ERROR org.ffmpeg - [wmav2 @ 0x5440f10] overflow in spectral RLE, ignoring
2011-01-24 15:54:39,715 [Thread-4] ERROR org.ffmpeg - [wmav2 @ 0x5440f10] overflow in spectral RLE, ignoring
2011-01-24 15:54:39,848 [Thread-4] ERROR org.ffmpeg - [wmav2 @ 0x5440f10] overflow in spectral RLE, ignoring
2011-01-24 15:54:39,849 [Thread-4] ERROR org.ffmpeg - [wmav2 @ 0x5440f10] overflow in spectral RLE, ignoring
2011-01-24 15:54:39,894 [Thread-4] ERROR org.ffmpeg - [wmav2 @ 0x5440f10] overflow in spectral RLE, ignoring
2011-01-24 15:54:40,016 [Thread-4] ERROR org.ffmpeg - [wmav2 @ 0x5440f10] overflow in spectral RLE, ignoring
2011-01-24 15:54:40,084 [Thread-4] ERROR org.ffmpeg - [wmav2 @ 0x5440f10] overflow in spectral RLE, ignoring
2011-01-24 15:54:40,109 [Thread-4] ERROR org.ffmpeg - [wmav2 @ 0x5440f10] overflow in spectral RLE, ignoring
2011-01-24 15:54:40,131 [Thread-4] ERROR org.ffmpeg - [wmav2 @ 0x5440f10] overflow in spectral RLE, ignoring
2011-01-24 15:54:40,173 [Thread-4] ERROR org.ffmpeg - [wmav2 @ 0x5440f10] overflow in spectral RLE, ignoring
2011-01-24 15:54:40,174 [Thread-4] ERROR org.ffmpeg - [wmav2 @ 0x5440f10] overflow in spectral RLE, ignoring
2011-01-24 15:54:40,215 [Thread-4] ERROR org.ffmpeg - [wmav2 @ 0x5440f10] overflow in spectral RLE, ignoring
2011-01-24 15:54:40,258 [Thread-4] ERROR org.ffmpeg - [wmav2 @ 0x5440f10] overflow in spectral RLE, ignoring
2011-01-24 15:54:40,259 [Thread-4] ERROR org.ffmpeg - [wmav2 @ 0x5440f10] overflow in spectral RLE, ignoring
2011-01-24 15:54:40,412 [Thread-4] ERROR org.ffmpeg - [wmav2 @ 0x5440f10] overflow in spectral RLE, ignoring
2011-01-24 15:54:40,453 [Thread-4] ERROR org.ffmpeg - [wmav2 @ 0x5440f10] overflow in spectral RLE, ignoring
2011-01-24 15:54:40,519 [Thread-4] ERROR org.ffmpeg - [wmav2 @ 0x5440f10] overflow in spectral RLE, ignoring
2011-01-24 15:54:40,520 [Thread-4] ERROR org.ffmpeg - [wmav2 @ 0x5440f10] overflow in spectral RLE, ignoring
2011-01-24 15:54:41,047 [Thread-4] ERROR org.ffmpeg - [wmav2 @ 0x5440f10] overflow in spectral RLE, ignoring
2011-01-24 15:54:41,048 [Thread-4] ERROR org.ffmpeg - [wmav2 @ 0x5440f10] overflow in spectral RLE, ignoring
2011-01-24 15:54:41,766 [Thread-4] ERROR org.ffmpeg - [wmav2 @ 0x5440f10] overflow in spectral RLE, ignoring
2011-01-24 15:54:41,873 [Thread-4] ERROR org.ffmpeg - [wmav2 @ 0x5440f10] overflow in spectral RLE, ignoring
2011-01-24 15:54:42,046 [Thread-4] ERROR org.ffmpeg - [wmav2 @ 0x5440f10] overflow in spectral RLE, ignoring
2011-01-24 15:54:43,167 [Thread-4] ERROR org.ffmpeg - [wmav2 @ 0x5440f10] overflow in spectral RLE, ignoring
2011-01-24 15:54:43,251 [Thread-4] ERROR org.ffmpeg - [wmav2 @ 0x5440f10] overflow in spectral RLE, ignoring
2011-01-24 15:54:43,293 [Thread-4] ERROR org.ffmpeg - [wmav2 @ 0x5440f10] overflow in spectral RLE, ignoring
2011-01-24 15:54:43,535 [Thread-4] ERROR org.ffmpeg - [wmav2 @ 0x5440f10] overflow in spectral RLE, ignoring
2011-01-24 15:54:43,711 [Thread-4] ERROR org.ffmpeg - [wmav2 @ 0x5440f10] overflow in spectral RLE, ignoring
2011-01-24 15:54:44,006 [Thread-4] ERROR org.ffmpeg - [wmav2 @ 0x5440f10] overflow in spectral RLE, ignoring
2011-01-24 15:54:44,029 [Thread-4] ERROR org.ffmpeg - [wmav2 @ 0x5440f10] overflow in spectral RLE, ignoring
2011-01-24 15:54:44,049 [Thread-4] ERROR org.ffmpeg - [wmav2 @ 0x5440f10] overflow in spectral RLE, ignoring
2011-01-24 15:54:44,050 [Thread-4] ERROR org.ffmpeg - [wmav2 @ 0x5440f10] overflow in spectral RLE, ignoring
2011-01-24 15:54:44,164 [Thread-4] ERROR org.ffmpeg - [wmav2 @ 0x5440f10] overflow in spectral RLE, ignoring
2011-01-24 15:54:44,249 [Thread-4] ERROR org.ffmpeg - [wmav2 @ 0x5440f10] overflow in spectral RLE, ignoring
2011-01-24 15:55:47,606 [Thread-4] ERROR org.ffmpeg - [wmv2 @ 0x54b0500] warning: first frame is no keyframe
2011-01-24 15:55:47,625 [Thread-4] DEBUG com.xuggle.xuggler - Closing dangling Container (../../../../../../../csrc/com/xuggle/xuggler/Container.cpp:83)
2011-01-24 15:55:47,628 [Thread-4] ERROR org.ffmpeg - [wmav2 @ 0x54b0f10] overflow in spectral RLE, ignoring
2011-01-24 15:55:47,924 [Thread-4] ERROR org.ffmpeg - [wmav2 @ 0x54b0f10] overflow in spectral RLE, ignoring
2011-01-24 15:55:48,176 [Thread-4] ERROR org.ffmpeg - [wmav2 @ 0x54b0f10] overflow in spectral RLE, ignoring
2011-01-24 15:55:48,272 [Thread-4] ERROR org.ffmpeg - [wmav2 @ 0x54b0f10] overflow in spectral RLE, ignoring
2011-01-24 15:55:48,421 [Thread-4] ERROR org.ffmpeg - [wmav2 @ 0x54b0f10] overflow in spectral RLE, ignoring
2011-01-24 15:55:48,422 [Thread-4] ERROR org.ffmpeg - [wmav2 @ 0x54b0f10] overflow in spectral RLE, ignoring
2011-01-24 15:55:48,465 [Thread-4] ERROR org.ffmpeg - [wmav2 @ 0x54b0f10] overflow in spectral RLE, ignoring
2011-01-24 15:55:48,633 [Thread-4] ERROR org.ffmpeg - [wmav2 @ 0x54b0f10] overflow in spectral RLE, ignoring
2011-01-24 15:55:48,658 [Thread-4] ERROR org.ffmpeg - [wmav2 @ 0x54b0f10] overflow in spectral RLE, ignoring
2011-01-24 15:55:48,770 [Thread-4] ERROR org.ffmpeg - [wmav2 @ 0x54b0f10] overflow in spectral RLE, ignoring
2011-01-24 15:55:48,794 [Thread-4] ERROR org.ffmpeg - [wmav2 @ 0x54b0f10] overflow in spectral RLE, ignoring
2011-01-24 15:55:48,795 [Thread-4] ERROR org.ffmpeg - [wmav2 @ 0x54b0f10] overflow in spectral RLE, ignoring
2011-01-24 15:55:48,936 [Thread-4] ERROR org.ffmpeg - [wmav2 @ 0x54b0f10] overflow in spectral RLE, ignoring
2011-01-24 15:55:48,937 [Thread-4] ERROR org.ffmpeg - [wmav2 @ 0x54b0f10] overflow in spectral RLE, ignoring
2011-01-24 15:55:49,040 [Thread-4] ERROR org.ffmpeg - [wmav2 @ 0x54b0f10] overflow in spectral RLE, ignoring
2011-01-24 15:55:49,146 [Thread-4] ERROR org.ffmpeg - [wmav2 @ 0x54b0f10] overflow in spectral RLE, ignoring
2011-01-24 15:55:49,231 [Thread-4] ERROR org.ffmpeg - [wmav2 @ 0x54b0f10] overflow in spectral RLE, ignoring
2011-01-24 15:55:49,259 [Thread-4] ERROR org.ffmpeg - [wmav2 @ 0x54b0f10] overflow in spectral RLE, ignoring
2011-01-24 15:55:49,283 [Thread-4] ERROR org.ffmpeg - [wmav2 @ 0x54b0f10] overflow in spectral RLE, ignoring
2011-01-24 15:55:49,325 [Thread-4] ERROR org.ffmpeg - [wmav2 @ 0x54b0f10] overflow in spectral RLE, ignoring
2011-01-24 15:55:49,325 [Thread-4] ERROR org.ffmpeg - [wmav2 @ 0x54b0f10] overflow in spectral RLE, ignoring
2011-01-24 15:55:49,367 [Thread-4] ERROR org.ffmpeg - [wmav2 @ 0x54b0f10] overflow in spectral RLE, ignoring
2011-01-24 15:55:49,413 [Thread-4] ERROR org.ffmpeg - [wmav2 @ 0x54b0f10] overflow in spectral RLE, ignoring
2011-01-24 15:55:49,414 [Thread-4] ERROR org.ffmpeg - [wmav2 @ 0x54b0f10] overflow in spectral RLE, ignoring
2011-01-24 15:55:49,585 [Thread-4] ERROR org.ffmpeg - [wmav2 @ 0x54b0f10] overflow in spectral RLE, ignoring
2011-01-24 15:55:49,628 [Thread-4] ERROR org.ffmpeg - [wmav2 @ 0x54b0f10] overflow in spectral RLE, ignoring
2011-01-24 15:55:49,696 [Thread-4] ERROR org.ffmpeg - [wmav2 @ 0x54b0f10] overflow in spectral RLE, ignoring
2011-01-24 15:55:49,697 [Thread-4] ERROR org.ffmpeg - [wmav2 @ 0x54b0f10] overflow in spectral RLE, ignoring
2011-01-24 15:55:50,249 [Thread-4] ERROR org.ffmpeg - [wmav2 @ 0x54b0f10] overflow in spectral RLE, ignoring
2011-01-24 15:55:50,249 [Thread-4] ERROR org.ffmpeg - [wmav2 @ 0x54b0f10] overflow in spectral RLE, ignoring
2011-01-24 15:55:50,988 [Thread-4] ERROR org.ffmpeg - [wmav2 @ 0x54b0f10] overflow in spectral RLE, ignoring
2011-01-24 15:55:51,100 [Thread-4] ERROR org.ffmpeg - [wmav2 @ 0x54b0f10] overflow in spectral RLE, ignoring
2011-01-24 15:55:51,276 [Thread-4] ERROR org.ffmpeg - [wmav2 @ 0x54b0f10] overflow in spectral RLE, ignoring
2011-01-24 15:55:52,459 [Thread-4] ERROR org.ffmpeg - [wmav2 @ 0x54b0f10] overflow in spectral RLE, ignoring
2011-01-24 15:55:52,554 [Thread-4] ERROR org.ffmpeg - [wmav2 @ 0x54b0f10] overflow in spectral RLE, ignoring
2011-01-24 15:55:52,598 [Thread-4] ERROR org.ffmpeg - [wmav2 @ 0x54b0f10] overflow in spectral RLE, ignoring
2011-01-24 15:55:52,833 [Thread-4] ERROR org.ffmpeg - [wmav2 @ 0x54b0f10] overflow in spectral RLE, ignoring
2011-01-24 15:55:53,027 [Thread-4] ERROR org.ffmpeg - [wmav2 @ 0x54b0f10] overflow in spectral RLE, ignoring
2011-01-24 15:55:53,331 [Thread-4] ERROR org.ffmpeg - [wmav2 @ 0x54b0f10] overflow in spectral RLE, ignoring
2011-01-24 15:55:53,356 [Thread-4] ERROR org.ffmpeg - [wmav2 @ 0x54b0f10] overflow in spectral RLE, ignoring
2011-01-24 15:55:53,378 [Thread-4] ERROR org.ffmpeg - [wmav2 @ 0x54b0f10] overflow in spectral RLE, ignoring
2011-01-24 15:55:53,378 [Thread-4] ERROR org.ffmpeg - [wmav2 @ 0x54b0f10] overflow in spectral RLE, ignoring
2011-01-24 15:55:53,498 [Thread-4] ERROR org.ffmpeg - [wmav2 @ 0x54b0f10] overflow in spectral RLE, ignoring
2011-01-24 15:55:53,620 [Thread-4] ERROR org.ffmpeg - [wmav2 @ 0x54b0f10] overflow in spectral RLE, ignoring
2011-01-24 15:57:04,214 [Thread-4] ERROR org.ffmpeg - [wmv2 @ 0x5460500] warning: first frame is no keyframe
2011-01-24 15:57:04,230 [Thread-4] DEBUG com.xuggle.xuggler - Closing dangling Container (../../../../../../../csrc/com/xuggle/xuggler/Container.cpp:83)
2011-01-24 15:57:04,236 [Thread-4] ERROR org.ffmpeg - [wmav2 @ 0x5460f10] overflow in spectral RLE, ignoring
2011-01-24 15:57:04,551 [Thread-4] ERROR org.ffmpeg - [wmav2 @ 0x5460f10] overflow in spectral RLE, ignoring
2011-01-24 15:57:04,766 [Thread-4] ERROR org.ffmpeg - [wmav2 @ 0x5460f10] overflow in spectral RLE, ignoring
2011-01-24 15:57:04,902 [Thread-4] ERROR org.ffmpeg - [wmav2 @ 0x5460f10] overflow in spectral RLE, ignoring
2011-01-24 15:57:05,064 [Thread-4] ERROR org.ffmpeg - [wmav2 @ 0x5460f10] overflow in spectral RLE, ignoring
2011-01-24 15:57:05,065 [Thread-4] ERROR org.ffmpeg - [wmav2 @ 0x5460f10] overflow in spectral RLE, ignoring
2011-01-24 15:57:05,110 [Thread-4] ERROR org.ffmpeg - [wmav2 @ 0x5460f10] overflow in spectral RLE, ignoring
2011-01-24 15:57:05,283 [Thread-4] ERROR org.ffmpeg - [wmav2 @ 0x5460f10] overflow in spectral RLE, ignoring
2011-01-24 15:57:05,310 [Thread-4] ERROR org.ffmpeg - [wmav2 @ 0x5460f10] overflow in spectral RLE, ignoring
2011-01-24 15:57:05,424 [Thread-4] ERROR org.ffmpeg - [wmav2 @ 0x5460f10] overflow in spectral RLE, ignoring
2011-01-24 15:57:05,447 [Thread-4] ERROR org.ffmpeg - [wmav2 @ 0x5460f10] overflow in spectral RLE, ignoring
2011-01-24 15:57:05,448 [Thread-4] ERROR org.ffmpeg - [wmav2 @ 0x5460f10] overflow in spectral RLE, ignoring
2011-01-24 15:57:05,611 [Thread-4] ERROR org.ffmpeg - [wmav2 @ 0x5460f10] overflow in spectral RLE, ignoring
2011-01-24 15:57:05,612 [Thread-4] ERROR org.ffmpeg - [wmav2 @ 0x5460f10] overflow in spectral RLE, ignoring
2011-01-24 15:57:05,664 [Thread-4] ERROR org.ffmpeg - [wmav2 @ 0x5460f10] overflow in spectral RLE, ignoring
2011-01-24 15:57:05,813 [Thread-4] ERROR org.ffmpeg - [wmav2 @ 0x5460f10] overflow in spectral RLE, ignoring
2011-01-24 15:57:05,898 [Thread-4] ERROR org.ffmpeg - [wmav2 @ 0x5460f10] overflow in spectral RLE, ignoring
2011-01-24 15:57:05,923 [Thread-4] ERROR org.ffmpeg - [wmav2 @ 0x5460f10] overflow in spectral RLE, ignoring
2011-01-24 15:57:05,947 [Thread-4] ERROR org.ffmpeg - [wmav2 @ 0x5460f10] overflow in spectral RLE, ignoring
2011-01-24 15:57:05,990 [Thread-4] ERROR org.ffmpeg - [wmav2 @ 0x5460f10] overflow in spectral RLE, ignoring
2011-01-24 15:57:05,990 [Thread-4] ERROR org.ffmpeg - [wmav2 @ 0x5460f10] overflow in spectral RLE, ignoring
2011-01-24 15:57:06,036 [Thread-4] ERROR org.ffmpeg - [wmav2 @ 0x5460f10] overflow in spectral RLE, ignoring
2011-01-24 15:57:06,090 [Thread-4] ERROR org.ffmpeg - [wmav2 @ 0x5460f10] overflow in spectral RLE, ignoring
2011-01-24 15:57:06,091 [Thread-4] ERROR org.ffmpeg - [wmav2 @ 0x5460f10] overflow in spectral RLE, ignoring
2011-01-24 15:57:06,247 [Thread-4] ERROR org.ffmpeg - [wmav2 @ 0x5460f10] overflow in spectral RLE, ignoring
2011-01-24 15:57:06,290 [Thread-4] ERROR org.ffmpeg - [wmav2 @ 0x5460f10] overflow in spectral RLE, ignoring
2011-01-24 15:57:06,359 [Thread-4] ERROR org.ffmpeg - [wmav2 @ 0x5460f10] overflow in spectral RLE, ignoring
2011-01-24 15:57:06,360 [Thread-4] ERROR org.ffmpeg - [wmav2 @ 0x5460f10] overflow in spectral RLE, ignoring
2011-01-24 15:57:06,938 [Thread-4] ERROR org.ffmpeg - [wmav2 @ 0x5460f10] overflow in spectral RLE, ignoring
2011-01-24 15:57:06,939 [Thread-4] ERROR org.ffmpeg - [wmav2 @ 0x5460f10] overflow in spectral RLE, ignoring
2011-01-24 15:57:07,672 [Thread-4] ERROR org.ffmpeg - [wmav2 @ 0x5460f10] overflow in spectral RLE, ignoring
2011-01-24 15:57:07,786 [Thread-4] ERROR org.ffmpeg - [wmav2 @ 0x5460f10] overflow in spectral RLE, ignoring
2011-01-24 15:57:07,962 [Thread-4] ERROR org.ffmpeg - [wmav2 @ 0x5460f10] overflow in spectral RLE, ignoring
2011-01-24 15:57:09,128 [Thread-4] ERROR org.ffmpeg - [wmav2 @ 0x5460f10] overflow in spectral RLE, ignoring
2011-01-24 15:57:09,221 [Thread-4] ERROR org.ffmpeg - [wmav2 @ 0x5460f10] overflow in spectral RLE, ignoring
2011-01-24 15:57:09,266 [Thread-4] ERROR org.ffmpeg - [wmav2 @ 0x5460f10] overflow in spectral RLE, ignoring
2011-01-24 15:57:09,502 [Thread-4] ERROR org.ffmpeg - [wmav2 @ 0x5460f10] overflow in spectral RLE, ignoring
2011-01-24 15:57:09,683 [Thread-4] ERROR org.ffmpeg - [wmav2 @ 0x5460f10] overflow in spectral RLE, ignoring
2011-01-24 15:57:09,973 [Thread-4] ERROR org.ffmpeg - [wmav2 @ 0x5460f10] overflow in spectral RLE, ignoring
2011-01-24 15:57:09,997 [Thread-4] ERROR org.ffmpeg - [wmav2 @ 0x5460f10] overflow in spectral RLE, ignoring
2011-01-24 15:57:10,019 [Thread-4] ERROR org.ffmpeg - [wmav2 @ 0x5460f10] overflow in spectral RLE, ignoring
2011-01-24 15:57:10,019 [Thread-4] ERROR org.ffmpeg - [wmav2 @ 0x5460f10] overflow in spectral RLE, ignoring
2011-01-24 15:57:10,141 [Thread-4] ERROR org.ffmpeg - [wmav2 @ 0x5460f10] overflow in spectral RLE, ignoring
2011-01-24 15:57:10,228 [Thread-4] ERROR org.ffmpeg - [wmav2 @ 0x5460f10] overflow in spectral RLE, ignoring
2011-01-24 15:58:42,189 [Finalizer] DEBUG com.xuggle.xuggler - Closing dangling Container (../../../../../../../csrc/com/xuggle/xuggler/Container.cpp:83)
2011-01-24 15:58:42,197 [Finalizer] DEBUG com.xuggle.xuggler - Closing dangling Container (../../../../../../../csrc/com/xuggle/xuggler/Container.cpp:83)
2011-01-24 15:58:42,197 [Finalizer] DEBUG com.xuggle.xuggler - Closing dangling Container (../../../../../../../csrc/com/xuggle/xuggler/Container.cpp:83)
2011-01-24 16:01:14,950 [Thread-4] ERROR org.ffmpeg - [wmv2 @ 0x547adf0] warning: first frame is no keyframe
2011-01-24 16:01:15,238 [Thread-4] ERROR org.ffmpeg - [wmav2 @ 0x547b800] overflow in spectral RLE, ignoring
2011-01-24 16:01:15,330 [Thread-4] ERROR org.ffmpeg - [wmav2 @ 0x547b800] overflow in spectral RLE, ignoring
2011-01-24 16:01:15,401 [Thread-4] ERROR org.ffmpeg - [wmav2 @ 0x547b800] overflow in spectral RLE, ignoring
2011-01-24 16:01:15,586 [Thread-4] ERROR org.ffmpeg - [wmav2 @ 0x547b800] overflow in spectral RLE, ignoring
2011-01-24 16:01:15,814 [Thread-4] ERROR org.ffmpeg - [wmav2 @ 0x547b800] overflow in spectral RLE, ignoring
2011-01-24 16:01:15,901 [Thread-4] ERROR org.ffmpeg - [wmav2 @ 0x547b800] overflow in spectral RLE, ignoring
2011-01-24 16:01:16,253 [Thread-4] ERROR org.ffmpeg - [wmav2 @ 0x547b800] overflow in spectral RLE, ignoring
2011-01-24 16:01:16,278 [Thread-4] ERROR org.ffmpeg - [wmav2 @ 0x547b800] overflow in spectral RLE, ignoring
2011-01-24 16:01:16,535 [Thread-4] ERROR org.ffmpeg - [wmav2 @ 0x547b800] overflow in spectral RLE, ignoring
2011-01-24 16:01:16,536 [Thread-4] ERROR org.ffmpeg - [wmav2 @ 0x547b800] overflow in spectral RLE, ignoring
2011-01-24 16:07:11,132 [Finalizer] DEBUG com.xuggle.xuggler - Closing dangling Container (../../../../../../../csrc/com/xuggle/xuggler/Container.cpp:83)
2011-01-24 16:07:11,152 [Thread-4] ERROR org.ffmpeg - [wmv2 @ 0x54d0500] warning: first frame is no keyframe
2011-01-24 16:07:11,168 [Thread-4] ERROR org.ffmpeg - [wmav2 @ 0x54d0f10] overflow in spectral RLE, ignoring
2011-01-24 16:07:11,458 [Thread-4] ERROR org.ffmpeg - [wmav2 @ 0x54d0f10] overflow in spectral RLE, ignoring
2011-01-24 16:07:11,705 [Thread-4] ERROR org.ffmpeg - [wmav2 @ 0x54d0f10] overflow in spectral RLE, ignoring
2011-01-24 16:07:11,797 [Thread-4] ERROR org.ffmpeg - [wmav2 @ 0x54d0f10] overflow in spectral RLE, ignoring
2011-01-24 16:07:11,936 [Thread-4] ERROR org.ffmpeg - [wmav2 @ 0x54d0f10] overflow in spectral RLE, ignoring
2011-01-24 16:07:11,938 [Thread-4] ERROR org.ffmpeg - [wmav2 @ 0x54d0f10] overflow in spectral RLE, ignoring
2011-01-24 16:07:11,981 [Thread-4] ERROR org.ffmpeg - [wmav2 @ 0x54d0f10] overflow in spectral RLE, ignoring
2011-01-24 16:07:12,147 [Thread-4] ERROR org.ffmpeg - [wmav2 @ 0x54d0f10] overflow in spectral RLE, ignoring
2011-01-24 16:07:12,170 [Thread-4] ERROR org.ffmpeg - [wmav2 @ 0x54d0f10] overflow in spectral RLE, ignoring
2011-01-24 16:07:12,284 [Thread-4] ERROR org.ffmpeg - [wmav2 @ 0x54d0f10] overflow in spectral RLE, ignoring
2011-01-24 16:07:12,307 [Thread-4] ERROR org.ffmpeg - [wmav2 @ 0x54d0f10] overflow in spectral RLE, ignoring
2011-01-24 16:07:12,307 [Thread-4] ERROR org.ffmpeg - [wmav2 @ 0x54d0f10] overflow in spectral RLE, ignoring
2011-01-24 16:07:12,440 [Thread-4] ERROR org.ffmpeg - [wmav2 @ 0x54d0f10] overflow in spectral RLE, ignoring
2011-01-24 16:07:12,441 [Thread-4] ERROR org.ffmpeg - [wmav2 @ 0x54d0f10] overflow in spectral RLE, ignoring
2011-01-24 16:07:12,490 [Thread-4] ERROR org.ffmpeg - [wmav2 @ 0x54d0f10] overflow in spectral RLE, ignoring
2011-01-24 16:07:12,615 [Thread-4] ERROR org.ffmpeg - [wmav2 @ 0x54d0f10] overflow in spectral RLE, ignoring
2011-01-24 16:07:12,678 [Thread-4] ERROR org.ffmpeg - [wmav2 @ 0x54d0f10] overflow in spectral RLE, ignoring
2011-01-24 16:07:12,703 [Thread-4] ERROR org.ffmpeg - [wmav2 @ 0x54d0f10] overflow in spectral RLE, ignoring
2011-01-24 16:07:12,727 [Thread-4] ERROR org.ffmpeg - [wmav2 @ 0x54d0f10] overflow in spectral RLE, ignoring
2011-01-24 16:07:12,773 [Thread-4] ERROR org.ffmpeg - [wmav2 @ 0x54d0f10] overflow in spectral RLE, ignoring
2011-01-24 16:07:12,774 [Thread-4] ERROR org.ffmpeg - [wmav2 @ 0x54d0f10] overflow in spectral RLE, ignoring
2011-01-24 16:07:12,818 [Thread-4] ERROR org.ffmpeg - [wmav2 @ 0x54d0f10] overflow in spectral RLE, ignoring
2011-01-24 16:07:12,863 [Thread-4] ERROR org.ffmpeg - [wmav2 @ 0x54d0f10] overflow in spectral RLE, ignoring
2011-01-24 16:07:12,863 [Thread-4] ERROR org.ffmpeg - [wmav2 @ 0x54d0f10] overflow in spectral RLE, ignoring
2011-01-24 16:07:12,976 [Thread-4] ERROR org.ffmpeg - [wmav2 @ 0x54d0f10] overflow in spectral RLE, ignoring
2011-01-24 16:07:13,059 [Thread-4] ERROR org.ffmpeg - [wmav2 @ 0x54d0f10] overflow in spectral RLE, ignoring
2011-01-24 16:07:13,128 [Thread-4] ERROR org.ffmpeg - [wmav2 @ 0x54d0f10] overflow in spectral RLE, ignoring
2011-01-24 16:07:13,130 [Thread-4] ERROR org.ffmpeg - [wmav2 @ 0x54d0f10] overflow in spectral RLE, ignoring
2011-01-24 16:07:13,685 [Thread-4] ERROR org.ffmpeg - [wmav2 @ 0x54d0f10] overflow in spectral RLE, ignoring
2011-01-24 16:07:13,685 [Thread-4] ERROR org.ffmpeg - [wmav2 @ 0x54d0f10] overflow in spectral RLE, ignoring
2011-01-24 16:07:14,400 [Thread-4] ERROR org.ffmpeg - [wmav2 @ 0x54d0f10] overflow in spectral RLE, ignoring
2011-01-24 16:07:14,515 [Thread-4] ERROR org.ffmpeg - [wmav2 @ 0x54d0f10] overflow in spectral RLE, ignoring
2011-01-24 16:07:14,685 [Thread-4] ERROR org.ffmpeg - [wmav2 @ 0x54d0f10] overflow in spectral RLE, ignoring
2011-01-24 16:07:15,783 [Thread-4] ERROR org.ffmpeg - [wmav2 @ 0x54d0f10] overflow in spectral RLE, ignoring
2011-01-24 16:07:15,868 [Thread-4] ERROR org.ffmpeg - [wmav2 @ 0x54d0f10] overflow in spectral RLE, ignoring
2011-01-24 16:07:15,910 [Thread-4] ERROR org.ffmpeg - [wmav2 @ 0x54d0f10] overflow in spectral RLE, ignoring
2011-01-24 16:07:16,142 [Thread-4] ERROR org.ffmpeg - [wmav2 @ 0x54d0f10] overflow in spectral RLE, ignoring
2011-01-24 16:07:16,316 [Thread-4] ERROR org.ffmpeg - [wmav2 @ 0x54d0f10] overflow in spectral RLE, ignoring
2011-01-24 16:07:16,610 [Thread-4] ERROR org.ffmpeg - [wmav2 @ 0x54d0f10] overflow in spectral RLE, ignoring
2011-01-24 16:07:16,634 [Thread-4] ERROR org.ffmpeg - [wmav2 @ 0x54d0f10] overflow in spectral RLE, ignoring
2011-01-24 16:07:16,654 [Thread-4] ERROR org.ffmpeg - [wmav2 @ 0x54d0f10] overflow in spectral RLE, ignoring
2011-01-24 16:07:16,654 [Thread-4] ERROR org.ffmpeg - [wmav2 @ 0x54d0f10] overflow in spectral RLE, ignoring
2011-01-24 16:07:16,765 [Thread-4] ERROR org.ffmpeg - [wmav2 @ 0x54d0f10] overflow in spectral RLE, ignoring
2011-01-24 16:07:16,846 [Thread-4] ERROR org.ffmpeg - [wmav2 @ 0x54d0f10] overflow in spectral RLE, ignoring
2011-01-24 16:08:42,178 [Finalizer] DEBUG com.xuggle.xuggler - Closing dangling Container (../../../../../../../csrc/com/xuggle/xuggler/Container.cpp:83)
2011-01-24 16:08:42,207 [Thread-4] ERROR org.ffmpeg - [wmv2 @ 0x553abe0] warning: first frame is no keyframe
2011-01-24 16:08:42,313 [Thread-4] ERROR org.ffmpeg - [wmav2 @ 0x9e806e0] overflow in spectral RLE, ignoring
2011-01-24 16:08:42,360 [Thread-4] ERROR org.ffmpeg - [wmav2 @ 0x9e806e0] overflow in spectral RLE, ignoring
2011-01-24 16:08:42,499 [Thread-4] ERROR org.ffmpeg - [wmav2 @ 0x9e806e0] overflow in spectral RLE, ignoring
2011-01-24 16:08:42,500 [Thread-4] ERROR org.ffmpeg - [wmav2 @ 0x9e806e0] overflow in spectral RLE, ignoring
2011-01-24 16:08:42,933 [Thread-4] ERROR org.ffmpeg - [wmav2 @ 0x9e806e0] overflow in spectral RLE, ignoring
2011-01-24 16:08:43,032 [Thread-4] ERROR org.ffmpeg - [wmav2 @ 0x9e806e0] overflow in spectral RLE, ignoring
2011-01-24 16:08:43,056 [Thread-4] ERROR org.ffmpeg - [wmav2 @ 0x9e806e0] overflow in spectral RLE, ignoring
2011-01-24 16:08:43,156 [Thread-4] ERROR org.ffmpeg - [wmav2 @ 0x9e806e0] overflow in spectral RLE, ignoring
2011-01-24 16:08:43,495 [Thread-4] ERROR org.ffmpeg - [wmav2 @ 0x9e806e0] overflow in spectral RLE, ignoring
2011-01-24 16:08:43,519 [Thread-4] ERROR org.ffmpeg - [wmav2 @ 0x9e806e0] overflow in spectral RLE, ignoring
2011-01-24 16:08:43,548 [Thread-4] ERROR org.ffmpeg - [wmav2 @ 0x9e806e0] overflow in spectral RLE, ignoring
2011-01-24 16:08:43,605 [Thread-4] ERROR org.ffmpeg - [wmav2 @ 0x9e806e0] overflow in spectral RLE, ignoring
2011-01-24 16:08:43,606 [Thread-4] ERROR org.ffmpeg - [wmav2 @ 0x9e806e0] overflow in spectral RLE, ignoring
2011-01-24 16:08:43,755 [Thread-4] ERROR org.ffmpeg - [wmav2 @ 0x9e806e0] overflow in spectral RLE, ignoring
2011-01-24 16:08:43,779 [Thread-4] ERROR org.ffmpeg - [wmav2 @ 0x9e806e0] overflow in spectral RLE, ignoring
2011-01-24 16:08:43,800 [Thread-4] ERROR org.ffmpeg - [wmav2 @ 0x9e806e0] overflow in spectral RLE, ignoring
2011-01-24 16:08:43,824 [Thread-4] ERROR org.ffmpeg - [wmav2 @ 0x9e806e0] overflow in spectral RLE, ignoring
2011-01-24 16:08:44,004 [Thread-4] ERROR org.ffmpeg - [wmav2 @ 0x9e806e0] overflow in spectral RLE, ignoring
2011-01-24 16:08:44,107 [Thread-4] ERROR org.ffmpeg - [wmav2 @ 0x9e806e0] overflow in spectral RLE, ignoring
2011-01-24 16:08:44,161 [Thread-4] ERROR org.ffmpeg - [wmav2 @ 0x9e806e0] overflow in spectral RLE, ignoring
2011-01-24 16:08:44,374 [Thread-4] ERROR org.ffmpeg - [wmav2 @ 0x9e806e0] overflow in spectral RLE, ignoring
2011-01-24 16:08:44,395 [Thread-4] ERROR org.ffmpeg - [wmav2 @ 0x9e806e0] overflow in spectral RLE, ignoring
2011-01-24 16:08:44,396 [Thread-4] ERROR org.ffmpeg - [wmav2 @ 0x9e806e0] overflow in spectral RLE, ignoring
2011-01-24 16:08:44,418 [Thread-4] ERROR org.ffmpeg - [wmav2 @ 0x9e806e0] overflow in spectral RLE, ignoring
2011-01-24 16:08:45,734 [Thread-4] ERROR org.ffmpeg - [wmav2 @ 0x9e806e0] overflow in spectral RLE, ignoring
2011-01-24 16:08:45,757 [Thread-4] ERROR org.ffmpeg - [wmav2 @ 0x9e806e0] overflow in spectral RLE, ignoring
2011-01-24 16:08:45,758 [Thread-4] ERROR org.ffmpeg - [wmav2 @ 0x9e806e0] overflow in spectral RLE, ignoring
2011-01-24 16:08:46,198 [Thread-4] ERROR org.ffmpeg - [wmav2 @ 0x9e806e0] overflow in spectral RLE, ignoring
2011-01-24 16:08:46,811 [Thread-4] ERROR org.ffmpeg - [wmav2 @ 0x9e806e0] overflow in spectral RLE, ignoring
2011-01-24 16:08:46,812 [Thread-4] ERROR org.ffmpeg - [wmav2 @ 0x9e806e0] overflow in spectral RLE, ignoring
2011-01-24 16:08:46,812 [Thread-4] ERROR org.ffmpeg - [wmav2 @ 0x9e806e0] Exponent out of range: 97
2011-01-24 16:09:26,177 [Thread-4] ERROR org.ffmpeg - [wmv2 @ 0x9ef0810] warning: first frame is no keyframe
2011-01-24 16:09:26,195 [Finalizer] DEBUG com.xuggle.xuggler - Closing dangling Container (../../../../../../../csrc/com/xuggle/xuggler/Container.cpp:83)
2011-01-24 16:09:26,294 [Thread-4] ERROR org.ffmpeg - [wmav2 @ 0x53f1590] overflow in spectral RLE, ignoring
2011-01-24 16:09:26,345 [Thread-4] ERROR org.ffmpeg - [wmav2 @ 0x53f1590] overflow in spectral RLE, ignoring
2011-01-24 16:09:26,485 [Thread-4] ERROR org.ffmpeg - [wmav2 @ 0x53f1590] overflow in spectral RLE, ignoring
2011-01-24 16:09:26,485 [Thread-4] ERROR org.ffmpeg - [wmav2 @ 0x53f1590] overflow in spectral RLE, ignoring
2011-01-24 16:09:26,913 [Thread-4] ERROR org.ffmpeg - [wmav2 @ 0x53f1590] overflow in spectral RLE, ignoring
2011-01-24 16:09:27,004 [Thread-4] ERROR org.ffmpeg - [wmav2 @ 0x53f1590] overflow in spectral RLE, ignoring
2011-01-24 16:09:27,029 [Thread-4] ERROR org.ffmpeg - [wmav2 @ 0x53f1590] overflow in spectral RLE, ignoring
2011-01-24 16:09:27,128 [Thread-4] ERROR org.ffmpeg - [wmav2 @ 0x53f1590] overflow in spectral RLE, ignoring
2011-01-24 16:09:27,444 [Thread-4] ERROR org.ffmpeg - [wmav2 @ 0x53f1590] overflow in spectral RLE, ignoring
2011-01-24 16:09:27,469 [Thread-4] ERROR org.ffmpeg - [wmav2 @ 0x53f1590] overflow in spectral RLE, ignoring
2011-01-24 16:09:27,492 [Thread-4] ERROR org.ffmpeg - [wmav2 @ 0x53f1590] overflow in spectral RLE, ignoring
2011-01-24 16:09:27,538 [Thread-4] ERROR org.ffmpeg - [wmav2 @ 0x53f1590] overflow in spectral RLE, ignoring
2011-01-24 16:09:27,539 [Thread-4] ERROR org.ffmpeg - [wmav2 @ 0x53f1590] overflow in spectral RLE, ignoring
2011-01-24 16:09:27,644 [Thread-4] ERROR org.ffmpeg - [wmav2 @ 0x53f1590] overflow in spectral RLE, ignoring
2011-01-24 16:09:27,679 [Thread-4] ERROR org.ffmpeg - [wmav2 @ 0x53f1590] overflow in spectral RLE, ignoring
2011-01-24 16:09:27,749 [Thread-4] ERROR org.ffmpeg - [wmav2 @ 0x53f1590] overflow in spectral RLE, ignoring
2011-01-24 16:09:27,776 [Thread-4] ERROR org.ffmpeg - [wmav2 @ 0x53f1590] overflow in spectral RLE, ignoring
2011-01-24 16:09:27,955 [Thread-4] ERROR org.ffmpeg - [wmav2 @ 0x53f1590] overflow in spectral RLE, ignoring
2011-01-24 16:09:28,045 [Thread-4] ERROR org.ffmpeg - [wmav2 @ 0x53f1590] overflow in spectral RLE, ignoring
2011-01-24 16:09:28,092 [Thread-4] ERROR org.ffmpeg - [wmav2 @ 0x53f1590] overflow in spectral RLE, ignoring
2011-01-24 16:09:28,333 [Thread-4] ERROR org.ffmpeg - [wmav2 @ 0x53f1590] overflow in spectral RLE, ignoring
2011-01-24 16:09:28,353 [Thread-4] ERROR org.ffmpeg - [wmav2 @ 0x53f1590] overflow in spectral RLE, ignoring
2011-01-24 16:09:28,355 [Thread-4] ERROR org.ffmpeg - [wmav2 @ 0x53f1590] overflow in spectral RLE, ignoring
2011-01-24 16:09:28,377 [Thread-4] ERROR org.ffmpeg - [wmav2 @ 0x53f1590] overflow in spectral RLE, ignoring
2011-01-24 16:09:29,612 [Thread-4] ERROR org.ffmpeg - [wmav2 @ 0x53f1590] overflow in spectral RLE, ignoring
2011-01-24 16:09:29,673 [Thread-4] ERROR org.ffmpeg - [wmav2 @ 0x53f1590] overflow in spectral RLE, ignoring
2011-01-24 16:09:29,674 [Thread-4] ERROR org.ffmpeg - [wmav2 @ 0x53f1590] overflow in spectral RLE, ignoring
2011-01-24 16:09:30,041 [Thread-4] ERROR org.ffmpeg - [wmav2 @ 0x53f1590] overflow in spectral RLE, ignoring
2011-01-24 16:09:30,736 [Thread-4] ERROR org.ffmpeg - [wmav2 @ 0x53f1590] overflow in spectral RLE, ignoring
2011-01-24 16:09:30,736 [Thread-4] ERROR org.ffmpeg - [wmav2 @ 0x53f1590] overflow in spectral RLE, ignoring
2011-01-24 16:09:30,737 [Thread-4] ERROR org.ffmpeg - [wmav2 @ 0x53f1590] Exponent out of range: 97
2011-01-24 16:10:04,070 [Thread-4] ERROR org.ffmpeg - [wmv2 @ 0x53aeeb0] warning: first frame is no keyframe
2011-01-24 16:10:04,131 [Thread-4] ERROR org.ffmpeg - [wmav2 @ 0x53af8c0] overflow in spectral RLE, ignoring
2011-01-24 16:10:04,132 [Thread-4] ERROR org.ffmpeg - [wmav2 @ 0x53af8c0] overflow in spectral RLE, ignoring
2011-01-24 16:10:04,211 [Thread-4] ERROR org.ffmpeg - [wmav2 @ 0x53af8c0] overflow in spectral RLE, ignoring
2011-01-24 16:10:04,374 [Thread-4] ERROR org.ffmpeg - [wmav2 @ 0x53af8c0] overflow in spectral RLE, ignoring
2011-01-24 16:10:04,419 [Thread-4] ERROR org.ffmpeg - [wmav2 @ 0x53af8c0] overflow in spectral RLE, ignoring
2011-01-24 16:10:04,512 [Thread-4] ERROR org.ffmpeg - [wmav2 @ 0x53af8c0] overflow in spectral RLE, ignoring
2011-01-24 16:10:04,535 [Thread-4] ERROR org.ffmpeg - [wmav2 @ 0x53af8c0] overflow in spectral RLE, ignoring
2011-01-24 16:10:04,559 [Thread-4] ERROR org.ffmpeg - [wmav2 @ 0x53af8c0] overflow in spectral RLE, ignoring
2011-01-24 16:10:04,655 [Thread-4] ERROR org.ffmpeg - [wmav2 @ 0x53af8c0] overflow in spectral RLE, ignoring
2011-01-24 16:10:04,656 [Thread-4] ERROR org.ffmpeg - [wmav2 @ 0x53af8c0] overflow in spectral RLE, ignoring
2011-01-24 16:10:04,724 [Finalizer] DEBUG com.xuggle.xuggler - Closing dangling Container (../../../../../../../csrc/com/xuggle/xuggler/Container.cpp:83)
2011-01-24 16:10:04,763 [Thread-4] ERROR org.ffmpeg - [wmav2 @ 0x53af8c0] overflow in spectral RLE, ignoring
2011-01-24 16:10:04,888 [Thread-4] ERROR org.ffmpeg - [wmav2 @ 0x53af8c0] overflow in spectral RLE, ignoring
2011-01-24 16:10:04,934 [Thread-4] ERROR org.ffmpeg - [wmav2 @ 0x53af8c0] overflow in spectral RLE, ignoring
2011-01-24 16:10:05,031 [Thread-4] ERROR org.ffmpeg - [wmav2 @ 0x53af8c0] overflow in spectral RLE, ignoring
2011-01-24 16:10:05,074 [Thread-4] ERROR org.ffmpeg - [wmav2 @ 0x53af8c0] overflow in spectral RLE, ignoring
2011-01-24 16:10:05,075 [Thread-4] ERROR org.ffmpeg - [wmav2 @ 0x53af8c0] overflow in spectral RLE, ignoring
2011-01-24 16:10:05,227 [Thread-4] ERROR org.ffmpeg - [wmav2 @ 0x53af8c0] overflow in spectral RLE, ignoring
2011-01-24 16:10:05,227 [Thread-4] ERROR org.ffmpeg - [wmav2 @ 0x53af8c0] overflow in spectral RLE, ignoring
2011-01-24 16:10:05,296 [Thread-4] ERROR org.ffmpeg - [wmav2 @ 0x53af8c0] overflow in spectral RLE, ignoring
2011-01-24 16:10:05,367 [Thread-4] ERROR org.ffmpeg - [wmav2 @ 0x53af8c0] overflow in spectral RLE, ignoring
2011-01-24 16:10:05,471 [Thread-4] ERROR org.ffmpeg - [wmav2 @ 0x53af8c0] overflow in spectral RLE, ignoring
2011-01-24 16:10:05,472 [Thread-4] ERROR org.ffmpeg - [wmav2 @ 0x53af8c0] overflow in spectral RLE, ignoring
2011-01-24 16:10:05,522 [Thread-4] ERROR org.ffmpeg - [wmav2 @ 0x53af8c0] overflow in spectral RLE, ignoring
2011-01-24 16:10:05,580 [Thread-4] ERROR org.ffmpeg - [wmav2 @ 0x53af8c0] overflow in spectral RLE, ignoring
2011-01-24 16:10:05,580 [Thread-4] ERROR org.ffmpeg - [wmav2 @ 0x53af8c0] overflow in spectral RLE, ignoring
2011-01-24 16:10:05,630 [Thread-4] ERROR org.ffmpeg - [wmav2 @ 0x53af8c0] overflow in spectral RLE, ignoring
2011-01-24 16:10:05,730 [Thread-4] ERROR org.ffmpeg - [wmav2 @ 0x53af8c0] overflow in spectral RLE, ignoring
2011-01-24 16:10:05,730 [Thread-4] ERROR org.ffmpeg - [wmav2 @ 0x53af8c0] overflow in spectral RLE, ignoring
2011-01-24 16:10:05,818 [Thread-4] ERROR org.ffmpeg - [wmav2 @ 0x53af8c0] overflow in spectral RLE, ignoring
2011-01-24 16:10:05,864 [Thread-4] ERROR org.ffmpeg - [wmav2 @ 0x53af8c0] overflow in spectral RLE, ignoring
2011-01-24 16:10:05,937 [Thread-4] ERROR org.ffmpeg - [wmav2 @ 0x53af8c0] overflow in spectral RLE, ignoring
2011-01-24 16:10:05,961 [Thread-4] ERROR org.ffmpeg - [wmav2 @ 0x53af8c0] overflow in spectral RLE, ignoring
2011-01-24 16:10:06,537 [Thread-4] ERROR org.ffmpeg - [wmav2 @ 0x53af8c0] overflow in spectral RLE, ignoring
2011-01-24 16:10:06,538 [Thread-4] ERROR org.ffmpeg - [wmav2 @ 0x53af8c0] overflow in spectral RLE, ignoring
2011-01-24 16:10:07,338 [Thread-4] ERROR org.ffmpeg - [wmav2 @ 0x53af8c0] overflow in spectral RLE, ignoring
2011-01-24 16:10:07,476 [Thread-4] ERROR org.ffmpeg - [wmav2 @ 0x53af8c0] overflow in spectral RLE, ignoring
2011-01-24 16:10:07,700 [Thread-4] ERROR org.ffmpeg - [wmav2 @ 0x53af8c0] overflow in spectral RLE, ignoring
2011-01-24 16:10:08,926 [Thread-4] ERROR org.ffmpeg - [wmav2 @ 0x53af8c0] overflow in spectral RLE, ignoring
2011-01-24 16:10:09,019 [Thread-4] ERROR org.ffmpeg - [wmav2 @ 0x53af8c0] overflow in spectral RLE, ignoring
2011-01-24 16:10:09,044 [Thread-4] ERROR org.ffmpeg - [wmav2 @ 0x53af8c0] overflow in spectral RLE, ignoring
2011-01-24 16:10:09,347 [Thread-4] ERROR org.ffmpeg - [wmav2 @ 0x53af8c0] overflow in spectral RLE, ignoring
2011-01-24 16:10:09,531 [Thread-4] ERROR org.ffmpeg - [wmav2 @ 0x53af8c0] overflow in spectral RLE, ignoring
2011-01-24 16:10:09,851 [Thread-4] ERROR org.ffmpeg - [wmav2 @ 0x53af8c0] overflow in spectral RLE, ignoring
2011-01-24 16:10:09,894 [Thread-4] ERROR org.ffmpeg - [wmav2 @ 0x53af8c0] overflow in spectral RLE, ignoring
2011-01-24 16:10:09,894 [Thread-4] ERROR org.ffmpeg - [wmav2 @ 0x53af8c0] overflow in spectral RLE, ignoring
2011-01-24 16:10:09,894 [Thread-4] ERROR org.ffmpeg - [wmav2 @ 0x53af8c0] overflow in spectral RLE, ignoring
2011-01-24 16:10:10,027 [Thread-4] ERROR org.ffmpeg - [wmav2 @ 0x53af8c0] overflow in spectral RLE, ignoring
2011-01-24 16:10:10,162 [Thread-4] ERROR org.ffmpeg - [wmav2 @ 0x53af8c0] overflow in spectral RLE, ignoring
2011-01-24 16:12:42,463 [Thread-4] ERROR org.ffmpeg - [wmv2 @ 0x53ec0f0] warning: first frame is no keyframe
2011-01-24 16:12:42,575 [Thread-4] ERROR org.ffmpeg - [wmav2 @ 0x53ecb00] overflow in spectral RLE, ignoring
2011-01-24 16:12:42,603 [Thread-4] ERROR org.ffmpeg - [wmav2 @ 0x53ecb00] overflow in spectral RLE, ignoring
2011-01-24 16:12:42,900 [Thread-4] ERROR org.ffmpeg - [wmav2 @ 0x53ecb00] overflow in spectral RLE, ignoring
2011-01-24 16:12:43,163 [Thread-4] ERROR org.ffmpeg - [wmav2 @ 0x53ecb00] overflow in spectral RLE, ignoring
2011-01-24 16:12:43,186 [Thread-4] ERROR org.ffmpeg - [wmav2 @ 0x53ecb00] overflow in spectral RLE, ignoring
2011-01-24 16:12:43,215 [Thread-4] ERROR org.ffmpeg - [wmav2 @ 0x53ecb00] overflow in spectral RLE, ignoring
2011-01-24 16:12:43,279 [Finalizer] DEBUG com.xuggle.xuggler - Closing dangling Container (../../../../../../../csrc/com/xuggle/xuggler/Container.cpp:83)
2011-01-24 16:12:43,310 [Thread-4] ERROR org.ffmpeg - [wmav2 @ 0x53ecb00] overflow in spectral RLE, ignoring
2011-01-24 16:12:43,339 [Thread-4] ERROR org.ffmpeg - [wmav2 @ 0x53ecb00] overflow in spectral RLE, ignoring
2011-01-24 16:12:43,425 [Thread-4] ERROR org.ffmpeg - [wmav2 @ 0x53ecb00] overflow in spectral RLE, ignoring
2011-01-24 16:12:43,474 [Thread-4] ERROR org.ffmpeg - [wmav2 @ 0x53ecb00] overflow in spectral RLE, ignoring
2011-01-24 16:12:43,475 [Thread-4] ERROR org.ffmpeg - [wmav2 @ 0x53ecb00] overflow in spectral RLE, ignoring
2011-01-24 16:12:43,571 [Thread-4] ERROR org.ffmpeg - [wmav2 @ 0x53ecb00] overflow in spectral RLE, ignoring
2011-01-24 16:12:43,794 [Thread-4] ERROR org.ffmpeg - [wmav2 @ 0x53ecb00] overflow in spectral RLE, ignoring
2011-01-24 16:12:43,871 [Thread-4] ERROR org.ffmpeg - [wmav2 @ 0x53ecb00] overflow in spectral RLE, ignoring
2011-01-24 16:12:43,919 [Thread-4] ERROR org.ffmpeg - [wmav2 @ 0x53ecb00] overflow in spectral RLE, ignoring
2011-01-24 16:12:44,111 [Thread-4] ERROR org.ffmpeg - [wmav2 @ 0x53ecb00] overflow in spectral RLE, ignoring
2011-01-24 16:12:44,111 [Thread-4] ERROR org.ffmpeg - [wmav2 @ 0x53ecb00] overflow in spectral RLE, ignoring
2011-01-24 16:12:44,111 [Thread-4] ERROR org.ffmpeg - [wmav2 @ 0x53ecb00] overflow in spectral RLE, ignoring
2011-01-24 16:12:44,194 [Thread-4] ERROR org.ffmpeg - [wmav2 @ 0x53ecb00] overflow in spectral RLE, ignoring
2011-01-24 16:12:45,441 [Thread-4] ERROR org.ffmpeg - [wmav2 @ 0x53ecb00] overflow in spectral RLE, ignoring
2011-01-24 16:12:45,492 [Thread-4] ERROR org.ffmpeg - [wmav2 @ 0x53ecb00] overflow in spectral RLE, ignoring
2011-01-24 16:12:45,493 [Thread-4] ERROR org.ffmpeg - [wmav2 @ 0x53ecb00] overflow in spectral RLE, ignoring
2011-01-24 16:12:45,931 [Thread-4] ERROR org.ffmpeg - [wmav2 @ 0x53ecb00] overflow in spectral RLE, ignoring
2011-01-24 16:12:46,593 [Thread-4] ERROR org.ffmpeg - [wmav2 @ 0x53ecb00] overflow in spectral RLE, ignoring
2011-01-24 16:12:46,594 [Thread-4] ERROR org.ffmpeg - [wmav2 @ 0x53ecb00] overflow in spectral RLE, ignoring
2011-01-24 16:12:46,594 [Thread-4] ERROR org.ffmpeg - [wmav2 @ 0x53ecb00] Exponent out of range: 97
2011-01-24 16:16:47,474 [Finalizer] DEBUG com.xuggle.xuggler - Closing dangling Container (../../../../../../../csrc/com/xuggle/xuggler/Container.cpp:83)
2011-01-24 16:16:49,227 [Thread-4] ERROR org.ffmpeg - [wmv2 @ 0x54eabe0] warning: first frame is no keyframe
2011-01-24 16:16:49,412 [Thread-4] ERROR org.ffmpeg - [wmav2 @ 0x54eb5f0] overflow in spectral RLE, ignoring
2011-01-24 16:16:49,435 [Thread-4] ERROR org.ffmpeg - [wmav2 @ 0x54eb5f0] overflow in spectral RLE, ignoring
2011-01-24 16:17:26,726 [Thread-4] ERROR org.ffmpeg - [wmv2 @ 0xa0d06b0] warning: first frame is no keyframe
2011-01-24 16:17:26,750 [Thread-4] ERROR org.ffmpeg - [wmav2 @ 0x5445ce0] overflow in spectral RLE, ignoring
2011-01-24 16:17:27,134 [Thread-4] ERROR org.ffmpeg - [wmav2 @ 0x5445ce0] overflow in spectral RLE, ignoring
2011-01-24 16:17:27,157 [Thread-4] ERROR org.ffmpeg - [wmav2 @ 0x5445ce0] overflow in spectral RLE, ignoring
2011-01-24 16:17:27,327 [Finalizer] DEBUG com.xuggle.xuggler - Closing dangling Container (../../../../../../../csrc/com/xuggle/xuggler/Container.cpp:83)
2011-01-24 16:17:27,420 [Thread-4] ERROR org.ffmpeg - [wmav2 @ 0x5445ce0] overflow in spectral RLE, ignoring
2011-01-24 16:17:27,446 [Thread-4] ERROR org.ffmpeg - [wmav2 @ 0x5445ce0] overflow in spectral RLE, ignoring
2011-01-24 16:17:51,830 [Finalizer] DEBUG com.xuggle.xuggler - Closing dangling Container (../../../../../../../csrc/com/xuggle/xuggler/Container.cpp:83)
2011-01-24 16:17:51,840 [Thread-4] ERROR org.ffmpeg - [wmv2 @ 0x54c5f90] warning: first frame is no keyframe
2011-01-24 16:17:52,158 [Thread-4] ERROR org.ffmpeg - [wmav2 @ 0x54c6980] overflow in spectral RLE, ignoring
2011-01-24 16:17:52,206 [Thread-4] ERROR org.ffmpeg - [wmav2 @ 0x54c6980] overflow in spectral RLE, ignoring
2011-01-24 16:17:52,434 [Thread-4] ERROR org.ffmpeg - [wmav2 @ 0x54c6980] overflow in spectral RLE, ignoring
2011-01-24 16:17:52,503 [Thread-4] ERROR org.ffmpeg - [wmav2 @ 0x54c6980] overflow in spectral RLE, ignoring
2011-01-24 16:21:27,419 [Thread-4] ERROR org.ffmpeg - [wmv2 @ 0x546adf0] warning: first frame is no keyframe
2011-01-24 16:21:27,682 [Thread-4] ERROR org.ffmpeg - [wmav2 @ 0x546b800] overflow in spectral RLE, ignoring
2011-01-24 16:21:28,302 [Thread-4] ERROR org.ffmpeg - [wmav2 @ 0x546b800] overflow in spectral RLE, ignoring
2011-01-24 16:21:28,639 [Thread-4] ERROR org.ffmpeg - [wmav2 @ 0x546b800] overflow in spectral RLE, ignoring
2011-01-24 16:22:01,430 [Thread-4] ERROR org.ffmpeg - [wmv2 @ 0x547adf0] warning: first frame is no keyframe
2011-01-24 16:22:01,693 [Thread-4] ERROR org.ffmpeg - [wmav2 @ 0x547b800] overflow in spectral RLE, ignoring
2011-01-24 16:22:02,315 [Thread-4] ERROR org.ffmpeg - [wmav2 @ 0x547b800] overflow in spectral RLE, ignoring
2011-01-24 16:22:02,650 [Thread-4] ERROR org.ffmpeg - [wmav2 @ 0x547b800] overflow in spectral RLE, ignoring
2011-01-24 16:22:22,860 [Thread-4] ERROR org.ffmpeg - [wmv2 @ 0x54eadf0] warning: first frame is no keyframe
2011-01-24 16:22:23,112 [Thread-4] ERROR org.ffmpeg - [wmav2 @ 0x54eb800] overflow in spectral RLE, ignoring
2011-01-24 16:22:23,741 [Thread-4] ERROR org.ffmpeg - [wmav2 @ 0x54eb800] overflow in spectral RLE, ignoring
2011-01-24 16:22:24,070 [Thread-4] ERROR org.ffmpeg - [wmav2 @ 0x54eb800] overflow in spectral RLE, ignoring
2011-01-24 16:28:14,103 [Thread-4] ERROR org.ffmpeg - [wmv2 @ 0x545adf0] warning: first frame is no keyframe
2011-01-24 16:28:14,366 [Thread-4] ERROR org.ffmpeg - [wmav2 @ 0x545b800] overflow in spectral RLE, ignoring
2011-01-24 16:28:14,982 [Thread-4] ERROR org.ffmpeg - [wmav2 @ 0x545b800] overflow in spectral RLE, ignoring
2011-01-24 16:28:15,307 [Thread-4] ERROR org.ffmpeg - [wmav2 @ 0x545b800] overflow in spectral RLE, ignoring
2011-01-24 16:28:33,699 [Thread-4] ERROR org.ffmpeg - [wmv2 @ 0x54cadf0] warning: first frame is no keyframe
2011-01-24 16:28:33,956 [Thread-4] ERROR org.ffmpeg - [wmav2 @ 0x54cb800] overflow in spectral RLE, ignoring
2011-01-24 16:28:34,600 [Thread-4] ERROR org.ffmpeg - [wmav2 @ 0x54cb800] overflow in spectral RLE, ignoring
2011-01-24 16:28:34,931 [Thread-4] ERROR org.ffmpeg - [wmav2 @ 0x54cb800] overflow in spectral RLE, ignoring
2011-01-24 16:33:18,963 [Thread-4] ERROR org.ffmpeg - [wmv2 @ 0x541adf0] warning: first frame is no keyframe
2011-01-24 16:33:19,216 [Thread-4] ERROR org.ffmpeg - [wmav2 @ 0x541b800] overflow in spectral RLE, ignoring
2011-01-24 16:33:19,830 [Thread-4] ERROR org.ffmpeg - [wmav2 @ 0x541b800] overflow in spectral RLE, ignoring
2011-01-24 16:33:20,153 [Thread-4] ERROR org.ffmpeg - [wmav2 @ 0x541b800] overflow in spectral RLE, ignoring
2011-01-24 16:33:37,162 [Thread-4] ERROR org.ffmpeg - [wmv2 @ 0x542adf0] warning: first frame is no keyframe
2011-01-24 16:33:37,423 [Thread-4] ERROR org.ffmpeg - [wmav2 @ 0x542b800] overflow in spectral RLE, ignoring
2011-01-24 16:33:38,045 [Thread-4] ERROR org.ffmpeg - [wmav2 @ 0x542b800] overflow in spectral RLE, ignoring
2011-01-24 16:33:38,646 [Thread-4] ERROR org.ffmpeg - [wmav2 @ 0x542b800] overflow in spectral RLE, ignoring
2011-01-24 16:33:45,977 [Thread-7] ERROR org.ffmpeg - [wmv2 @ 0x5421c20] warning: first frame is no keyframe
2011-01-24 16:33:46,114 [Thread-7] ERROR org.ffmpeg - [wmav2 @ 0x5422630] overflow in spectral RLE, ignoring
2011-01-24 16:33:46,732 [Thread-7] ERROR org.ffmpeg - [wmav2 @ 0x5422630] overflow in spectral RLE, ignoring
2011-01-24 16:33:47,078 [Thread-7] ERROR org.ffmpeg - [wmav2 @ 0x5422630] overflow in spectral RLE, ignoring
2011-01-24 16:34:37,023 [Thread-4] ERROR org.ffmpeg - [wmv2 @ 0x540adf0] warning: first frame is no keyframe
2011-01-24 16:34:37,279 [Thread-4] ERROR org.ffmpeg - [wmav2 @ 0x540b800] overflow in spectral RLE, ignoring
2011-01-24 16:34:37,917 [Thread-4] ERROR org.ffmpeg - [wmav2 @ 0x540b800] overflow in spectral RLE, ignoring
2011-01-24 16:34:38,245 [Thread-4] ERROR org.ffmpeg - [wmav2 @ 0x540b800] overflow in spectral RLE, ignoring
2011-01-24 16:35:01,936 [Thread-4] ERROR org.ffmpeg - [wmv2 @ 0x544adf0] warning: first frame is no keyframe
2011-01-24 16:35:02,183 [Thread-4] ERROR org.ffmpeg - [wmav2 @ 0x544b800] overflow in spectral RLE, ignoring
2011-01-24 16:35:02,790 [Thread-4] ERROR org.ffmpeg - [wmav2 @ 0x544b800] overflow in spectral RLE, ignoring
2011-01-24 16:35:03,122 [Thread-4] ERROR org.ffmpeg - [wmav2 @ 0x544b800] overflow in spectral RLE, ignoring
2011-01-24 16:35:21,998 [Thread-4] ERROR org.ffmpeg - [wmv2 @ 0x547adf0] warning: first frame is no keyframe
2011-01-24 16:35:22,263 [Thread-4] ERROR org.ffmpeg - [wmav2 @ 0x547b800] overflow in spectral RLE, ignoring
2011-01-24 16:35:22,889 [Thread-4] ERROR org.ffmpeg - [wmav2 @ 0x547b800] overflow in spectral RLE, ignoring
2011-01-24 16:35:23,214 [Thread-4] ERROR org.ffmpeg - [wmav2 @ 0x547b800] overflow in spectral RLE, ignoring
2011-01-24 16:35:30,752 [Thread-7] ERROR org.ffmpeg - [wmv2 @ 0x5471c20] warning: first frame is no keyframe
2011-01-24 16:35:30,845 [Thread-7] ERROR org.ffmpeg - [wmav2 @ 0x5472630] overflow in spectral RLE, ignoring
2011-01-24 16:35:31,429 [Thread-7] ERROR org.ffmpeg - [wmav2 @ 0x5472630] overflow in spectral RLE, ignoring
2011-01-24 16:35:31,743 [Thread-7] ERROR org.ffmpeg - [wmav2 @ 0x5472630] overflow in spectral RLE, ignoring
2011-01-24 16:36:17,187 [Thread-4] ERROR org.ffmpeg - [wmv2 @ 0x543adf0] warning: first frame is no keyframe
2011-01-24 16:36:17,447 [Thread-4] ERROR org.ffmpeg - [wmav2 @ 0x543b800] overflow in spectral RLE, ignoring
2011-01-24 16:36:18,081 [Thread-4] ERROR org.ffmpeg - [wmav2 @ 0x543b800] overflow in spectral RLE, ignoring
2011-01-24 16:36:18,424 [Thread-4] ERROR org.ffmpeg - [wmav2 @ 0x543b800] overflow in spectral RLE, ignoring
2011-01-24 16:36:35,477 [Thread-4] ERROR org.ffmpeg - [wmv2 @ 0x53fadf0] warning: first frame is no keyframe
2011-01-24 16:36:35,736 [Thread-4] ERROR org.ffmpeg - [wmav2 @ 0x53fb800] overflow in spectral RLE, ignoring
2011-01-24 16:36:36,350 [Thread-4] ERROR org.ffmpeg - [wmav2 @ 0x53fb800] overflow in spectral RLE, ignoring
2011-01-24 16:36:36,671 [Thread-4] ERROR org.ffmpeg - [wmav2 @ 0x53fb800] overflow in spectral RLE, ignoring
2011-01-24 16:36:55,009 [Thread-4] ERROR org.ffmpeg - [wmv2 @ 0x547adf0] warning: first frame is no keyframe
2011-01-24 16:36:55,269 [Thread-4] ERROR org.ffmpeg - [wmav2 @ 0x547b800] overflow in spectral RLE, ignoring
2011-01-24 16:36:55,968 [Thread-4] ERROR org.ffmpeg - [wmav2 @ 0x547b800] overflow in spectral RLE, ignoring
2011-01-24 16:36:56,291 [Thread-4] ERROR org.ffmpeg - [wmav2 @ 0x547b800] overflow in spectral RLE, ignoring
2011-01-24 16:37:17,659 [Thread-4] ERROR org.ffmpeg - [wmv2 @ 0x54dadf0] warning: first frame is no keyframe
2011-01-24 16:37:17,917 [Thread-4] ERROR org.ffmpeg - [wmav2 @ 0x54db800] overflow in spectral RLE, ignoring
2011-01-24 16:37:18,527 [Thread-4] ERROR org.ffmpeg - [wmav2 @ 0x54db800] overflow in spectral RLE, ignoring
2011-01-24 16:37:18,867 [Thread-4] ERROR org.ffmpeg - [wmav2 @ 0x54db800] overflow in spectral RLE, ignoring
2011-01-24 16:37:45,282 [Thread-4] ERROR org.ffmpeg - [wmv2 @ 0x542adf0] warning: first frame is no keyframe
2011-01-24 16:37:45,550 [Thread-4] ERROR org.ffmpeg - [wmav2 @ 0x542b800] overflow in spectral RLE, ignoring
2011-01-24 16:37:46,180 [Thread-4] ERROR org.ffmpeg - [wmav2 @ 0x542b800] overflow in spectral RLE, ignoring
2011-01-24 16:37:46,507 [Thread-4] ERROR org.ffmpeg - [wmav2 @ 0x542b800] overflow in spectral RLE, ignoring
2011-01-24 16:38:02,359 [Thread-4] ERROR org.ffmpeg - [wmv2 @ 0x53eadf0] warning: first frame is no keyframe
2011-01-24 16:38:02,628 [Thread-4] ERROR org.ffmpeg - [wmav2 @ 0x53eb800] overflow in spectral RLE, ignoring
2011-01-24 16:38:03,248 [Thread-4] ERROR org.ffmpeg - [wmav2 @ 0x53eb800] overflow in spectral RLE, ignoring
2011-01-24 16:38:03,583 [Thread-4] ERROR org.ffmpeg - [wmav2 @ 0x53eb800] overflow in spectral RLE, ignoring
2011-01-24 16:38:08,576 [Thread-7] ERROR org.ffmpeg - [wmv2 @ 0x53e1c20] warning: first frame is no keyframe
2011-01-24 16:38:08,716 [Thread-7] ERROR org.ffmpeg - [wmav2 @ 0x53e2630] overflow in spectral RLE, ignoring
2011-01-24 16:38:09,381 [Thread-7] ERROR org.ffmpeg - [wmav2 @ 0x53e2630] overflow in spectral RLE, ignoring
2011-01-24 16:38:09,740 [Thread-7] ERROR org.ffmpeg - [wmav2 @ 0x53e2630] overflow in spectral RLE, ignoring
2011-01-24 16:38:35,495 [Thread-4] ERROR org.ffmpeg - [wmv2 @ 0x54a6010] warning: first frame is no keyframe
2011-01-24 16:38:35,517 [Finalizer] DEBUG com.xuggle.xuggler - Closing dangling Container (../../../../../../../csrc/com/xuggle/xuggler/Container.cpp:83)
2011-01-24 16:38:35,773 [Thread-4] ERROR org.ffmpeg - [wmav2 @ 0x54a6a20] overflow in spectral RLE, ignoring
2011-01-24 16:38:36,401 [Thread-4] ERROR org.ffmpeg - [wmav2 @ 0x54a6a20] overflow in spectral RLE, ignoring
2011-01-24 16:38:36,741 [Thread-4] ERROR org.ffmpeg - [wmav2 @ 0x54a6a20] overflow in spectral RLE, ignoring
2011-01-24 16:39:02,058 [Thread-7] ERROR org.ffmpeg - [wmv2 @ 0x556fab0] warning: first frame is no keyframe
2011-01-24 16:39:02,062 [Finalizer] DEBUG com.xuggle.xuggler - Closing dangling Container (../../../../../../../csrc/com/xuggle/xuggler/Container.cpp:83)
2011-01-24 16:39:02,138 [Thread-7] ERROR org.ffmpeg - [wmav2 @ 0x549ab20] overflow in spectral RLE, ignoring
2011-01-24 16:39:02,352 [Thread-7] ERROR org.ffmpeg - [wmav2 @ 0x549ab20] overflow in spectral RLE, ignoring
2011-01-24 16:39:02,736 [Thread-7] ERROR org.ffmpeg - [wmav2 @ 0x549ab20] overflow in spectral RLE, ignoring
2011-01-24 16:39:02,898 [Thread-7] ERROR org.ffmpeg - [wmav2 @ 0x549ab20] overflow in spectral RLE, ignoring
2011-01-24 16:39:03,200 [Thread-7] ERROR org.ffmpeg - [wmav2 @ 0x549ab20] overflow in spectral RLE, ignoring
2011-01-24 16:39:03,419 [Thread-7] ERROR org.ffmpeg - [wmav2 @ 0x549ab20] overflow in spectral RLE, ignoring
2011-01-24 16:39:03,466 [Thread-7] ERROR org.ffmpeg - [wmav2 @ 0x549ab20] overflow in spectral RLE, ignoring
2011-01-24 16:39:04,341 [Thread-7] ERROR org.ffmpeg - [wmav2 @ 0x549ab20] overflow in spectral RLE, ignoring
2011-01-24 16:39:04,582 [Thread-7] ERROR org.ffmpeg - [wmav2 @ 0x549ab20] overflow in spectral RLE, ignoring
2011-01-24 16:39:04,846 [Thread-7] ERROR org.ffmpeg - [wmav2 @ 0x549ab20] overflow in spectral RLE, ignoring
2011-01-24 16:39:05,085 [Thread-7] ERROR org.ffmpeg - [wmav2 @ 0x549ab20] overflow in spectral RLE, ignoring
2011-01-24 16:39:05,127 [Thread-7] ERROR org.ffmpeg - [wmav2 @ 0x549ab20] overflow in spectral RLE, ignoring
2011-01-24 16:39:05,482 [Thread-7] ERROR org.ffmpeg - [wmav2 @ 0x549ab20] overflow in spectral RLE, ignoring
2011-01-24 16:39:05,570 [Thread-7] ERROR org.ffmpeg - [wmav2 @ 0x549ab20] overflow in spectral RLE, ignoring
2011-01-24 16:39:05,570 [Thread-7] ERROR org.ffmpeg - [wmav2 @ 0x549ab20] overflow in spectral RLE, ignoring
2011-01-24 16:39:06,043 [Thread-7] ERROR org.ffmpeg - [wmav2 @ 0x549ab20] overflow in spectral RLE, ignoring
2011-01-24 16:39:06,240 [Thread-7] ERROR org.ffmpeg - [wmav2 @ 0x549ab20] overflow in spectral RLE, ignoring
2011-01-24 16:39:06,402 [Thread-7] ERROR org.ffmpeg - [wmav2 @ 0x549ab20] overflow in spectral RLE, ignoring
2011-01-24 16:39:06,680 [Thread-7] ERROR org.ffmpeg - [wmav2 @ 0x549ab20] overflow in spectral RLE, ignoring
2011-01-24 16:39:06,963 [Thread-7] ERROR org.ffmpeg - [wmav2 @ 0x549ab20] overflow in spectral RLE, ignoring
2011-01-24 16:39:07,049 [Thread-7] ERROR org.ffmpeg - [wmav2 @ 0x549ab20] overflow in spectral RLE, ignoring
2011-01-24 16:39:07,100 [Thread-7] ERROR org.ffmpeg - [wmav2 @ 0x549ab20] overflow in spectral RLE, ignoring
2011-01-24 16:39:07,142 [Thread-7] ERROR org.ffmpeg - [wmav2 @ 0x549ab20] overflow in spectral RLE, ignoring
2011-01-24 16:39:07,527 [Thread-7] ERROR org.ffmpeg - [wmav2 @ 0x549ab20] overflow in spectral RLE, ignoring
2011-01-24 16:39:08,148 [Thread-7] ERROR org.ffmpeg - [wmav2 @ 0x549ab20] overflow in spectral RLE, ignoring
2011-01-24 16:39:08,340 [Thread-7] ERROR org.ffmpeg - [wmav2 @ 0x549ab20] overflow in spectral RLE, ignoring
2011-01-24 16:39:09,567 [Thread-7] ERROR org.ffmpeg - [wmav2 @ 0x549ab20] overflow in spectral RLE, ignoring
2011-01-24 16:39:09,919 [Thread-7] ERROR org.ffmpeg - [wmav2 @ 0x549ab20] overflow in spectral RLE, ignoring
2011-01-24 16:39:10,031 [Thread-7] ERROR org.ffmpeg - [wmav2 @ 0x549ab20] overflow in spectral RLE, ignoring
2011-01-24 16:39:10,373 [Thread-7] ERROR org.ffmpeg - [wmav2 @ 0x549ab20] overflow in spectral RLE, ignoring
2011-01-24 16:39:10,394 [Thread-7] ERROR org.ffmpeg - [wmav2 @ 0x549ab20] overflow in spectral RLE, ignoring
2011-01-24 16:39:11,340 [Thread-7] ERROR org.ffmpeg - [wmav2 @ 0x549ab20] overflow in spectral RLE, ignoring
2011-01-24 16:39:11,493 [Thread-7] ERROR org.ffmpeg - [wmav2 @ 0x549ab20] overflow in spectral RLE, ignoring
2011-01-24 16:39:11,693 [Thread-7] ERROR org.ffmpeg - [wmav2 @ 0x549ab20] overflow in spectral RLE, ignoring
2011-01-24 16:39:11,952 [Thread-7] ERROR org.ffmpeg - [wmav2 @ 0x549ab20] overflow in spectral RLE, ignoring
2011-01-24 16:39:11,953 [Thread-7] ERROR org.ffmpeg - [wmav2 @ 0x549ab20] overflow in spectral RLE, ignoring
2011-01-24 16:39:36,576 [Finalizer] DEBUG com.xuggle.xuggler - Closing dangling Container (../../../../../../../csrc/com/xuggle/xuggler/Container.cpp:83)
2011-01-24 16:39:36,711 [Thread-4] ERROR org.ffmpeg - [wmav2 @ 0x9e74410] overflow in spectral RLE, ignoring
2011-01-24 16:39:37,087 [Thread-4] ERROR org.ffmpeg - [wmav2 @ 0x9e74410] overflow in spectral RLE, ignoring
2011-01-24 16:39:37,312 [Thread-4] ERROR org.ffmpeg - [wmav2 @ 0x9e74410] overflow in spectral RLE, ignoring
2011-01-24 16:39:37,363 [Thread-4] ERROR org.ffmpeg - [wmav2 @ 0x9e74410] overflow in spectral RLE, ignoring
2011-01-24 16:39:38,262 [Thread-4] ERROR org.ffmpeg - [wmav2 @ 0x9e74410] overflow in spectral RLE, ignoring
2011-01-24 16:39:38,492 [Thread-4] ERROR org.ffmpeg - [wmav2 @ 0x9e74410] overflow in spectral RLE, ignoring
2011-01-24 16:39:38,787 [Thread-4] ERROR org.ffmpeg - [wmav2 @ 0x9e74410] overflow in spectral RLE, ignoring
2011-01-24 16:39:39,017 [Thread-4] ERROR org.ffmpeg - [wmav2 @ 0x9e74410] overflow in spectral RLE, ignoring
2011-01-24 16:39:39,101 [Thread-4] ERROR org.ffmpeg - [wmav2 @ 0x9e74410] overflow in spectral RLE, ignoring
2011-01-24 16:39:39,393 [Thread-4] ERROR org.ffmpeg - [wmav2 @ 0x9e74410] overflow in spectral RLE, ignoring
2011-01-24 16:39:39,490 [Thread-4] ERROR org.ffmpeg - [wmav2 @ 0x9e74410] overflow in spectral RLE, ignoring
2011-01-24 16:39:39,491 [Thread-4] ERROR org.ffmpeg - [wmav2 @ 0x9e74410] overflow in spectral RLE, ignoring
2011-01-24 16:39:40,003 [Thread-4] ERROR org.ffmpeg - [wmav2 @ 0x9e74410] overflow in spectral RLE, ignoring
2011-01-24 16:39:40,216 [Thread-4] ERROR org.ffmpeg - [wmav2 @ 0x9e74410] overflow in spectral RLE, ignoring
2011-01-24 16:39:40,353 [Thread-4] ERROR org.ffmpeg - [wmav2 @ 0x9e74410] overflow in spectral RLE, ignoring
2011-01-24 16:39:40,644 [Thread-4] ERROR org.ffmpeg - [wmav2 @ 0x9e74410] overflow in spectral RLE, ignoring
2011-01-24 16:39:40,900 [Thread-4] ERROR org.ffmpeg - [wmav2 @ 0x9e74410] overflow in spectral RLE, ignoring
2011-01-24 16:39:41,029 [Thread-4] ERROR org.ffmpeg - [wmav2 @ 0x9e74410] overflow in spectral RLE, ignoring
2011-01-24 16:39:41,079 [Thread-4] ERROR org.ffmpeg - [wmav2 @ 0x9e74410] overflow in spectral RLE, ignoring
2011-01-24 16:39:41,126 [Thread-4] ERROR org.ffmpeg - [wmav2 @ 0x9e74410] overflow in spectral RLE, ignoring
2011-01-24 16:39:41,527 [Thread-4] ERROR org.ffmpeg - [wmav2 @ 0x9e74410] overflow in spectral RLE, ignoring
2011-01-24 16:39:42,088 [Thread-4] ERROR org.ffmpeg - [wmav2 @ 0x9e74410] overflow in spectral RLE, ignoring
2011-01-24 16:39:42,536 [Thread-4] ERROR org.ffmpeg - [wmav2 @ 0x9e74410] overflow in spectral RLE, ignoring
2011-01-24 16:39:43,767 [Thread-4] ERROR org.ffmpeg - [wmav2 @ 0x9e74410] overflow in spectral RLE, ignoring
2011-01-24 16:39:44,120 [Thread-4] ERROR org.ffmpeg - [wmav2 @ 0x9e74410] overflow in spectral RLE, ignoring
2011-01-24 16:39:44,234 [Thread-4] ERROR org.ffmpeg - [wmav2 @ 0x9e74410] overflow in spectral RLE, ignoring
2011-01-24 16:39:44,613 [Thread-4] ERROR org.ffmpeg - [wmav2 @ 0x9e74410] overflow in spectral RLE, ignoring
2011-01-24 16:39:44,614 [Thread-4] ERROR org.ffmpeg - [wmav2 @ 0x9e74410] overflow in spectral RLE, ignoring
2011-01-24 16:39:45,725 [Thread-4] ERROR org.ffmpeg - [wmav2 @ 0x9e74410] overflow in spectral RLE, ignoring
2011-01-24 16:39:45,878 [Thread-4] ERROR org.ffmpeg - [wmav2 @ 0x9e74410] overflow in spectral RLE, ignoring
2011-01-24 16:39:46,088 [Thread-4] ERROR org.ffmpeg - [wmav2 @ 0x9e74410] overflow in spectral RLE, ignoring
2011-01-24 16:39:46,394 [Thread-4] ERROR org.ffmpeg - [wmav2 @ 0x9e74410] overflow in spectral RLE, ignoring
2011-01-24 16:39:46,395 [Thread-4] ERROR org.ffmpeg - [wmav2 @ 0x9e74410] overflow in spectral RLE, ignoring
2011-01-24 16:39:46,722 [Thread-4] ERROR org.ffmpeg - [wmav2 @ 0x9e74410] overflow in spectral RLE, ignoring
2011-01-24 16:39:47,146 [Thread-4] ERROR org.ffmpeg - [wmav2 @ 0x9e74410] overflow in spectral RLE, ignoring
2011-01-24 16:39:47,320 [Thread-4] ERROR org.ffmpeg - [wmav2 @ 0x9e74410] overflow in spectral RLE, ignoring
2011-01-24 16:46:24,156 [Thread-4] ERROR org.ffmpeg - [wmv2 @ 0x5426250] warning: first frame is no keyframe
2011-01-24 16:46:24,487 [Thread-4] ERROR org.ffmpeg - [wmav2 @ 0x5426c60] overflow in spectral RLE, ignoring
2011-01-24 16:46:24,657 [Finalizer] DEBUG com.xuggle.xuggler - Closing dangling Container (../../../../../../../csrc/com/xuggle/xuggler/Container.cpp:83)
2011-01-24 16:46:24,837 [Thread-4] ERROR org.ffmpeg - [wmav2 @ 0x5426c60] overflow in spectral RLE, ignoring
2011-01-24 16:46:34,958 [Thread-7] ERROR org.ffmpeg - [wmv2 @ 0x9f68c00] warning: first frame is no keyframe
2011-01-24 16:46:35,049 [Thread-7] ERROR org.ffmpeg - [wmav2 @ 0xa08bb50] overflow in spectral RLE, ignoring
2011-01-24 16:46:35,680 [Thread-7] ERROR org.ffmpeg - [wmav2 @ 0xa08bb50] overflow in spectral RLE, ignoring
2011-01-24 16:46:36,057 [Thread-7] ERROR org.ffmpeg - [wmav2 @ 0xa08bb50] overflow in spectral RLE, ignoring
2011-01-24 16:47:18,654 [Finalizer] DEBUG com.xuggle.xuggler - Closing dangling Container (../../../../../../../csrc/com/xuggle/xuggler/Container.cpp:83)
2011-01-24 16:47:18,663 [Finalizer] DEBUG com.xuggle.xuggler - Closing dangling Container (../../../../../../../csrc/com/xuggle/xuggler/Container.cpp:83)
2011-01-24 16:47:18,694 [Thread-4] ERROR org.ffmpeg - [wmv2 @ 0xa020310] warning: first frame is no keyframe
2011-01-24 16:47:20,083 [Thread-4] ERROR org.ffmpeg - [wmav2 @ 0xa020d20] overflow in spectral RLE, ignoring
2011-01-24 16:47:43,186 [Thread-7] ERROR org.ffmpeg - [wmv2 @ 0xa157da0] warning: first frame is no keyframe
2011-01-24 16:47:44,258 [Thread-7] ERROR org.ffmpeg - [wmav2 @ 0xa020050] overflow in spectral RLE, ignoring
2011-01-24 16:49:49,310 [Thread-4] ERROR org.ffmpeg - [wmv2 @ 0xa1211e0] warning: first frame is no keyframe
2011-01-24 16:49:49,327 [Finalizer] DEBUG com.xuggle.xuggler - Closing dangling Container (../../../../../../../csrc/com/xuggle/xuggler/Container.cpp:83)
2011-01-24 16:49:49,327 [Finalizer] DEBUG com.xuggle.xuggler - Closing dangling Container (../../../../../../../csrc/com/xuggle/xuggler/Container.cpp:83)
2011-01-24 16:49:50,575 [Thread-4] ERROR org.ffmpeg - [wmav2 @ 0xa121bf0] overflow in spectral RLE, ignoring
2011-01-24 16:49:56,412 [Thread-7] ERROR org.ffmpeg - [wmv2 @ 0x5462160] warning: first frame is no keyframe
2011-01-24 16:49:57,576 [Thread-7] ERROR org.ffmpeg - [wmav2 @ 0xa1679b0] overflow in spectral RLE, ignoring
2011-01-24 16:51:06,531 [Thread-4] ERROR org.ffmpeg - [wmv2 @ 0x540adf0] warning: first frame is no keyframe
2011-01-24 16:51:07,727 [Thread-4] ERROR org.ffmpeg - [wmav2 @ 0x540b800] overflow in spectral RLE, ignoring
2011-01-24 16:51:15,629 [Thread-7] ERROR org.ffmpeg - [wmv2 @ 0x9b50010] warning: first frame is no keyframe
2011-01-24 16:51:16,739 [Thread-7] ERROR org.ffmpeg - [wmav2 @ 0x9b50810] overflow in spectral RLE, ignoring
2011-01-24 16:51:34,006 [Thread-4] ERROR org.ffmpeg - [wmv2 @ 0x54eadf0] warning: first frame is no keyframe
2011-01-24 16:51:35,207 [Thread-4] ERROR org.ffmpeg - [wmav2 @ 0x54eb800] overflow in spectral RLE, ignoring
2011-01-24 16:51:45,211 [Thread-7] ERROR org.ffmpeg - [wmv2 @ 0x9fd0010] warning: first frame is no keyframe
2011-01-24 16:51:46,364 [Thread-7] ERROR org.ffmpeg - [wmav2 @ 0x9fd0810] overflow in spectral RLE, ignoring
2011-01-24 16:52:03,120 [Thread-4] ERROR org.ffmpeg - [wmv2 @ 0x54a5880] warning: first frame is no keyframe
2011-01-24 16:52:03,139 [Thread-4] DEBUG com.xuggle.xuggler - Closing dangling Container (../../../../../../../csrc/com/xuggle/xuggler/Container.cpp:83)
2011-01-24 16:52:04,326 [Thread-4] ERROR org.ffmpeg - [wmav2 @ 0x54a6260] overflow in spectral RLE, ignoring
2011-01-24 16:52:09,472 [Thread-7] ERROR org.ffmpeg - [wmv2 @ 0x549ab20] warning: first frame is no keyframe
2011-01-24 16:52:10,561 [Thread-7] ERROR org.ffmpeg - [wmav2 @ 0x549b500] overflow in spectral RLE, ignoring
2011-01-24 16:52:42,002 [Thread-4] ERROR org.ffmpeg - [wmv2 @ 0x55a7230] warning: first frame is no keyframe
2011-01-24 16:52:42,021 [Thread-4] DEBUG com.xuggle.xuggler - Closing dangling Container (../../../../../../../csrc/com/xuggle/xuggler/Container.cpp:83)
2011-01-24 16:52:42,287 [Thread-4] ERROR org.ffmpeg - [wmav2 @ 0x55a7a20] overflow in spectral RLE, ignoring
2011-01-24 16:52:42,381 [Thread-4] ERROR org.ffmpeg - [wmav2 @ 0x55a7a20] overflow in spectral RLE, ignoring
2011-01-24 16:52:42,456 [Thread-4] ERROR org.ffmpeg - [wmav2 @ 0x55a7a20] overflow in spectral RLE, ignoring
2011-01-24 16:52:42,641 [Thread-4] ERROR org.ffmpeg - [wmav2 @ 0x55a7a20] overflow in spectral RLE, ignoring
2011-01-24 16:52:42,882 [Thread-4] ERROR org.ffmpeg - [wmav2 @ 0x55a7a20] overflow in spectral RLE, ignoring
2011-01-24 16:52:43,014 [Thread-4] ERROR org.ffmpeg - [wmav2 @ 0x55a7a20] overflow in spectral RLE, ignoring
2011-01-24 16:52:43,332 [Thread-4] ERROR org.ffmpeg - [wmav2 @ 0x55a7a20] overflow in spectral RLE, ignoring
2011-01-24 16:52:43,354 [Thread-4] ERROR org.ffmpeg - [wmav2 @ 0x55a7a20] overflow in spectral RLE, ignoring
2011-01-24 16:52:43,623 [Thread-4] ERROR org.ffmpeg - [wmav2 @ 0x55a7a20] overflow in spectral RLE, ignoring
2011-01-24 16:52:43,624 [Thread-4] ERROR org.ffmpeg - [wmav2 @ 0x55a7a20] overflow in spectral RLE, ignoring
2011-01-24 16:52:59,592 [Thread-7] ERROR org.ffmpeg - [wmv2 @ 0x9f20850] warning: first frame is no keyframe
2011-01-24 16:52:59,604 [Thread-7] DEBUG com.xuggle.xuggler - Closing dangling Container (../../../../../../../csrc/com/xuggle/xuggler/Container.cpp:83)
2011-01-24 16:52:59,871 [Thread-7] ERROR org.ffmpeg - [wmav2 @ 0x9f20bf0] overflow in spectral RLE, ignoring
2011-01-24 16:53:00,517 [Thread-7] ERROR org.ffmpeg - [wmav2 @ 0x9f20bf0] overflow in spectral RLE, ignoring
2011-01-24 16:53:00,827 [Thread-7] ERROR org.ffmpeg - [wmav2 @ 0x9f20bf0] overflow in spectral RLE, ignoring
2011-01-24 16:53:47,974 [Thread-4] ERROR org.ffmpeg - [wmv2 @ 0x9dd0770] warning: first frame is no keyframe
2011-01-24 16:53:47,994 [Finalizer] DEBUG com.xuggle.xuggler - Closing dangling Container (../../../../../../../csrc/com/xuggle/xuggler/Container.cpp:83)
2011-01-24 16:53:48,090 [Thread-4] ERROR org.ffmpeg - [wmav2 @ 0x5415b20] overflow in spectral RLE, ignoring
2011-01-24 16:53:48,260 [Thread-4] ERROR org.ffmpeg - [wmav2 @ 0x5415b20] overflow in spectral RLE, ignoring
2011-01-24 16:53:48,333 [Thread-4] ERROR org.ffmpeg - [wmav2 @ 0x5415b20] overflow in spectral RLE, ignoring
2011-01-24 16:53:48,499 [Thread-4] ERROR org.ffmpeg - [wmav2 @ 0x5415b20] overflow in spectral RLE, ignoring
2011-01-24 16:53:48,712 [Thread-4] ERROR org.ffmpeg - [wmav2 @ 0x5415b20] overflow in spectral RLE, ignoring
2011-01-24 16:53:48,762 [Thread-4] ERROR org.ffmpeg - [wmav2 @ 0x5415b20] overflow in spectral RLE, ignoring
2011-01-24 16:53:48,864 [Thread-4] ERROR org.ffmpeg - [wmav2 @ 0x5415b20] overflow in spectral RLE, ignoring
2011-01-24 16:53:48,864 [Thread-4] ERROR org.ffmpeg - [wmav2 @ 0x5415b20] overflow in spectral RLE, ignoring
2011-01-24 16:53:56,744 [Thread-7] ERROR org.ffmpeg - [wmv2 @ 0x5402b70] warning: first frame is no keyframe
2011-01-24 16:53:57,906 [Thread-7] ERROR org.ffmpeg - [wmav2 @ 0x9f29610] overflow in spectral RLE, ignoring
2011-01-24 16:54:18,535 [Thread-4] ERROR org.ffmpeg - [wmv2 @ 0x5491cb0] warning: first frame is no keyframe
2011-01-24 16:54:18,651 [Thread-4] ERROR org.ffmpeg - [wmav2 @ 0x5492690] overflow in spectral RLE, ignoring
2011-01-24 16:54:18,792 [Thread-4] ERROR org.ffmpeg - [wmav2 @ 0x5492690] overflow in spectral RLE, ignoring
2011-01-24 16:54:18,865 [Thread-4] ERROR org.ffmpeg - [wmav2 @ 0x5492690] overflow in spectral RLE, ignoring
2011-01-24 16:54:19,027 [Thread-4] ERROR org.ffmpeg - [wmav2 @ 0x5492690] overflow in spectral RLE, ignoring
2011-01-24 16:54:19,144 [Finalizer] DEBUG com.xuggle.xuggler - Closing dangling Container (../../../../../../../csrc/com/xuggle/xuggler/Container.cpp:83)
2011-01-24 16:54:19,144 [Finalizer] DEBUG com.xuggle.xuggler - Closing dangling Container (../../../../../../../csrc/com/xuggle/xuggler/Container.cpp:83)
2011-01-24 16:54:19,227 [Thread-4] ERROR org.ffmpeg - [wmav2 @ 0x5492690] overflow in spectral RLE, ignoring
2011-01-24 16:54:19,273 [Thread-4] ERROR org.ffmpeg - [wmav2 @ 0x5492690] overflow in spectral RLE, ignoring
2011-01-24 16:54:19,360 [Thread-4] ERROR org.ffmpeg - [wmav2 @ 0x5492690] overflow in spectral RLE, ignoring
2011-01-24 16:54:19,361 [Thread-4] ERROR org.ffmpeg - [wmav2 @ 0x5492690] overflow in spectral RLE, ignoring
2011-01-24 16:54:25,786 [Thread-7] ERROR org.ffmpeg - [wmv2 @ 0x9e68860] warning: first frame is no keyframe
2011-01-24 16:54:25,795 [Thread-7] ERROR org.ffmpeg - [wmav2 @ 0x9e64dc0] overflow in spectral RLE, ignoring
2011-01-24 16:54:25,985 [Thread-7] ERROR org.ffmpeg - [wmav2 @ 0x9e64dc0] overflow in spectral RLE, ignoring
2011-01-24 16:54:26,075 [Thread-7] ERROR org.ffmpeg - [wmav2 @ 0x9e64dc0] overflow in spectral RLE, ignoring
2011-01-24 16:54:26,216 [Thread-7] ERROR org.ffmpeg - [wmav2 @ 0x9e64dc0] overflow in spectral RLE, ignoring
2011-01-24 16:54:26,381 [Thread-7] ERROR org.ffmpeg - [wmav2 @ 0x9e64dc0] overflow in spectral RLE, ignoring
2011-01-24 16:54:26,427 [Thread-7] ERROR org.ffmpeg - [wmav2 @ 0x9e64dc0] overflow in spectral RLE, ignoring
2011-01-24 16:54:26,518 [Thread-7] ERROR org.ffmpeg - [wmav2 @ 0x9e64dc0] overflow in spectral RLE, ignoring
2011-01-24 16:54:26,518 [Thread-7] ERROR org.ffmpeg - [wmav2 @ 0x9e64dc0] overflow in spectral RLE, ignoring
2011-01-24 16:55:16,495 [Thread-4] ERROR org.ffmpeg - [wmv2 @ 0x55235f0] warning: first frame is no keyframe
2011-01-24 16:55:16,507 [Finalizer] DEBUG com.xuggle.xuggler - Closing dangling Container (../../../../../../../csrc/com/xuggle/xuggler/Container.cpp:83)
2011-01-24 16:55:16,508 [Finalizer] DEBUG com.xuggle.xuggler - Closing dangling Container (../../../../../../../csrc/com/xuggle/xuggler/Container.cpp:83)
2011-01-24 16:55:16,560 [Thread-4] ERROR org.ffmpeg - [wmav2 @ 0x5523fd0] overflow in spectral RLE, ignoring
2011-01-24 16:55:16,614 [Thread-4] ERROR org.ffmpeg - [wmav2 @ 0x5523fd0] overflow in spectral RLE, ignoring
2011-01-24 16:55:16,691 [Thread-4] ERROR org.ffmpeg - [wmav2 @ 0x5523fd0] overflow in spectral RLE, ignoring
2011-01-24 16:55:16,693 [Thread-4] ERROR org.ffmpeg - [wmav2 @ 0x5523fd0] overflow in spectral RLE, ignoring
2011-01-24 16:55:23,585 [Thread-7] ERROR org.ffmpeg - [wmv2 @ 0x55228b0] warning: first frame is no keyframe
2011-01-24 16:55:23,659 [Thread-7] ERROR org.ffmpeg - [wmav2 @ 0x55232a0] overflow in spectral RLE, ignoring
2011-01-24 16:55:23,798 [Thread-7] ERROR org.ffmpeg - [wmav2 @ 0x55232a0] overflow in spectral RLE, ignoring
2011-01-24 16:55:23,867 [Thread-7] ERROR org.ffmpeg - [wmav2 @ 0x55232a0] overflow in spectral RLE, ignoring
2011-01-24 16:55:24,031 [Thread-7] ERROR org.ffmpeg - [wmav2 @ 0x55232a0] overflow in spectral RLE, ignoring
2011-01-24 16:55:24,202 [Thread-7] ERROR org.ffmpeg - [wmav2 @ 0x55232a0] overflow in spectral RLE, ignoring
2011-01-24 16:55:24,251 [Thread-7] ERROR org.ffmpeg - [wmav2 @ 0x55232a0] overflow in spectral RLE, ignoring
2011-01-24 16:55:24,342 [Thread-7] ERROR org.ffmpeg - [wmav2 @ 0x55232a0] overflow in spectral RLE, ignoring
2011-01-24 16:55:24,342 [Thread-7] ERROR org.ffmpeg - [wmav2 @ 0x55232a0] overflow in spectral RLE, ignoring
2011-01-24 16:55:51,510 [Thread-4] ERROR org.ffmpeg - [wmv2 @ 0x9a68a10] warning: first frame is no keyframe
2011-01-24 16:55:51,528 [Finalizer] DEBUG com.xuggle.xuggler - Closing dangling Container (../../../../../../../csrc/com/xuggle/xuggler/Container.cpp:83)
2011-01-24 16:55:51,529 [Finalizer] DEBUG com.xuggle.xuggler - Closing dangling Container (../../../../../../../csrc/com/xuggle/xuggler/Container.cpp:83)
2011-01-24 16:55:51,534 [Thread-4] ERROR org.ffmpeg - [wmav2 @ 0x5554250] overflow in spectral RLE, ignoring
2011-01-24 16:55:51,722 [Thread-4] ERROR org.ffmpeg - [wmav2 @ 0x5554250] overflow in spectral RLE, ignoring
2011-01-24 16:55:51,820 [Thread-4] ERROR org.ffmpeg - [wmav2 @ 0x5554250] overflow in spectral RLE, ignoring
2011-01-24 16:55:51,821 [Thread-4] ERROR org.ffmpeg - [wmav2 @ 0x5554250] overflow in spectral RLE, ignoring
2011-01-24 16:55:52,187 [Thread-4] ERROR org.ffmpeg - [wmav2 @ 0x5554250] overflow in spectral RLE, ignoring
2011-01-24 16:55:52,233 [Thread-4] ERROR org.ffmpeg - [wmav2 @ 0x5554250] overflow in spectral RLE, ignoring
2011-01-24 16:55:52,234 [Thread-4] ERROR org.ffmpeg - [wmav2 @ 0x5554250] overflow in spectral RLE, ignoring
2011-01-24 16:55:52,323 [Thread-4] ERROR org.ffmpeg - [wmav2 @ 0x5554250] overflow in spectral RLE, ignoring
2011-01-24 16:55:52,325 [Thread-4] ERROR org.ffmpeg - [wmav2 @ 0x5554250] overflow in spectral RLE, ignoring
2011-01-24 16:56:01,739 [Thread-7] ERROR org.ffmpeg - [wmv2 @ 0x5552e60] warning: first frame is no keyframe
2011-01-24 16:56:01,796 [Thread-7] ERROR org.ffmpeg - [wmav2 @ 0x5553660] overflow in spectral RLE, ignoring
2011-01-24 16:56:01,911 [Thread-7] ERROR org.ffmpeg - [wmav2 @ 0x5553660] overflow in spectral RLE, ignoring
2011-01-24 16:56:01,933 [Thread-7] ERROR org.ffmpeg - [wmav2 @ 0x5553660] overflow in spectral RLE, ignoring
2011-01-24 16:56:02,251 [Thread-7] ERROR org.ffmpeg - [wmav2 @ 0x5553660] overflow in spectral RLE, ignoring
2011-01-24 16:56:02,276 [Thread-7] ERROR org.ffmpeg - [wmav2 @ 0x5553660] overflow in spectral RLE, ignoring
2011-01-24 16:56:02,297 [Thread-7] ERROR org.ffmpeg - [wmav2 @ 0x5553660] overflow in spectral RLE, ignoring
2011-01-24 16:56:02,367 [Thread-7] ERROR org.ffmpeg - [wmav2 @ 0x5553660] overflow in spectral RLE, ignoring
2011-01-24 16:56:02,393 [Thread-7] ERROR org.ffmpeg - [wmav2 @ 0x5553660] overflow in spectral RLE, ignoring
2011-01-24 17:40:14,501 [Finalizer] DEBUG com.xuggle.xuggler - Closing dangling Container (../../../../../../../csrc/com/xuggle/xuggler/Container.cpp:83)
2011-01-24 17:40:23,812 [Thread-4] ERROR org.ffmpeg - [wmv2 @ 0xa102260] warning: first frame is no keyframe
2011-01-24 17:40:23,827 [Finalizer] DEBUG com.xuggle.xuggler - Closing dangling Container (../../../../../../../csrc/com/xuggle/xuggler/Container.cpp:83)
2011-01-24 17:40:23,827 [Finalizer] DEBUG com.xuggle.xuggler - Closing dangling Container (../../../../../../../csrc/com/xuggle/xuggler/Container.cpp:83)
2011-01-24 17:40:23,833 [Thread-4] ERROR org.ffmpeg - [wmav2 @ 0xa102c40] overflow in spectral RLE, ignoring
2011-01-24 17:40:24,006 [Thread-4] ERROR org.ffmpeg - [wmav2 @ 0xa102c40] overflow in spectral RLE, ignoring
2011-01-24 17:40:24,103 [Thread-4] ERROR org.ffmpeg - [wmav2 @ 0xa102c40] overflow in spectral RLE, ignoring
2011-01-24 17:40:24,104 [Thread-4] ERROR org.ffmpeg - [wmav2 @ 0xa102c40] overflow in spectral RLE, ignoring
2011-01-24 17:40:24,477 [Thread-4] ERROR org.ffmpeg - [wmav2 @ 0xa102c40] overflow in spectral RLE, ignoring
2011-01-24 17:40:24,523 [Thread-4] ERROR org.ffmpeg - [wmav2 @ 0xa102c40] overflow in spectral RLE, ignoring
2011-01-24 17:40:24,524 [Thread-4] ERROR org.ffmpeg - [wmav2 @ 0xa102c40] overflow in spectral RLE, ignoring
2011-01-24 17:40:24,616 [Thread-4] ERROR org.ffmpeg - [wmav2 @ 0xa102c40] overflow in spectral RLE, ignoring
2011-01-24 17:40:24,618 [Thread-4] ERROR org.ffmpeg - [wmav2 @ 0xa102c40] overflow in spectral RLE, ignoring
2011-01-24 17:40:32,779 [Thread-7] ERROR org.ffmpeg - [wmv2 @ 0xa102070] warning: first frame is no keyframe
2011-01-24 17:40:32,787 [Thread-7] ERROR org.ffmpeg - [wmav2 @ 0xa102a50] overflow in spectral RLE, ignoring
2011-01-24 17:40:32,788 [Thread-7] ERROR org.ffmpeg - [wmav2 @ 0xa102a50] overflow in spectral RLE, ignoring
2011-01-24 17:40:32,879 [Thread-7] ERROR org.ffmpeg - [wmav2 @ 0xa102a50] overflow in spectral RLE, ignoring
2011-01-24 17:40:32,880 [Thread-7] ERROR org.ffmpeg - [wmav2 @ 0xa102a50] overflow in spectral RLE, ignoring
2011-01-24 17:51:55,747 [Thread-4] ERROR org.ffmpeg - [wmv2 @ 0x5415e80] warning: first frame is no keyframe
2011-01-24 17:51:55,767 [Thread-4] DEBUG com.xuggle.xuggler - Closing dangling Container (../../../../../../../csrc/com/xuggle/xuggler/Container.cpp:83)
2011-01-24 17:52:04,120 [Thread-7] ERROR org.ffmpeg - [wmv2 @ 0x9f98c00] warning: first frame is no keyframe
2011-01-24 17:52:05,221 [Thread-7] ERROR org.ffmpeg - [wmav2 @ 0xa088d30] overflow in spectral RLE, ignoring
2011-01-24 17:52:31,632 [Finalizer] DEBUG com.xuggle.xuggler - Closing dangling Container (../../../../../../../csrc/com/xuggle/xuggler/Container.cpp:83)
2011-01-24 17:52:59,107 [Finalizer] DEBUG com.xuggle.xuggler - Closing dangling Container (../../../../../../../csrc/com/xuggle/xuggler/Container.cpp:83)
2011-01-24 17:52:59,114 [Finalizer] DEBUG com.xuggle.xuggler - Closing dangling Container (../../../../../../../csrc/com/xuggle/xuggler/Container.cpp:83)
2011-01-24 17:53:12,566 [Thread-7] ERROR org.ffmpeg - [wmv2 @ 0xa15b200] warning: first frame is no keyframe
2011-01-26 10:33:41,459 [Thread-4] ERROR org.ffmpeg - [wmv2 @ 0x53c2370] warning: first frame is no keyframe
2011-01-26 10:33:41,515 [Thread-4] DEBUG com.xuggle.xuggler - Closing dangling Container (../../../../../../../csrc/com/xuggle/xuggler/Container.cpp:83)
2011-01-26 10:33:41,515 [Thread-4] DEBUG com.xuggle.xuggler - Closing dangling Container (../../../../../../../csrc/com/xuggle/xuggler/Container.cpp:83)
2011-01-26 10:33:42,777 [Thread-4] ERROR org.ffmpeg - [wmav2 @ 0x53c2d80] overflow in spectral RLE, ignoring
2011-01-26 10:34:00,140 [Thread-4] ERROR org.ffmpeg - [wmv2 @ 0x9e397c0] warning: first frame is no keyframe
2011-01-26 10:34:00,162 [Finalizer] DEBUG com.xuggle.xuggler - Closing dangling Container (../../../../../../../csrc/com/xuggle/xuggler/Container.cpp:83)
2011-01-26 10:34:01,315 [Thread-4] ERROR org.ffmpeg - [wmav2 @ 0x9e3a1d0] overflow in spectral RLE, ignoring
2011-01-26 10:34:11,631 [Thread-7] ERROR org.ffmpeg - [wmv2 @ 0x9f6e7f0] warning: first frame is no keyframe
2011-01-26 10:37:09,319 [Finalizer] DEBUG com.xuggle.xuggler - Closing dangling Container (../../../../../../../csrc/com/xuggle/xuggler/Container.cpp:83)
2011-01-26 10:37:18,972 [Thread-4] ERROR org.ffmpeg - [wmv2 @ 0x9f3da80] warning: first frame is no keyframe
2011-01-26 10:37:18,990 [Finalizer] DEBUG com.xuggle.xuggler - Closing dangling Container (../../../../../../../csrc/com/xuggle/xuggler/Container.cpp:83)
2011-01-26 10:37:20,188 [Thread-4] ERROR org.ffmpeg - [wmav2 @ 0x9f3e470] overflow in spectral RLE, ignoring
2011-01-26 10:37:41,627 [Thread-4] ERROR org.ffmpeg - [wmv2 @ 0x53aadf0] warning: first frame is no keyframe
2011-01-26 10:37:42,783 [Thread-4] ERROR org.ffmpeg - [wmav2 @ 0x53ab800] overflow in spectral RLE, ignoring
2011-01-26 10:37:47,429 [Thread-7] ERROR org.ffmpeg - [wmv2 @ 0x9b50010] warning: first frame is no keyframe
2011-01-26 10:37:48,504 [Thread-7] ERROR org.ffmpeg - [wmav2 @ 0x9b50810] overflow in spectral RLE, ignoring
2011-01-26 10:49:16,029 [Finalizer] DEBUG com.xuggle.xuggler - Closing dangling Container (../../../../../../../csrc/com/xuggle/xuggler/Container.cpp:83)
2011-01-26 10:49:28,816 [Thread-7] ERROR org.ffmpeg - [wmv2 @ 0x54a7570] warning: first frame is no keyframe
2011-01-26 10:49:29,821 [Thread-7] ERROR org.ffmpeg - [wmav2 @ 0x54a7d60] overflow in spectral RLE, ignoring
2011-01-26 10:51:53,845 [Finalizer] DEBUG com.xuggle.xuggler - Closing dangling Container (../../../../../../../csrc/com/xuggle/xuggler/Container.cpp:83)
2011-01-26 10:51:53,846 [Thread-4] DEBUG com.xuggle.xuggler - Closing dangling Container (../../../../../../../csrc/com/xuggle/xuggler/Container.cpp:83)
2011-01-26 10:52:07,628 [Thread-7] ERROR org.ffmpeg - [wmv2 @ 0x54a2b00] warning: first frame is no keyframe
2011-01-26 10:52:13,722 [Thread-7] ERROR org.ffmpeg - [wmav2 @ 0xa0b6810] overflow in spectral RLE, ignoring
2011-01-26 10:57:10,625 [Finalizer] DEBUG com.xuggle.xuggler - Closing dangling Container (../../../../../../../csrc/com/xuggle/xuggler/Container.cpp:83)
2011-01-26 10:57:15,922 [Finalizer] DEBUG com.xuggle.xuggler - Closing dangling Container (../../../../../../../csrc/com/xuggle/xuggler/Container.cpp:83)
2011-01-26 10:57:51,225 [Finalizer] DEBUG com.xuggle.xuggler - Closing dangling Container (../../../../../../../csrc/com/xuggle/xuggler/Container.cpp:83)
2011-01-26 10:57:55,241 [Thread-4] DEBUG com.xuggle.xuggler - Closing dangling Container (../../../../../../../csrc/com/xuggle/xuggler/Container.cpp:83)
2011-01-26 10:58:40,633 [Thread-4] ERROR org.ffmpeg - [wmv2 @ 0x53cadf0] warning: first frame is no keyframe
2011-01-26 10:58:41,879 [Thread-4] ERROR org.ffmpeg - [wmav2 @ 0x53cb800] overflow in spectral RLE, ignoring
2011-01-26 10:58:48,760 [Thread-7] ERROR org.ffmpeg - [wmv2 @ 0x9f90010] warning: first frame is no keyframe
2011-01-26 10:58:49,775 [Thread-7] ERROR org.ffmpeg - [wmav2 @ 0x9f90810] overflow in spectral RLE, ignoring
2011-01-26 10:59:43,263 [Thread-4] DEBUG com.xuggle.xuggler - Closing dangling Container (../../../../../../../csrc/com/xuggle/xuggler/Container.cpp:83)
2011-01-26 10:59:43,263 [Finalizer] DEBUG com.xuggle.xuggler - Closing dangling Container (../../../../../../../csrc/com/xuggle/xuggler/Container.cpp:83)
2011-01-26 10:59:55,394 [Thread-7] ERROR org.ffmpeg - [wmv2 @ 0xa0b8a10] warning: first frame is no keyframe
2011-01-26 11:00:16,504 [Finalizer] DEBUG com.xuggle.xuggler - Closing dangling Container (../../../../../../../csrc/com/xuggle/xuggler/Container.cpp:83)
2011-01-26 11:00:16,506 [Thread-4] DEBUG com.xuggle.xuggler - Closing dangling Container (../../../../../../../csrc/com/xuggle/xuggler/Container.cpp:83)
2011-01-26 11:00:29,706 [Thread-7] ERROR org.ffmpeg - [wmv2 @ 0xa0b8a10] warning: first frame is no keyframe
2011-01-26 11:02:40,339 [Thread-4] ERROR org.ffmpeg - [wmv2 @ 0xa0315d0] warning: first frame is no keyframe
2011-01-26 11:02:40,361 [Finalizer] DEBUG com.xuggle.xuggler - Closing dangling Container (../../../../../../../csrc/com/xuggle/xuggler/Container.cpp:83)
2011-01-26 11:02:40,611 [Finalizer] DEBUG com.xuggle.xuggler - Closing dangling Container (../../../../../../../csrc/com/xuggle/xuggler/Container.cpp:83)
2011-01-26 11:02:41,615 [Thread-4] ERROR org.ffmpeg - [wmav2 @ 0xa031fb0] overflow in spectral RLE, ignoring
2011-01-26 11:03:05,057 [Thread-7] ERROR org.ffmpeg - [wmv2 @ 0xa191860] warning: first frame is no keyframe
2011-01-26 11:03:05,066 [Finalizer] DEBUG com.xuggle.xuggler - Closing dangling Container (../../../../../../../csrc/com/xuggle/xuggler/Container.cpp:83)
2011-01-26 11:03:05,066 [Finalizer] DEBUG com.xuggle.xuggler - Closing dangling Container (../../../../../../../csrc/com/xuggle/xuggler/Container.cpp:83)
2011-01-26 11:03:16,641 [Thread-9] ERROR org.ffmpeg - [wmv2 @ 0xa0558f0] warning: first frame is no keyframe
2011-01-26 11:05:34,391 [Finalizer] DEBUG com.xuggle.xuggler - Closing dangling Container (../../../../../../../csrc/com/xuggle/xuggler/Container.cpp:83)
2011-01-26 11:05:34,391 [Thread-4] DEBUG com.xuggle.xuggler - Closing dangling Container (../../../../../../../csrc/com/xuggle/xuggler/Container.cpp:83)
2011-01-26 11:06:06,917 [Finalizer] DEBUG com.xuggle.xuggler - Closing dangling Container (../../../../../../../csrc/com/xuggle/xuggler/Container.cpp:83)
2011-01-26 11:06:06,921 [Finalizer] DEBUG com.xuggle.xuggler - Closing dangling Container (../../../../../../../csrc/com/xuggle/xuggler/Container.cpp:83)
2011-01-26 11:06:29,288 [Finalizer] DEBUG com.xuggle.xuggler - Closing dangling Container (../../../../../../../csrc/com/xuggle/xuggler/Container.cpp:83)
2011-01-26 11:06:31,893 [Finalizer] DEBUG com.xuggle.xuggler - Closing dangling Container (../../../../../../../csrc/com/xuggle/xuggler/Container.cpp:83)
2011-01-26 11:06:41,538 [Thread-7] ERROR org.ffmpeg - [wmv2 @ 0xa1d6bd0] warning: first frame is no keyframe
2011-01-26 11:08:34,770 [Thread-4] ERROR org.ffmpeg - [wmv2 @ 0x54536c0] warning: first frame is no keyframe
2011-01-26 11:08:34,780 [Finalizer] DEBUG com.xuggle.xuggler - Closing dangling Container (../../../../../../../csrc/com/xuggle/xuggler/Container.cpp:83)
2011-01-26 11:08:34,781 [Finalizer] DEBUG com.xuggle.xuggler - Closing dangling Container (../../../../../../../csrc/com/xuggle/xuggler/Container.cpp:83)
2011-01-26 11:08:34,794 [Thread-4] ERROR org.ffmpeg - [wmav2 @ 0x54540b0] overflow in spectral RLE, ignoring
2011-01-26 11:08:34,866 [Thread-4] ERROR org.ffmpeg - [wmav2 @ 0x54540b0] overflow in spectral RLE, ignoring
2011-01-26 11:08:34,918 [Thread-4] ERROR org.ffmpeg - [wmav2 @ 0x54540b0] overflow in spectral RLE, ignoring
2011-01-26 11:08:44,027 [Thread-7] ERROR org.ffmpeg - [wmv2 @ 0xa058ab0] warning: first frame is no keyframe
2011-01-26 11:08:44,101 [Thread-7] ERROR org.ffmpeg - [wmav2 @ 0xa1cf8e0] overflow in spectral RLE, ignoring
2011-01-26 11:08:44,253 [Thread-7] ERROR org.ffmpeg - [wmav2 @ 0xa1cf8e0] overflow in spectral RLE, ignoring
2011-01-26 11:08:44,383 [Thread-7] ERROR org.ffmpeg - [wmav2 @ 0xa1cf8e0] overflow in spectral RLE, ignoring
2011-01-26 11:08:44,429 [Thread-7] ERROR org.ffmpeg - [wmav2 @ 0xa1cf8e0] overflow in spectral RLE, ignoring
2011-01-26 11:08:44,481 [Thread-7] ERROR org.ffmpeg - [wmav2 @ 0xa1cf8e0] overflow in spectral RLE, ignoring
2011-01-26 11:08:44,574 [Thread-7] ERROR org.ffmpeg - [wmav2 @ 0xa1cf8e0] overflow in spectral RLE, ignoring
2011-01-26 11:08:44,797 [Thread-7] ERROR org.ffmpeg - [wmav2 @ 0xa1cf8e0] overflow in spectral RLE, ignoring
2011-01-26 11:08:44,844 [Thread-7] ERROR org.ffmpeg - [wmav2 @ 0xa1cf8e0] overflow in spectral RLE, ignoring
2011-01-26 11:08:44,890 [Thread-7] ERROR org.ffmpeg - [wmav2 @ 0xa1cf8e0] overflow in spectral RLE, ignoring
2011-01-26 11:09:57,603 [Thread-4] ERROR org.ffmpeg - [wmv2 @ 0x5442890] warning: first frame is no keyframe
2011-01-26 11:09:57,614 [Finalizer] DEBUG com.xuggle.xuggler - Closing dangling Container (../../../../../../../csrc/com/xuggle/xuggler/Container.cpp:83)
2011-01-26 11:09:57,614 [Finalizer] DEBUG com.xuggle.xuggler - Closing dangling Container (../../../../../../../csrc/com/xuggle/xuggler/Container.cpp:83)
2011-01-26 11:09:57,911 [Thread-4] ERROR org.ffmpeg - [wmav2 @ 0x5443270] overflow in spectral RLE, ignoring
2011-01-26 11:09:58,009 [Thread-4] ERROR org.ffmpeg - [wmav2 @ 0x5443270] overflow in spectral RLE, ignoring
2011-01-26 11:09:58,058 [Thread-4] ERROR org.ffmpeg - [wmav2 @ 0x5443270] overflow in spectral RLE, ignoring
2011-01-26 11:09:58,411 [Thread-4] ERROR org.ffmpeg - [wmav2 @ 0x5443270] overflow in spectral RLE, ignoring
2011-01-26 11:09:58,542 [Thread-4] ERROR org.ffmpeg - [wmav2 @ 0x5443270] overflow in spectral RLE, ignoring
2011-01-26 11:10:33,163 [Thread-4] ERROR org.ffmpeg - [wmv2 @ 0x5472890] warning: first frame is no keyframe
2011-01-26 11:10:33,436 [Thread-4] ERROR org.ffmpeg - [wmav2 @ 0x5473270] overflow in spectral RLE, ignoring
2011-01-26 11:10:33,533 [Thread-4] ERROR org.ffmpeg - [wmav2 @ 0x5473270] overflow in spectral RLE, ignoring
2011-01-26 11:10:33,580 [Thread-4] ERROR org.ffmpeg - [wmav2 @ 0x5473270] overflow in spectral RLE, ignoring
2011-01-26 11:10:33,663 [Finalizer] DEBUG com.xuggle.xuggler - Closing dangling Container (../../../../../../../csrc/com/xuggle/xuggler/Container.cpp:83)
2011-01-26 11:10:33,663 [Finalizer] DEBUG com.xuggle.xuggler - Closing dangling Container (../../../../../../../csrc/com/xuggle/xuggler/Container.cpp:83)
2011-01-26 11:10:33,939 [Thread-4] ERROR org.ffmpeg - [wmav2 @ 0x5473270] overflow in spectral RLE, ignoring
2011-01-26 11:10:34,067 [Thread-4] ERROR org.ffmpeg - [wmav2 @ 0x5473270] overflow in spectral RLE, ignoring
2011-01-26 11:10:43,732 [Thread-7] ERROR org.ffmpeg - [wmv2 @ 0xa2c7e10] warning: first frame is no keyframe
2011-01-26 11:10:43,742 [Thread-7] ERROR org.ffmpeg - [wmav2 @ 0xa2c8820] overflow in spectral RLE, ignoring
2011-01-26 11:10:43,834 [Thread-7] ERROR org.ffmpeg - [wmav2 @ 0xa2c8820] overflow in spectral RLE, ignoring
2011-01-26 11:11:37,085 [Finalizer] DEBUG com.xuggle.xuggler - Closing dangling Container (../../../../../../../csrc/com/xuggle/xuggler/Container.cpp:83)
2011-01-26 11:11:39,925 [Thread-4] ERROR org.ffmpeg - [wmv2 @ 0xa070700] warning: first frame is no keyframe
2011-01-26 11:11:39,938 [Finalizer] DEBUG com.xuggle.xuggler - Closing dangling Container (../../../../../../../csrc/com/xuggle/xuggler/Container.cpp:83)
2011-01-26 11:11:40,296 [Thread-4] ERROR org.ffmpeg - [wmav2 @ 0x5453ad0] overflow in spectral RLE, ignoring
2011-01-26 11:11:40,959 [Thread-4] ERROR org.ffmpeg - [wmav2 @ 0x5453ad0] overflow in spectral RLE, ignoring
2011-01-26 11:11:41,251 [Thread-4] ERROR org.ffmpeg - [wmav2 @ 0x5453ad0] overflow in spectral RLE, ignoring
2011-01-26 11:12:00,475 [Thread-4] ERROR org.ffmpeg - [wmv2 @ 0xa0315d0] warning: first frame is no keyframe
2011-01-26 11:12:00,488 [Finalizer] DEBUG com.xuggle.xuggler - Closing dangling Container (../../../../../../../csrc/com/xuggle/xuggler/Container.cpp:83)
2011-01-26 11:12:00,846 [Finalizer] DEBUG com.xuggle.xuggler - Closing dangling Container (../../../../../../../csrc/com/xuggle/xuggler/Container.cpp:83)
2011-01-26 11:12:01,752 [Thread-4] ERROR org.ffmpeg - [wmav2 @ 0xa031fb0] overflow in spectral RLE, ignoring
2011-01-26 11:12:12,736 [Finalizer] DEBUG com.xuggle.xuggler - Closing dangling Container (../../../../../../../csrc/com/xuggle/xuggler/Container.cpp:83)
2011-01-26 11:12:15,359 [Thread-7] ERROR org.ffmpeg - [wmv2 @ 0xa044300] warning: first frame is no keyframe
2011-01-26 11:12:15,373 [Finalizer] DEBUG com.xuggle.xuggler - Closing dangling Container (../../../../../../../csrc/com/xuggle/xuggler/Container.cpp:83)
2011-01-26 11:12:15,575 [Thread-7] ERROR org.ffmpeg - [wmav2 @ 0xa044ce0] overflow in spectral RLE, ignoring
2011-01-26 11:12:16,208 [Thread-7] ERROR org.ffmpeg - [wmav2 @ 0xa044ce0] overflow in spectral RLE, ignoring
2011-01-26 11:12:16,559 [Thread-7] ERROR org.ffmpeg - [wmav2 @ 0xa044ce0] overflow in spectral RLE, ignoring
2011-01-26 11:12:25,532 [Thread-9] ERROR org.ffmpeg - [wmv2 @ 0xa0558f0] warning: first frame is no keyframe
2011-01-26 11:12:25,741 [Thread-9] ERROR org.ffmpeg - [wmav2 @ 0xa03fad0] overflow in spectral RLE, ignoring
2011-01-28 14:40:12,625 [Thread-4] ERROR org.ffmpeg - [wmv2 @ 0x53baab0] warning: first frame is no keyframe
2011-01-28 14:40:20,789 [Thread-7] ERROR org.ffmpeg - [wmv2 @ 0x548fba0] warning: first frame is no keyframe
2011-01-28 14:40:24,884 [Thread-4] ERROR org.ffmpeg - [wmv2 @ 0x540acd0] warning: first frame is no keyframe
2011-01-28 14:40:34,667 [Thread-7] ERROR org.ffmpeg - [wmv2 @ 0x54df010] warning: first frame is no keyframe
2011-01-28 14:55:26,303 [Thread-4] ERROR org.ffmpeg - [wmv2 @ 0x556acd0] warning: first frame is no keyframe
2011-01-28 14:55:33,642 [Thread-7] ERROR org.ffmpeg - [wmv2 @ 0x563f010] warning: first frame is no keyframe
2011-01-28 14:59:04,058 [Thread-4] ERROR org.ffmpeg - [wmv2 @ 0x559acd0] warning: first frame is no keyframe
2011-01-28 14:59:09,785 [Thread-7] ERROR org.ffmpeg - [wmv2 @ 0x566f010] warning: first frame is no keyframe
2011-01-28 15:01:22,242 [Thread-4] ERROR org.ffmpeg - [wmv2 @ 0x545aab0] warning: first frame is no keyframe
2011-01-28 15:01:27,465 [Thread-7] ERROR org.ffmpeg - [wmv2 @ 0x552fba0] warning: first frame is no keyframe
2011-01-28 15:03:02,741 [Thread-4] ERROR org.ffmpeg - [wmv2 @ 0x544acd0] warning: first frame is no keyframe
2011-01-28 15:04:14,407 [Thread-4] ERROR org.ffmpeg - [wmv2 @ 0x547acd0] warning: first frame is no keyframe
2011-01-28 15:04:41,809 [Thread-4] ERROR org.ffmpeg - [wmv2 @ 0x54cacd0] warning: first frame is no keyframe
2011-01-28 15:06:16,125 [Thread-4] ERROR org.ffmpeg - [wmv2 @ 0x541acd0] warning: first frame is no keyframe
2011-01-28 15:09:00,138 [Thread-4] ERROR org.ffmpeg - [wmv2 @ 0x543acd0] warning: first frame is no keyframe
2011-01-28 15:14:00,897 [Thread-4] ERROR org.ffmpeg - [wmv2 @ 0x54bacd0] warning: first frame is no keyframe
2011-01-28 15:14:30,668 [Thread-4] ERROR org.ffmpeg - [wmv2 @ 0x548acd0] warning: first frame is no keyframe
2011-01-28 15:24:16,074 [Finalizer] DEBUG com.xuggle.xuggler - Closing dangling Container (../../../../../../../csrc/com/xuggle/xuggler/Container.cpp:83)
2011-01-28 15:24:16,074 [Thread-4] DEBUG com.xuggle.xuggler - Closing dangling Container (../../../../../../../csrc/com/xuggle/xuggler/Container.cpp:83)
2011-01-28 15:34:08,762 [Finalizer] DEBUG com.xuggle.xuggler - Closing dangling Container (../../../../../../../csrc/com/xuggle/xuggler/Container.cpp:83)
2011-01-28 15:34:08,775 [Thread-4] ERROR org.ffmpeg - [wmv2 @ 0x5504c20] warning: first frame is no keyframe
2011-01-28 15:34:15,466 [Thread-7] ERROR org.ffmpeg - [wmv2 @ 0xa47f350] warning: first frame is no keyframe
2011-01-28 15:52:19,461 [Thread-5] ERROR org.ffmpeg - [wmv2 @ 0x543bc10] warning: first frame is no keyframe
2011-01-28 15:52:24,116 [Thread-8] ERROR org.ffmpeg - [wmv2 @ 0x5432bf0] warning: first frame is no keyframe
2011-01-28 15:56:46,962 [Thread-4] ERROR org.ffmpeg - [wmv2 @ 0x53facd0] warning: first frame is no keyframe
2011-01-28 15:56:51,906 [Thread-7] ERROR org.ffmpeg - [wmv2 @ 0x54cf200] warning: first frame is no keyframe
2011-01-28 15:57:43,295 [Thread-4] ERROR org.ffmpeg - [wmv2 @ 0x550acd0] warning: first frame is no keyframe
2011-01-28 15:57:48,004 [Thread-7] ERROR org.ffmpeg - [wmv2 @ 0x55df200] warning: first frame is no keyframe
2011-01-28 16:05:08,009 [Thread-4] ERROR org.ffmpeg - [wmv2 @ 0x551acd0] warning: first frame is no keyframe
2011-01-28 16:05:11,912 [Thread-7] ERROR org.ffmpeg - [wmv2 @ 0x55ef200] warning: first frame is no keyframe
2011-01-28 16:06:12,574 [Thread-4] ERROR org.ffmpeg - [wmv2 @ 0x53eacd0] warning: first frame is no keyframe
2011-01-28 16:06:16,415 [Thread-7] ERROR org.ffmpeg - [wmv2 @ 0x54bf200] warning: first frame is no keyframe
2011-01-28 17:34:14,109 [Thread-4] ERROR org.ffmpeg - [wmv2 @ 0x54eacd0] warning: first frame is no keyframe
2011-01-28 17:34:17,846 [Thread-7] ERROR org.ffmpeg - [wmv2 @ 0x55bf200] warning: first frame is no keyframe
2011-01-28 17:36:09,784 [Thread-4] ERROR org.ffmpeg - [wmv2 @ 0x544acd0] warning: first frame is no keyframe
2011-01-28 17:36:13,472 [Thread-7] ERROR org.ffmpeg - [wmv2 @ 0x551f200] warning: first frame is no keyframe
2011-01-28 17:36:33,015 [Thread-4] ERROR org.ffmpeg - [wmv2 @ 0x545acd0] warning: first frame is no keyframe
2011-01-28 17:36:36,778 [Thread-7] ERROR org.ffmpeg - [wmv2 @ 0x552f200] warning: first frame is no keyframe
2011-01-28 17:38:51,372 [Thread-4] ERROR org.ffmpeg - [wmv2 @ 0x549acd0] warning: first frame is no keyframe
2011-01-28 17:38:55,306 [Thread-7] ERROR org.ffmpeg - [wmv2 @ 0x556f200] warning: first frame is no keyframe
2011-01-28 17:41:27,642 [Thread-4] ERROR org.ffmpeg - [wmv2 @ 0x53eacd0] warning: first frame is no keyframe
2011-01-28 17:41:31,777 [Thread-7] ERROR org.ffmpeg - [wmv2 @ 0x54bf200] warning: first frame is no keyframe
2011-01-29 13:27:53,895 [Thread-4] ERROR org.ffmpeg - [wmv2 @ 0x54aacd0] warning: first frame is no keyframe
2011-01-29 13:29:26,701 [Thread-4] ERROR org.ffmpeg - [wmv2 @ 0x545acd0] warning: first frame is no keyframe
2011-01-29 13:29:30,327 [Thread-7] ERROR org.ffmpeg - [wmv2 @ 0x552f200] warning: first frame is no keyframe
2011-01-29 13:31:44,339 [Thread-4] ERROR org.ffmpeg - [wmv2 @ 0x54dacd0] warning: first frame is no keyframe
2011-01-29 13:31:48,086 [Thread-7] ERROR org.ffmpeg - [wmv2 @ 0x55af200] warning: first frame is no keyframe
2011-01-29 13:32:54,890 [Thread-4] ERROR org.ffmpeg - [wmv2 @ 0x53aacd0] warning: first frame is no keyframe
2011-01-29 13:32:58,635 [Thread-7] ERROR org.ffmpeg - [wmv2 @ 0x547f200] warning: first frame is no keyframe
2011-01-29 13:35:47,412 [Thread-4] ERROR org.ffmpeg - [wmv2 @ 0x544acd0] warning: first frame is no keyframe
2011-01-29 13:35:51,058 [Thread-7] ERROR org.ffmpeg - [wmv2 @ 0x551f200] warning: first frame is no keyframe
2011-01-29 13:39:47,893 [Thread-4] ERROR org.ffmpeg - [wmv2 @ 0x548acd0] warning: first frame is no keyframe
2011-01-29 13:39:51,334 [Thread-7] ERROR org.ffmpeg - [wmv2 @ 0x555f200] warning: first frame is no keyframe
2011-01-29 14:01:02,102 [Thread-4] ERROR org.ffmpeg - [wmv2 @ 0x545acd0] warning: first frame is no keyframe
2011-01-29 14:01:06,120 [Thread-7] ERROR org.ffmpeg - [wmv2 @ 0x552f200] warning: first frame is no keyframe
2011-01-29 14:02:19,497 [Thread-4] ERROR org.ffmpeg - [wmv2 @ 0x547acd0] warning: first frame is no keyframe
2011-01-29 14:02:23,112 [Thread-7] ERROR org.ffmpeg - [wmv2 @ 0x554f200] warning: first frame is no keyframe
2011-01-29 14:10:45,914 [Thread-4] ERROR org.ffmpeg - [wmv2 @ 0x547acd0] warning: first frame is no keyframe
2011-01-29 14:10:49,747 [Thread-7] ERROR org.ffmpeg - [wmv2 @ 0x554f200] warning: first frame is no keyframe
2011-01-29 14:10:57,787 [Thread-4] ERROR org.ffmpeg - [wmv2 @ 0x54facd0] warning: first frame is no keyframe
2011-01-29 14:11:01,530 [Thread-7] ERROR org.ffmpeg - [wmv2 @ 0x55cf200] warning: first frame is no keyframe
2011-01-29 14:15:43,515 [Thread-4] ERROR org.ffmpeg - [wmv2 @ 0x547acd0] warning: first frame is no keyframe
2011-01-29 14:15:47,642 [Thread-7] ERROR org.ffmpeg - [wmv2 @ 0x554f200] warning: first frame is no keyframe
2011-01-29 14:33:18,804 [Thread-4] ERROR org.ffmpeg - [wmv2 @ 0x54cacd0] warning: first frame is no keyframe
2011-01-29 14:33:22,631 [Thread-7] ERROR org.ffmpeg - [wmv2 @ 0x559f200] warning: first frame is no keyframe
2011-01-29 14:44:23,497 [Thread-4] ERROR org.ffmpeg - [wmv2 @ 0x18b39960] warning: first frame is no keyframe
2011-01-29 14:45:23,813 [Thread-4] ERROR org.ffmpeg - [wmv2 @ 0x18bfad50] warning: first frame is no keyframe
2011-01-29 14:50:13,544 [Thread-4] ERROR org.ffmpeg - [wmv2 @ 0x538acd0] warning: first frame is no keyframe
2011-01-29 14:50:17,317 [Thread-7] ERROR org.ffmpeg - [wmv2 @ 0x545f200] warning: first frame is no keyframe
2011-01-29 14:51:39,353 [Thread-4] ERROR org.ffmpeg - [wmv2 @ 0x545acd0] warning: first frame is no keyframe
2011-01-29 14:51:43,153 [Thread-7] ERROR org.ffmpeg - [wmv2 @ 0x552f200] warning: first frame is no keyframe
2011-01-29 15:32:12,073 [Thread-4] ERROR org.ffmpeg - [wmv2 @ 0x546acd0] warning: first frame is no keyframe
2011-01-29 15:32:15,830 [Thread-7] ERROR org.ffmpeg - [wmv2 @ 0x553f200] warning: first frame is no keyframe
2011-01-29 15:34:54,486 [Thread-4] ERROR org.ffmpeg - [wmv2 @ 0x541acd0] warning: first frame is no keyframe
2011-01-29 15:34:58,348 [Thread-7] ERROR org.ffmpeg - [wmv2 @ 0x54ef200] warning: first frame is no keyframe
2011-01-29 15:44:57,737 [Thread-4] ERROR org.ffmpeg - [wmv2 @ 0x552acd0] warning: first frame is no keyframe
2011-01-29 15:45:01,363 [Thread-7] ERROR org.ffmpeg - [wmv2 @ 0x55ff200] warning: first frame is no keyframe
2011-01-29 15:45:48,332 [Thread-4] ERROR org.ffmpeg - [wmv2 @ 0x541acd0] warning: first frame is no keyframe
2011-01-29 15:45:54,903 [Thread-7] ERROR org.ffmpeg - [wmv2 @ 0x54ef010] warning: first frame is no keyframe
2011-01-29 16:26:54,850 [Thread-4] ERROR org.ffmpeg - [wmv2 @ 0x556acd0] warning: first frame is no keyframe
2011-01-29 16:26:58,412 [Thread-7] ERROR org.ffmpeg - [wmv2 @ 0x563f200] warning: first frame is no keyframe
2011-01-29 16:32:07,451 [Thread-4] ERROR org.ffmpeg - [wmv2 @ 0x54cacd0] warning: first frame is no keyframe
2011-01-29 16:32:10,998 [Thread-7] ERROR org.ffmpeg - [wmv2 @ 0x559f200] warning: first frame is no keyframe
2011-01-29 16:59:28,372 [Thread-4] ERROR org.ffmpeg - [wmv2 @ 0x53eacd0] warning: first frame is no keyframe
2011-01-29 17:01:08,712 [Thread-4] ERROR org.ffmpeg - [wmv2 @ 0x54aacd0] warning: first frame is no keyframe
2011-01-29 17:04:19,814 [Thread-4] ERROR org.ffmpeg - [wmv2 @ 0x53dacd0] warning: first frame is no keyframe
2011-01-29 17:06:28,846 [Thread-4] ERROR org.ffmpeg - [wmv2 @ 0x549acd0] warning: first frame is no keyframe
2011-01-29 17:08:12,872 [Thread-4] ERROR org.ffmpeg - [wmv2 @ 0x54cacd0] warning: first frame is no keyframe
2011-01-29 17:09:58,860 [Thread-4] ERROR org.ffmpeg - [wmv2 @ 0x54eacd0] warning: first frame is no keyframe
2011-01-29 17:10:02,465 [Thread-7] ERROR org.ffmpeg - [wmv2 @ 0x55bf200] warning: first frame is no keyframe
2011-01-29 17:12:32,174 [Thread-4] ERROR org.ffmpeg - [wmv2 @ 0x546acd0] warning: first frame is no keyframe
2011-01-29 17:12:35,884 [Thread-7] ERROR org.ffmpeg - [wmv2 @ 0x553f200] warning: first frame is no keyframe
2011-01-29 17:13:46,477 [Thread-4] ERROR org.ffmpeg - [wmv2 @ 0x545acd0] warning: first frame is no keyframe
2011-01-29 17:13:49,938 [Thread-7] ERROR org.ffmpeg - [wmv2 @ 0x552f200] warning: first frame is no keyframe
2011-01-29 17:19:37,152 [Thread-4] ERROR org.ffmpeg - [wmv2 @ 0x543acd0] warning: first frame is no keyframe
2011-01-29 17:19:40,723 [Thread-7] ERROR org.ffmpeg - [wmv2 @ 0x550f200] warning: first frame is no keyframe
2011-01-29 17:21:01,747 [Thread-4] ERROR org.ffmpeg - [wmv2 @ 0x542acd0] warning: first frame is no keyframe
2011-01-29 17:21:29,881 [Thread-4] ERROR org.ffmpeg - [wmv2 @ 0x53dacd0] warning: first frame is no keyframe
2011-01-29 17:21:33,441 [Thread-7] ERROR org.ffmpeg - [wmv2 @ 0x54af200] warning: first frame is no keyframe
2011-01-29 17:23:45,716 [Thread-4] ERROR org.ffmpeg - [wmv2 @ 0x548acd0] warning: first frame is no keyframe
2011-01-29 17:23:49,534 [Thread-7] ERROR org.ffmpeg - [wmv2 @ 0x555f200] warning: first frame is no keyframe
2011-01-29 17:33:32,949 [Thread-4] ERROR org.ffmpeg - [wmv2 @ 0x53eacd0] warning: first frame is no keyframe
2011-01-29 17:33:36,423 [Thread-7] ERROR org.ffmpeg - [wmv2 @ 0x54bf200] warning: first frame is no keyframe
2011-01-29 17:33:44,650 [Thread-4] ERROR org.ffmpeg - [wmv2 @ 0x554acd0] warning: first frame is no keyframe
2011-01-29 17:33:48,352 [Thread-7] ERROR org.ffmpeg - [wmv2 @ 0x561f200] warning: first frame is no keyframe
2011-01-29 17:43:45,528 [Thread-4] ERROR org.ffmpeg - [wmv2 @ 0x546acd0] warning: first frame is no keyframe
2011-01-29 17:43:49,320 [Thread-7] ERROR org.ffmpeg - [wmv2 @ 0x553f200] warning: first frame is no keyframe
2011-01-29 17:43:59,058 [Thread-4] ERROR org.ffmpeg - [wmv2 @ 0x540acd0] warning: first frame is no keyframe
2011-01-29 17:44:03,119 [Thread-7] ERROR org.ffmpeg - [wmv2 @ 0x54df200] warning: first frame is no keyframe
2011-01-29 17:45:32,562 [Thread-4] ERROR org.ffmpeg - [wmv2 @ 0x549acd0] warning: first frame is no keyframe
2011-01-29 17:45:36,445 [Thread-7] ERROR org.ffmpeg - [wmv2 @ 0x556f200] warning: first frame is no keyframe
2011-01-29 17:49:14,524 [Thread-4] ERROR org.ffmpeg - [wmv2 @ 0x54cacd0] warning: first frame is no keyframe
2011-01-29 17:49:18,029 [Thread-7] ERROR org.ffmpeg - [wmv2 @ 0x559f010] warning: first frame is no keyframe
2011-01-29 17:54:54,423 [Thread-4] ERROR org.ffmpeg - [wmv2 @ 0x552acd0] warning: first frame is no keyframe
2011-01-29 17:55:00,692 [Thread-7] ERROR org.ffmpeg - [wmv2 @ 0x55ff010] warning: first frame is no keyframe
2011-01-29 19:53:12,208 [Finalizer] DEBUG com.xuggle.xuggler - Closing dangling Container (../../../../../../../csrc/com/xuggle/xuggler/Container.cpp:83)
2011-01-29 19:53:12,220 [Finalizer] DEBUG com.xuggle.xuggler - Closing dangling Container (../../../../../../../csrc/com/xuggle/xuggler/Container.cpp:83)
2011-01-29 19:53:12,256 [Thread-4] ERROR org.ffmpeg - [wmv2 @ 0x540ac00] warning: first frame is no keyframe
2011-01-29 19:53:16,289 [Thread-7] ERROR org.ffmpeg - [wmv2 @ 0x54dfbd0] warning: first frame is no keyframe
2011-01-29 19:54:09,347 [Finalizer] DEBUG com.xuggle.xuggler - Closing dangling Container (../../../../../../../csrc/com/xuggle/xuggler/Container.cpp:83)
2011-01-29 19:54:09,353 [Finalizer] DEBUG com.xuggle.xuggler - Closing dangling Container (../../../../../../../csrc/com/xuggle/xuggler/Container.cpp:83)
2011-01-29 19:54:09,394 [Thread-4] ERROR org.ffmpeg - [wmv2 @ 0x53eac00] warning: first frame is no keyframe
2011-01-29 19:54:13,430 [Thread-7] ERROR org.ffmpeg - [wmv2 @ 0x54bfbd0] warning: first frame is no keyframe
2011-01-29 19:54:29,064 [Finalizer] DEBUG com.xuggle.xuggler - Closing dangling Container (../../../../../../../csrc/com/xuggle/xuggler/Container.cpp:83)
2011-01-29 19:54:29,079 [Thread-4] ERROR org.ffmpeg - [wmv2 @ 0x5454bc0] warning: first frame is no keyframe
2011-01-29 19:54:33,004 [Thread-7] ERROR org.ffmpeg - [wmv2 @ 0x551f060] warning: first frame is no keyframe
2011-01-29 19:55:47,763 [Thread-4] ERROR org.ffmpeg - [wmv2 @ 0x5454c20] warning: first frame is no keyframe
2011-01-29 19:55:47,784 [Finalizer] DEBUG com.xuggle.xuggler - Closing dangling Container (../../../../../../../csrc/com/xuggle/xuggler/Container.cpp:83)
2011-01-29 19:55:51,388 [Thread-7] ERROR org.ffmpeg - [wmv2 @ 0x551f340] warning: first frame is no keyframe
2011-01-29 19:58:18,443 [Finalizer] DEBUG com.xuggle.xuggler - Closing dangling Container (../../../../../../../csrc/com/xuggle/xuggler/Container.cpp:83)
2011-01-29 19:58:18,443 [Thread-4] DEBUG com.xuggle.xuggler - Closing dangling Container (../../../../../../../csrc/com/xuggle/xuggler/Container.cpp:83)
2011-01-29 19:58:41,331 [Finalizer] DEBUG com.xuggle.xuggler - Closing dangling Container (../../../../../../../csrc/com/xuggle/xuggler/Container.cpp:83)
2011-01-29 19:58:41,335 [Thread-4] DEBUG com.xuggle.xuggler - Closing dangling Container (../../../../../../../csrc/com/xuggle/xuggler/Container.cpp:83)
2011-01-29 19:58:41,881 [Finalizer] DEBUG com.xuggle.xuggler - Closing dangling Container (../../../../../../../csrc/com/xuggle/xuggler/Container.cpp:83)
2011-01-29 19:59:12,791 [Finalizer] DEBUG com.xuggle.xuggler - Closing dangling Container (../../../../../../../csrc/com/xuggle/xuggler/Container.cpp:83)
2011-01-29 19:59:12,794 [Finalizer] DEBUG com.xuggle.xuggler - Closing dangling Container (../../../../../../../csrc/com/xuggle/xuggler/Container.cpp:83)
2011-01-29 19:59:12,794 [Finalizer] DEBUG com.xuggle.xuggler - Closing dangling Container (../../../../../../../csrc/com/xuggle/xuggler/Container.cpp:83)
2011-01-29 19:59:12,791 [Thread-4] DEBUG com.xuggle.xuggler - Closing dangling Container (../../../../../../../csrc/com/xuggle/xuggler/Container.cpp:83)
2011-01-29 19:59:13,405 [Finalizer] DEBUG com.xuggle.xuggler - Closing dangling Container (../../../../../../../csrc/com/xuggle/xuggler/Container.cpp:83)
2011-01-29 19:59:54,486 [Thread-4] ERROR org.ffmpeg - [wmv2 @ 0x5559a50] warning: first frame is no keyframe
2011-01-29 19:59:54,507 [Finalizer] DEBUG com.xuggle.xuggler - Closing dangling Container (../../../../../../../csrc/com/xuggle/xuggler/Container.cpp:83)
2011-01-29 19:59:54,507 [Thread-4] DEBUG com.xuggle.xuggler - Closing dangling Container (../../../../../../../csrc/com/xuggle/xuggler/Container.cpp:83)
2011-01-29 20:01:34,811 [Finalizer] DEBUG com.xuggle.xuggler - Closing dangling Container (../../../../../../../csrc/com/xuggle/xuggler/Container.cpp:83)
2011-01-29 20:01:34,814 [Finalizer] DEBUG com.xuggle.xuggler - Closing dangling Container (../../../../../../../csrc/com/xuggle/xuggler/Container.cpp:83)
2011-01-29 20:03:34,208 [Thread-4] ERROR org.ffmpeg - [wmv2 @ 0x5514c20] warning: first frame is no keyframe
2011-01-29 20:03:34,229 [Finalizer] DEBUG com.xuggle.xuggler - Closing dangling Container (../../../../../../../csrc/com/xuggle/xuggler/Container.cpp:83)
2011-01-29 20:03:38,247 [Thread-7] ERROR org.ffmpeg - [wmv2 @ 0xa887350] warning: first frame is no keyframe
2011-01-29 20:05:16,951 [Thread-4] ERROR org.ffmpeg - [wmv2 @ 0x542ff10] warning: first frame is no keyframe
2011-01-29 20:05:16,973 [Finalizer] DEBUG com.xuggle.xuggler - Closing dangling Container (../../../../../../../csrc/com/xuggle/xuggler/Container.cpp:83)
2011-01-29 20:05:16,973 [Thread-4] DEBUG com.xuggle.xuggler - Closing dangling Container (../../../../../../../csrc/com/xuggle/xuggler/Container.cpp:83)
2011-01-29 20:05:21,106 [Thread-7] ERROR org.ffmpeg - [wmv2 @ 0x5411e20] warning: first frame is no keyframe
2011-01-29 20:06:11,035 [Finalizer] DEBUG com.xuggle.xuggler - Closing dangling Container (../../../../../../../csrc/com/xuggle/xuggler/Container.cpp:83)
2011-01-29 20:06:13,864 [Thread-4] ERROR org.ffmpeg - [wmv2 @ 0x5464bc0] warning: first frame is no keyframe
2011-01-29 20:06:13,885 [Finalizer] DEBUG com.xuggle.xuggler - Closing dangling Container (../../../../../../../csrc/com/xuggle/xuggler/Container.cpp:83)
2011-01-29 20:06:20,854 [Thread-7] ERROR org.ffmpeg - [wmv2 @ 0x552f4d0] warning: first frame is no keyframe
2011-01-29 20:06:33,917 [Finalizer] DEBUG com.xuggle.xuggler - Closing dangling Container (../../../../../../../csrc/com/xuggle/xuggler/Container.cpp:83)
2011-01-29 20:06:36,729 [Thread-4] ERROR org.ffmpeg - [wmv2 @ 0x53c4bc0] warning: first frame is no keyframe
2011-01-29 20:06:36,749 [Finalizer] DEBUG com.xuggle.xuggler - Closing dangling Container (../../../../../../../csrc/com/xuggle/xuggler/Container.cpp:83)
2011-01-29 20:06:42,444 [Thread-7] ERROR org.ffmpeg - [wmv2 @ 0xa79d9a0] warning: first frame is no keyframe
2011-01-29 20:07:53,682 [Thread-4] ERROR org.ffmpeg - [wmv2 @ 0x557ff10] warning: first frame is no keyframe
2011-01-29 20:07:53,702 [Finalizer] DEBUG com.xuggle.xuggler - Closing dangling Container (../../../../../../../csrc/com/xuggle/xuggler/Container.cpp:83)
2011-01-29 20:07:54,263 [Finalizer] DEBUG com.xuggle.xuggler - Closing dangling Container (../../../../../../../csrc/com/xuggle/xuggler/Container.cpp:83)
2011-01-29 20:07:59,642 [Thread-7] ERROR org.ffmpeg - [wmv2 @ 0x5561620] warning: first frame is no keyframe
2011-01-29 20:11:48,562 [Finalizer] DEBUG com.xuggle.xuggler - Closing dangling Container (../../../../../../../csrc/com/xuggle/xuggler/Container.cpp:83)
2011-01-29 20:11:50,980 [Thread-4] ERROR org.ffmpeg - [wmv2 @ 0x54a4bc0] warning: first frame is no keyframe
2011-01-29 20:11:50,999 [Finalizer] DEBUG com.xuggle.xuggler - Closing dangling Container (../../../../../../../csrc/com/xuggle/xuggler/Container.cpp:83)
2011-01-29 20:12:04,094 [Finalizer] DEBUG com.xuggle.xuggler - Closing dangling Container (../../../../../../../csrc/com/xuggle/xuggler/Container.cpp:83)
2011-01-29 20:12:04,097 [Finalizer] DEBUG com.xuggle.xuggler - Closing dangling Container (../../../../../../../csrc/com/xuggle/xuggler/Container.cpp:83)
2011-01-29 20:12:04,122 [Thread-4] ERROR org.ffmpeg - [wmv2 @ 0x542ac00] warning: first frame is no keyframe
2011-01-29 20:12:10,936 [Thread-7] ERROR org.ffmpeg - [wmv2 @ 0x5422a00] warning: first frame is no keyframe
2011-01-29 20:12:40,206 [Thread-4] ERROR org.ffmpeg - [wmv2 @ 0x548ff10] warning: first frame is no keyframe
2011-01-29 20:12:40,228 [Finalizer] DEBUG com.xuggle.xuggler - Closing dangling Container (../../../../../../../csrc/com/xuggle/xuggler/Container.cpp:83)
2011-01-29 20:12:40,228 [Finalizer] DEBUG com.xuggle.xuggler - Closing dangling Container (../../../../../../../csrc/com/xuggle/xuggler/Container.cpp:83)
2011-01-29 20:12:55,298 [Finalizer] DEBUG com.xuggle.xuggler - Closing dangling Container (../../../../../../../csrc/com/xuggle/xuggler/Container.cpp:83)
2011-01-29 20:12:57,478 [Thread-4] ERROR org.ffmpeg - [wmv2 @ 0x5414bc0] warning: first frame is no keyframe
2011-01-29 20:12:57,497 [Finalizer] DEBUG com.xuggle.xuggler - Closing dangling Container (../../../../../../../csrc/com/xuggle/xuggler/Container.cpp:83)
2011-01-29 20:13:16,572 [Finalizer] DEBUG com.xuggle.xuggler - Closing dangling Container (../../../../../../../csrc/com/xuggle/xuggler/Container.cpp:83)
2011-01-29 20:13:18,878 [Thread-4] ERROR org.ffmpeg - [wmv2 @ 0x54c4bc0] warning: first frame is no keyframe
2011-01-29 20:13:18,898 [Finalizer] DEBUG com.xuggle.xuggler - Closing dangling Container (../../../../../../../csrc/com/xuggle/xuggler/Container.cpp:83)
2011-01-29 20:13:34,466 [Finalizer] DEBUG com.xuggle.xuggler - Closing dangling Container (../../../../../../../csrc/com/xuggle/xuggler/Container.cpp:83)
2011-01-29 20:13:36,726 [Thread-4] ERROR org.ffmpeg - [wmv2 @ 0x54a4bc0] warning: first frame is no keyframe
2011-01-29 20:13:36,746 [Finalizer] DEBUG com.xuggle.xuggler - Closing dangling Container (../../../../../../../csrc/com/xuggle/xuggler/Container.cpp:83)
2011-01-29 20:14:25,195 [Finalizer] DEBUG com.xuggle.xuggler - Closing dangling Container (../../../../../../../csrc/com/xuggle/xuggler/Container.cpp:83)
2011-01-29 20:14:28,658 [Thread-4] ERROR org.ffmpeg - [wmv2 @ 0x54e4bc0] warning: first frame is no keyframe
2011-01-29 20:14:28,676 [Finalizer] DEBUG com.xuggle.xuggler - Closing dangling Container (../../../../../../../csrc/com/xuggle/xuggler/Container.cpp:83)
2011-01-29 20:14:33,497 [Thread-7] ERROR org.ffmpeg - [wmv2 @ 0xa7d8350] warning: first frame is no keyframe
2011-01-29 20:15:27,876 [Finalizer] DEBUG com.xuggle.xuggler - Closing dangling Container (../../../../../../../csrc/com/xuggle/xuggler/Container.cpp:83)
2011-01-29 20:15:30,183 [Thread-4] ERROR org.ffmpeg - [wmv2 @ 0x5404bc0] warning: first frame is no keyframe
2011-01-29 20:15:30,202 [Finalizer] DEBUG com.xuggle.xuggler - Closing dangling Container (../../../../../../../csrc/com/xuggle/xuggler/Container.cpp:83)
2011-01-29 20:15:38,033 [Thread-7] ERROR org.ffmpeg - [wmv2 @ 0xa788350] warning: first frame is no keyframe
2011-01-29 20:17:03,677 [Finalizer] DEBUG com.xuggle.xuggler - Closing dangling Container (../../../../../../../csrc/com/xuggle/xuggler/Container.cpp:83)
2011-01-29 20:17:03,683 [Finalizer] DEBUG com.xuggle.xuggler - Closing dangling Container (../../../../../../../csrc/com/xuggle/xuggler/Container.cpp:83)
2011-01-29 20:17:03,700 [Thread-4] ERROR org.ffmpeg - [wmv2 @ 0x547ac00] warning: first frame is no keyframe
2011-01-29 20:17:28,581 [Finalizer] DEBUG com.xuggle.xuggler - Closing dangling Container (../../../../../../../csrc/com/xuggle/xuggler/Container.cpp:83)
2011-01-29 20:17:28,587 [Finalizer] DEBUG com.xuggle.xuggler - Closing dangling Container (../../../../../../../csrc/com/xuggle/xuggler/Container.cpp:83)
2011-01-29 20:17:28,626 [Thread-4] ERROR org.ffmpeg - [wmv2 @ 0x549ac00] warning: first frame is no keyframe
2011-01-29 20:17:35,738 [Thread-7] ERROR org.ffmpeg - [wmv2 @ 0x5492bf0] warning: first frame is no keyframe
2011-01-29 20:17:54,515 [Thread-4] ERROR org.ffmpeg - [wmv2 @ 0x55399c0] warning: first frame is no keyframe
2011-01-29 20:17:54,536 [Finalizer] DEBUG com.xuggle.xuggler - Closing dangling Container (../../../../../../../csrc/com/xuggle/xuggler/Container.cpp:83)
2011-01-29 20:17:55,123 [Finalizer] DEBUG com.xuggle.xuggler - Closing dangling Container (../../../../../../../csrc/com/xuggle/xuggler/Container.cpp:83)
2011-01-29 20:18:18,640 [Finalizer] DEBUG com.xuggle.xuggler - Closing dangling Container (../../../../../../../csrc/com/xuggle/xuggler/Container.cpp:83)
2011-01-29 20:18:21,092 [Thread-4] ERROR org.ffmpeg - [wmv2 @ 0x5534bc0] warning: first frame is no keyframe
2011-01-29 20:18:21,111 [Finalizer] DEBUG com.xuggle.xuggler - Closing dangling Container (../../../../../../../csrc/com/xuggle/xuggler/Container.cpp:83)
2011-01-29 20:18:38,923 [Finalizer] DEBUG com.xuggle.xuggler - Closing dangling Container (../../../../../../../csrc/com/xuggle/xuggler/Container.cpp:83)
2011-01-29 20:18:42,813 [Thread-4] ERROR org.ffmpeg - [wmv2 @ 0x5434bc0] warning: first frame is no keyframe
2011-01-29 20:18:42,831 [Finalizer] DEBUG com.xuggle.xuggler - Closing dangling Container (../../../../../../../csrc/com/xuggle/xuggler/Container.cpp:83)
2011-01-29 20:19:07,329 [Finalizer] DEBUG com.xuggle.xuggler - Closing dangling Container (../../../../../../../csrc/com/xuggle/xuggler/Container.cpp:83)
2011-01-29 20:19:10,083 [Thread-4] ERROR org.ffmpeg - [wmv2 @ 0x5464bc0] warning: first frame is no keyframe
2011-01-29 20:19:10,102 [Finalizer] DEBUG com.xuggle.xuggler - Closing dangling Container (../../../../../../../csrc/com/xuggle/xuggler/Container.cpp:83)
2011-01-29 20:19:15,319 [Thread-7] ERROR org.ffmpeg - [wmv2 @ 0xa488350] warning: first frame is no keyframe
2011-01-29 20:19:40,023 [Thread-4] ERROR org.ffmpeg - [wmv2 @ 0x54799c0] warning: first frame is no keyframe
2011-01-29 20:19:40,047 [Finalizer] DEBUG com.xuggle.xuggler - Closing dangling Container (../../../../../../../csrc/com/xuggle/xuggler/Container.cpp:83)
2011-01-29 20:19:40,610 [Finalizer] DEBUG com.xuggle.xuggler - Closing dangling Container (../../../../../../../csrc/com/xuggle/xuggler/Container.cpp:83)
2011-01-29 20:19:45,680 [Thread-7] ERROR org.ffmpeg - [wmv2 @ 0x552fc20] warning: first frame is no keyframe
2011-01-29 20:22:08,721 [Finalizer] DEBUG com.xuggle.xuggler - Closing dangling Container (../../../../../../../csrc/com/xuggle/xuggler/Container.cpp:83)
2011-01-29 20:22:08,824 [Thread-4] ERROR org.ffmpeg - [wmv2 @ 0x542aab0] warning: first frame is no keyframe
2011-01-29 20:22:12,875 [Thread-7] ERROR org.ffmpeg - [wmv2 @ 0x54ffba0] warning: first frame is no keyframe
2011-01-29 20:24:38,126 [Finalizer] DEBUG com.xuggle.xuggler - Closing dangling Container (../../../../../../../csrc/com/xuggle/xuggler/Container.cpp:83)
2011-01-29 20:24:38,129 [Finalizer] DEBUG com.xuggle.xuggler - Closing dangling Container (../../../../../../../csrc/com/xuggle/xuggler/Container.cpp:83)
2011-01-29 20:24:38,126 [Thread-4] DEBUG com.xuggle.xuggler - Closing dangling Container (../../../../../../../csrc/com/xuggle/xuggler/Container.cpp:83)
2011-01-29 20:24:38,756 [Finalizer] DEBUG com.xuggle.xuggler - Closing dangling Container (../../../../../../../csrc/com/xuggle/xuggler/Container.cpp:83)
2011-01-29 20:25:05,874 [Finalizer] DEBUG com.xuggle.xuggler - Closing dangling Container (../../../../../../../csrc/com/xuggle/xuggler/Container.cpp:83)
2011-01-29 20:25:05,874 [Thread-4] DEBUG com.xuggle.xuggler - Closing dangling Container (../../../../../../../csrc/com/xuggle/xuggler/Container.cpp:83)
2011-01-29 20:25:11,894 [Thread-7] ERROR org.ffmpeg - [wmv2 @ 0x54c4220] warning: first frame is no keyframe
2011-01-29 20:26:10,184 [Thread-4] ERROR org.ffmpeg - [wmv2 @ 0xa653370] warning: first frame is no keyframe
2011-01-29 20:26:10,202 [Finalizer] DEBUG com.xuggle.xuggler - Closing dangling Container (../../../../../../../csrc/com/xuggle/xuggler/Container.cpp:83)
2011-01-29 20:26:10,203 [Finalizer] DEBUG com.xuggle.xuggler - Closing dangling Container (../../../../../../../csrc/com/xuggle/xuggler/Container.cpp:83)
2011-01-29 20:26:10,203 [Finalizer] DEBUG com.xuggle.xuggler - Closing dangling Container (../../../../../../../csrc/com/xuggle/xuggler/Container.cpp:83)
2011-01-29 20:27:14,226 [Thread-4] ERROR org.ffmpeg - [wmv2 @ 0x5460200] warning: first frame is no keyframe
2011-01-29 20:27:14,250 [Finalizer] DEBUG com.xuggle.xuggler - Closing dangling Container (../../../../../../../csrc/com/xuggle/xuggler/Container.cpp:83)
2011-01-29 20:27:14,251 [Thread-4] DEBUG com.xuggle.xuggler - Closing dangling Container (../../../../../../../csrc/com/xuggle/xuggler/Container.cpp:83)
2011-01-29 20:27:20,364 [Thread-7] ERROR org.ffmpeg - [wmv2 @ 0x54646a0] warning: first frame is no keyframe
2011-01-29 20:27:56,918 [Finalizer] DEBUG com.xuggle.xuggler - Closing dangling Container (../../../../../../../csrc/com/xuggle/xuggler/Container.cpp:83)
2011-01-29 20:28:04,409 [Thread-4] ERROR org.ffmpeg - [wmv2 @ 0x5573d20] warning: first frame is no keyframe
2011-01-29 20:28:04,430 [Finalizer] DEBUG com.xuggle.xuggler - Closing dangling Container (../../../../../../../csrc/com/xuggle/xuggler/Container.cpp:83)
2011-01-29 20:28:04,430 [Thread-4] DEBUG com.xuggle.xuggler - Closing dangling Container (../../../../../../../csrc/com/xuggle/xuggler/Container.cpp:83)
2011-01-29 20:28:10,071 [Thread-7] ERROR org.ffmpeg - [wmv2 @ 0x54c2b00] warning: first frame is no keyframe
2011-01-29 20:28:10,289 [Thread-7] ERROR org.ffmpeg - [wmav2 @ 0x54c1c60] overflow in spectral RLE, ignoring
2011-01-29 20:28:10,467 [Thread-7] ERROR org.ffmpeg - [wmav2 @ 0x54c1c60] overflow in spectral RLE, ignoring
2011-01-29 20:28:10,583 [Thread-7] ERROR org.ffmpeg - [wmav2 @ 0x54c1c60] overflow in spectral RLE, ignoring
2011-01-29 20:28:30,480 [Thread-4] ERROR org.ffmpeg - [wmv2 @ 0x5420050] warning: first frame is no keyframe
2011-01-29 20:28:30,504 [Finalizer] DEBUG com.xuggle.xuggler - Closing dangling Container (../../../../../../../csrc/com/xuggle/xuggler/Container.cpp:83)
2011-01-29 20:28:31,061 [Finalizer] DEBUG com.xuggle.xuggler - Closing dangling Container (../../../../../../../csrc/com/xuggle/xuggler/Container.cpp:83)
2011-01-29 20:28:36,479 [Thread-7] ERROR org.ffmpeg - [wmv2 @ 0x54dc2e0] warning: first frame is no keyframe
2011-01-29 20:28:55,896 [Thread-4] ERROR org.ffmpeg - [wmv2 @ 0x5480050] warning: first frame is no keyframe
2011-01-29 20:28:55,919 [Finalizer] DEBUG com.xuggle.xuggler - Closing dangling Container (../../../../../../../csrc/com/xuggle/xuggler/Container.cpp:83)
2011-01-29 20:28:55,919 [Thread-4] DEBUG com.xuggle.xuggler - Closing dangling Container (../../../../../../../csrc/com/xuggle/xuggler/Container.cpp:83)
2011-01-29 20:28:59,683 [Thread-7] ERROR org.ffmpeg - [wmv2 @ 0x54622e0] warning: first frame is no keyframe
2011-01-29 20:29:28,758 [Finalizer] DEBUG com.xuggle.xuggler - Closing dangling Container (../../../../../../../csrc/com/xuggle/xuggler/Container.cpp:83)
2011-01-29 20:29:32,160 [Thread-4] ERROR org.ffmpeg - [wmv2 @ 0x54c4b30] warning: first frame is no keyframe
2011-01-29 20:29:32,182 [Finalizer] DEBUG com.xuggle.xuggler - Closing dangling Container (../../../../../../../csrc/com/xuggle/xuggler/Container.cpp:83)
2011-01-29 20:29:35,883 [Thread-7] ERROR org.ffmpeg - [wmv2 @ 0x54b29d0] warning: first frame is no keyframe
2011-01-29 20:29:58,232 [Thread-4] ERROR org.ffmpeg - [wmv2 @ 0x5450200] warning: first frame is no keyframe
2011-01-29 20:29:58,256 [Finalizer] DEBUG com.xuggle.xuggler - Closing dangling Container (../../../../../../../csrc/com/xuggle/xuggler/Container.cpp:83)
2011-01-29 20:29:58,807 [Finalizer] DEBUG com.xuggle.xuggler - Closing dangling Container (../../../../../../../csrc/com/xuggle/xuggler/Container.cpp:83)
2011-01-29 20:30:02,339 [Thread-7] ERROR org.ffmpeg - [wmv2 @ 0x550c2e0] warning: first frame is no keyframe
2011-01-29 20:30:30,096 [Thread-4] ERROR org.ffmpeg - [wmv2 @ 0x5490050] warning: first frame is no keyframe
2011-01-29 20:30:30,119 [Finalizer] DEBUG com.xuggle.xuggler - Closing dangling Container (../../../../../../../csrc/com/xuggle/xuggler/Container.cpp:83)
2011-01-29 20:30:30,670 [Finalizer] DEBUG com.xuggle.xuggler - Closing dangling Container (../../../../../../../csrc/com/xuggle/xuggler/Container.cpp:83)
2011-01-29 20:30:34,526 [Thread-7] ERROR org.ffmpeg - [wmv2 @ 0x554c2e0] warning: first frame is no keyframe
2011-01-29 20:31:08,574 [Thread-4] ERROR org.ffmpeg - [wmv2 @ 0x5459a90] warning: first frame is no keyframe
2011-01-29 20:31:08,594 [Finalizer] DEBUG com.xuggle.xuggler - Closing dangling Container (../../../../../../../csrc/com/xuggle/xuggler/Container.cpp:83)
2011-01-29 20:31:08,595 [Thread-4] DEBUG com.xuggle.xuggler - Closing dangling Container (../../../../../../../csrc/com/xuggle/xuggler/Container.cpp:83)
2011-01-29 20:31:56,860 [Thread-4] ERROR org.ffmpeg - [wmv2 @ 0x5459a90] warning: first frame is no keyframe
2011-01-29 20:31:56,880 [Finalizer] DEBUG com.xuggle.xuggler - Closing dangling Container (../../../../../../../csrc/com/xuggle/xuggler/Container.cpp:83)
2011-01-29 20:31:57,406 [Finalizer] DEBUG com.xuggle.xuggler - Closing dangling Container (../../../../../../../csrc/com/xuggle/xuggler/Container.cpp:83)
2011-01-29 20:32:18,266 [Finalizer] DEBUG com.xuggle.xuggler - Closing dangling Container (../../../../../../../csrc/com/xuggle/xuggler/Container.cpp:83)
2011-01-29 20:32:34,255 [Thread-4] ERROR org.ffmpeg - [wmv2 @ 0x5439a90] warning: first frame is no keyframe
2011-01-29 20:32:34,271 [Finalizer] DEBUG com.xuggle.xuggler - Closing dangling Container (../../../../../../../csrc/com/xuggle/xuggler/Container.cpp:83)
2011-01-29 20:32:34,272 [Finalizer] DEBUG com.xuggle.xuggler - Closing dangling Container (../../../../../../../csrc/com/xuggle/xuggler/Container.cpp:83)
2011-01-29 20:32:52,912 [Finalizer] DEBUG com.xuggle.xuggler - Closing dangling Container (../../../../../../../csrc/com/xuggle/xuggler/Container.cpp:83)
2011-01-29 20:32:52,928 [Thread-4] ERROR org.ffmpeg - [wmv2 @ 0x5404c40] warning: first frame is no keyframe
2011-01-29 20:33:03,229 [Thread-7] ERROR org.ffmpeg - [wmv2 @ 0x54066b0] warning: first frame is no keyframe
2011-01-29 20:33:03,235 [Thread-7] DEBUG com.xuggle.xuggler - Closing dangling Container (../../../../../../../csrc/com/xuggle/xuggler/Container.cpp:83)
2011-01-29 20:33:30,123 [Thread-4] ERROR org.ffmpeg - [wmv2 @ 0x5499a90] warning: first frame is no keyframe
2011-01-29 20:33:30,144 [Thread-4] DEBUG com.xuggle.xuggler - Closing dangling Container (../../../../../../../csrc/com/xuggle/xuggler/Container.cpp:83)
2011-01-29 20:33:30,727 [Finalizer] DEBUG com.xuggle.xuggler - Closing dangling Container (../../../../../../../csrc/com/xuggle/xuggler/Container.cpp:83)
2011-01-29 20:34:16,256 [Finalizer] DEBUG com.xuggle.xuggler - Closing dangling Container (../../../../../../../csrc/com/xuggle/xuggler/Container.cpp:83)
2011-01-29 20:34:16,841 [Finalizer] DEBUG com.xuggle.xuggler - Closing dangling Container (../../../../../../../csrc/com/xuggle/xuggler/Container.cpp:83)
2011-01-29 20:34:21,713 [Thread-7] ERROR org.ffmpeg - [wmv2 @ 0x545c7a0] warning: first frame is no keyframe
2011-01-29 20:36:00,613 [Thread-4] ERROR org.ffmpeg - [wmv2 @ 0x54c9b80] warning: first frame is no keyframe
2011-01-29 20:36:00,634 [Finalizer] DEBUG com.xuggle.xuggler - Closing dangling Container (../../../../../../../csrc/com/xuggle/xuggler/Container.cpp:83)
2011-01-29 20:36:00,634 [Thread-4] DEBUG com.xuggle.xuggler - Closing dangling Container (../../../../../../../csrc/com/xuggle/xuggler/Container.cpp:83)
2011-01-29 20:36:07,865 [Thread-7] ERROR org.ffmpeg - [wmv2 @ 0x54c9410] warning: first frame is no keyframe
2011-01-29 20:38:23,019 [Finalizer] DEBUG com.xuggle.xuggler - Closing dangling Container (../../../../../../../csrc/com/xuggle/xuggler/Container.cpp:83)
2011-01-29 20:38:23,675 [Thread-4] ERROR org.ffmpeg - [wmv2 @ 0x541aab0] warning: first frame is no keyframe
2011-01-29 20:41:50,706 [Thread-4] ERROR org.ffmpeg - [wmv2 @ 0x54159f0] warning: first frame is no keyframe
2011-01-29 20:41:50,727 [Finalizer] DEBUG com.xuggle.xuggler - Closing dangling Container (../../../../../../../csrc/com/xuggle/xuggler/Container.cpp:83)
2011-01-29 20:41:50,731 [Thread-4] ERROR org.ffmpeg - [wmav2 @ 0x5416400] overflow in spectral RLE, ignoring
2011-01-29 20:41:50,783 [Thread-4] ERROR org.ffmpeg - [wmav2 @ 0x5416400] overflow in spectral RLE, ignoring
2011-01-29 20:41:51,014 [Thread-4] ERROR org.ffmpeg - [wmav2 @ 0x5416400] overflow in spectral RLE, ignoring
2011-01-29 20:41:51,087 [Thread-4] ERROR org.ffmpeg - [wmav2 @ 0x5416400] overflow in spectral RLE, ignoring
2011-01-29 20:41:51,242 [Thread-4] ERROR org.ffmpeg - [wmav2 @ 0x5416400] overflow in spectral RLE, ignoring
2011-01-29 20:42:11,592 [Thread-4] ERROR org.ffmpeg - [wmv2 @ 0x5524c20] warning: first frame is no keyframe
2011-01-29 20:42:11,614 [Finalizer] DEBUG com.xuggle.xuggler - Closing dangling Container (../../../../../../../csrc/com/xuggle/xuggler/Container.cpp:83)
2011-01-29 20:42:31,286 [Finalizer] DEBUG com.xuggle.xuggler - Closing dangling Container (../../../../../../../csrc/com/xuggle/xuggler/Container.cpp:83)
2011-01-29 20:42:32,343 [Thread-4] ERROR org.ffmpeg - [wmv2 @ 0x555aab0] warning: first frame is no keyframe
2011-01-29 20:43:02,392 [Finalizer] DEBUG com.xuggle.xuggler - Closing dangling Container (../../../../../../../csrc/com/xuggle/xuggler/Container.cpp:83)
2011-01-29 20:43:03,089 [Thread-4] ERROR org.ffmpeg - [wmv2 @ 0x549aab0] warning: first frame is no keyframe
2011-01-29 20:43:23,448 [Finalizer] DEBUG com.xuggle.xuggler - Closing dangling Container (../../../../../../../csrc/com/xuggle/xuggler/Container.cpp:83)
2011-01-29 20:43:24,245 [Thread-4] ERROR org.ffmpeg - [wmv2 @ 0x542aab0] warning: first frame is no keyframe
2011-01-29 20:43:47,272 [Finalizer] DEBUG com.xuggle.xuggler - Closing dangling Container (../../../../../../../csrc/com/xuggle/xuggler/Container.cpp:83)
2011-01-29 20:43:47,950 [Thread-4] ERROR org.ffmpeg - [wmv2 @ 0x543aab0] warning: first frame is no keyframe
2011-01-29 20:44:21,927 [Thread-4] ERROR org.ffmpeg - [wmv2 @ 0x54703c0] warning: first frame is no keyframe
2011-01-29 20:44:21,948 [Finalizer] DEBUG com.xuggle.xuggler - Closing dangling Container (../../../../../../../csrc/com/xuggle/xuggler/Container.cpp:83)
2011-01-29 20:44:22,865 [Finalizer] DEBUG com.xuggle.xuggler - Closing dangling Container (../../../../../../../csrc/com/xuggle/xuggler/Container.cpp:83)
2011-01-29 20:45:05,739 [Thread-4] ERROR org.ffmpeg - [wmv2 @ 0x54403c0] warning: first frame is no keyframe
2011-01-29 20:45:05,759 [Finalizer] DEBUG com.xuggle.xuggler - Closing dangling Container (../../../../../../../csrc/com/xuggle/xuggler/Container.cpp:83)
2011-01-29 20:45:05,760 [Thread-4] DEBUG com.xuggle.xuggler - Closing dangling Container (../../../../../../../csrc/com/xuggle/xuggler/Container.cpp:83)
2011-01-29 20:45:56,347 [Thread-4] ERROR org.ffmpeg - [wmv2 @ 0x5454c20] warning: first frame is no keyframe
2011-01-29 20:45:56,927 [Finalizer] DEBUG com.xuggle.xuggler - Closing dangling Container (../../../../../../../csrc/com/xuggle/xuggler/Container.cpp:83)
2011-01-29 20:46:24,095 [Thread-4] ERROR org.ffmpeg - [wmv2 @ 0x54c4c20] warning: first frame is no keyframe
2011-01-29 20:46:24,770 [Finalizer] DEBUG com.xuggle.xuggler - Closing dangling Container (../../../../../../../csrc/com/xuggle/xuggler/Container.cpp:83)
2011-01-29 20:46:54,873 [Thread-4] ERROR org.ffmpeg - [wmv2 @ 0x5454c20] warning: first frame is no keyframe
2011-01-29 20:46:54,897 [Finalizer] DEBUG com.xuggle.xuggler - Closing dangling Container (../../../../../../../csrc/com/xuggle/xuggler/Container.cpp:83)
2011-01-29 20:47:07,597 [Finalizer] DEBUG com.xuggle.xuggler - Closing dangling Container (../../../../../../../csrc/com/xuggle/xuggler/Container.cpp:83)
2011-01-29 20:47:07,611 [Thread-4] ERROR org.ffmpeg - [wmv2 @ 0x5464c20] warning: first frame is no keyframe
2011-01-29 20:47:16,783 [Thread-7] ERROR org.ffmpeg - [wmv2 @ 0xa8b68b0] warning: first frame is no keyframe
2011-01-29 20:47:16,792 [Thread-7] DEBUG com.xuggle.xuggler - Closing dangling Container (../../../../../../../csrc/com/xuggle/xuggler/Container.cpp:83)
2011-01-29 20:47:44,379 [Thread-4] ERROR org.ffmpeg - [wmv2 @ 0x5464c20] warning: first frame is no keyframe
2011-01-29 20:47:45,039 [Finalizer] DEBUG com.xuggle.xuggler - Closing dangling Container (../../../../../../../csrc/com/xuggle/xuggler/Container.cpp:83)
2011-01-29 20:48:19,740 [Thread-4] ERROR org.ffmpeg - [wmv2 @ 0x5474c20] warning: first frame is no keyframe
2011-01-29 20:48:20,451 [Finalizer] DEBUG com.xuggle.xuggler - Closing dangling Container (../../../../../../../csrc/com/xuggle/xuggler/Container.cpp:83)
2011-01-29 20:49:05,965 [Finalizer] DEBUG com.xuggle.xuggler - Closing dangling Container (../../../../../../../csrc/com/xuggle/xuggler/Container.cpp:83)
2011-01-29 20:49:06,360 [Thread-4] ERROR org.ffmpeg - [wmv2 @ 0x53faab0] warning: first frame is no keyframe
2011-01-29 20:49:22,636 [Finalizer] DEBUG com.xuggle.xuggler - Closing dangling Container (../../../../../../../csrc/com/xuggle/xuggler/Container.cpp:83)
2011-01-29 20:49:22,879 [Thread-4] ERROR org.ffmpeg - [wmv2 @ 0x543aab0] warning: first frame is no keyframe
2011-01-29 20:49:22,905 [Thread-4] ERROR org.ffmpeg - [wmav2 @ 0x54c8650] overflow in spectral RLE, ignoring
2011-01-29 20:49:23,642 [Thread-4] ERROR org.ffmpeg - [wmav2 @ 0x54c8650] overflow in spectral RLE, ignoring
2011-01-29 20:49:52,550 [Thread-4] ERROR org.ffmpeg - [wmv2 @ 0x53c5bd0] warning: first frame is no keyframe
2011-01-29 20:49:52,574 [Finalizer] DEBUG com.xuggle.xuggler - Closing dangling Container (../../../../../../../csrc/com/xuggle/xuggler/Container.cpp:83)
2011-01-29 20:49:52,579 [Thread-4] ERROR org.ffmpeg - [wmav2 @ 0x53c65b0] overflow in spectral RLE, ignoring
2011-01-29 20:49:52,960 [Thread-4] ERROR org.ffmpeg - [wmav2 @ 0x53c65b0] overflow in spectral RLE, ignoring
2011-01-29 20:53:33,352 [Finalizer] DEBUG com.xuggle.xuggler - Closing dangling Container (../../../../../../../csrc/com/xuggle/xuggler/Container.cpp:83)
2011-01-29 20:53:33,387 [Thread-4] ERROR org.ffmpeg - [wmv2 @ 0x549aab0] warning: first frame is no keyframe
2011-01-29 20:54:32,479 [Finalizer] DEBUG com.xuggle.xuggler - Closing dangling Container (../../../../../../../csrc/com/xuggle/xuggler/Container.cpp:83)
2011-01-29 20:54:32,499 [Thread-4] ERROR org.ffmpeg - [wmv2 @ 0x5401860] warning: first frame is no keyframe
2011-01-29 20:54:53,943 [Finalizer] DEBUG com.xuggle.xuggler - Closing dangling Container (../../../../../../../csrc/com/xuggle/xuggler/Container.cpp:83)
2011-01-29 20:54:53,976 [Thread-4] ERROR org.ffmpeg - [wmv2 @ 0x542aab0] warning: first frame is no keyframe
2011-01-29 20:55:53,924 [Thread-4] ERROR org.ffmpeg - [wmv2 @ 0x5504bc0] warning: first frame is no keyframe
2011-01-29 20:55:53,947 [Finalizer] DEBUG com.xuggle.xuggler - Closing dangling Container (../../../../../../../csrc/com/xuggle/xuggler/Container.cpp:83)
2011-01-29 20:57:17,605 [Finalizer] DEBUG com.xuggle.xuggler - Closing dangling Container (../../../../../../../csrc/com/xuggle/xuggler/Container.cpp:83)
2011-01-29 20:57:17,625 [Thread-4] ERROR org.ffmpeg - [wmv2 @ 0x5471a80] warning: first frame is no keyframe
2011-01-29 20:57:45,004 [Finalizer] DEBUG com.xuggle.xuggler - Closing dangling Container (../../../../../../../csrc/com/xuggle/xuggler/Container.cpp:83)
2011-01-29 20:57:45,025 [Thread-4] ERROR org.ffmpeg - [wmv2 @ 0x54eaab0] warning: first frame is no keyframe
2011-01-29 20:58:01,788 [Finalizer] DEBUG com.xuggle.xuggler - Closing dangling Container (../../../../../../../csrc/com/xuggle/xuggler/Container.cpp:83)
2011-01-29 20:58:01,808 [Thread-4] ERROR org.ffmpeg - [wmv2 @ 0x53d4be0] warning: first frame is no keyframe
2011-01-29 20:58:19,259 [Finalizer] DEBUG com.xuggle.xuggler - Closing dangling Container (../../../../../../../csrc/com/xuggle/xuggler/Container.cpp:83)
2011-01-29 20:58:19,279 [Thread-4] ERROR org.ffmpeg - [wmv2 @ 0x5451810] warning: first frame is no keyframe
2011-01-29 20:59:09,393 [Finalizer] DEBUG com.xuggle.xuggler - Closing dangling Container (../../../../../../../csrc/com/xuggle/xuggler/Container.cpp:83)
2011-01-29 20:59:09,417 [Thread-4] ERROR org.ffmpeg - [wmv2 @ 0x5414c40] warning: first frame is no keyframe
2011-01-29 20:59:39,476 [Finalizer] DEBUG com.xuggle.xuggler - Closing dangling Container (../../../../../../../csrc/com/xuggle/xuggler/Container.cpp:83)
2011-01-29 20:59:39,500 [Thread-4] ERROR org.ffmpeg - [wmv2 @ 0x542aab0] warning: first frame is no keyframe
2011-01-29 20:59:53,963 [Finalizer] DEBUG com.xuggle.xuggler - Closing dangling Container (../../../../../../../csrc/com/xuggle/xuggler/Container.cpp:83)
2011-01-29 20:59:53,984 [Thread-4] ERROR org.ffmpeg - [wmv2 @ 0x53caab0] warning: first frame is no keyframe
2011-01-29 21:00:36,902 [Finalizer] DEBUG com.xuggle.xuggler - Closing dangling Container (../../../../../../../csrc/com/xuggle/xuggler/Container.cpp:83)
2011-01-29 21:00:36,926 [Thread-4] ERROR org.ffmpeg - [wmv2 @ 0x545aab0] warning: first frame is no keyframe
2011-01-29 21:01:11,659 [Finalizer] DEBUG com.xuggle.xuggler - Closing dangling Container (../../../../../../../csrc/com/xuggle/xuggler/Container.cpp:83)
2011-01-29 21:01:11,679 [Thread-4] ERROR org.ffmpeg - [wmv2 @ 0x5494c20] warning: first frame is no keyframe
2011-01-29 21:01:31,693 [Finalizer] DEBUG com.xuggle.xuggler - Closing dangling Container (../../../../../../../csrc/com/xuggle/xuggler/Container.cpp:83)
2011-01-29 21:01:31,727 [Thread-4] ERROR org.ffmpeg - [wmv2 @ 0x5474c20] warning: first frame is no keyframe
2011-01-29 21:01:56,333 [Finalizer] DEBUG com.xuggle.xuggler - Closing dangling Container (../../../../../../../csrc/com/xuggle/xuggler/Container.cpp:83)
2011-01-29 21:01:56,354 [Thread-4] ERROR org.ffmpeg - [wmv2 @ 0x551aab0] warning: first frame is no keyframe
2011-01-29 21:02:15,600 [Finalizer] DEBUG com.xuggle.xuggler - Closing dangling Container (../../../../../../../csrc/com/xuggle/xuggler/Container.cpp:83)
2011-01-29 21:02:15,622 [Thread-4] ERROR org.ffmpeg - [wmv2 @ 0x54aaab0] warning: first frame is no keyframe
2011-01-29 21:02:55,447 [Finalizer] DEBUG com.xuggle.xuggler - Closing dangling Container (../../../../../../../csrc/com/xuggle/xuggler/Container.cpp:83)
2011-01-29 21:02:55,468 [Thread-4] ERROR org.ffmpeg - [wmv2 @ 0x541aab0] warning: first frame is no keyframe
2011-01-29 21:03:31,339 [Finalizer] DEBUG com.xuggle.xuggler - Closing dangling Container (../../../../../../../csrc/com/xuggle/xuggler/Container.cpp:83)
2011-01-29 21:03:31,359 [Thread-4] ERROR org.ffmpeg - [wmv2 @ 0x54d1a80] warning: first frame is no keyframe
2011-01-29 21:03:52,056 [Finalizer] DEBUG com.xuggle.xuggler - Closing dangling Container (../../../../../../../csrc/com/xuggle/xuggler/Container.cpp:83)
2011-01-29 21:03:52,077 [Thread-4] ERROR org.ffmpeg - [wmv2 @ 0x5424e40] warning: first frame is no keyframe
2011-01-29 21:04:30,962 [Finalizer] DEBUG com.xuggle.xuggler - Closing dangling Container (../../../../../../../csrc/com/xuggle/xuggler/Container.cpp:83)
2011-01-29 21:04:41,520 [Thread-4] ERROR org.ffmpeg - [wmv2 @ 0x5474c20] warning: first frame is no keyframe
2011-01-29 21:04:41,540 [Finalizer] DEBUG com.xuggle.xuggler - Closing dangling Container (../../../../../../../csrc/com/xuggle/xuggler/Container.cpp:83)
2011-01-29 21:06:02,841 [Finalizer] DEBUG com.xuggle.xuggler - Closing dangling Container (../../../../../../../csrc/com/xuggle/xuggler/Container.cpp:83)
2011-01-29 21:06:02,864 [Thread-4] ERROR org.ffmpeg - [wmv2 @ 0x555aab0] warning: first frame is no keyframe
2011-01-29 21:06:35,999 [Finalizer] DEBUG com.xuggle.xuggler - Closing dangling Container (../../../../../../../csrc/com/xuggle/xuggler/Container.cpp:83)
2011-01-29 21:06:48,491 [Finalizer] DEBUG com.xuggle.xuggler - Closing dangling Container (../../../../../../../csrc/com/xuggle/xuggler/Container.cpp:83)
2011-01-29 21:06:48,523 [Thread-4] ERROR org.ffmpeg - [wmv2 @ 0x53fac00] warning: first frame is no keyframe
2011-01-29 21:16:18,269 [Finalizer] DEBUG com.xuggle.xuggler - Closing dangling Container (../../../../../../../csrc/com/xuggle/xuggler/Container.cpp:83)
2011-01-29 21:20:48,471 [Finalizer] DEBUG com.xuggle.xuggler - Closing dangling Container (../../../../../../../csrc/com/xuggle/xuggler/Container.cpp:83)
2011-01-29 21:47:31,309 [Finalizer] DEBUG com.xuggle.xuggler - Closing dangling Container (../../../../../../../csrc/com/xuggle/xuggler/Container.cpp:83)
2011-01-29 21:50:44,452 [Finalizer] DEBUG com.xuggle.xuggler - Closing dangling Container (../../../../../../../csrc/com/xuggle/xuggler/Container.cpp:83)
2011-01-29 22:00:15,603 [Finalizer] DEBUG com.xuggle.xuggler - Closing dangling Container (../../../../../../../csrc/com/xuggle/xuggler/Container.cpp:83)
2011-01-29 22:00:15,622 [Thread-4] ERROR org.ffmpeg - [wmv2 @ 0x5454c20] warning: first frame is no keyframe
2011-01-29 22:00:33,174 [Thread-4] ERROR org.ffmpeg - [wmv2 @ 0x54aacd0] warning: first frame is no keyframe
2011-01-29 22:02:19,904 [Thread-4] ERROR org.ffmpeg - [wmv2 @ 0x53eacd0] warning: first frame is no keyframe
2011-01-29 22:02:42,806 [Finalizer] DEBUG com.xuggle.xuggler - Closing dangling Container (../../../../../../../csrc/com/xuggle/xuggler/Container.cpp:83)
2011-01-29 22:02:42,828 [Thread-4] ERROR org.ffmpeg - [wmv2 @ 0x54baab0] warning: first frame is no keyframe
2011-01-29 22:03:50,038 [Finalizer] DEBUG com.xuggle.xuggler - Closing dangling Container (../../../../../../../csrc/com/xuggle/xuggler/Container.cpp:83)
2011-01-29 22:03:50,058 [Thread-4] ERROR org.ffmpeg - [wmv2 @ 0x53fcad0] warning: first frame is no keyframe
2011-01-29 22:04:14,633 [Finalizer] DEBUG com.xuggle.xuggler - Closing dangling Container (../../../../../../../csrc/com/xuggle/xuggler/Container.cpp:83)
2011-01-29 22:13:17,681 [Finalizer] DEBUG com.xuggle.xuggler - Closing dangling Container (../../../../../../../csrc/com/xuggle/xuggler/Container.cpp:83)
2011-01-29 22:16:17,584 [Finalizer] DEBUG com.xuggle.xuggler - Closing dangling Container (../../../../../../../csrc/com/xuggle/xuggler/Container.cpp:83)
2011-01-29 22:17:16,156 [Finalizer] DEBUG com.xuggle.xuggler - Closing dangling Container (../../../../../../../csrc/com/xuggle/xuggler/Container.cpp:83)
2011-01-29 22:23:09,934 [Finalizer] DEBUG com.xuggle.xuggler - Closing dangling Container (../../../../../../../csrc/com/xuggle/xuggler/Container.cpp:83)
2011-01-29 22:31:41,130 [Finalizer] DEBUG com.xuggle.xuggler - Closing dangling Container (../../../../../../../csrc/com/xuggle/xuggler/Container.cpp:83)
2011-01-29 22:31:43,263 [Thread-4] ERROR org.ffmpeg - [wmv2 @ 0x549aab0] warning: first frame is no keyframe
2011-01-29 22:32:36,076 [Finalizer] DEBUG com.xuggle.xuggler - Closing dangling Container (../../../../../../../csrc/com/xuggle/xuggler/Container.cpp:83)
2011-01-29 22:32:36,627 [Thread-4] ERROR org.ffmpeg - [wmv2 @ 0x540aab0] warning: first frame is no keyframe
2011-01-29 22:36:12,968 [Finalizer] DEBUG com.xuggle.xuggler - Closing dangling Container (../../../../../../../csrc/com/xuggle/xuggler/Container.cpp:83)
2011-01-29 22:41:20,493 [Finalizer] DEBUG com.xuggle.xuggler - Closing dangling Container (../../../../../../../csrc/com/xuggle/xuggler/Container.cpp:83)
2011-01-29 22:43:56,799 [Finalizer] DEBUG com.xuggle.xuggler - Closing dangling Container (../../../../../../../csrc/com/xuggle/xuggler/Container.cpp:83)
2011-01-29 22:57:52,116 [Finalizer] DEBUG com.xuggle.xuggler - Closing dangling Container (../../../../../../../csrc/com/xuggle/xuggler/Container.cpp:83)
2011-01-29 22:57:52,136 [Thread-4] ERROR org.ffmpeg - [wmv2 @ 0x5481b30] warning: first frame is no keyframe
2011-01-29 22:58:36,174 [Finalizer] DEBUG com.xuggle.xuggler - Closing dangling Container (../../../../../../../csrc/com/xuggle/xuggler/Container.cpp:83)
2011-01-29 22:58:36,197 [Thread-4] ERROR org.ffmpeg - [wmv2 @ 0x54eaab0] warning: first frame is no keyframe
2011-01-29 23:01:36,417 [Finalizer] DEBUG com.xuggle.xuggler - Closing dangling Container (../../../../../../../csrc/com/xuggle/xuggler/Container.cpp:83)
2011-01-29 23:01:36,435 [Thread-4] ERROR org.ffmpeg - [wmv2 @ 0x54b1860] warning: first frame is no keyframe
2011-01-29 23:03:38,294 [Thread-4] ERROR org.ffmpeg - [wmv2 @ 0x54c4bc0] warning: first frame is no keyframe
2011-01-29 23:03:38,316 [Finalizer] DEBUG com.xuggle.xuggler - Closing dangling Container (../../../../../../../csrc/com/xuggle/xuggler/Container.cpp:83)
2011-01-29 23:04:33,495 [Finalizer] DEBUG com.xuggle.xuggler - Closing dangling Container (../../../../../../../csrc/com/xuggle/xuggler/Container.cpp:83)
2011-01-29 23:04:56,436 [Thread-4] ERROR org.ffmpeg - [wmv2 @ 0x54599c0] warning: first frame is no keyframe
2011-01-29 23:04:57,054 [Finalizer] DEBUG com.xuggle.xuggler - Closing dangling Container (../../../../../../../csrc/com/xuggle/xuggler/Container.cpp:83)
2011-01-29 23:04:57,055 [Finalizer] DEBUG com.xuggle.xuggler - Closing dangling Container (../../../../../../../csrc/com/xuggle/xuggler/Container.cpp:83)
2011-01-29 23:07:53,883 [Thread-4] ERROR org.ffmpeg - [wmv2 @ 0x5424bc0] warning: first frame is no keyframe
2011-01-29 23:07:53,904 [Finalizer] DEBUG com.xuggle.xuggler - Closing dangling Container (../../../../../../../csrc/com/xuggle/xuggler/Container.cpp:83)
2011-01-29 23:09:37,094 [Thread-4] ERROR org.ffmpeg - [wmv2 @ 0x53f4c20] warning: first frame is no keyframe
2011-01-29 23:09:37,115 [Finalizer] DEBUG com.xuggle.xuggler - Closing dangling Container (../../../../../../../csrc/com/xuggle/xuggler/Container.cpp:83)
2011-01-29 23:10:20,956 [Thread-4] ERROR org.ffmpeg - [wmv2 @ 0x5464c20] warning: first frame is no keyframe
2011-01-29 23:10:20,980 [Finalizer] DEBUG com.xuggle.xuggler - Closing dangling Container (../../../../../../../csrc/com/xuggle/xuggler/Container.cpp:83)
2011-01-29 23:13:03,905 [Thread-4] ERROR org.ffmpeg - [wmv2 @ 0x5444c20] warning: first frame is no keyframe
2011-01-29 23:13:03,926 [Finalizer] DEBUG com.xuggle.xuggler - Closing dangling Container (../../../../../../../csrc/com/xuggle/xuggler/Container.cpp:83)
2011-01-29 23:14:28,661 [Thread-4] ERROR org.ffmpeg - [wmv2 @ 0x53b4c20] warning: first frame is no keyframe
2011-01-29 23:14:28,684 [Finalizer] DEBUG com.xuggle.xuggler - Closing dangling Container (../../../../../../../csrc/com/xuggle/xuggler/Container.cpp:83)
2011-01-29 23:14:57,277 [Thread-4] ERROR org.ffmpeg - [wmv2 @ 0x5434c20] warning: first frame is no keyframe
2011-01-29 23:14:57,299 [Finalizer] DEBUG com.xuggle.xuggler - Closing dangling Container (../../../../../../../csrc/com/xuggle/xuggler/Container.cpp:83)
2011-01-29 23:15:32,013 [Thread-4] ERROR org.ffmpeg - [wmv2 @ 0x54b4c20] warning: first frame is no keyframe
2011-01-29 23:15:32,034 [Finalizer] DEBUG com.xuggle.xuggler - Closing dangling Container (../../../../../../../csrc/com/xuggle/xuggler/Container.cpp:83)
2011-01-29 23:15:47,184 [Thread-4] ERROR org.ffmpeg - [wmv2 @ 0x540acd0] warning: first frame is no keyframe
2011-01-29 23:15:58,529 [Thread-7] ERROR org.ffmpeg - [wmv2 @ 0x9ac9880] warning: first frame is no keyframe
2011-01-29 23:15:58,540 [Thread-7] DEBUG com.xuggle.xuggler - Closing dangling Container (../../../../../../../csrc/com/xuggle/xuggler/Container.cpp:83)
2011-01-29 23:18:04,526 [Finalizer] DEBUG com.xuggle.xuggler - Closing dangling Container (../../../../../../../csrc/com/xuggle/xuggler/Container.cpp:83)
2011-01-29 23:19:21,020 [Finalizer] DEBUG com.xuggle.xuggler - Closing dangling Container (../../../../../../../csrc/com/xuggle/xuggler/Container.cpp:83)
2011-01-29 23:20:09,953 [Finalizer] DEBUG com.xuggle.xuggler - Closing dangling Container (../../../../../../../csrc/com/xuggle/xuggler/Container.cpp:83)
2011-01-29 23:20:09,976 [Thread-4] ERROR org.ffmpeg - [wmv2 @ 0x543aab0] warning: first frame is no keyframe
2011-01-29 23:20:43,506 [Finalizer] DEBUG com.xuggle.xuggler - Closing dangling Container (../../../../../../../csrc/com/xuggle/xuggler/Container.cpp:83)
2011-01-29 23:20:43,549 [Thread-4] ERROR org.ffmpeg - [wmv2 @ 0x556aab0] warning: first frame is no keyframe
2011-01-29 23:21:45,826 [Thread-4] ERROR org.ffmpeg - [wmv2 @ 0x53d4bc0] warning: first frame is no keyframe
2011-01-29 23:21:45,848 [Finalizer] DEBUG com.xuggle.xuggler - Closing dangling Container (../../../../../../../csrc/com/xuggle/xuggler/Container.cpp:83)
2011-01-29 23:22:13,001 [Thread-4] ERROR org.ffmpeg - [wmv2 @ 0x5424bc0] warning: first frame is no keyframe
2011-01-29 23:22:13,023 [Finalizer] DEBUG com.xuggle.xuggler - Closing dangling Container (../../../../../../../csrc/com/xuggle/xuggler/Container.cpp:83)
2011-01-29 23:22:36,331 [Thread-4] ERROR org.ffmpeg - [wmv2 @ 0x54c4bc0] warning: first frame is no keyframe
2011-01-29 23:22:36,352 [Finalizer] DEBUG com.xuggle.xuggler - Closing dangling Container (../../../../../../../csrc/com/xuggle/xuggler/Container.cpp:83)
2011-01-29 23:23:55,042 [Finalizer] DEBUG com.xuggle.xuggler - Closing dangling Container (../../../../../../../csrc/com/xuggle/xuggler/Container.cpp:83)
2011-01-29 23:23:55,062 [Thread-4] ERROR org.ffmpeg - [wmv2 @ 0x54bcc10] warning: first frame is no keyframe
2011-01-29 23:25:49,704 [Finalizer] DEBUG com.xuggle.xuggler - Closing dangling Container (../../../../../../../csrc/com/xuggle/xuggler/Container.cpp:83)
2011-01-29 23:25:49,724 [Thread-4] ERROR org.ffmpeg - [wmv2 @ 0x54418b0] warning: first frame is no keyframe
2011-01-29 23:27:10,258 [Finalizer] DEBUG com.xuggle.xuggler - Closing dangling Container (../../../../../../../csrc/com/xuggle/xuggler/Container.cpp:83)
2011-01-29 23:27:17,932 [Finalizer] DEBUG com.xuggle.xuggler - Closing dangling Container (../../../../../../../csrc/com/xuggle/xuggler/Container.cpp:83)
2011-01-29 23:27:17,954 [Thread-4] ERROR org.ffmpeg - [wmv2 @ 0x54caab0] warning: first frame is no keyframe
2011-01-29 23:28:22,981 [Finalizer] DEBUG com.xuggle.xuggler - Closing dangling Container (../../../../../../../csrc/com/xuggle/xuggler/Container.cpp:83)
2011-01-29 23:28:23,001 [Thread-4] ERROR org.ffmpeg - [wmv2 @ 0x54a4bc0] warning: first frame is no keyframe
2011-01-29 23:29:26,280 [Finalizer] DEBUG com.xuggle.xuggler - Closing dangling Container (../../../../../../../csrc/com/xuggle/xuggler/Container.cpp:83)
2011-01-29 23:30:29,403 [Finalizer] DEBUG com.xuggle.xuggler - Closing dangling Container (../../../../../../../csrc/com/xuggle/xuggler/Container.cpp:83)
2011-01-29 23:31:19,024 [Finalizer] DEBUG com.xuggle.xuggler - Closing dangling Container (../../../../../../../csrc/com/xuggle/xuggler/Container.cpp:83)
2011-01-29 23:31:19,044 [Thread-4] ERROR org.ffmpeg - [wmv2 @ 0x5421860] warning: first frame is no keyframe
2011-01-29 23:34:41,207 [Finalizer] DEBUG com.xuggle.xuggler - Closing dangling Container (../../../../../../../csrc/com/xuggle/xuggler/Container.cpp:83)
2011-01-29 23:34:41,227 [Thread-4] ERROR org.ffmpeg - [wmv2 @ 0x5404c20] warning: first frame is no keyframe
2011-01-29 23:35:55,488 [Finalizer] DEBUG com.xuggle.xuggler - Closing dangling Container (../../../../../../../csrc/com/xuggle/xuggler/Container.cpp:83)
2011-01-29 23:35:55,510 [Thread-4] ERROR org.ffmpeg - [wmv2 @ 0x54faab0] warning: first frame is no keyframe
2011-01-29 23:36:30,927 [Finalizer] DEBUG com.xuggle.xuggler - Closing dangling Container (../../../../../../../csrc/com/xuggle/xuggler/Container.cpp:83)
2011-01-29 23:36:30,950 [Thread-4] ERROR org.ffmpeg - [wmv2 @ 0x549aab0] warning: first frame is no keyframe
2011-01-29 23:37:20,612 [Finalizer] DEBUG com.xuggle.xuggler - Closing dangling Container (../../../../../../../csrc/com/xuggle/xuggler/Container.cpp:83)
2011-01-29 23:37:20,632 [Thread-4] ERROR org.ffmpeg - [wmv2 @ 0x5424c20] warning: first frame is no keyframe
2011-01-29 23:42:59,188 [Finalizer] DEBUG com.xuggle.xuggler - Closing dangling Container (../../../../../../../csrc/com/xuggle/xuggler/Container.cpp:83)
2011-01-29 23:42:59,207 [Thread-4] ERROR org.ffmpeg - [wmv2 @ 0x54a1860] warning: first frame is no keyframe
2011-01-29 23:43:16,648 [Finalizer] DEBUG com.xuggle.xuggler - Closing dangling Container (../../../../../../../csrc/com/xuggle/xuggler/Container.cpp:83)
2011-01-29 23:43:16,667 [Thread-4] ERROR org.ffmpeg - [wmv2 @ 0x5421920] warning: first frame is no keyframe
2011-01-29 23:43:44,695 [Finalizer] DEBUG com.xuggle.xuggler - Closing dangling Container (../../../../../../../csrc/com/xuggle/xuggler/Container.cpp:83)
2011-01-29 23:43:44,722 [Thread-4] ERROR org.ffmpeg - [wmv2 @ 0xa340360] warning: first frame is no keyframe
2011-01-29 23:43:44,748 [Thread-4] ERROR org.ffmpeg - [wmav2 @ 0x54aa7f0] overflow in spectral RLE, ignoring
2011-01-29 23:43:44,748 [Thread-4] ERROR org.ffmpeg - [wmav2 @ 0x54aa7f0] overflow in spectral RLE, ignoring
2011-01-29 23:43:44,790 [Thread-4] ERROR org.ffmpeg - [wmav2 @ 0x54aa7f0] overflow in spectral RLE, ignoring
2011-01-29 23:43:44,818 [Thread-4] ERROR org.ffmpeg - [wmav2 @ 0x54aa7f0] overflow in spectral RLE, ignoring
2011-01-29 23:43:44,871 [Thread-4] ERROR org.ffmpeg - [wmav2 @ 0x54aa7f0] overflow in spectral RLE, ignoring
2011-01-29 23:43:45,040 [Thread-4] ERROR org.ffmpeg - [wmav2 @ 0x54aa7f0] overflow in spectral RLE, ignoring
2011-01-29 23:43:45,113 [Thread-4] ERROR org.ffmpeg - [wmav2 @ 0x54aa7f0] overflow in spectral RLE, ignoring
2011-01-29 23:43:45,261 [Thread-4] ERROR org.ffmpeg - [wmav2 @ 0x54aa7f0] overflow in spectral RLE, ignoring
2011-01-29 23:45:28,484 [Finalizer] DEBUG com.xuggle.xuggler - Closing dangling Container (../../../../../../../csrc/com/xuggle/xuggler/Container.cpp:83)
2011-01-29 23:45:38,910 [Finalizer] DEBUG com.xuggle.xuggler - Closing dangling Container (../../../../../../../csrc/com/xuggle/xuggler/Container.cpp:83)
2011-01-29 23:45:38,931 [Thread-4] ERROR org.ffmpeg - [wmv2 @ 0x540d910] warning: first frame is no keyframe
2011-01-29 23:45:38,955 [Thread-4] ERROR org.ffmpeg - [wmav2 @ 0x9a60780] overflow in spectral RLE, ignoring
2011-01-29 23:45:39,356 [Thread-4] ERROR org.ffmpeg - [wmav2 @ 0x9a60780] overflow in spectral RLE, ignoring
2011-01-29 23:47:41,553 [Finalizer] DEBUG com.xuggle.xuggler - Closing dangling Container (../../../../../../../csrc/com/xuggle/xuggler/Container.cpp:83)
2011-01-29 23:47:41,573 [Thread-4] ERROR org.ffmpeg - [wmv2 @ 0x5434c20] warning: first frame is no keyframe
2011-01-29 23:50:16,159 [Finalizer] DEBUG com.xuggle.xuggler - Closing dangling Container (../../../../../../../csrc/com/xuggle/xuggler/Container.cpp:83)
2011-01-29 23:50:16,180 [Thread-4] ERROR org.ffmpeg - [wmv2 @ 0x549aab0] warning: first frame is no keyframe
2011-01-29 23:51:14,672 [Finalizer] DEBUG com.xuggle.xuggler - Closing dangling Container (../../../../../../../csrc/com/xuggle/xuggler/Container.cpp:83)
2011-01-29 23:51:14,693 [Thread-4] ERROR org.ffmpeg - [wmv2 @ 0x54ecc20] warning: first frame is no keyframe
2011-01-29 23:53:31,967 [Finalizer] DEBUG com.xuggle.xuggler - Closing dangling Container (../../../../../../../csrc/com/xuggle/xuggler/Container.cpp:83)
2011-01-29 23:53:31,990 [Thread-4] ERROR org.ffmpeg - [wmv2 @ 0x543aab0] warning: first frame is no keyframe
2011-01-29 23:54:47,584 [Finalizer] DEBUG com.xuggle.xuggler - Closing dangling Container (../../../../../../../csrc/com/xuggle/xuggler/Container.cpp:83)
2011-01-29 23:54:47,605 [Thread-4] ERROR org.ffmpeg - [wmv2 @ 0x53f1860] warning: first frame is no keyframe
2011-01-29 23:55:03,109 [Finalizer] DEBUG com.xuggle.xuggler - Closing dangling Container (../../../../../../../csrc/com/xuggle/xuggler/Container.cpp:83)
2011-01-29 23:55:03,129 [Thread-4] ERROR org.ffmpeg - [wmv2 @ 0x549cbc0] warning: first frame is no keyframe
2011-01-29 23:56:00,118 [Finalizer] DEBUG com.xuggle.xuggler - Closing dangling Container (../../../../../../../csrc/com/xuggle/xuggler/Container.cpp:83)
2011-01-29 23:56:00,138 [Thread-4] ERROR org.ffmpeg - [wmv2 @ 0x5454de0] warning: first frame is no keyframe
2011-01-29 23:57:03,114 [Finalizer] DEBUG com.xuggle.xuggler - Closing dangling Container (../../../../../../../csrc/com/xuggle/xuggler/Container.cpp:83)
2011-01-29 23:57:03,134 [Thread-4] ERROR org.ffmpeg - [wmv2 @ 0x53fcbb0] warning: first frame is no keyframe
2011-01-29 23:57:50,277 [Finalizer] DEBUG com.xuggle.xuggler - Closing dangling Container (../../../../../../../csrc/com/xuggle/xuggler/Container.cpp:83)
2011-01-29 23:57:50,295 [Thread-4] ERROR org.ffmpeg - [wmv2 @ 0x5524be0] warning: first frame is no keyframe
2011-01-31 15:59:00,635 [AWT-EventQueue-0] ERROR org.ffmpeg - [mp1 @ 0x53eaa60] Header missing
2011-01-31 15:59:00,699 [AWT-EventQueue-0] ERROR org.ffmpeg - [mp1 @ 0x53eaa60] Header missing
2011-01-31 15:59:00,699 [AWT-EventQueue-0] ERROR org.ffmpeg - [mp1 @ 0x53eaa60] Header missing
2011-01-31 15:59:00,714 [AWT-EventQueue-0] ERROR org.ffmpeg - [mp1 @ 0x53eaa60] Header missing
2011-01-31 15:59:00,715 [AWT-EventQueue-0] ERROR org.ffmpeg - [mp1 @ 0x53eaa60] Header missing
2011-01-31 15:59:00,715 [AWT-EventQueue-0] WARN  com.xuggle.xuggler - Could not find streams in input container (../../../../../../../csrc/com/xuggle/xuggler/Container.cpp:769)
2011-02-01 11:33:45,599 [Finalizer] DEBUG com.xuggle.xuggler - Closing dangling Container (../../../../../../../csrc/com/xuggle/xuggler/Container.cpp:83)
2011-02-01 11:33:45,699 [Thread-4] ERROR org.ffmpeg - [wmv2 @ 0x540a3e0] warning: first frame is no keyframe
2011-02-01 11:35:03,067 [Finalizer] DEBUG com.xuggle.xuggler - Closing dangling Container (../../../../../../../csrc/com/xuggle/xuggler/Container.cpp:83)
2011-02-01 11:35:03,086 [Thread-4] ERROR org.ffmpeg - [wmv2 @ 0x53da320] warning: first frame is no keyframe
2011-02-01 11:35:35,956 [Thread-4] ERROR org.ffmpeg - [wmv2 @ 0x540a3e0] warning: first frame is no keyframe
2011-02-01 11:35:36,541 [Finalizer] DEBUG com.xuggle.xuggler - Closing dangling Container (../../../../../../../csrc/com/xuggle/xuggler/Container.cpp:83)
2011-02-01 11:37:27,697 [Finalizer] DEBUG com.xuggle.xuggler - Closing dangling Container (../../../../../../../csrc/com/xuggle/xuggler/Container.cpp:83)
2011-02-01 11:37:27,721 [Thread-4] ERROR org.ffmpeg - [wmv2 @ 0x541aab0] warning: first frame is no keyframe
2011-02-01 11:38:57,112 [Finalizer] DEBUG com.xuggle.xuggler - Closing dangling Container (../../../../../../../csrc/com/xuggle/xuggler/Container.cpp:83)
2011-02-01 11:39:37,085 [Finalizer] DEBUG com.xuggle.xuggler - Closing dangling Container (../../../../../../../csrc/com/xuggle/xuggler/Container.cpp:83)
2011-02-01 11:40:20,024 [Finalizer] DEBUG com.xuggle.xuggler - Closing dangling Container (../../../../../../../csrc/com/xuggle/xuggler/Container.cpp:83)
2011-02-01 11:41:02,133 [Finalizer] DEBUG com.xuggle.xuggler - Closing dangling Container (../../../../../../../csrc/com/xuggle/xuggler/Container.cpp:83)
2011-02-01 11:43:22,206 [Finalizer] DEBUG com.xuggle.xuggler - Closing dangling Container (../../../../../../../csrc/com/xuggle/xuggler/Container.cpp:83)
2011-02-01 11:43:22,211 [Finalizer] DEBUG com.xuggle.xuggler - Closing dangling Container (../../../../../../../csrc/com/xuggle/xuggler/Container.cpp:83)
2011-02-01 11:43:22,253 [Thread-4] ERROR org.ffmpeg - [wmv2 @ 0x54daab0] warning: first frame is no keyframe
2011-02-01 11:43:52,394 [Finalizer] DEBUG com.xuggle.xuggler - Closing dangling Container (../../../../../../../csrc/com/xuggle/xuggler/Container.cpp:83)
2011-02-01 11:45:08,621 [Finalizer] DEBUG com.xuggle.xuggler - Closing dangling Container (../../../../../../../csrc/com/xuggle/xuggler/Container.cpp:83)
2011-02-01 11:49:02,610 [Finalizer] DEBUG com.xuggle.xuggler - Closing dangling Container (../../../../../../../csrc/com/xuggle/xuggler/Container.cpp:83)
2011-02-01 11:49:39,624 [Finalizer] DEBUG com.xuggle.xuggler - Closing dangling Container (../../../../../../../csrc/com/xuggle/xuggler/Container.cpp:83)
2011-02-02 09:59:37,452 [Thread-4] ERROR org.ffmpeg - [wmv2 @ 0x5494de0] warning: first frame is no keyframe
2011-02-02 09:59:37,512 [Finalizer] DEBUG com.xuggle.xuggler - Closing dangling Container (../../../../../../../csrc/com/xuggle/xuggler/Container.cpp:83)
2011-02-02 10:00:09,919 [Finalizer] DEBUG com.xuggle.xuggler - Closing dangling Container (../../../../../../../csrc/com/xuggle/xuggler/Container.cpp:83)
2011-02-02 10:00:10,004 [Thread-4] ERROR org.ffmpeg - [wmv2 @ 0x546aab0] warning: first frame is no keyframe
2011-02-02 10:05:27,298 [Finalizer] DEBUG com.xuggle.xuggler - Closing dangling Container (../../../../../../../csrc/com/xuggle/xuggler/Container.cpp:83)
2011-02-02 10:05:43,815 [Finalizer] DEBUG com.xuggle.xuggler - Closing dangling Container (../../../../../../../csrc/com/xuggle/xuggler/Container.cpp:83)
2011-02-02 10:05:43,992 [Thread-4] ERROR org.ffmpeg - [wmv2 @ 0x546ac00] warning: first frame is no keyframe
2011-02-02 10:08:31,931 [Finalizer] DEBUG com.xuggle.xuggler - Closing dangling Container (../../../../../../../csrc/com/xuggle/xuggler/Container.cpp:83)
2011-02-02 10:08:31,961 [Thread-4] ERROR org.ffmpeg - [wmv2 @ 0x5433d50] warning: first frame is no keyframe
2011-02-02 10:08:59,056 [Finalizer] DEBUG com.xuggle.xuggler - Closing dangling Container (../../../../../../../csrc/com/xuggle/xuggler/Container.cpp:83)
2011-02-02 10:08:59,261 [Thread-4] ERROR org.ffmpeg - [wmv2 @ 0x54fac00] warning: first frame is no keyframe
2011-02-02 10:16:07,289 [Finalizer] DEBUG com.xuggle.xuggler - Closing dangling Container (../../../../../../../csrc/com/xuggle/xuggler/Container.cpp:83)
2011-02-02 10:17:38,114 [Finalizer] DEBUG com.xuggle.xuggler - Closing dangling Container (../../../../../../../csrc/com/xuggle/xuggler/Container.cpp:83)
2011-02-02 10:18:04,717 [Finalizer] DEBUG com.xuggle.xuggler - Closing dangling Container (../../../../../../../csrc/com/xuggle/xuggler/Container.cpp:83)
2011-02-02 10:18:27,470 [Finalizer] DEBUG com.xuggle.xuggler - Closing dangling Container (../../../../../../../csrc/com/xuggle/xuggler/Container.cpp:83)
2011-02-02 10:18:49,535 [Finalizer] DEBUG com.xuggle.xuggler - Closing dangling Container (../../../../../../../csrc/com/xuggle/xuggler/Container.cpp:83)
2011-02-02 10:19:36,944 [Finalizer] DEBUG com.xuggle.xuggler - Closing dangling Container (../../../../../../../csrc/com/xuggle/xuggler/Container.cpp:83)
2011-02-02 10:19:37,026 [Thread-4] ERROR org.ffmpeg - [wmv2 @ 0x54daab0] warning: first frame is no keyframe
2011-02-02 16:32:00,294 [Finalizer] DEBUG com.xuggle.xuggler - Closing dangling Container (../../../../../../../csrc/com/xuggle/xuggler/Container.cpp:83)
2011-02-02 16:32:00,327 [Thread-4] ERROR org.ffmpeg - [wmv2 @ 0x5414b70] warning: first frame is no keyframe
2011-02-02 16:32:37,439 [Finalizer] DEBUG com.xuggle.xuggler - Closing dangling Container (../../../../../../../csrc/com/xuggle/xuggler/Container.cpp:83)
2011-02-02 16:32:37,459 [Thread-4] ERROR org.ffmpeg - [wmv2 @ 0x54d4b70] warning: first frame is no keyframe
2011-02-02 16:33:00,536 [Finalizer] DEBUG com.xuggle.xuggler - Closing dangling Container (../../../../../../../csrc/com/xuggle/xuggler/Container.cpp:83)
2011-02-02 16:33:00,554 [Thread-4] ERROR org.ffmpeg - [wmv2 @ 0x5434b70] warning: first frame is no keyframe
2011-02-02 16:33:25,437 [Finalizer] DEBUG com.xuggle.xuggler - Closing dangling Container (../../../../../../../csrc/com/xuggle/xuggler/Container.cpp:83)
2011-02-02 16:33:25,462 [Thread-4] ERROR org.ffmpeg - [wmv2 @ 0x548aa00] warning: first frame is no keyframe
2011-02-02 16:35:25,556 [AWT-EventQueue-0] ERROR org.ffmpeg - [mp1 @ 0x53ea9b0] Header missing
2011-02-02 16:35:25,559 [AWT-EventQueue-0] ERROR org.ffmpeg - [mp1 @ 0x53ea9b0] Header missing
2011-02-02 16:35:25,560 [AWT-EventQueue-0] WARN  com.xuggle.xuggler - Could not find streams in input container (../../../../../../../csrc/com/xuggle/xuggler/Container.cpp:769)
2011-02-02 16:36:18,031 [AWT-EventQueue-0] ERROR org.ffmpeg - [mp1 @ 0x545a9b0] Header missing
2011-02-02 16:36:18,034 [AWT-EventQueue-0] ERROR org.ffmpeg - [mp1 @ 0x545a9b0] Header missing
2011-02-02 16:36:18,034 [AWT-EventQueue-0] WARN  com.xuggle.xuggler - Could not find streams in input container (../../../../../../../csrc/com/xuggle/xuggler/Container.cpp:769)
2011-02-02 16:39:48,901 [Finalizer] DEBUG com.xuggle.xuggler - Closing dangling Container (../../../../../../../csrc/com/xuggle/xuggler/Container.cpp:83)
2011-02-02 16:39:48,927 [Thread-4] ERROR org.ffmpeg - [wmv2 @ 0x54daa00] warning: first frame is no keyframe
2011-02-02 16:40:29,228 [Finalizer] DEBUG com.xuggle.xuggler - Closing dangling Container (../../../../../../../csrc/com/xuggle/xuggler/Container.cpp:83)
2011-02-02 16:40:29,256 [Thread-4] ERROR org.ffmpeg - [wmv2 @ 0x540aa00] warning: first frame is no keyframe
2011-02-02 16:41:09,210 [Finalizer] DEBUG com.xuggle.xuggler - Closing dangling Container (../../../../../../../csrc/com/xuggle/xuggler/Container.cpp:83)
2011-02-02 16:41:09,233 [Thread-4] ERROR org.ffmpeg - [wmv2 @ 0x54caa00] warning: first frame is no keyframe
2011-02-02 16:42:23,596 [Finalizer] DEBUG com.xuggle.xuggler - Closing dangling Container (../../../../../../../csrc/com/xuggle/xuggler/Container.cpp:83)
2011-02-02 16:43:09,955 [Finalizer] DEBUG com.xuggle.xuggler - Closing dangling Container (../../../../../../../csrc/com/xuggle/xuggler/Container.cpp:83)
2011-02-02 16:44:21,300 [Finalizer] DEBUG com.xuggle.xuggler - Closing dangling Container (../../../../../../../csrc/com/xuggle/xuggler/Container.cpp:83)
2011-02-02 16:47:12,182 [Finalizer] DEBUG com.xuggle.xuggler - Closing dangling Container (../../../../../../../csrc/com/xuggle/xuggler/Container.cpp:83)
2011-02-02 16:47:12,201 [Thread-4] ERROR org.ffmpeg - [wmv2 @ 0x5444d90] warning: first frame is no keyframe
2011-02-02 16:47:28,472 [Finalizer] DEBUG com.xuggle.xuggler - Closing dangling Container (../../../../../../../csrc/com/xuggle/xuggler/Container.cpp:83)
2011-02-02 16:47:28,490 [Thread-4] ERROR org.ffmpeg - [wmv2 @ 0x54d4b90] warning: first frame is no keyframe
2011-02-02 16:47:46,938 [Finalizer] DEBUG com.xuggle.xuggler - Closing dangling Container (../../../../../../../csrc/com/xuggle/xuggler/Container.cpp:83)
2011-02-02 16:47:46,957 [Thread-4] ERROR org.ffmpeg - [wmv2 @ 0x5464b90] warning: first frame is no keyframe
2011-02-02 16:49:44,717 [Thread-4] ERROR org.ffmpeg - [wmv2 @ 0x5514b10] warning: first frame is no keyframe
2011-02-02 16:49:44,737 [Finalizer] DEBUG com.xuggle.xuggler - Closing dangling Container (../../../../../../../csrc/com/xuggle/xuggler/Container.cpp:83)
2011-02-02 16:50:11,053 [Thread-4] ERROR org.ffmpeg - [wmv2 @ 0x54a4b10] warning: first frame is no keyframe
2011-02-02 16:50:11,074 [Finalizer] DEBUG com.xuggle.xuggler - Closing dangling Container (../../../../../../../csrc/com/xuggle/xuggler/Container.cpp:83)
2011-02-02 16:53:09,475 [Finalizer] DEBUG com.xuggle.xuggler - Closing dangling Container (../../../../../../../csrc/com/xuggle/xuggler/Container.cpp:83)
2011-02-02 16:53:09,497 [Thread-4] ERROR org.ffmpeg - [wmv2 @ 0x541aa00] warning: first frame is no keyframe
2011-02-02 16:55:54,064 [Thread-4] ERROR org.ffmpeg - [wmv2 @ 0x5414b70] warning: first frame is no keyframe
2011-02-02 16:55:54,085 [Thread-4] DEBUG com.xuggle.xuggler - Closing dangling Container (../../../../../../../csrc/com/xuggle/xuggler/Container.cpp:83)
2011-02-02 16:56:22,754 [Thread-4] ERROR org.ffmpeg - [wmv2 @ 0x54b4b70] warning: first frame is no keyframe
2011-02-02 16:56:22,778 [Finalizer] DEBUG com.xuggle.xuggler - Closing dangling Container (../../../../../../../csrc/com/xuggle/xuggler/Container.cpp:83)
2011-02-02 16:59:36,246 [Thread-4] ERROR org.ffmpeg - [wmv2 @ 0x5474b70] warning: first frame is no keyframe
2011-02-02 16:59:36,267 [Finalizer] DEBUG com.xuggle.xuggler - Closing dangling Container (../../../../../../../csrc/com/xuggle/xuggler/Container.cpp:83)
2011-02-02 17:02:48,028 [Thread-4] ERROR org.ffmpeg - [wmv2 @ 0x5454b10] warning: first frame is no keyframe
2011-02-02 17:02:48,048 [Finalizer] DEBUG com.xuggle.xuggler - Closing dangling Container (../../../../../../../csrc/com/xuggle/xuggler/Container.cpp:83)
2011-02-02 17:03:24,487 [Thread-4] ERROR org.ffmpeg - [wmv2 @ 0x5424b10] warning: first frame is no keyframe
2011-02-02 17:03:24,509 [Finalizer] DEBUG com.xuggle.xuggler - Closing dangling Container (../../../../../../../csrc/com/xuggle/xuggler/Container.cpp:83)
2011-02-02 17:04:47,193 [Thread-4] ERROR org.ffmpeg - [wmv2 @ 0x54a4b10] warning: first frame is no keyframe
2011-02-02 17:04:47,214 [Finalizer] DEBUG com.xuggle.xuggler - Closing dangling Container (../../../../../../../csrc/com/xuggle/xuggler/Container.cpp:83)
2011-02-02 17:05:51,723 [Thread-4] ERROR org.ffmpeg - [wmv2 @ 0x5404b10] warning: first frame is no keyframe
2011-02-02 17:05:51,744 [Finalizer] DEBUG com.xuggle.xuggler - Closing dangling Container (../../../../../../../csrc/com/xuggle/xuggler/Container.cpp:83)
2011-02-02 17:08:13,986 [Thread-4] ERROR org.ffmpeg - [wmv2 @ 0x5459830] warning: first frame is no keyframe
2011-02-02 17:08:14,675 [Finalizer] DEBUG com.xuggle.xuggler - Closing dangling Container (../../../../../../../csrc/com/xuggle/xuggler/Container.cpp:83)
2011-02-02 17:08:14,676 [Finalizer] DEBUG com.xuggle.xuggler - Closing dangling Container (../../../../../../../csrc/com/xuggle/xuggler/Container.cpp:83)
2011-02-02 17:08:34,717 [Thread-4] ERROR org.ffmpeg - [wmv2 @ 0x5444b10] warning: first frame is no keyframe
2011-02-02 17:08:34,739 [Finalizer] DEBUG com.xuggle.xuggler - Closing dangling Container (../../../../../../../csrc/com/xuggle/xuggler/Container.cpp:83)
2011-02-02 17:09:09,793 [Thread-4] ERROR org.ffmpeg - [wmv2 @ 0x54a4b10] warning: first frame is no keyframe
2011-02-02 17:09:09,815 [Finalizer] DEBUG com.xuggle.xuggler - Closing dangling Container (../../../../../../../csrc/com/xuggle/xuggler/Container.cpp:83)
2011-02-02 17:12:04,721 [Thread-4] ERROR org.ffmpeg - [wmv2 @ 0x5424e20] warning: first frame is no keyframe
2011-02-02 17:12:04,741 [Finalizer] DEBUG com.xuggle.xuggler - Closing dangling Container (../../../../../../../csrc/com/xuggle/xuggler/Container.cpp:83)
2011-02-02 17:12:42,546 [Thread-4] ERROR org.ffmpeg - [wmv2 @ 0x54a4e20] warning: first frame is no keyframe
2011-02-02 17:12:42,567 [Finalizer] DEBUG com.xuggle.xuggler - Closing dangling Container (../../../../../../../csrc/com/xuggle/xuggler/Container.cpp:83)
2011-02-02 17:13:13,358 [Thread-4] ERROR org.ffmpeg - [wmv2 @ 0x54c4b70] warning: first frame is no keyframe
2011-02-02 17:13:13,379 [Finalizer] DEBUG com.xuggle.xuggler - Closing dangling Container (../../../../../../../csrc/com/xuggle/xuggler/Container.cpp:83)
2011-02-02 17:13:40,183 [Thread-4] ERROR org.ffmpeg - [wmv2 @ 0x5414b70] warning: first frame is no keyframe
2011-02-02 17:13:40,204 [Finalizer] DEBUG com.xuggle.xuggler - Closing dangling Container (../../../../../../../csrc/com/xuggle/xuggler/Container.cpp:83)
2011-02-02 17:14:59,094 [Thread-4] ERROR org.ffmpeg - [wmv2 @ 0x5424b70] warning: first frame is no keyframe
2011-02-02 17:14:59,115 [Finalizer] DEBUG com.xuggle.xuggler - Closing dangling Container (../../../../../../../csrc/com/xuggle/xuggler/Container.cpp:83)
2011-02-02 17:18:08,594 [Thread-4] ERROR org.ffmpeg - [wmv2 @ 0x5494b70] warning: first frame is no keyframe
2011-02-02 17:18:08,614 [Finalizer] DEBUG com.xuggle.xuggler - Closing dangling Container (../../../../../../../csrc/com/xuggle/xuggler/Container.cpp:83)
2011-02-02 17:19:47,412 [Thread-4] ERROR org.ffmpeg - [wmv2 @ 0x54a4b70] warning: first frame is no keyframe
2011-02-02 17:19:47,433 [Finalizer] DEBUG com.xuggle.xuggler - Closing dangling Container (../../../../../../../csrc/com/xuggle/xuggler/Container.cpp:83)
2011-02-02 17:20:33,121 [Thread-4] ERROR org.ffmpeg - [wmv2 @ 0x5414b70] warning: first frame is no keyframe
2011-02-02 17:20:33,143 [Finalizer] DEBUG com.xuggle.xuggler - Closing dangling Container (../../../../../../../csrc/com/xuggle/xuggler/Container.cpp:83)
2011-02-02 17:21:02,137 [Thread-4] ERROR org.ffmpeg - [wmv2 @ 0x5414b70] warning: first frame is no keyframe
2011-02-02 17:21:02,159 [Finalizer] DEBUG com.xuggle.xuggler - Closing dangling Container (../../../../../../../csrc/com/xuggle/xuggler/Container.cpp:83)
2011-02-02 17:22:25,123 [Thread-4] ERROR org.ffmpeg - [wmv2 @ 0x54a4b70] warning: first frame is no keyframe
2011-02-02 17:22:25,145 [Finalizer] DEBUG com.xuggle.xuggler - Closing dangling Container (../../../../../../../csrc/com/xuggle/xuggler/Container.cpp:83)
2011-02-02 17:23:05,259 [Thread-4] ERROR org.ffmpeg - [wmv2 @ 0x5414b70] warning: first frame is no keyframe
2011-02-02 17:23:05,826 [Finalizer] DEBUG com.xuggle.xuggler - Closing dangling Container (../../../../../../../csrc/com/xuggle/xuggler/Container.cpp:83)
2011-02-02 17:23:33,256 [Thread-4] ERROR org.ffmpeg - [wmv2 @ 0x5484b70] warning: first frame is no keyframe
2011-02-02 17:23:33,277 [Finalizer] DEBUG com.xuggle.xuggler - Closing dangling Container (../../../../../../../csrc/com/xuggle/xuggler/Container.cpp:83)
2011-02-02 17:24:03,913 [Thread-4] ERROR org.ffmpeg - [wmv2 @ 0x5414b70] warning: first frame is no keyframe
2011-02-02 17:24:03,934 [Finalizer] DEBUG com.xuggle.xuggler - Closing dangling Container (../../../../../../../csrc/com/xuggle/xuggler/Container.cpp:83)
2011-02-02 17:25:03,489 [Thread-4] ERROR org.ffmpeg - [wmv2 @ 0x5414b70] warning: first frame is no keyframe
2011-02-02 17:25:03,511 [Finalizer] DEBUG com.xuggle.xuggler - Closing dangling Container (../../../../../../../csrc/com/xuggle/xuggler/Container.cpp:83)
2011-02-02 17:25:52,449 [Thread-4] ERROR org.ffmpeg - [wmv2 @ 0x54f4b70] warning: first frame is no keyframe
2011-02-02 17:25:52,471 [Finalizer] DEBUG com.xuggle.xuggler - Closing dangling Container (../../../../../../../csrc/com/xuggle/xuggler/Container.cpp:83)
2011-02-02 17:27:41,323 [Finalizer] DEBUG com.xuggle.xuggler - Closing dangling Container (../../../../../../../csrc/com/xuggle/xuggler/Container.cpp:83)
2011-02-02 17:28:03,690 [Finalizer] DEBUG com.xuggle.xuggler - Closing dangling Container (../../../../../../../csrc/com/xuggle/xuggler/Container.cpp:83)
2011-02-02 17:31:03,209 [Finalizer] DEBUG com.xuggle.xuggler - Closing dangling Container (../../../../../../../csrc/com/xuggle/xuggler/Container.cpp:83)
2011-02-02 17:33:18,471 [Finalizer] DEBUG com.xuggle.xuggler - Closing dangling Container (../../../../../../../csrc/com/xuggle/xuggler/Container.cpp:83)
2011-02-02 17:35:10,294 [Finalizer] DEBUG com.xuggle.xuggler - Closing dangling Container (../../../../../../../csrc/com/xuggle/xuggler/Container.cpp:83)
2011-02-02 17:35:51,814 [Finalizer] DEBUG com.xuggle.xuggler - Closing dangling Container (../../../../../../../csrc/com/xuggle/xuggler/Container.cpp:83)
2011-02-02 17:37:45,866 [Finalizer] DEBUG com.xuggle.xuggler - Closing dangling Container (../../../../../../../csrc/com/xuggle/xuggler/Container.cpp:83)
2011-02-02 17:38:00,181 [Finalizer] DEBUG com.xuggle.xuggler - Closing dangling Container (../../../../../../../csrc/com/xuggle/xuggler/Container.cpp:83)
2011-02-02 17:39:53,609 [Finalizer] DEBUG com.xuggle.xuggler - Closing dangling Container (../../../../../../../csrc/com/xuggle/xuggler/Container.cpp:83)
2011-02-02 17:40:07,130 [Thread-7] ERROR org.ffmpeg - [wmv2 @ 0x5423d40] warning: first frame is no keyframe
2011-02-02 17:40:07,142 [Finalizer] DEBUG com.xuggle.xuggler - Closing dangling Container (../../../../../../../csrc/com/xuggle/xuggler/Container.cpp:83)
2011-02-02 17:42:39,919 [Finalizer] DEBUG com.xuggle.xuggler - Closing dangling Container (../../../../../../../csrc/com/xuggle/xuggler/Container.cpp:83)
2011-02-02 17:42:39,940 [Thread-4] ERROR org.ffmpeg - [wmv2 @ 0x5534d30] warning: first frame is no keyframe
2011-02-02 17:45:12,001 [Thread-4] ERROR org.ffmpeg - [wmv2 @ 0x54d4d30] warning: first frame is no keyframe
2011-02-02 17:45:12,023 [Finalizer] DEBUG com.xuggle.xuggler - Closing dangling Container (../../../../../../../csrc/com/xuggle/xuggler/Container.cpp:83)
2011-02-02 17:47:26,056 [Finalizer] DEBUG com.xuggle.xuggler - Closing dangling Container (../../../../../../../csrc/com/xuggle/xuggler/Container.cpp:83)
2011-02-02 17:47:51,390 [Finalizer] DEBUG com.xuggle.xuggler - Closing dangling Container (../../../../../../../csrc/com/xuggle/xuggler/Container.cpp:83)
2011-02-02 17:48:13,897 [Finalizer] DEBUG com.xuggle.xuggler - Closing dangling Container (../../../../../../../csrc/com/xuggle/xuggler/Container.cpp:83)
2011-02-02 17:48:31,114 [Finalizer] DEBUG com.xuggle.xuggler - Closing dangling Container (../../../../../../../csrc/com/xuggle/xuggler/Container.cpp:83)
2011-02-02 17:48:31,133 [Thread-4] ERROR org.ffmpeg - [wmv2 @ 0x5414b70] warning: first frame is no keyframe
2011-02-02 17:48:42,412 [Finalizer] DEBUG com.xuggle.xuggler - Closing dangling Container (../../../../../../../csrc/com/xuggle/xuggler/Container.cpp:83)
2011-02-02 17:48:42,432 [Thread-4] ERROR org.ffmpeg - [wmv2 @ 0x5414d90] warning: first frame is no keyframe
2011-02-02 17:49:51,750 [Finalizer] DEBUG com.xuggle.xuggler - Closing dangling Container (../../../../../../../csrc/com/xuggle/xuggler/Container.cpp:83)
2011-02-02 17:49:51,769 [Thread-4] ERROR org.ffmpeg - [wmv2 @ 0x54c4d90] warning: first frame is no keyframe
2011-02-02 17:51:45,405 [AWT-EventQueue-0] ERROR org.ffmpeg - [mp1 @ 0x540a9b0] Header missing
2011-02-02 17:51:45,408 [AWT-EventQueue-0] ERROR org.ffmpeg - [mp1 @ 0x540a9b0] Header missing
2011-02-02 17:51:45,408 [AWT-EventQueue-0] WARN  com.xuggle.xuggler - Could not find streams in input container (../../../../../../../csrc/com/xuggle/xuggler/Container.cpp:769)
2011-02-02 18:06:15,142 [Finalizer] DEBUG com.xuggle.xuggler - Closing dangling Container (../../../../../../../csrc/com/xuggle/xuggler/Container.cpp:83)
2011-02-02 18:06:15,161 [Thread-4] ERROR org.ffmpeg - [wmv2 @ 0x54217c0] warning: first frame is no keyframe
2011-02-02 18:07:08,493 [Thread-8] ERROR org.ffmpeg - [wmv2 @ 0x5422780] warning: first frame is no keyframe
2011-02-02 18:11:14,918 [Thread-4] ERROR org.ffmpeg - [wmv2 @ 0x54b4b70] warning: first frame is no keyframe
2011-02-02 18:11:14,939 [Finalizer] DEBUG com.xuggle.xuggler - Closing dangling Container (../../../../../../../csrc/com/xuggle/xuggler/Container.cpp:83)
2011-02-02 18:11:44,123 [Finalizer] DEBUG com.xuggle.xuggler - Closing dangling Container (../../../../../../../csrc/com/xuggle/xuggler/Container.cpp:83)
2011-02-02 18:11:44,141 [Thread-4] ERROR org.ffmpeg - [wmv2 @ 0x5564d90] warning: first frame is no keyframe
2011-02-02 18:14:16,050 [Finalizer] DEBUG com.xuggle.xuggler - Closing dangling Container (../../../../../../../csrc/com/xuggle/xuggler/Container.cpp:83)
2011-02-02 18:14:51,509 [Finalizer] DEBUG com.xuggle.xuggler - Closing dangling Container (../../../../../../../csrc/com/xuggle/xuggler/Container.cpp:83)
2011-02-02 18:15:15,759 [Finalizer] DEBUG com.xuggle.xuggler - Closing dangling Container (../../../../../../../csrc/com/xuggle/xuggler/Container.cpp:83)
2011-02-02 18:15:35,556 [Finalizer] DEBUG com.xuggle.xuggler - Closing dangling Container (../../../../../../../csrc/com/xuggle/xuggler/Container.cpp:83)
2011-02-02 18:15:54,220 [Finalizer] DEBUG com.xuggle.xuggler - Closing dangling Container (../../../../../../../csrc/com/xuggle/xuggler/Container.cpp:83)
2011-02-02 18:16:10,893 [Finalizer] DEBUG com.xuggle.xuggler - Closing dangling Container (../../../../../../../csrc/com/xuggle/xuggler/Container.cpp:83)
2011-02-02 18:16:29,552 [Finalizer] DEBUG com.xuggle.xuggler - Closing dangling Container (../../../../../../../csrc/com/xuggle/xuggler/Container.cpp:83)
2011-02-02 18:19:07,126 [Finalizer] DEBUG com.xuggle.xuggler - Closing dangling Container (../../../../../../../csrc/com/xuggle/xuggler/Container.cpp:83)
2011-02-02 18:20:09,840 [Finalizer] DEBUG com.xuggle.xuggler - Closing dangling Container (../../../../../../../csrc/com/xuggle/xuggler/Container.cpp:83)
2011-02-02 18:22:17,251 [Thread-4] ERROR org.ffmpeg - [wmv2 @ 0x5424b70] warning: first frame is no keyframe
2011-02-02 18:22:17,274 [Finalizer] DEBUG com.xuggle.xuggler - Closing dangling Container (../../../../../../../csrc/com/xuggle/xuggler/Container.cpp:83)
2011-02-02 18:22:44,022 [Finalizer] DEBUG com.xuggle.xuggler - Closing dangling Container (../../../../../../../csrc/com/xuggle/xuggler/Container.cpp:83)
2011-02-02 18:22:44,041 [Thread-4] ERROR org.ffmpeg - [wmv2 @ 0x5411a20] warning: first frame is no keyframe
2011-02-02 18:23:31,197 [Finalizer] DEBUG com.xuggle.xuggler - Closing dangling Container (../../../../../../../csrc/com/xuggle/xuggler/Container.cpp:83)
2011-02-02 18:23:31,216 [Thread-4] ERROR org.ffmpeg - [wmv2 @ 0x54e4b90] warning: first frame is no keyframe
2011-02-02 18:25:08,907 [Finalizer] DEBUG com.xuggle.xuggler - Closing dangling Container (../../../../../../../csrc/com/xuggle/xuggler/Container.cpp:83)
2011-02-02 18:25:08,927 [Thread-4] ERROR org.ffmpeg - [wmv2 @ 0x549cb60] warning: first frame is no keyframe
2011-02-02 18:25:34,115 [Finalizer] DEBUG com.xuggle.xuggler - Closing dangling Container (../../../../../../../csrc/com/xuggle/xuggler/Container.cpp:83)
2011-02-02 18:25:34,134 [Thread-4] ERROR org.ffmpeg - [wmv2 @ 0x53e19d0] warning: first frame is no keyframe
2011-02-02 18:27:48,630 [Finalizer] DEBUG com.xuggle.xuggler - Closing dangling Container (../../../../../../../csrc/com/xuggle/xuggler/Container.cpp:83)
2011-02-02 18:28:14,318 [Finalizer] DEBUG com.xuggle.xuggler - Closing dangling Container (../../../../../../../csrc/com/xuggle/xuggler/Container.cpp:83)
2011-02-02 18:28:56,549 [Finalizer] DEBUG com.xuggle.xuggler - Closing dangling Container (../../../../../../../csrc/com/xuggle/xuggler/Container.cpp:83)
2011-02-02 18:30:17,578 [Finalizer] DEBUG com.xuggle.xuggler - Closing dangling Container (../../../../../../../csrc/com/xuggle/xuggler/Container.cpp:83)
2011-02-02 18:30:35,218 [Finalizer] DEBUG com.xuggle.xuggler - Closing dangling Container (../../../../../../../csrc/com/xuggle/xuggler/Container.cpp:83)
2011-02-02 18:32:28,069 [Finalizer] DEBUG com.xuggle.xuggler - Closing dangling Container (../../../../../../../csrc/com/xuggle/xuggler/Container.cpp:83)
2011-02-02 18:32:28,088 [Thread-4] ERROR org.ffmpeg - [wmv2 @ 0x54d4b70] warning: first frame is no keyframe
2011-02-02 18:33:02,460 [Finalizer] DEBUG com.xuggle.xuggler - Closing dangling Container (../../../../../../../csrc/com/xuggle/xuggler/Container.cpp:83)
2011-02-02 18:33:02,479 [Thread-4] ERROR org.ffmpeg - [wmv2 @ 0x53e4d90] warning: first frame is no keyframe
2011-02-02 18:33:52,674 [Finalizer] DEBUG com.xuggle.xuggler - Closing dangling Container (../../../../../../../csrc/com/xuggle/xuggler/Container.cpp:83)
2011-02-02 18:33:52,695 [Thread-4] ERROR org.ffmpeg - [wmv2 @ 0x551aa00] warning: first frame is no keyframe
2011-02-02 18:34:15,962 [Finalizer] DEBUG com.xuggle.xuggler - Closing dangling Container (../../../../../../../csrc/com/xuggle/xuggler/Container.cpp:83)
2011-02-02 18:34:15,982 [Thread-4] ERROR org.ffmpeg - [wmv2 @ 0x5471980] warning: first frame is no keyframe
2011-02-02 18:34:38,613 [Finalizer] DEBUG com.xuggle.xuggler - Closing dangling Container (../../../../../../../csrc/com/xuggle/xuggler/Container.cpp:83)
2011-02-02 18:34:38,637 [Thread-4] ERROR org.ffmpeg - [wmv2 @ 0x540aa00] warning: first frame is no keyframe
2011-02-02 18:40:21,670 [Thread-4] ERROR org.ffmpeg - [wmv2 @ 0x54e4b10] warning: first frame is no keyframe
2011-02-02 18:40:21,691 [Finalizer] DEBUG com.xuggle.xuggler - Closing dangling Container (../../../../../../../csrc/com/xuggle/xuggler/Container.cpp:83)
2011-02-02 18:40:52,814 [Thread-4] ERROR org.ffmpeg - [wmv2 @ 0x5464b10] warning: first frame is no keyframe
2011-02-02 18:40:52,837 [Finalizer] DEBUG com.xuggle.xuggler - Closing dangling Container (../../../../../../../csrc/com/xuggle/xuggler/Container.cpp:83)
2011-02-02 18:41:46,267 [Thread-4] ERROR org.ffmpeg - [wmv2 @ 0x53f4b10] warning: first frame is no keyframe
2011-02-02 18:41:46,288 [Finalizer] DEBUG com.xuggle.xuggler - Closing dangling Container (../../../../../../../csrc/com/xuggle/xuggler/Container.cpp:83)
2011-02-02 18:43:17,741 [Thread-4] ERROR org.ffmpeg - [wmv2 @ 0x5374d30] warning: first frame is no keyframe
2011-02-02 18:43:17,764 [Finalizer] DEBUG com.xuggle.xuggler - Closing dangling Container (../../../../../../../csrc/com/xuggle/xuggler/Container.cpp:83)
2011-02-02 18:43:35,881 [Finalizer] DEBUG com.xuggle.xuggler - Closing dangling Container (../../../../../../../csrc/com/xuggle/xuggler/Container.cpp:83)
2011-02-02 18:43:57,300 [Finalizer] DEBUG com.xuggle.xuggler - Closing dangling Container (../../../../../../../csrc/com/xuggle/xuggler/Container.cpp:83)
2011-02-02 18:43:57,321 [Thread-4] ERROR org.ffmpeg - [wmv2 @ 0x547ac90] warning: first frame is no keyframe
2011-02-02 18:44:12,078 [Finalizer] DEBUG com.xuggle.xuggler - Closing dangling Container (../../../../../../../csrc/com/xuggle/xuggler/Container.cpp:83)
2011-02-02 18:44:12,098 [Thread-4] ERROR org.ffmpeg - [wmv2 @ 0x53619d0] warning: first frame is no keyframe
2011-02-02 18:45:56,314 [Thread-4] ERROR org.ffmpeg - [wmv2 @ 0x54b4d30] warning: first frame is no keyframe
2011-02-02 18:45:56,336 [Finalizer] DEBUG com.xuggle.xuggler - Closing dangling Container (../../../../../../../csrc/com/xuggle/xuggler/Container.cpp:83)
2011-02-02 18:47:14,532 [Finalizer] DEBUG com.xuggle.xuggler - Closing dangling Container (../../../../../../../csrc/com/xuggle/xuggler/Container.cpp:83)
2011-02-02 18:47:14,557 [Thread-4] ERROR org.ffmpeg - [wmv2 @ 0x54caa00] warning: first frame is no keyframe
2011-02-02 18:47:34,953 [Finalizer] DEBUG com.xuggle.xuggler - Closing dangling Container (../../../../../../../csrc/com/xuggle/xuggler/Container.cpp:83)
2011-02-02 18:47:34,978 [Thread-4] ERROR org.ffmpeg - [wmv2 @ 0x5491880] warning: first frame is no keyframe
2011-02-02 18:47:46,498 [Finalizer] DEBUG com.xuggle.xuggler - Closing dangling Container (../../../../../../../csrc/com/xuggle/xuggler/Container.cpp:83)
2011-02-02 18:47:46,519 [Thread-4] ERROR org.ffmpeg - [wmv2 @ 0x548a960] warning: first frame is no keyframe
2011-02-02 18:49:01,045 [Finalizer] DEBUG com.xuggle.xuggler - Closing dangling Container (../../../../../../../csrc/com/xuggle/xuggler/Container.cpp:83)
2011-02-02 18:49:01,070 [Thread-4] ERROR org.ffmpeg - [wmv2 @ 0x536aa00] warning: first frame is no keyframe
2011-02-02 18:49:16,180 [Finalizer] DEBUG com.xuggle.xuggler - Closing dangling Container (../../../../../../../csrc/com/xuggle/xuggler/Container.cpp:83)
2011-02-02 18:49:16,210 [Thread-4] ERROR org.ffmpeg - [wmv2 @ 0x543aa00] warning: first frame is no keyframe
2011-02-02 18:50:39,615 [Finalizer] DEBUG com.xuggle.xuggler - Closing dangling Container (../../../../../../../csrc/com/xuggle/xuggler/Container.cpp:83)
2011-02-02 18:50:48,541 [Thread-4] ERROR org.ffmpeg - [wmv2 @ 0x5434b70] warning: first frame is no keyframe
2011-02-02 18:50:48,558 [Finalizer] DEBUG com.xuggle.xuggler - Closing dangling Container (../../../../../../../csrc/com/xuggle/xuggler/Container.cpp:83)
2011-02-02 18:51:01,651 [Finalizer] DEBUG com.xuggle.xuggler - Closing dangling Container (../../../../../../../csrc/com/xuggle/xuggler/Container.cpp:83)
2011-02-02 18:51:01,671 [Thread-4] ERROR org.ffmpeg - [wmv2 @ 0x54dcb60] warning: first frame is no keyframe
2011-02-02 18:51:26,521 [Finalizer] DEBUG com.xuggle.xuggler - Closing dangling Container (../../../../../../../csrc/com/xuggle/xuggler/Container.cpp:83)
2011-02-02 18:51:26,541 [Thread-4] ERROR org.ffmpeg - [wmv2 @ 0x543cb70] warning: first frame is no keyframe
2011-02-02 18:55:09,835 [Thread-4] DEBUG com.xuggle.xuggler - Closing dangling Container (../../../../../../../csrc/com/xuggle/xuggler/Container.cpp:83)
2011-02-02 18:55:30,917 [Thread-7] ERROR org.ffmpeg - [wmv2 @ 0x541afe0] warning: first frame is no keyframe
2011-02-02 18:55:30,924 [Thread-7] DEBUG com.xuggle.xuggler - Closing dangling Container (../../../../../../../csrc/com/xuggle/xuggler/Container.cpp:83)
2011-02-02 18:55:49,708 [Finalizer] DEBUG com.xuggle.xuggler - Closing dangling Container (../../../../../../../csrc/com/xuggle/xuggler/Container.cpp:83)
2011-02-02 18:55:49,734 [Thread-4] ERROR org.ffmpeg - [wmv2 @ 0x54117c0] warning: first frame is no keyframe
2011-02-02 18:55:50,009 [Thread-4] ERROR org.ffmpeg - [wmav2 @ 0x54121d0] overflow in spectral RLE, ignoring
2011-02-02 18:55:50,153 [Thread-4] ERROR org.ffmpeg - [wmav2 @ 0x54121d0] overflow in spectral RLE, ignoring
2011-02-02 18:55:50,265 [Thread-4] ERROR org.ffmpeg - [wmav2 @ 0x54121d0] overflow in spectral RLE, ignoring
2011-02-02 18:57:40,210 [Finalizer] DEBUG com.xuggle.xuggler - Closing dangling Container (../../../../../../../csrc/com/xuggle/xuggler/Container.cpp:83)
2011-02-02 18:57:40,234 [Thread-4] ERROR org.ffmpeg - [wmv2 @ 0x54717c0] warning: first frame is no keyframe
2011-02-02 18:57:40,449 [Thread-4] ERROR org.ffmpeg - [wmav2 @ 0x54721d0] overflow in spectral RLE, ignoring
2011-02-02 18:57:40,589 [Thread-4] ERROR org.ffmpeg - [wmav2 @ 0x54721d0] overflow in spectral RLE, ignoring
2011-02-02 18:57:40,709 [Thread-4] ERROR org.ffmpeg - [wmav2 @ 0x54721d0] overflow in spectral RLE, ignoring
2011-02-02 18:57:56,459 [Finalizer] DEBUG com.xuggle.xuggler - Closing dangling Container (../../../../../../../csrc/com/xuggle/xuggler/Container.cpp:83)
2011-02-02 18:57:56,480 [Thread-4] ERROR org.ffmpeg - [wmv2 @ 0x5535450] warning: first frame is no keyframe
2011-02-02 18:57:56,698 [Thread-4] ERROR org.ffmpeg - [wmav2 @ 0xa6e03a0] overflow in spectral RLE, ignoring
2011-02-02 18:57:56,835 [Thread-4] ERROR org.ffmpeg - [wmav2 @ 0xa6e03a0] overflow in spectral RLE, ignoring
2011-02-02 18:57:56,945 [Thread-4] ERROR org.ffmpeg - [wmav2 @ 0xa6e03a0] overflow in spectral RLE, ignoring
2011-02-02 18:59:27,106 [Thread-4] ERROR org.ffmpeg - [wmv2 @ 0x5464b70] warning: first frame is no keyframe
2011-02-02 18:59:27,127 [Finalizer] DEBUG com.xuggle.xuggler - Closing dangling Container (../../../../../../../csrc/com/xuggle/xuggler/Container.cpp:83)
2011-02-02 19:00:28,080 [Finalizer] DEBUG com.xuggle.xuggler - Closing dangling Container (../../../../../../../csrc/com/xuggle/xuggler/Container.cpp:83)
2011-02-02 19:00:40,681 [Finalizer] DEBUG com.xuggle.xuggler - Closing dangling Container (../../../../../../../csrc/com/xuggle/xuggler/Container.cpp:83)
2011-02-02 19:00:40,702 [Thread-4] ERROR org.ffmpeg - [wmv2 @ 0x5524b10] warning: first frame is no keyframe
2011-02-02 19:01:43,365 [Finalizer] DEBUG com.xuggle.xuggler - Closing dangling Container (../../../../../../../csrc/com/xuggle/xuggler/Container.cpp:83)
2011-02-02 19:01:44,163 [Thread-4] ERROR org.ffmpeg - [wmv2 @ 0x53daa00] warning: first frame is no keyframe
2011-02-02 19:02:51,186 [Finalizer] DEBUG com.xuggle.xuggler - Closing dangling Container (../../../../../../../csrc/com/xuggle/xuggler/Container.cpp:83)
2011-02-02 19:02:51,205 [Thread-4] ERROR org.ffmpeg - [wmv2 @ 0x5474b70] warning: first frame is no keyframe
2011-02-02 19:04:41,227 [Finalizer] DEBUG com.xuggle.xuggler - Closing dangling Container (../../../../../../../csrc/com/xuggle/xuggler/Container.cpp:83)
2011-02-02 19:04:41,250 [Thread-4] ERROR org.ffmpeg - [wmv2 @ 0x54baa00] warning: first frame is no keyframe
2011-02-02 19:07:11,278 [Finalizer] DEBUG com.xuggle.xuggler - Closing dangling Container (../../../../../../../csrc/com/xuggle/xuggler/Container.cpp:83)
2011-02-02 19:07:12,433 [Thread-4] ERROR org.ffmpeg - [wmv2 @ 0x546aa00] warning: first frame is no keyframe
2011-02-02 19:08:30,594 [AWT-EventQueue-0] ERROR org.ffmpeg - [mp1 @ 0x534a9b0] Header missing
2011-02-02 19:08:30,598 [AWT-EventQueue-0] ERROR org.ffmpeg - [mp1 @ 0x534a9b0] Header missing
2011-02-02 19:08:30,598 [AWT-EventQueue-0] WARN  com.xuggle.xuggler - Could not find streams in input container (../../../../../../../csrc/com/xuggle/xuggler/Container.cpp:769)
2011-02-02 19:09:37,770 [Finalizer] DEBUG com.xuggle.xuggler - Closing dangling Container (../../../../../../../csrc/com/xuggle/xuggler/Container.cpp:83)
2011-02-02 19:09:37,791 [Thread-4] ERROR org.ffmpeg - [wmv2 @ 0x53aaa10] warning: first frame is no keyframe
2011-02-02 19:10:24,126 [Finalizer] DEBUG com.xuggle.xuggler - Closing dangling Container (../../../../../../../csrc/com/xuggle/xuggler/Container.cpp:83)
2011-02-02 19:10:24,149 [Thread-4] ERROR org.ffmpeg - [wmv2 @ 0x544aa10] warning: first frame is no keyframe
2011-02-02 19:11:06,073 [AWT-EventQueue-0] ERROR org.ffmpeg - [mp1 @ 0x536a9c0] Header missing
2011-02-02 19:11:06,078 [AWT-EventQueue-0] ERROR org.ffmpeg - [mp1 @ 0x536a9c0] Header missing
2011-02-02 19:11:06,078 [AWT-EventQueue-0] WARN  com.xuggle.xuggler - Could not find streams in input container (../../../../../../../csrc/com/xuggle/xuggler/Container.cpp:769)
2011-02-02 19:11:06,226 [Finalizer] DEBUG com.xuggle.xuggler - Closing dangling Container (../../../../../../../csrc/com/xuggle/xuggler/Container.cpp:83)
2011-02-02 19:12:10,664 [Finalizer] DEBUG com.xuggle.xuggler - Closing dangling Container (../../../../../../../csrc/com/xuggle/xuggler/Container.cpp:83)
2011-02-02 19:12:11,343 [Thread-4] ERROR org.ffmpeg - [wmv2 @ 0x543aa00] warning: first frame is no keyframe
2011-02-02 19:12:32,921 [Finalizer] DEBUG com.xuggle.xuggler - Closing dangling Container (../../../../../../../csrc/com/xuggle/xuggler/Container.cpp:83)
2011-02-02 19:12:32,945 [Thread-4] ERROR org.ffmpeg - [wmv2 @ 0x541aa00] warning: first frame is no keyframe
2011-02-02 19:13:40,974 [Finalizer] DEBUG com.xuggle.xuggler - Closing dangling Container (../../../../../../../csrc/com/xuggle/xuggler/Container.cpp:83)
2011-02-02 19:13:41,038 [Thread-4] ERROR org.ffmpeg - [wmv2 @ 0x53faa00] warning: first frame is no keyframe
2011-02-02 19:14:07,459 [Finalizer] DEBUG com.xuggle.xuggler - Closing dangling Container (../../../../../../../csrc/com/xuggle/xuggler/Container.cpp:83)
2011-02-02 19:14:07,479 [Thread-4] ERROR org.ffmpeg - [wmv2 @ 0x544b4b0] warning: first frame is no keyframe
2011-02-02 19:18:58,731 [Finalizer] DEBUG com.xuggle.xuggler - Closing dangling Container (../../../../../../../csrc/com/xuggle/xuggler/Container.cpp:83)
2011-02-02 19:18:58,757 [Thread-4] ERROR org.ffmpeg - [wmv2 @ 0x54aaa00] warning: first frame is no keyframe
2011-02-02 19:19:53,917 [Finalizer] DEBUG com.xuggle.xuggler - Closing dangling Container (../../../../../../../csrc/com/xuggle/xuggler/Container.cpp:83)
2011-02-02 19:19:53,937 [Thread-4] ERROR org.ffmpeg - [wmv2 @ 0x5464d90] warning: first frame is no keyframe
2011-02-02 19:21:10,296 [Finalizer] DEBUG com.xuggle.xuggler - Closing dangling Container (../../../../../../../csrc/com/xuggle/xuggler/Container.cpp:83)
2011-02-02 19:21:10,316 [Thread-4] ERROR org.ffmpeg - [wmv2 @ 0x549aa70] warning: first frame is no keyframe
2011-02-02 19:21:48,754 [Finalizer] DEBUG com.xuggle.xuggler - Closing dangling Container (../../../../../../../csrc/com/xuggle/xuggler/Container.cpp:83)
2011-02-02 19:21:48,774 [Thread-4] ERROR org.ffmpeg - [wmv2 @ 0x54917c0] warning: first frame is no keyframe
2011-02-02 19:22:42,968 [Finalizer] DEBUG com.xuggle.xuggler - Closing dangling Container (../../../../../../../csrc/com/xuggle/xuggler/Container.cpp:83)
2011-02-02 19:22:42,988 [Thread-4] ERROR org.ffmpeg - [wmv2 @ 0x544cb60] warning: first frame is no keyframe
2011-02-02 20:27:06,089 [Thread-4] ERROR org.ffmpeg - [wmv2 @ 0x54d4b10] warning: first frame is no keyframe
2011-02-02 20:27:06,114 [Finalizer] DEBUG com.xuggle.xuggler - Closing dangling Container (../../../../../../../csrc/com/xuggle/xuggler/Container.cpp:83)
2011-02-02 20:27:22,868 [Finalizer] DEBUG com.xuggle.xuggler - Closing dangling Container (../../../../../../../csrc/com/xuggle/xuggler/Container.cpp:83)
2011-02-02 20:27:22,891 [Thread-4] ERROR org.ffmpeg - [wmv2 @ 0x53eaa00] warning: first frame is no keyframe
2011-02-02 20:27:37,492 [Finalizer] DEBUG com.xuggle.xuggler - Closing dangling Container (../../../../../../../csrc/com/xuggle/xuggler/Container.cpp:83)
2011-02-02 20:27:37,514 [Thread-4] ERROR org.ffmpeg - [wmv2 @ 0x54baa00] warning: first frame is no keyframe
2011-02-02 20:28:03,377 [Finalizer] DEBUG com.xuggle.xuggler - Closing dangling Container (../../../../../../../csrc/com/xuggle/xuggler/Container.cpp:83)
2011-02-02 20:28:03,400 [Thread-4] ERROR org.ffmpeg - [wmv2 @ 0x543ab50] warning: first frame is no keyframe
2011-02-02 20:28:12,922 [Thread-7] ERROR org.ffmpeg - [wmv2 @ 0xa80cbf0] warning: first frame is no keyframe
2011-02-02 20:28:12,929 [Thread-7] DEBUG com.xuggle.xuggler - Closing dangling Container (../../../../../../../csrc/com/xuggle/xuggler/Container.cpp:83)
2011-02-02 20:29:09,143 [Finalizer] DEBUG com.xuggle.xuggler - Closing dangling Container (../../../../../../../csrc/com/xuggle/xuggler/Container.cpp:83)
2011-02-02 20:29:09,165 [Thread-4] ERROR org.ffmpeg - [wmv2 @ 0x542aa00] warning: first frame is no keyframe
2011-02-02 20:29:31,143 [Finalizer] DEBUG com.xuggle.xuggler - Closing dangling Container (../../../../../../../csrc/com/xuggle/xuggler/Container.cpp:83)
2011-02-02 20:29:31,165 [Thread-4] ERROR org.ffmpeg - [wmv2 @ 0x543aa00] warning: first frame is no keyframe
2011-02-02 20:30:09,498 [Thread-4] ERROR org.ffmpeg - [wmv2 @ 0x5514b70] warning: first frame is no keyframe
2011-02-02 20:30:09,521 [Finalizer] DEBUG com.xuggle.xuggler - Closing dangling Container (../../../../../../../csrc/com/xuggle/xuggler/Container.cpp:83)
2011-02-02 20:30:42,491 [Thread-4] ERROR org.ffmpeg - [wmv2 @ 0x5514b70] warning: first frame is no keyframe
2011-02-02 20:30:42,512 [Finalizer] DEBUG com.xuggle.xuggler - Closing dangling Container (../../../../../../../csrc/com/xuggle/xuggler/Container.cpp:83)
2011-02-02 20:31:08,845 [Finalizer] DEBUG com.xuggle.xuggler - Closing dangling Container (../../../../../../../csrc/com/xuggle/xuggler/Container.cpp:83)
2011-02-02 20:31:39,938 [Finalizer] DEBUG com.xuggle.xuggler - Closing dangling Container (../../../../../../../csrc/com/xuggle/xuggler/Container.cpp:83)
2011-02-02 20:32:04,942 [Thread-4] ERROR org.ffmpeg - [wmv2 @ 0x5404b10] warning: first frame is no keyframe
2011-02-02 20:32:04,964 [Finalizer] DEBUG com.xuggle.xuggler - Closing dangling Container (../../../../../../../csrc/com/xuggle/xuggler/Container.cpp:83)
2011-02-02 20:32:35,047 [Thread-4] ERROR org.ffmpeg - [wmv2 @ 0x5444b10] warning: first frame is no keyframe
2011-02-02 20:32:35,069 [Finalizer] DEBUG com.xuggle.xuggler - Closing dangling Container (../../../../../../../csrc/com/xuggle/xuggler/Container.cpp:83)
2011-02-02 20:33:23,954 [Thread-4] ERROR org.ffmpeg - [wmv2 @ 0x5454b10] warning: first frame is no keyframe
2011-02-02 20:33:23,976 [Finalizer] DEBUG com.xuggle.xuggler - Closing dangling Container (../../../../../../../csrc/com/xuggle/xuggler/Container.cpp:83)
2011-02-02 20:35:55,993 [Thread-4] ERROR org.ffmpeg - [wmv2 @ 0x5584b70] warning: first frame is no keyframe
2011-02-02 20:35:56,014 [Thread-4] DEBUG com.xuggle.xuggler - Closing dangling Container (../../../../../../../csrc/com/xuggle/xuggler/Container.cpp:83)
2011-02-02 20:37:09,459 [Finalizer] DEBUG com.xuggle.xuggler - Closing dangling Container (../../../../../../../csrc/com/xuggle/xuggler/Container.cpp:83)
2011-02-02 20:37:53,765 [Finalizer] DEBUG com.xuggle.xuggler - Closing dangling Container (../../../../../../../csrc/com/xuggle/xuggler/Container.cpp:83)
2011-02-02 20:38:37,411 [Finalizer] DEBUG com.xuggle.xuggler - Closing dangling Container (../../../../../../../csrc/com/xuggle/xuggler/Container.cpp:83)
2011-02-02 20:39:05,006 [Finalizer] DEBUG com.xuggle.xuggler - Closing dangling Container (../../../../../../../csrc/com/xuggle/xuggler/Container.cpp:83)
2011-02-02 20:39:39,514 [Finalizer] DEBUG com.xuggle.xuggler - Closing dangling Container (../../../../../../../csrc/com/xuggle/xuggler/Container.cpp:83)
2011-02-02 20:39:39,536 [Thread-4] ERROR org.ffmpeg - [wmv2 @ 0x544aa00] warning: first frame is no keyframe
2011-02-02 20:41:21,949 [Thread-4] ERROR org.ffmpeg - [wmv2 @ 0x53c4b70] warning: first frame is no keyframe
2011-02-02 20:41:21,970 [Finalizer] DEBUG com.xuggle.xuggler - Closing dangling Container (../../../../../../../csrc/com/xuggle/xuggler/Container.cpp:83)
2011-02-02 20:41:44,736 [Thread-4] ERROR org.ffmpeg - [wmv2 @ 0x5554b70] warning: first frame is no keyframe
2011-02-02 20:41:44,758 [Finalizer] DEBUG com.xuggle.xuggler - Closing dangling Container (../../../../../../../csrc/com/xuggle/xuggler/Container.cpp:83)
2011-02-02 20:42:42,070 [Thread-4] ERROR org.ffmpeg - [wmv2 @ 0x5484b10] warning: first frame is no keyframe
2011-02-02 20:42:42,090 [Thread-4] DEBUG com.xuggle.xuggler - Closing dangling Container (../../../../../../../csrc/com/xuggle/xuggler/Container.cpp:83)
2011-02-02 20:43:11,113 [Thread-4] ERROR org.ffmpeg - [wmv2 @ 0x54a4b10] warning: first frame is no keyframe
2011-02-02 20:43:11,136 [Finalizer] DEBUG com.xuggle.xuggler - Closing dangling Container (../../../../../../../csrc/com/xuggle/xuggler/Container.cpp:83)
2011-02-02 20:43:49,483 [Thread-4] ERROR org.ffmpeg - [wmv2 @ 0x5524b70] warning: first frame is no keyframe
2011-02-02 20:43:49,502 [Thread-4] DEBUG com.xuggle.xuggler - Closing dangling Container (../../../../../../../csrc/com/xuggle/xuggler/Container.cpp:83)
2011-02-02 20:45:44,464 [Thread-4] ERROR org.ffmpeg - [wmv2 @ 0x5504b70] warning: first frame is no keyframe
2011-02-02 20:45:44,488 [Finalizer] DEBUG com.xuggle.xuggler - Closing dangling Container (../../../../../../../csrc/com/xuggle/xuggler/Container.cpp:83)
2011-02-02 20:46:10,026 [Thread-4] ERROR org.ffmpeg - [wmv2 @ 0x54a4b70] warning: first frame is no keyframe
2011-02-02 20:46:10,047 [Finalizer] DEBUG com.xuggle.xuggler - Closing dangling Container (../../../../../../../csrc/com/xuggle/xuggler/Container.cpp:83)
2011-02-02 20:46:32,110 [Thread-4] ERROR org.ffmpeg - [wmv2 @ 0xa3405e0] warning: first frame is no keyframe
2011-02-02 20:46:32,128 [Thread-4] ERROR org.ffmpeg - [wmav2 @ 0x54a54a0] overflow in spectral RLE, ignoring
2011-02-02 20:46:32,132 [Finalizer] DEBUG com.xuggle.xuggler - Closing dangling Container (../../../../../../../csrc/com/xuggle/xuggler/Container.cpp:83)
2011-02-02 20:46:32,182 [Thread-4] ERROR org.ffmpeg - [wmav2 @ 0x54a54a0] overflow in spectral RLE, ignoring
2011-02-02 20:46:32,327 [Thread-4] ERROR org.ffmpeg - [wmav2 @ 0x54a54a0] overflow in spectral RLE, ignoring
2011-02-02 20:46:32,397 [Thread-4] ERROR org.ffmpeg - [wmav2 @ 0x54a54a0] overflow in spectral RLE, ignoring
2011-02-02 20:46:32,536 [Thread-4] ERROR org.ffmpeg - [wmav2 @ 0x54a54a0] overflow in spectral RLE, ignoring
2011-02-02 20:46:52,355 [Thread-4] ERROR org.ffmpeg - [wmv2 @ 0x54e4b70] warning: first frame is no keyframe
2011-02-02 20:46:52,377 [Finalizer] DEBUG com.xuggle.xuggler - Closing dangling Container (../../../../../../../csrc/com/xuggle/xuggler/Container.cpp:83)
2011-02-02 20:47:19,891 [Finalizer] DEBUG com.xuggle.xuggler - Closing dangling Container (../../../../../../../csrc/com/xuggle/xuggler/Container.cpp:83)
2011-02-02 20:47:19,937 [Thread-4] ERROR org.ffmpeg - [wmv2 @ 0x550aa00] warning: first frame is no keyframe
2011-02-02 20:48:03,011 [Thread-4] ERROR org.ffmpeg - [wmv2 @ 0x54d4b70] warning: first frame is no keyframe
2011-02-02 20:48:03,030 [Thread-4] DEBUG com.xuggle.xuggler - Closing dangling Container (../../../../../../../csrc/com/xuggle/xuggler/Container.cpp:83)
2011-02-02 20:48:19,270 [Finalizer] DEBUG com.xuggle.xuggler - Closing dangling Container (../../../../../../../csrc/com/xuggle/xuggler/Container.cpp:83)
2011-02-02 20:48:19,323 [Thread-4] ERROR org.ffmpeg - [wmv2 @ 0x541aa00] warning: first frame is no keyframe
2011-02-02 20:48:35,517 [Finalizer] DEBUG com.xuggle.xuggler - Closing dangling Container (../../../../../../../csrc/com/xuggle/xuggler/Container.cpp:83)
2011-02-02 20:48:35,950 [Thread-4] ERROR org.ffmpeg - [wmv2 @ 0x542aa00] warning: first frame is no keyframe
2011-02-02 20:48:53,777 [Finalizer] DEBUG com.xuggle.xuggler - Closing dangling Container (../../../../../../../csrc/com/xuggle/xuggler/Container.cpp:83)
2011-02-02 20:48:53,813 [Thread-4] ERROR org.ffmpeg - [wmv2 @ 0x546aa00] warning: first frame is no keyframe
2011-02-02 20:49:19,548 [Thread-4] ERROR org.ffmpeg - [wmv2 @ 0x5444b70] warning: first frame is no keyframe
2011-02-02 20:49:19,570 [Finalizer] DEBUG com.xuggle.xuggler - Closing dangling Container (../../../../../../../csrc/com/xuggle/xuggler/Container.cpp:83)
2011-02-02 20:50:03,425 [Finalizer] DEBUG com.xuggle.xuggler - Closing dangling Container (../../../../../../../csrc/com/xuggle/xuggler/Container.cpp:83)
2011-02-02 20:50:22,021 [Finalizer] DEBUG com.xuggle.xuggler - Closing dangling Container (../../../../../../../csrc/com/xuggle/xuggler/Container.cpp:83)
2011-02-02 20:50:42,466 [Thread-4] ERROR org.ffmpeg - [wmv2 @ 0x54a4b10] warning: first frame is no keyframe
2011-02-02 20:50:43,009 [Finalizer] DEBUG com.xuggle.xuggler - Closing dangling Container (../../../../../../../csrc/com/xuggle/xuggler/Container.cpp:83)
2011-02-02 20:51:12,167 [Thread-7] ERROR org.ffmpeg - [wmv2 @ 0x549af20] warning: first frame is no keyframe
2011-02-02 20:51:12,174 [Thread-7] DEBUG com.xuggle.xuggler - Closing dangling Container (../../../../../../../csrc/com/xuggle/xuggler/Container.cpp:83)
2011-02-02 20:52:16,753 [Thread-4] ERROR org.ffmpeg - [wmv2 @ 0x54a4b10] warning: first frame is no keyframe
2011-02-02 20:52:16,774 [Finalizer] DEBUG com.xuggle.xuggler - Closing dangling Container (../../../../../../../csrc/com/xuggle/xuggler/Container.cpp:83)
2011-02-02 20:52:53,028 [Thread-4] ERROR org.ffmpeg - [wmv2 @ 0x5474b70] warning: first frame is no keyframe
2011-02-02 20:52:53,050 [Finalizer] DEBUG com.xuggle.xuggler - Closing dangling Container (../../../../../../../csrc/com/xuggle/xuggler/Container.cpp:83)
2011-02-02 20:53:15,692 [Thread-4] ERROR org.ffmpeg - [wmv2 @ 0x54a4b70] warning: first frame is no keyframe
2011-02-02 20:53:16,370 [Finalizer] DEBUG com.xuggle.xuggler - Closing dangling Container (../../../../../../../csrc/com/xuggle/xuggler/Container.cpp:83)
2011-02-02 20:53:38,898 [Thread-7] ERROR org.ffmpeg - [wmv2 @ 0x54a6240] warning: first frame is no keyframe
2011-02-02 20:53:38,909 [Finalizer] DEBUG com.xuggle.xuggler - Closing dangling Container (../../../../../../../csrc/com/xuggle/xuggler/Container.cpp:83)
2011-02-02 20:54:01,181 [Thread-4] ERROR org.ffmpeg - [wmv2 @ 0x5454b10] warning: first frame is no keyframe
2011-02-02 20:54:01,202 [Finalizer] DEBUG com.xuggle.xuggler - Closing dangling Container (../../../../../../../csrc/com/xuggle/xuggler/Container.cpp:83)
2011-02-02 20:55:00,019 [Thread-4] ERROR org.ffmpeg - [wmv2 @ 0x5484b70] warning: first frame is no keyframe
2011-02-02 20:55:00,029 [Finalizer] DEBUG com.xuggle.xuggler - Closing dangling Container (../../../../../../../csrc/com/xuggle/xuggler/Container.cpp:83)
2011-02-02 20:55:26,855 [Finalizer] DEBUG com.xuggle.xuggler - Closing dangling Container (../../../../../../../csrc/com/xuggle/xuggler/Container.cpp:83)
2011-02-02 20:55:49,874 [Thread-4] ERROR org.ffmpeg - [wmv2 @ 0x54e4b70] warning: first frame is no keyframe
2011-02-02 20:55:49,900 [Finalizer] DEBUG com.xuggle.xuggler - Closing dangling Container (../../../../../../../csrc/com/xuggle/xuggler/Container.cpp:83)
2011-02-02 20:56:13,203 [Thread-4] ERROR org.ffmpeg - [wmv2 @ 0x5434b70] warning: first frame is no keyframe
2011-02-02 20:56:13,225 [Finalizer] DEBUG com.xuggle.xuggler - Closing dangling Container (../../../../../../../csrc/com/xuggle/xuggler/Container.cpp:83)
2011-02-02 21:05:57,123 [Thread-4] ERROR org.ffmpeg - [wmv2 @ 0x5454b70] warning: first frame is no keyframe
2011-02-02 21:05:57,795 [Finalizer] DEBUG com.xuggle.xuggler - Closing dangling Container (../../../../../../../csrc/com/xuggle/xuggler/Container.cpp:83)
2011-02-02 21:06:23,043 [Thread-4] ERROR org.ffmpeg - [wmv2 @ 0x54e4d30] warning: first frame is no keyframe
2011-02-02 21:06:23,062 [Thread-4] DEBUG com.xuggle.xuggler - Closing dangling Container (../../../../../../../csrc/com/xuggle/xuggler/Container.cpp:83)
2011-02-02 21:06:43,683 [Finalizer] DEBUG com.xuggle.xuggler - Closing dangling Container (../../../../../../../csrc/com/xuggle/xuggler/Container.cpp:83)
2011-02-02 21:07:47,431 [Finalizer] DEBUG com.xuggle.xuggler - Closing dangling Container (../../../../../../../csrc/com/xuggle/xuggler/Container.cpp:83)
2011-02-02 21:08:10,527 [Finalizer] DEBUG com.xuggle.xuggler - Closing dangling Container (../../../../../../../csrc/com/xuggle/xuggler/Container.cpp:83)
2011-02-02 21:51:43,081 [Finalizer] DEBUG com.xuggle.xuggler - Closing dangling Container (../../../../../../../csrc/com/xuggle/xuggler/Container.cpp:83)
2011-02-02 21:53:17,081 [Thread-4] ERROR org.ffmpeg - [wmv2 @ 0x54b4b70] warning: first frame is no keyframe
2011-02-02 21:53:17,102 [Finalizer] DEBUG com.xuggle.xuggler - Closing dangling Container (../../../../../../../csrc/com/xuggle/xuggler/Container.cpp:83)
2011-02-02 21:54:22,372 [Finalizer] DEBUG com.xuggle.xuggler - Closing dangling Container (../../../../../../../csrc/com/xuggle/xuggler/Container.cpp:83)
2011-02-02 21:54:22,419 [Thread-4] ERROR org.ffmpeg - [wmv2 @ 0x540aa00] warning: first frame is no keyframe
2011-02-02 21:54:54,176 [Finalizer] DEBUG com.xuggle.xuggler - Closing dangling Container (../../../../../../../csrc/com/xuggle/xuggler/Container.cpp:83)
2011-02-02 21:54:54,567 [Thread-4] ERROR org.ffmpeg - [wmv2 @ 0x542aa00] warning: first frame is no keyframe
2011-02-02 21:55:32,325 [Thread-4] ERROR org.ffmpeg - [wmv2 @ 0x5464b70] warning: first frame is no keyframe
2011-02-02 21:55:32,346 [Finalizer] DEBUG com.xuggle.xuggler - Closing dangling Container (../../../../../../../csrc/com/xuggle/xuggler/Container.cpp:83)
2011-02-02 21:55:52,737 [Finalizer] DEBUG com.xuggle.xuggler - Closing dangling Container (../../../../../../../csrc/com/xuggle/xuggler/Container.cpp:83)
2011-02-02 21:55:53,581 [Thread-4] ERROR org.ffmpeg - [wmv2 @ 0x54aaa00] warning: first frame is no keyframe
2011-02-02 21:56:30,857 [Thread-4] ERROR org.ffmpeg - [wmv2 @ 0xa6f1580] warning: first frame is no keyframe
2011-02-02 21:56:31,081 [Thread-4] ERROR org.ffmpeg - [wmav2 @ 0xa6f1f60] overflow in spectral RLE, ignoring
2011-02-02 21:56:31,226 [Thread-4] ERROR org.ffmpeg - [wmav2 @ 0xa6f1f60] overflow in spectral RLE, ignoring
2011-02-02 21:56:31,369 [Finalizer] DEBUG com.xuggle.xuggler - Closing dangling Container (../../../../../../../csrc/com/xuggle/xuggler/Container.cpp:83)
2011-02-02 21:56:31,369 [Finalizer] DEBUG com.xuggle.xuggler - Closing dangling Container (../../../../../../../csrc/com/xuggle/xuggler/Container.cpp:83)
2011-02-02 21:56:31,379 [Thread-4] ERROR org.ffmpeg - [wmav2 @ 0xa6f1f60] overflow in spectral RLE, ignoring
2011-02-02 21:57:34,073 [Finalizer] DEBUG com.xuggle.xuggler - Closing dangling Container (../../../../../../../csrc/com/xuggle/xuggler/Container.cpp:83)
2011-02-02 21:58:07,580 [Thread-4] DEBUG com.xuggle.xuggler - Closing dangling Container (../../../../../../../csrc/com/xuggle/xuggler/Container.cpp:83)
2011-02-02 21:59:14,985 [Thread-4] ERROR org.ffmpeg - [wmv2 @ 0x5414b70] warning: first frame is no keyframe
2011-02-02 21:59:15,007 [Finalizer] DEBUG com.xuggle.xuggler - Closing dangling Container (../../../../../../../csrc/com/xuggle/xuggler/Container.cpp:83)
2011-02-02 21:59:39,976 [Finalizer] DEBUG com.xuggle.xuggler - Closing dangling Container (../../../../../../../csrc/com/xuggle/xuggler/Container.cpp:83)
2011-02-02 22:00:21,540 [Thread-4] ERROR org.ffmpeg - [wmv2 @ 0x54d4b70] warning: first frame is no keyframe
2011-02-02 22:00:21,562 [Finalizer] DEBUG com.xuggle.xuggler - Closing dangling Container (../../../../../../../csrc/com/xuggle/xuggler/Container.cpp:83)
2011-02-02 22:01:08,017 [Thread-4] ERROR org.ffmpeg - [wmv2 @ 0x5514e20] warning: first frame is no keyframe
2011-02-02 22:01:08,037 [Finalizer] DEBUG com.xuggle.xuggler - Closing dangling Container (../../../../../../../csrc/com/xuggle/xuggler/Container.cpp:83)
2011-02-02 22:01:33,017 [Thread-7] ERROR org.ffmpeg - [wmv2 @ 0xa457c10] warning: first frame is no keyframe
2011-02-02 22:01:33,026 [Thread-7] DEBUG com.xuggle.xuggler - Closing dangling Container (../../../../../../../csrc/com/xuggle/xuggler/Container.cpp:83)
2011-02-02 22:02:02,851 [Thread-4] ERROR org.ffmpeg - [wmv2 @ 0x5494b70] warning: first frame is no keyframe
2011-02-02 22:02:02,872 [Finalizer] DEBUG com.xuggle.xuggler - Closing dangling Container (../../../../../../../csrc/com/xuggle/xuggler/Container.cpp:83)
2011-02-02 22:02:26,103 [Thread-4] ERROR org.ffmpeg - [wmv2 @ 0x5464b70] warning: first frame is no keyframe
2011-02-02 22:02:26,126 [Finalizer] DEBUG com.xuggle.xuggler - Closing dangling Container (../../../../../../../csrc/com/xuggle/xuggler/Container.cpp:83)
2011-02-02 22:03:32,887 [Thread-4] ERROR org.ffmpeg - [wmv2 @ 0x5404b70] warning: first frame is no keyframe
2011-02-02 22:03:32,908 [Finalizer] DEBUG com.xuggle.xuggler - Closing dangling Container (../../../../../../../csrc/com/xuggle/xuggler/Container.cpp:83)
2011-02-02 22:08:07,481 [Finalizer] DEBUG com.xuggle.xuggler - Closing dangling Container (../../../../../../../csrc/com/xuggle/xuggler/Container.cpp:83)
2011-02-02 22:08:07,486 [Finalizer] DEBUG com.xuggle.xuggler - Closing dangling Container (../../../../../../../csrc/com/xuggle/xuggler/Container.cpp:83)
2011-02-02 22:08:44,593 [Thread-4] ERROR org.ffmpeg - [wmv2 @ 0x5404b10] warning: first frame is no keyframe
2011-02-02 22:08:44,613 [Thread-4] DEBUG com.xuggle.xuggler - Closing dangling Container (../../../../../../../csrc/com/xuggle/xuggler/Container.cpp:83)
2011-05-23 18:38:01,653 [Thread-4] ERROR org.ffmpeg - [wmv2 @ 0x535abe0] warning: first frame is no keyframe
2011-06-24 10:01:09,518 [Thread-4] ERROR org.ffmpeg - [wmv2 @ 0x195baab0] warning: first frame is no keyframe
2011-06-24 10:10:19,970 [Thread-4] ERROR org.ffmpeg - [wmv2 @ 0x1965acd0] warning: first frame is no keyframe
2011-09-20 13:38:44,958 [Thread-4] ERROR org.ffmpeg - [wmv2 @ 0x53b4e40] warning: first frame is no keyframe
2011-09-20 13:38:45,846 [Finalizer] DEBUG com.xuggle.xuggler - Closing dangling Container (../../../../../../../csrc/com/xuggle/xuggler/Container.cpp:83)
2011-09-20 13:39:45,113 [Thread-4] ERROR org.ffmpeg - [wmv2 @ 0x5424c80] warning: first frame is no keyframe
2011-09-20 13:39:45,145 [Finalizer] DEBUG com.xuggle.xuggler - Closing dangling Container (../../../../../../../csrc/com/xuggle/xuggler/Container.cpp:83)
2011-09-20 13:41:22,594 [Thread-4] ERROR org.ffmpeg - [wmv2 @ 0x5404c80] warning: first frame is no keyframe
2011-09-20 13:41:22,616 [Finalizer] DEBUG com.xuggle.xuggler - Closing dangling Container (../../../../../../../csrc/com/xuggle/xuggler/Container.cpp:83)
2011-09-20 13:42:25,503 [Finalizer] DEBUG com.xuggle.xuggler - Closing dangling Container (../../../../../../../csrc/com/xuggle/xuggler/Container.cpp:83)
2011-09-20 13:42:26,478 [Thread-4] ERROR org.ffmpeg - [wmv2 @ 0x535ab10] warning: first frame is no keyframe
2011-09-20 13:46:57,897 [Thread-4] ERROR org.ffmpeg - [wmv2 @ 0x5444c20] warning: first frame is no keyframe
2011-09-20 13:46:58,598 [Finalizer] DEBUG com.xuggle.xuggler - Closing dangling Container (../../../../../../../csrc/com/xuggle/xuggler/Container.cpp:83)
2011-09-20 13:47:17,823 [Thread-4] ERROR org.ffmpeg - [wmv2 @ 0x5434c80] warning: first frame is no keyframe
2011-09-20 13:47:18,538 [Finalizer] DEBUG com.xuggle.xuggler - Closing dangling Container (../../../../../../../csrc/com/xuggle/xuggler/Container.cpp:83)
2011-09-20 13:51:50,616 [Thread-4] ERROR org.ffmpeg - [wmv2 @ 0x5404c80] warning: first frame is no keyframe
2011-09-20 13:51:50,637 [Finalizer] DEBUG com.xuggle.xuggler - Closing dangling Container (../../../../../../../csrc/com/xuggle/xuggler/Container.cpp:83)
2011-09-20 13:52:58,601 [Thread-4] ERROR org.ffmpeg - [wmv2 @ 0x53b4c80] warning: first frame is no keyframe
2011-09-20 13:52:58,623 [Finalizer] DEBUG com.xuggle.xuggler - Closing dangling Container (../../../../../../../csrc/com/xuggle/xuggler/Container.cpp:83)
2011-09-20 13:55:28,209 [Thread-4] ERROR org.ffmpeg - [wmv2 @ 0x5373820] warning: first frame is no keyframe
2011-09-20 13:55:28,872 [Finalizer] DEBUG com.xuggle.xuggler - Closing dangling Container (../../../../../../../csrc/com/xuggle/xuggler/Container.cpp:83)
2011-09-20 13:55:42,486 [Finalizer] DEBUG com.xuggle.xuggler - Closing dangling Container (../../../../../../../csrc/com/xuggle/xuggler/Container.cpp:83)
2011-09-20 13:55:42,603 [Thread-4] ERROR org.ffmpeg - [wmv2 @ 0x538ab10] warning: first frame is no keyframe
2011-09-20 13:57:35,820 [Thread-4] ERROR org.ffmpeg - [wmv2 @ 0x5474c20] warning: first frame is no keyframe
2011-09-20 13:57:36,380 [Finalizer] DEBUG com.xuggle.xuggler - Closing dangling Container (../../../../../../../csrc/com/xuggle/xuggler/Container.cpp:83)
2011-09-20 13:57:56,643 [Thread-4] ERROR org.ffmpeg - [wmv2 @ 0x5484c20] warning: first frame is no keyframe
2011-09-20 13:57:56,665 [Finalizer] DEBUG com.xuggle.xuggler - Closing dangling Container (../../../../../../../csrc/com/xuggle/xuggler/Container.cpp:83)
2011-09-20 13:58:11,952 [Thread-4] ERROR org.ffmpeg - [wmv2 @ 0x5474c20] warning: first frame is no keyframe
2011-09-20 13:58:12,578 [Finalizer] DEBUG com.xuggle.xuggler - Closing dangling Container (../../../../../../../csrc/com/xuggle/xuggler/Container.cpp:83)
2011-09-20 14:08:08,926 [Thread-4] ERROR org.ffmpeg - [wmv2 @ 0x5426c20] warning: first frame is no keyframe
2011-09-20 14:08:09,552 [Finalizer] DEBUG com.xuggle.xuggler - Closing dangling Container (../../../../../../../csrc/com/xuggle/xuggler/Container.cpp:83)
2011-09-20 14:09:21,812 [Thread-4] ERROR org.ffmpeg - [wmv2 @ 0x53c4c20] warning: first frame is no keyframe
2011-09-20 14:09:21,832 [Thread-4] DEBUG com.xuggle.xuggler - Closing dangling Container (../../../../../../../csrc/com/xuggle/xuggler/Container.cpp:83)
2011-09-20 14:09:41,462 [Thread-4] ERROR org.ffmpeg - [wmv2 @ 0x53a4c80] warning: first frame is no keyframe
2011-09-20 14:09:41,484 [Finalizer] DEBUG com.xuggle.xuggler - Closing dangling Container (../../../../../../../csrc/com/xuggle/xuggler/Container.cpp:83)
2011-09-20 14:10:08,580 [Thread-4] ERROR org.ffmpeg - [wmv2 @ 0x5434dc0] warning: first frame is no keyframe
2011-09-20 14:10:08,603 [Finalizer] DEBUG com.xuggle.xuggler - Closing dangling Container (../../../../../../../csrc/com/xuggle/xuggler/Container.cpp:83)
2011-10-17 12:19:42,924 [Thread-4] ERROR org.ffmpeg - [wmv2 @ 0x50f4cc0] warning: first frame is no keyframe
2011-10-17 12:19:43,003 [Thread-4] DEBUG com.xuggle.xuggler - Closing dangling Container (../../../../../../../csrc/com/xuggle/xuggler/Container.cpp:83)
2011-10-17 12:27:35,401 [Thread-4] ERROR org.ffmpeg - [wmv2 @ 0x504ad60] warning: first frame is no keyframe
2011-10-17 13:09:57,536 [Thread-4] ERROR org.ffmpeg - [wmv2 @ 0x504ad60] warning: first frame is no keyframe
2011-10-17 13:14:53,040 [Thread-4] ERROR org.ffmpeg - [wmv2 @ 0x510ad60] warning: first frame is no keyframe
2011-10-17 13:16:37,833 [Thread-4] ERROR org.ffmpeg - [wmv2 @ 0x511ad60] warning: first frame is no keyframe
2011-10-17 13:18:34,077 [Thread-4] ERROR org.ffmpeg - [wmv2 @ 0x50fab50] warning: first frame is no keyframe
2011-10-17 13:18:56,925 [Thread-4] ERROR org.ffmpeg - [wmv2 @ 0x513ad60] warning: first frame is no keyframe
2011-10-17 13:23:05,978 [Finalizer] DEBUG com.xuggle.xuggler - Closing dangling Container (../../../../../../../csrc/com/xuggle/xuggler/Container.cpp:83)
2011-10-17 13:23:06,009 [Thread-4] ERROR org.ffmpeg - [wmv2 @ 0x5104cc0] warning: first frame is no keyframe
2011-10-17 13:23:23,032 [Finalizer] DEBUG com.xuggle.xuggler - Closing dangling Container (../../../../../../../csrc/com/xuggle/xuggler/Container.cpp:83)
2011-10-17 13:23:23,045 [Thread-4] ERROR org.ffmpeg - [wmv2 @ 0x51a4c70] warning: first frame is no keyframe
2011-10-17 13:24:51,477 [Finalizer] DEBUG com.xuggle.xuggler - Closing dangling Container (../../../../../../../csrc/com/xuggle/xuggler/Container.cpp:83)
2011-10-17 13:24:51,490 [Thread-4] ERROR org.ffmpeg - [wmv2 @ 0x5044cd0] warning: first frame is no keyframe
2011-10-17 13:25:06,055 [Finalizer] DEBUG com.xuggle.xuggler - Closing dangling Container (../../../../../../../csrc/com/xuggle/xuggler/Container.cpp:83)
2011-10-17 13:25:06,069 [Thread-4] ERROR org.ffmpeg - [wmv2 @ 0x50e4cd0] warning: first frame is no keyframe
2011-10-17 13:25:25,396 [Finalizer] DEBUG com.xuggle.xuggler - Closing dangling Container (../../../../../../../csrc/com/xuggle/xuggler/Container.cpp:83)
2011-10-17 13:25:25,408 [Thread-4] ERROR org.ffmpeg - [wmv2 @ 0x5114ed0] warning: first frame is no keyframe
2011-10-17 13:25:44,538 [Finalizer] DEBUG com.xuggle.xuggler - Closing dangling Container (../../../../../../../csrc/com/xuggle/xuggler/Container.cpp:83)
2011-10-17 13:25:44,550 [Thread-4] ERROR org.ffmpeg - [wmv2 @ 0x50d4ed0] warning: first frame is no keyframe
2011-10-17 13:26:03,326 [Finalizer] DEBUG com.xuggle.xuggler - Closing dangling Container (../../../../../../../csrc/com/xuggle/xuggler/Container.cpp:83)
2011-10-17 13:26:03,341 [Thread-4] ERROR org.ffmpeg - [wmv2 @ 0x5174cc0] warning: first frame is no keyframe
2011-10-17 13:26:25,096 [Finalizer] DEBUG com.xuggle.xuggler - Closing dangling Container (../../../../../../../csrc/com/xuggle/xuggler/Container.cpp:83)
2011-10-17 13:26:25,116 [Thread-4] ERROR org.ffmpeg - [wmv2 @ 0x50b1910] warning: first frame is no keyframe
2011-10-17 13:26:41,895 [Finalizer] DEBUG com.xuggle.xuggler - Closing dangling Container (../../../../../../../csrc/com/xuggle/xuggler/Container.cpp:83)
2011-10-17 13:26:41,908 [Thread-4] ERROR org.ffmpeg - [wmv2 @ 0x5104ed0] warning: first frame is no keyframe
2011-10-17 13:27:01,700 [Thread-4] ERROR org.ffmpeg - [wmv2 @ 0x50b4c60] warning: first frame is no keyframe
2011-10-17 13:27:01,724 [Finalizer] DEBUG com.xuggle.xuggler - Closing dangling Container (../../../../../../../csrc/com/xuggle/xuggler/Container.cpp:83)
2011-10-17 13:27:23,368 [Thread-4] ERROR org.ffmpeg - [wmv2 @ 0x50c4c60] warning: first frame is no keyframe
2011-10-17 13:27:23,392 [Finalizer] DEBUG com.xuggle.xuggler - Closing dangling Container (../../../../../../../csrc/com/xuggle/xuggler/Container.cpp:83)
2011-10-17 13:27:42,202 [Thread-4] ERROR org.ffmpeg - [wmv2 @ 0x50a4c60] warning: first frame is no keyframe
2011-10-17 13:27:42,222 [Finalizer] DEBUG com.xuggle.xuggler - Closing dangling Container (../../../../../../../csrc/com/xuggle/xuggler/Container.cpp:83)
2011-10-17 13:28:04,461 [Thread-4] ERROR org.ffmpeg - [wmv2 @ 0x50c4c60] warning: first frame is no keyframe
2011-10-17 13:28:04,483 [Finalizer] DEBUG com.xuggle.xuggler - Closing dangling Container (../../../../../../../csrc/com/xuggle/xuggler/Container.cpp:83)
2011-10-17 13:28:34,656 [Thread-4] ERROR org.ffmpeg - [wmv2 @ 0x5084c60] warning: first frame is no keyframe
2011-10-17 13:28:35,234 [Finalizer] DEBUG com.xuggle.xuggler - Closing dangling Container (../../../../../../../csrc/com/xuggle/xuggler/Container.cpp:83)
2011-10-17 13:29:01,469 [Thread-4] ERROR org.ffmpeg - [wmv2 @ 0x5174c60] warning: first frame is no keyframe
2011-10-17 13:29:01,491 [Finalizer] DEBUG com.xuggle.xuggler - Closing dangling Container (../../../../../../../csrc/com/xuggle/xuggler/Container.cpp:83)
2011-10-17 13:29:28,519 [Finalizer] DEBUG com.xuggle.xuggler - Closing dangling Container (../../../../../../../csrc/com/xuggle/xuggler/Container.cpp:83)
2011-10-17 13:29:28,901 [Thread-4] ERROR org.ffmpeg - [wmav2 @ 0x50cc5a0] overflow in spectral RLE, ignoring
2011-10-17 13:29:29,040 [Thread-4] ERROR org.ffmpeg - [wmav2 @ 0x50cc5a0] overflow in spectral RLE, ignoring
2011-10-17 13:29:29,227 [Thread-4] ERROR org.ffmpeg - [wmav2 @ 0x50cc5a0] overflow in spectral RLE, ignoring
2011-10-17 13:29:29,374 [Thread-4] ERROR org.ffmpeg - [wmav2 @ 0x50cc5a0] overflow in spectral RLE, ignoring
2011-10-17 13:29:29,666 [Thread-4] ERROR org.ffmpeg - [wmav2 @ 0x50cc5a0] overflow in spectral RLE, ignoring
2011-10-17 13:29:29,667 [Thread-4] ERROR org.ffmpeg - [wmav2 @ 0x50cc5a0] overflow in spectral RLE, ignoring
2011-10-17 13:29:30,021 [Thread-4] ERROR org.ffmpeg - [wmav2 @ 0x50cc5a0] overflow in spectral RLE, ignoring
2011-10-17 13:29:30,393 [Thread-4] ERROR org.ffmpeg - [wmav2 @ 0x50cc5a0] overflow in spectral RLE, ignoring
2011-10-17 13:29:30,893 [Thread-4] ERROR org.ffmpeg - [wmav2 @ 0x50cc5a0] overflow in spectral RLE, ignoring
2011-10-17 13:29:30,893 [Thread-4] ERROR org.ffmpeg - [wmav2 @ 0x50cc5a0] overflow in spectral RLE, ignoring
2011-10-17 13:29:31,091 [Thread-4] ERROR org.ffmpeg - [wmav2 @ 0x50cc5a0] overflow in spectral RLE, ignoring
2011-10-17 13:29:31,133 [Thread-4] ERROR org.ffmpeg - [wmav2 @ 0x50cc5a0] overflow in spectral RLE, ignoring
2011-10-17 13:29:31,219 [Thread-4] ERROR org.ffmpeg - [wmav2 @ 0x50cc5a0] overflow in spectral RLE, ignoring
2011-10-17 13:29:31,487 [Thread-4] ERROR org.ffmpeg - [wmav2 @ 0x50cc5a0] overflow in spectral RLE, ignoring
2011-10-17 13:29:31,638 [Thread-4] ERROR org.ffmpeg - [wmav2 @ 0x50cc5a0] overflow in spectral RLE, ignoring
2011-10-17 13:29:31,725 [Thread-4] ERROR org.ffmpeg - [wmav2 @ 0x50cc5a0] overflow in spectral RLE, ignoring
2011-10-17 13:29:31,726 [Thread-4] ERROR org.ffmpeg - [wmav2 @ 0x50cc5a0] overflow in spectral RLE, ignoring
2011-10-17 13:29:31,885 [Thread-4] ERROR org.ffmpeg - [wmav2 @ 0x50cc5a0] overflow in spectral RLE, ignoring
2011-10-17 13:29:31,971 [Thread-4] ERROR org.ffmpeg - [wmav2 @ 0x50cc5a0] overflow in spectral RLE, ignoring
2011-10-17 13:29:31,993 [Thread-4] ERROR org.ffmpeg - [wmav2 @ 0x50cc5a0] overflow in spectral RLE, ignoring
2011-10-17 13:29:32,014 [Thread-4] ERROR org.ffmpeg - [wmav2 @ 0x50cc5a0] overflow in spectral RLE, ignoring
2011-10-17 13:29:32,037 [Thread-4] ERROR org.ffmpeg - [wmav2 @ 0x50cc5a0] overflow in spectral RLE, ignoring
2011-10-17 13:29:32,037 [Thread-4] ERROR org.ffmpeg - [wmav2 @ 0x50cc5a0] overflow in spectral RLE, ignoring
2011-10-17 13:29:32,075 [Thread-4] ERROR org.ffmpeg - [wmav2 @ 0x50cc5a0] overflow in spectral RLE, ignoring
2011-10-17 13:29:32,118 [Thread-4] ERROR org.ffmpeg - [wmav2 @ 0x50cc5a0] overflow in spectral RLE, ignoring
2011-10-17 13:29:32,142 [Thread-4] ERROR org.ffmpeg - [wmav2 @ 0x50cc5a0] overflow in spectral RLE, ignoring
2011-10-17 13:29:32,189 [Thread-4] ERROR org.ffmpeg - [wmav2 @ 0x50cc5a0] overflow in spectral RLE, ignoring
2011-10-17 13:29:32,270 [Thread-4] ERROR org.ffmpeg - [wmav2 @ 0x50cc5a0] overflow in spectral RLE, ignoring
2011-10-17 13:29:32,442 [Thread-4] ERROR org.ffmpeg - [wmav2 @ 0x50cc5a0] overflow in spectral RLE, ignoring
2011-10-17 13:29:32,442 [Thread-4] ERROR org.ffmpeg - [wmav2 @ 0x50cc5a0] overflow in spectral RLE, ignoring
2011-10-17 13:29:32,533 [Thread-4] ERROR org.ffmpeg - [wmav2 @ 0x50cc5a0] overflow in spectral RLE, ignoring
2011-10-17 13:29:32,575 [Thread-4] ERROR org.ffmpeg - [wmav2 @ 0x50cc5a0] overflow in spectral RLE, ignoring
2011-10-17 13:29:32,641 [Thread-4] ERROR org.ffmpeg - [wmav2 @ 0x50cc5a0] overflow in spectral RLE, ignoring
2011-10-17 13:29:32,662 [Thread-4] ERROR org.ffmpeg - [wmav2 @ 0x50cc5a0] overflow in spectral RLE, ignoring
2011-10-17 13:29:32,685 [Thread-4] ERROR org.ffmpeg - [wmav2 @ 0x50cc5a0] overflow in spectral RLE, ignoring
2011-10-17 13:29:32,811 [Thread-4] ERROR org.ffmpeg - [wmav2 @ 0x50cc5a0] overflow in spectral RLE, ignoring
2011-10-17 13:29:32,856 [Thread-4] ERROR org.ffmpeg - [wmav2 @ 0x50cc5a0] overflow in spectral RLE, ignoring
2011-10-17 13:29:32,900 [Thread-4] ERROR org.ffmpeg - [wmav2 @ 0x50cc5a0] overflow in spectral RLE, ignoring
2011-10-17 13:29:32,943 [Thread-4] ERROR org.ffmpeg - [wmav2 @ 0x50cc5a0] overflow in spectral RLE, ignoring
2011-10-17 13:29:33,029 [Thread-4] ERROR org.ffmpeg - [wmav2 @ 0x50cc5a0] overflow in spectral RLE, ignoring
2011-10-17 13:29:33,158 [Thread-4] ERROR org.ffmpeg - [wmav2 @ 0x50cc5a0] overflow in spectral RLE, ignoring
2011-10-17 13:29:33,308 [Thread-4] ERROR org.ffmpeg - [wmav2 @ 0x50cc5a0] overflow in spectral RLE, ignoring
2011-10-17 13:29:33,394 [Thread-4] ERROR org.ffmpeg - [wmav2 @ 0x50cc5a0] overflow in spectral RLE, ignoring
2011-10-17 13:29:33,795 [Thread-4] ERROR org.ffmpeg - [wmav2 @ 0x50cc5a0] overflow in spectral RLE, ignoring
2011-10-17 13:29:33,862 [Thread-4] ERROR org.ffmpeg - [wmav2 @ 0x50cc5a0] overflow in spectral RLE, ignoring
2011-10-17 13:29:34,079 [Thread-4] ERROR org.ffmpeg - [wmav2 @ 0x50cc5a0] overflow in spectral RLE, ignoring
2011-10-17 13:29:34,417 [Thread-4] ERROR org.ffmpeg - [wmav2 @ 0x50cc5a0] overflow in spectral RLE, ignoring
2011-10-17 13:29:34,693 [Thread-4] ERROR org.ffmpeg - [wmav2 @ 0x50cc5a0] overflow in spectral RLE, ignoring
2011-10-17 13:29:34,780 [Thread-4] ERROR org.ffmpeg - [wmav2 @ 0x50cc5a0] overflow in spectral RLE, ignoring
2011-10-17 13:29:35,041 [Thread-4] ERROR org.ffmpeg - [wmav2 @ 0x50cc5a0] overflow in spectral RLE, ignoring
2011-10-17 13:29:35,316 [Thread-4] ERROR org.ffmpeg - [wmav2 @ 0x50cc5a0] overflow in spectral RLE, ignoring
2011-10-17 13:29:35,401 [Thread-4] ERROR org.ffmpeg - [wmav2 @ 0x50cc5a0] overflow in spectral RLE, ignoring
2011-10-17 13:29:35,558 [Thread-4] ERROR org.ffmpeg - [wmav2 @ 0x50cc5a0] overflow in spectral RLE, ignoring
2011-10-17 13:29:35,639 [Thread-4] ERROR org.ffmpeg - [wmav2 @ 0x50cc5a0] overflow in spectral RLE, ignoring
2011-10-17 13:29:36,003 [Thread-4] ERROR org.ffmpeg - [wmav2 @ 0x50cc5a0] overflow in spectral RLE, ignoring
2011-10-17 13:29:36,004 [Thread-4] ERROR org.ffmpeg - [wmav2 @ 0x50cc5a0] overflow in spectral RLE, ignoring
2011-10-17 13:29:36,134 [Thread-4] ERROR org.ffmpeg - [wmav2 @ 0x50cc5a0] overflow in spectral RLE, ignoring
2011-10-17 13:29:36,334 [Thread-4] ERROR org.ffmpeg - [wmav2 @ 0x50cc5a0] overflow in spectral RLE, ignoring
2011-10-17 13:29:36,377 [Thread-4] ERROR org.ffmpeg - [wmav2 @ 0x50cc5a0] overflow in spectral RLE, ignoring
2011-10-17 13:29:36,378 [Thread-4] ERROR org.ffmpeg - [wmav2 @ 0x50cc5a0] overflow in spectral RLE, ignoring
2011-10-17 13:29:36,697 [Thread-4] ERROR org.ffmpeg - [wmav2 @ 0x50cc5a0] overflow in spectral RLE, ignoring
2011-10-17 13:29:36,740 [Thread-4] ERROR org.ffmpeg - [wmav2 @ 0x50cc5a0] overflow in spectral RLE, ignoring
2011-10-17 13:29:36,783 [Thread-4] ERROR org.ffmpeg - [wmav2 @ 0x50cc5a0] overflow in spectral RLE, ignoring
2011-10-17 13:29:36,869 [Thread-4] ERROR org.ffmpeg - [wmav2 @ 0x50cc5a0] overflow in spectral RLE, ignoring
2011-10-17 13:29:36,870 [Thread-4] ERROR org.ffmpeg - [wmav2 @ 0x50cc5a0] overflow in spectral RLE, ignoring
2011-10-17 13:29:36,954 [Thread-4] ERROR org.ffmpeg - [wmav2 @ 0x50cc5a0] overflow in spectral RLE, ignoring
2011-10-17 13:29:36,996 [Thread-4] ERROR org.ffmpeg - [wmav2 @ 0x50cc5a0] overflow in spectral RLE, ignoring
2011-10-17 13:29:37,083 [Thread-4] ERROR org.ffmpeg - [wmav2 @ 0x50cc5a0] overflow in spectral RLE, ignoring
2011-10-17 13:29:37,124 [Thread-4] ERROR org.ffmpeg - [wmav2 @ 0x50cc5a0] overflow in spectral RLE, ignoring
2011-10-17 13:29:37,166 [Thread-4] ERROR org.ffmpeg - [wmav2 @ 0x50cc5a0] overflow in spectral RLE, ignoring
2011-10-17 13:29:37,167 [Thread-4] ERROR org.ffmpeg - [wmav2 @ 0x50cc5a0] overflow in spectral RLE, ignoring
2011-10-17 13:29:37,252 [Thread-4] ERROR org.ffmpeg - [wmav2 @ 0x50cc5a0] overflow in spectral RLE, ignoring
2011-10-17 13:29:37,443 [Thread-4] ERROR org.ffmpeg - [wmav2 @ 0x50cc5a0] overflow in spectral RLE, ignoring
2011-10-17 13:29:37,444 [Thread-4] ERROR org.ffmpeg - [wmav2 @ 0x50cc5a0] overflow in spectral RLE, ignoring
2011-10-17 13:29:37,613 [Thread-4] ERROR org.ffmpeg - [wmav2 @ 0x50cc5a0] overflow in spectral RLE, ignoring
2011-10-17 13:29:37,856 [Thread-4] ERROR org.ffmpeg - [wmav2 @ 0x50cc5a0] overflow in spectral RLE, ignoring
2011-10-17 13:29:37,900 [Thread-4] ERROR org.ffmpeg - [wmav2 @ 0x50cc5a0] overflow in spectral RLE, ignoring
2011-10-17 13:29:37,945 [Thread-4] ERROR org.ffmpeg - [wmav2 @ 0x50cc5a0] overflow in spectral RLE, ignoring
2011-10-17 13:29:37,968 [Thread-4] ERROR org.ffmpeg - [wmav2 @ 0x50cc5a0] overflow in spectral RLE, ignoring
2011-10-17 13:29:37,969 [Thread-4] ERROR org.ffmpeg - [wmav2 @ 0x50cc5a0] overflow in spectral RLE, ignoring
2011-10-17 13:29:37,991 [Thread-4] ERROR org.ffmpeg - [wmav2 @ 0x50cc5a0] overflow in spectral RLE, ignoring
2011-10-17 13:29:38,032 [Thread-4] ERROR org.ffmpeg - [wmav2 @ 0x50cc5a0] overflow in spectral RLE, ignoring
2011-10-17 13:29:38,054 [Thread-4] ERROR org.ffmpeg - [wmav2 @ 0x50cc5a0] overflow in spectral RLE, ignoring
2011-10-17 13:29:38,099 [Thread-4] ERROR org.ffmpeg - [wmav2 @ 0x50cc5a0] overflow in spectral RLE, ignoring
2011-10-17 13:29:38,100 [Thread-4] ERROR org.ffmpeg - [wmav2 @ 0x50cc5a0] overflow in spectral RLE, ignoring
2011-10-17 13:29:38,178 [Thread-4] ERROR org.ffmpeg - [wmav2 @ 0x50cc5a0] overflow in spectral RLE, ignoring
2011-10-17 13:29:38,221 [Thread-4] ERROR org.ffmpeg - [wmav2 @ 0x50cc5a0] overflow in spectral RLE, ignoring
2011-10-17 13:29:38,348 [Thread-4] ERROR org.ffmpeg - [wmav2 @ 0x50cc5a0] overflow in spectral RLE, ignoring
2011-10-17 13:29:38,349 [Thread-4] ERROR org.ffmpeg - [wmav2 @ 0x50cc5a0] overflow in spectral RLE, ignoring
2011-10-17 13:29:38,661 [Thread-4] ERROR org.ffmpeg - [wmav2 @ 0x50cc5a0] overflow in spectral RLE, ignoring
2011-10-17 13:29:38,766 [Thread-4] ERROR org.ffmpeg - [wmav2 @ 0x50cc5a0] overflow in spectral RLE, ignoring
2011-10-17 13:30:14,721 [Finalizer] DEBUG com.xuggle.xuggler - Closing dangling Container (../../../../../../../csrc/com/xuggle/xuggler/Container.cpp:83)
2011-10-17 13:30:50,783 [Thread-4] ERROR org.ffmpeg - [wmv2 @ 0x5076230] warning: first frame is no keyframe
2011-10-17 13:30:50,802 [Thread-4] ERROR org.ffmpeg - [wmav2 @ 0x5076c40] overflow in spectral RLE, ignoring
2011-10-17 13:30:50,955 [Thread-4] ERROR org.ffmpeg - [wmav2 @ 0x5076c40] overflow in spectral RLE, ignoring
2011-10-17 13:30:51,063 [Thread-4] ERROR org.ffmpeg - [wmav2 @ 0x5076c40] overflow in spectral RLE, ignoring
2011-10-17 13:30:51,063 [Thread-4] ERROR org.ffmpeg - [wmav2 @ 0x5076c40] overflow in spectral RLE, ignoring
2011-10-17 13:30:51,377 [Thread-4] ERROR org.ffmpeg - [wmav2 @ 0x5076c40] overflow in spectral RLE, ignoring
2011-10-17 13:30:51,431 [Finalizer] DEBUG com.xuggle.xuggler - Closing dangling Container (../../../../../../../csrc/com/xuggle/xuggler/Container.cpp:83)
2011-10-17 13:30:51,463 [Thread-4] ERROR org.ffmpeg - [wmav2 @ 0x5076c40] overflow in spectral RLE, ignoring
2011-10-17 13:30:51,464 [Thread-4] ERROR org.ffmpeg - [wmav2 @ 0x5076c40] overflow in spectral RLE, ignoring
2011-10-17 13:30:51,556 [Thread-4] ERROR org.ffmpeg - [wmav2 @ 0x5076c40] overflow in spectral RLE, ignoring
2011-10-17 13:30:51,557 [Thread-4] ERROR org.ffmpeg - [wmav2 @ 0x5076c40] overflow in spectral RLE, ignoring
2011-10-17 13:31:07,375 [Finalizer] DEBUG com.xuggle.xuggler - Closing dangling Container (../../../../../../../csrc/com/xuggle/xuggler/Container.cpp:83)
2011-10-17 13:31:29,645 [Finalizer] DEBUG com.xuggle.xuggler - Closing dangling Container (../../../../../../../csrc/com/xuggle/xuggler/Container.cpp:83)
2011-10-17 13:31:32,549 [Thread-4] ERROR org.ffmpeg - [wmv2 @ 0x5142500] warning: first frame is no keyframe
2011-10-17 13:31:32,568 [Finalizer] DEBUG com.xuggle.xuggler - Closing dangling Container (../../../../../../../csrc/com/xuggle/xuggler/Container.cpp:83)
2011-10-17 13:31:53,801 [Thread-4] ERROR org.ffmpeg - [wmv2 @ 0x5125ab0] warning: first frame is no keyframe
2011-10-17 13:31:53,824 [Finalizer] DEBUG com.xuggle.xuggler - Closing dangling Container (../../../../../../../csrc/com/xuggle/xuggler/Container.cpp:83)
2011-10-17 13:32:11,547 [Finalizer] DEBUG com.xuggle.xuggler - Closing dangling Container (../../../../../../../csrc/com/xuggle/xuggler/Container.cpp:83)
2011-10-17 13:32:11,714 [Thread-4] ERROR org.ffmpeg - [wmv2 @ 0x50a1b90] warning: first frame is no keyframe
2011-10-17 13:32:11,919 [Thread-4] ERROR org.ffmpeg - [wmav2 @ 0x50a25a0] overflow in spectral RLE, ignoring
2011-10-17 13:32:11,920 [Thread-4] ERROR org.ffmpeg - [wmav2 @ 0x50a25a0] overflow in spectral RLE, ignoring
2011-10-17 13:32:11,920 [Thread-4] ERROR org.ffmpeg - [wmav2 @ 0x50a25a0] overflow in spectral RLE, ignoring
2011-10-17 13:32:12,006 [Thread-4] ERROR org.ffmpeg - [wmav2 @ 0x50a25a0] overflow in spectral RLE, ignoring
2011-10-17 13:32:12,095 [Thread-4] ERROR org.ffmpeg - [wmav2 @ 0x50a25a0] overflow in spectral RLE, ignoring
2011-10-17 13:32:12,309 [Thread-4] ERROR org.ffmpeg - [wmav2 @ 0x50a25a0] overflow in spectral RLE, ignoring
2011-10-17 13:32:12,338 [Thread-4] ERROR org.ffmpeg - [wmav2 @ 0x50a25a0] overflow in spectral RLE, ignoring
2011-10-17 13:32:12,427 [Thread-4] ERROR org.ffmpeg - [wmav2 @ 0x50a25a0] overflow in spectral RLE, ignoring
2011-10-17 13:32:12,512 [Thread-4] ERROR org.ffmpeg - [wmav2 @ 0x50a25a0] overflow in spectral RLE, ignoring
2011-10-17 13:32:30,268 [Finalizer] DEBUG com.xuggle.xuggler - Closing dangling Container (../../../../../../../csrc/com/xuggle/xuggler/Container.cpp:83)
2011-10-17 13:32:32,897 [Thread-4] ERROR org.ffmpeg - [wmv2 @ 0x5111fc0] warning: first frame is no keyframe
2011-10-17 13:32:32,916 [Finalizer] DEBUG com.xuggle.xuggler - Closing dangling Container (../../../../../../../csrc/com/xuggle/xuggler/Container.cpp:83)
2011-10-17 13:32:51,905 [Finalizer] DEBUG com.xuggle.xuggler - Closing dangling Container (../../../../../../../csrc/com/xuggle/xuggler/Container.cpp:83)
2011-10-17 13:32:51,928 [Thread-4] ERROR org.ffmpeg - [wmv2 @ 0x50faca0] warning: first frame is no keyframe
2011-10-17 13:33:11,560 [Finalizer] DEBUG com.xuggle.xuggler - Closing dangling Container (../../../../../../../csrc/com/xuggle/xuggler/Container.cpp:83)
2011-10-17 13:33:11,587 [Thread-4] ERROR org.ffmpeg - [wmv2 @ 0x507aca0] warning: first frame is no keyframe
2011-10-17 13:33:46,354 [Finalizer] DEBUG com.xuggle.xuggler - Closing dangling Container (../../../../../../../csrc/com/xuggle/xuggler/Container.cpp:83)
2011-10-17 13:33:46,379 [Thread-4] ERROR org.ffmpeg - [wmv2 @ 0x5151b90] warning: first frame is no keyframe
2011-10-17 13:33:46,394 [Thread-4] ERROR org.ffmpeg - [wmav2 @ 0x51525a0] overflow in spectral RLE, ignoring
2011-10-17 13:33:46,395 [Thread-4] ERROR org.ffmpeg - [wmav2 @ 0x51525a0] overflow in spectral RLE, ignoring
2011-10-17 13:33:46,395 [Thread-4] ERROR org.ffmpeg - [wmav2 @ 0x51525a0] overflow in spectral RLE, ignoring
2011-10-17 13:33:46,441 [Thread-4] ERROR org.ffmpeg - [wmav2 @ 0x51525a0] overflow in spectral RLE, ignoring
2011-10-17 13:33:46,541 [Thread-4] ERROR org.ffmpeg - [wmav2 @ 0x51525a0] overflow in spectral RLE, ignoring
2011-10-17 13:33:46,770 [Thread-4] ERROR org.ffmpeg - [wmav2 @ 0x51525a0] overflow in spectral RLE, ignoring
2011-10-17 13:33:46,819 [Thread-4] ERROR org.ffmpeg - [wmav2 @ 0x51525a0] overflow in spectral RLE, ignoring
2011-10-17 13:33:46,951 [Thread-4] ERROR org.ffmpeg - [wmav2 @ 0x51525a0] overflow in spectral RLE, ignoring
2011-10-17 13:33:47,025 [Thread-4] ERROR org.ffmpeg - [wmav2 @ 0x51525a0] overflow in spectral RLE, ignoring
2011-10-17 13:33:47,072 [Thread-4] ERROR org.ffmpeg - [wmav2 @ 0x51525a0] overflow in spectral RLE, ignoring
2011-10-17 13:34:07,487 [Finalizer] DEBUG com.xuggle.xuggler - Closing dangling Container (../../../../../../../csrc/com/xuggle/xuggler/Container.cpp:83)
2011-10-17 13:34:07,509 [Thread-4] ERROR org.ffmpeg - [wmv2 @ 0x50cab50] warning: first frame is no keyframe
2011-10-17 13:34:27,234 [Finalizer] DEBUG com.xuggle.xuggler - Closing dangling Container (../../../../../../../csrc/com/xuggle/xuggler/Container.cpp:83)
2011-10-17 13:34:27,568 [Thread-4] ERROR org.ffmpeg - [wmav2 @ 0x515a8a0] overflow in spectral RLE, ignoring
2011-10-17 13:34:28,016 [Thread-4] ERROR org.ffmpeg - [wmav2 @ 0x515a8a0] overflow in spectral RLE, ignoring
2011-10-17 13:34:28,039 [Thread-4] ERROR org.ffmpeg - [wmav2 @ 0x515a8a0] overflow in spectral RLE, ignoring
2011-10-17 13:34:28,063 [Thread-4] ERROR org.ffmpeg - [wmav2 @ 0x515a8a0] overflow in spectral RLE, ignoring
2011-10-17 13:34:28,110 [Thread-4] ERROR org.ffmpeg - [wmav2 @ 0x515a8a0] overflow in spectral RLE, ignoring
2011-10-17 13:34:28,111 [Thread-4] ERROR org.ffmpeg - [wmav2 @ 0x515a8a0] overflow in spectral RLE, ignoring
2011-10-17 13:34:28,134 [Thread-4] ERROR org.ffmpeg - [wmav2 @ 0x515a8a0] overflow in spectral RLE, ignoring
2011-10-17 13:34:46,823 [Finalizer] DEBUG com.xuggle.xuggler - Closing dangling Container (../../../../../../../csrc/com/xuggle/xuggler/Container.cpp:83)
2011-10-17 13:34:46,850 [Thread-4] ERROR org.ffmpeg - [wmv2 @ 0x51bab50] warning: first frame is no keyframe
2011-10-17 13:35:01,485 [Finalizer] DEBUG com.xuggle.xuggler - Closing dangling Container (../../../../../../../csrc/com/xuggle/xuggler/Container.cpp:83)
2011-10-17 13:35:01,508 [Thread-4] ERROR org.ffmpeg - [wmv2 @ 0x504ab70] warning: first frame is no keyframe
2011-10-17 13:35:21,356 [Finalizer] DEBUG com.xuggle.xuggler - Closing dangling Container (../../../../../../../csrc/com/xuggle/xuggler/Container.cpp:83)
2011-10-17 13:35:24,604 [Thread-4] ERROR org.ffmpeg - [wmv2 @ 0x5152ca0] warning: first frame is no keyframe
2011-10-17 13:35:24,624 [Finalizer] DEBUG com.xuggle.xuggler - Closing dangling Container (../../../../../../../csrc/com/xuggle/xuggler/Container.cpp:83)
2011-10-17 13:35:24,626 [Thread-4] ERROR org.ffmpeg - [wmav2 @ 0x51536b0] overflow in spectral RLE, ignoring
2011-10-17 13:35:24,679 [Thread-4] ERROR org.ffmpeg - [wmav2 @ 0x51536b0] overflow in spectral RLE, ignoring
2011-10-17 13:35:24,871 [Thread-4] ERROR org.ffmpeg - [wmav2 @ 0x51536b0] overflow in spectral RLE, ignoring
2011-10-17 13:35:24,946 [Thread-4] ERROR org.ffmpeg - [wmav2 @ 0x51536b0] overflow in spectral RLE, ignoring
2011-10-17 13:35:25,090 [Thread-4] ERROR org.ffmpeg - [wmav2 @ 0x51536b0] overflow in spectral RLE, ignoring
2011-10-17 13:35:54,721 [Finalizer] DEBUG com.xuggle.xuggler - Closing dangling Container (../../../../../../../csrc/com/xuggle/xuggler/Container.cpp:83)
2011-10-17 13:35:54,776 [Thread-4] ERROR org.ffmpeg - [wmv2 @ 0x9220360] warning: first frame is no keyframe
2011-10-17 13:35:54,891 [Thread-4] ERROR org.ffmpeg - [wmav2 @ 0x503a8a0] overflow in spectral RLE, ignoring
2011-10-17 13:35:55,647 [Thread-4] ERROR org.ffmpeg - [wmav2 @ 0x503a8a0] overflow in spectral RLE, ignoring
2011-10-17 13:35:55,666 [Thread-4] ERROR org.ffmpeg - [wmav2 @ 0x503a8a0] overflow in spectral RLE, ignoring
2011-10-17 13:35:55,690 [Thread-4] ERROR org.ffmpeg - [wmav2 @ 0x503a8a0] overflow in spectral RLE, ignoring
2011-10-17 13:35:55,776 [Thread-4] ERROR org.ffmpeg - [wmav2 @ 0x503a8a0] overflow in spectral RLE, ignoring
2011-10-17 13:35:55,777 [Thread-4] ERROR org.ffmpeg - [wmav2 @ 0x503a8a0] overflow in spectral RLE, ignoring
2011-10-17 13:35:55,801 [Thread-4] ERROR org.ffmpeg - [wmav2 @ 0x503a8a0] overflow in spectral RLE, ignoring
2011-10-17 13:35:55,825 [Thread-4] ERROR org.ffmpeg - [wmav2 @ 0x503a8a0] overflow in spectral RLE, ignoring
2011-10-17 13:35:55,874 [Thread-4] ERROR org.ffmpeg - [wmav2 @ 0x503a8a0] overflow in spectral RLE, ignoring
2011-10-17 13:36:12,383 [Finalizer] DEBUG com.xuggle.xuggler - Closing dangling Container (../../../../../../../csrc/com/xuggle/xuggler/Container.cpp:83)
2011-10-17 13:36:39,780 [Finalizer] DEBUG com.xuggle.xuggler - Closing dangling Container (../../../../../../../csrc/com/xuggle/xuggler/Container.cpp:83)
2011-10-17 13:37:43,459 [Finalizer] DEBUG com.xuggle.xuggler - Closing dangling Container (../../../../../../../csrc/com/xuggle/xuggler/Container.cpp:83)
2011-10-17 13:38:00,187 [Finalizer] DEBUG com.xuggle.xuggler - Closing dangling Container (../../../../../../../csrc/com/xuggle/xuggler/Container.cpp:83)
2011-10-17 13:38:00,318 [Thread-4] ERROR org.ffmpeg - [wmv2 @ 0x50aab50] warning: first frame is no keyframe
2011-10-17 13:38:18,232 [Finalizer] DEBUG com.xuggle.xuggler - Closing dangling Container (../../../../../../../csrc/com/xuggle/xuggler/Container.cpp:83)
2011-10-17 13:38:18,256 [Thread-4] ERROR org.ffmpeg - [wmv2 @ 0x51aab50] warning: first frame is no keyframe
2011-10-17 13:38:35,443 [Finalizer] DEBUG com.xuggle.xuggler - Closing dangling Container (../../../../../../../csrc/com/xuggle/xuggler/Container.cpp:83)
2011-10-17 13:38:35,490 [Thread-4] ERROR org.ffmpeg - [wmv2 @ 0x50eaca0] warning: first frame is no keyframe
2011-10-17 13:38:49,887 [Finalizer] DEBUG com.xuggle.xuggler - Closing dangling Container (../../../../../../../csrc/com/xuggle/xuggler/Container.cpp:83)
2011-10-17 13:38:49,927 [Thread-4] ERROR org.ffmpeg - [wmv2 @ 0x8e90360] warning: first frame is no keyframe
2011-10-17 13:38:50,352 [Thread-4] ERROR org.ffmpeg - [wmav2 @ 0x521a8a0] overflow in spectral RLE, ignoring
2011-10-17 13:39:03,581 [Finalizer] DEBUG com.xuggle.xuggler - Closing dangling Container (../../../../../../../csrc/com/xuggle/xuggler/Container.cpp:83)
2011-10-17 13:39:03,607 [Thread-4] ERROR org.ffmpeg - [wmv2 @ 0x5141b90] warning: first frame is no keyframe
2011-10-17 13:39:04,012 [Thread-4] ERROR org.ffmpeg - [wmav2 @ 0x51425a0] overflow in spectral RLE, ignoring
2011-10-17 13:39:04,181 [Thread-4] ERROR org.ffmpeg - [wmav2 @ 0x51425a0] overflow in spectral RLE, ignoring
2011-10-17 13:39:22,842 [Finalizer] DEBUG com.xuggle.xuggler - Closing dangling Container (../../../../../../../csrc/com/xuggle/xuggler/Container.cpp:83)
2011-10-17 13:39:22,870 [Thread-4] ERROR org.ffmpeg - [wmv2 @ 0x508ab50] warning: first frame is no keyframe
2011-10-17 13:40:19,001 [Finalizer] DEBUG com.xuggle.xuggler - Closing dangling Container (../../../../../../../csrc/com/xuggle/xuggler/Container.cpp:83)
2011-10-17 13:40:19,024 [Thread-4] ERROR org.ffmpeg - [wmv2 @ 0x511aca0] warning: first frame is no keyframe
2011-10-17 13:40:19,044 [Thread-4] ERROR org.ffmpeg - [wmav2 @ 0x511b680] overflow in spectral RLE, ignoring
2011-10-17 13:40:19,112 [Thread-4] ERROR org.ffmpeg - [wmav2 @ 0x511b680] overflow in spectral RLE, ignoring
2011-10-17 13:40:19,607 [Thread-4] ERROR org.ffmpeg - [wmav2 @ 0x511b680] overflow in spectral RLE, ignoring
2011-10-17 13:40:19,816 [Thread-4] ERROR org.ffmpeg - [wmav2 @ 0x511b680] overflow in spectral RLE, ignoring
2011-10-17 13:41:00,960 [Finalizer] DEBUG com.xuggle.xuggler - Closing dangling Container (../../../../../../../csrc/com/xuggle/xuggler/Container.cpp:83)
2011-10-17 13:41:00,985 [Thread-4] ERROR org.ffmpeg - [wmv2 @ 0x50aad60] warning: first frame is no keyframe
2011-10-17 13:41:01,003 [Thread-4] ERROR org.ffmpeg - [wmav2 @ 0x50ab770] overflow in spectral RLE, ignoring
2011-10-17 13:41:01,076 [Thread-4] ERROR org.ffmpeg - [wmav2 @ 0x50ab770] overflow in spectral RLE, ignoring
2011-10-17 13:41:01,534 [Thread-4] ERROR org.ffmpeg - [wmav2 @ 0x50ab770] overflow in spectral RLE, ignoring
2011-10-17 13:41:01,756 [Thread-4] ERROR org.ffmpeg - [wmav2 @ 0x50ab770] overflow in spectral RLE, ignoring
2011-10-17 13:41:55,759 [Finalizer] DEBUG com.xuggle.xuggler - Closing dangling Container (../../../../../../../csrc/com/xuggle/xuggler/Container.cpp:83)
2011-10-17 13:41:55,794 [Thread-4] ERROR org.ffmpeg - [wmv2 @ 0x505ab50] warning: first frame is no keyframe
2011-10-17 13:41:55,814 [Thread-4] ERROR org.ffmpeg - [wmav2 @ 0x505b560] overflow in spectral RLE, ignoring
2011-10-17 13:41:55,884 [Thread-4] ERROR org.ffmpeg - [wmav2 @ 0x505b560] overflow in spectral RLE, ignoring
2011-10-17 13:41:56,310 [Thread-4] ERROR org.ffmpeg - [wmav2 @ 0x505b560] overflow in spectral RLE, ignoring
2011-10-17 13:41:56,524 [Thread-4] ERROR org.ffmpeg - [wmav2 @ 0x505b560] overflow in spectral RLE, ignoring
2011-10-17 13:42:56,780 [Finalizer] DEBUG com.xuggle.xuggler - Closing dangling Container (../../../../../../../csrc/com/xuggle/xuggler/Container.cpp:83)
2011-10-17 13:42:56,830 [Thread-4] ERROR org.ffmpeg - [wmv2 @ 0x50aab50] warning: first frame is no keyframe
2011-10-17 13:42:56,848 [Thread-4] ERROR org.ffmpeg - [wmav2 @ 0x50ab560] overflow in spectral RLE, ignoring
2011-10-17 13:42:56,917 [Thread-4] ERROR org.ffmpeg - [wmav2 @ 0x50ab560] overflow in spectral RLE, ignoring
2011-10-17 13:42:57,360 [Thread-4] ERROR org.ffmpeg - [wmav2 @ 0x50ab560] overflow in spectral RLE, ignoring
2011-10-17 13:42:57,581 [Thread-4] ERROR org.ffmpeg - [wmav2 @ 0x50ab560] overflow in spectral RLE, ignoring
2011-10-17 13:46:23,628 [Finalizer] DEBUG com.xuggle.xuggler - Closing dangling Container (../../../../../../../csrc/com/xuggle/xuggler/Container.cpp:83)
2011-10-17 13:46:23,666 [Thread-4] ERROR org.ffmpeg - [wmv2 @ 0x508ab50] warning: first frame is no keyframe
2011-10-17 13:48:45,275 [Finalizer] DEBUG com.xuggle.xuggler - Closing dangling Container (../../../../../../../csrc/com/xuggle/xuggler/Container.cpp:83)
2011-10-17 13:48:45,299 [Thread-4] ERROR org.ffmpeg - [wmv2 @ 0x50aaca0] warning: first frame is no keyframe
2011-10-17 13:50:50,570 [Finalizer] DEBUG com.xuggle.xuggler - Closing dangling Container (../../../../../../../csrc/com/xuggle/xuggler/Container.cpp:83)
2011-10-17 13:50:50,593 [Thread-4] ERROR org.ffmpeg - [wmv2 @ 0x517aca0] warning: first frame is no keyframe
2011-10-17 13:52:06,334 [Finalizer] DEBUG com.xuggle.xuggler - Closing dangling Container (../../../../../../../csrc/com/xuggle/xuggler/Container.cpp:83)
2011-10-17 13:52:06,360 [Thread-4] ERROR org.ffmpeg - [wmv2 @ 0x507aca0] warning: first frame is no keyframe
2011-10-17 13:53:03,792 [Finalizer] DEBUG com.xuggle.xuggler - Closing dangling Container (../../../../../../../csrc/com/xuggle/xuggler/Container.cpp:83)
2011-10-17 13:53:03,818 [Thread-4] ERROR org.ffmpeg - [wmv2 @ 0x511aca0] warning: first frame is no keyframe
2011-10-17 13:53:03,836 [Thread-4] ERROR org.ffmpeg - [wmav2 @ 0x511b680] overflow in spectral RLE, ignoring
2011-10-17 13:53:03,908 [Thread-4] ERROR org.ffmpeg - [wmav2 @ 0x511b680] overflow in spectral RLE, ignoring
2011-10-17 13:53:04,370 [Thread-4] ERROR org.ffmpeg - [wmav2 @ 0x511b680] overflow in spectral RLE, ignoring
2011-10-17 13:53:04,599 [Thread-4] ERROR org.ffmpeg - [wmav2 @ 0x511b680] overflow in spectral RLE, ignoring
2011-10-17 13:54:06,236 [Thread-4] ERROR org.ffmpeg - [wmv2 @ 0x5125ca0] warning: first frame is no keyframe
2011-10-17 13:54:06,257 [Finalizer] DEBUG com.xuggle.xuggler - Closing dangling Container (../../../../../../../csrc/com/xuggle/xuggler/Container.cpp:83)
2011-10-17 13:54:06,261 [Thread-4] ERROR org.ffmpeg - [wmav2 @ 0x51266b0] overflow in spectral RLE, ignoring
2011-10-17 13:54:06,334 [Thread-4] ERROR org.ffmpeg - [wmav2 @ 0x51266b0] overflow in spectral RLE, ignoring
2011-10-17 13:54:06,819 [Thread-4] ERROR org.ffmpeg - [wmav2 @ 0x51266b0] overflow in spectral RLE, ignoring
2011-10-17 13:54:07,002 [Thread-4] ERROR org.ffmpeg - [wmav2 @ 0x51266b0] overflow in spectral RLE, ignoring
2011-10-17 13:55:43,646 [Finalizer] DEBUG com.xuggle.xuggler - Closing dangling Container (../../../../../../../csrc/com/xuggle/xuggler/Container.cpp:83)
2011-10-17 13:55:43,685 [Thread-4] ERROR org.ffmpeg - [wmv2 @ 0x507aca0] warning: first frame is no keyframe
2011-10-17 13:56:05,845 [Finalizer] DEBUG com.xuggle.xuggler - Closing dangling Container (../../../../../../../csrc/com/xuggle/xuggler/Container.cpp:83)
2011-10-17 13:56:05,963 [Thread-4] ERROR org.ffmpeg - [wmv2 @ 0x9290360] warning: first frame is no keyframe
2011-10-17 13:56:06,329 [Thread-4] ERROR org.ffmpeg - [wmav2 @ 0x507a8a0] overflow in spectral RLE, ignoring
2011-10-17 13:56:23,558 [Finalizer] DEBUG com.xuggle.xuggler - Closing dangling Container (../../../../../../../csrc/com/xuggle/xuggler/Container.cpp:83)
2011-10-17 13:56:23,587 [Thread-4] ERROR org.ffmpeg - [wmv2 @ 0x515ab50] warning: first frame is no keyframe
2011-10-17 13:56:39,689 [Finalizer] DEBUG com.xuggle.xuggler - Closing dangling Container (../../../../../../../csrc/com/xuggle/xuggler/Container.cpp:83)
2011-10-17 13:56:39,724 [Thread-4] ERROR org.ffmpeg - [wmv2 @ 0x505ab50] warning: first frame is no keyframe
2011-10-17 13:56:40,064 [Thread-4] ERROR org.ffmpeg - [wmav2 @ 0x505b560] overflow in spectral RLE, ignoring
2011-10-17 13:56:40,226 [Thread-4] ERROR org.ffmpeg - [wmav2 @ 0x505b560] overflow in spectral RLE, ignoring
2011-10-17 13:57:23,472 [Finalizer] DEBUG com.xuggle.xuggler - Closing dangling Container (../../../../../../../csrc/com/xuggle/xuggler/Container.cpp:83)
2011-10-17 13:57:23,497 [Thread-4] ERROR org.ffmpeg - [wmv2 @ 0x50fab50] warning: first frame is no keyframe
2011-10-17 13:57:41,172 [Finalizer] DEBUG com.xuggle.xuggler - Closing dangling Container (../../../../../../../csrc/com/xuggle/xuggler/Container.cpp:83)
2011-10-17 13:57:41,572 [Thread-4] ERROR org.ffmpeg - [wmav2 @ 0x517b560] overflow in spectral RLE, ignoring
2011-10-17 13:57:41,760 [Thread-4] ERROR org.ffmpeg - [wmav2 @ 0x517b560] overflow in spectral RLE, ignoring
2011-10-17 13:57:58,899 [Finalizer] DEBUG com.xuggle.xuggler - Closing dangling Container (../../../../../../../csrc/com/xuggle/xuggler/Container.cpp:83)
2011-10-17 13:57:58,926 [Thread-4] ERROR org.ffmpeg - [wmv2 @ 0x514ab50] warning: first frame is no keyframe
2011-10-17 13:58:21,796 [Finalizer] DEBUG com.xuggle.xuggler - Closing dangling Container (../../../../../../../csrc/com/xuggle/xuggler/Container.cpp:83)
2011-10-17 13:58:21,824 [Thread-4] ERROR org.ffmpeg - [wmv2 @ 0x50ead60] warning: first frame is no keyframe
2011-10-17 13:58:21,844 [Thread-4] ERROR org.ffmpeg - [wmav2 @ 0x50eb770] overflow in spectral RLE, ignoring
2011-10-17 13:58:21,914 [Thread-4] ERROR org.ffmpeg - [wmav2 @ 0x50eb770] overflow in spectral RLE, ignoring
2011-10-17 13:58:22,365 [Thread-4] ERROR org.ffmpeg - [wmav2 @ 0x50eb770] overflow in spectral RLE, ignoring
2011-10-17 13:58:22,588 [Thread-4] ERROR org.ffmpeg - [wmav2 @ 0x50eb770] overflow in spectral RLE, ignoring
2011-10-17 13:59:31,722 [Finalizer] DEBUG com.xuggle.xuggler - Closing dangling Container (../../../../../../../csrc/com/xuggle/xuggler/Container.cpp:83)
2011-10-17 13:59:32,213 [Thread-4] ERROR org.ffmpeg - [wmv2 @ 0x50bab50] warning: first frame is no keyframe
2011-10-17 14:00:15,361 [Finalizer] DEBUG com.xuggle.xuggler - Closing dangling Container (../../../../../../../csrc/com/xuggle/xuggler/Container.cpp:83)
2011-10-17 14:00:15,428 [Thread-4] ERROR org.ffmpeg - [wmv2 @ 0x9210360] warning: first frame is no keyframe
2011-10-17 14:00:15,455 [Thread-4] ERROR org.ffmpeg - [wmav2 @ 0x51ea8a0] overflow in spectral RLE, ignoring
2011-10-17 14:00:15,455 [Thread-4] ERROR org.ffmpeg - [wmav2 @ 0x51ea8a0] overflow in spectral RLE, ignoring
2011-10-17 14:00:15,498 [Thread-4] ERROR org.ffmpeg - [wmav2 @ 0x51ea8a0] overflow in spectral RLE, ignoring
2011-10-17 14:00:15,522 [Thread-4] ERROR org.ffmpeg - [wmav2 @ 0x51ea8a0] overflow in spectral RLE, ignoring
2011-10-17 14:00:15,574 [Thread-4] ERROR org.ffmpeg - [wmav2 @ 0x51ea8a0] overflow in spectral RLE, ignoring
2011-10-17 14:00:15,733 [Thread-4] ERROR org.ffmpeg - [wmav2 @ 0x51ea8a0] overflow in spectral RLE, ignoring
2011-10-17 14:00:15,801 [Thread-4] ERROR org.ffmpeg - [wmav2 @ 0x51ea8a0] overflow in spectral RLE, ignoring
2011-10-17 14:00:15,938 [Thread-4] ERROR org.ffmpeg - [wmav2 @ 0x51ea8a0] overflow in spectral RLE, ignoring
2011-10-17 14:00:33,659 [Finalizer] DEBUG com.xuggle.xuggler - Closing dangling Container (../../../../../../../csrc/com/xuggle/xuggler/Container.cpp:83)
2011-10-17 14:00:33,710 [Thread-4] ERROR org.ffmpeg - [wmv2 @ 0x507ab50] warning: first frame is no keyframe
2011-10-17 14:00:49,506 [Finalizer] DEBUG com.xuggle.xuggler - Closing dangling Container (../../../../../../../csrc/com/xuggle/xuggler/Container.cpp:83)
2011-10-17 14:00:49,534 [Thread-4] ERROR org.ffmpeg - [wmv2 @ 0x9280360] warning: first frame is no keyframe
2011-10-17 14:00:49,551 [Thread-4] ERROR org.ffmpeg - [wmav2 @ 0x507aab0] overflow in spectral RLE, ignoring
2011-10-17 14:00:49,604 [Thread-4] ERROR org.ffmpeg - [wmav2 @ 0x507aab0] overflow in spectral RLE, ignoring
2011-10-17 14:00:49,758 [Thread-4] ERROR org.ffmpeg - [wmav2 @ 0x507aab0] overflow in spectral RLE, ignoring
2011-10-17 14:00:49,831 [Thread-4] ERROR org.ffmpeg - [wmav2 @ 0x507aab0] overflow in spectral RLE, ignoring
2011-10-17 14:00:49,969 [Thread-4] ERROR org.ffmpeg - [wmav2 @ 0x507aab0] overflow in spectral RLE, ignoring
2011-10-17 14:01:20,170 [Finalizer] DEBUG com.xuggle.xuggler - Closing dangling Container (../../../../../../../csrc/com/xuggle/xuggler/Container.cpp:83)
2011-10-17 14:01:20,195 [Thread-4] ERROR org.ffmpeg - [wmv2 @ 0x5151b90] warning: first frame is no keyframe
2011-10-17 14:01:20,308 [Thread-4] ERROR org.ffmpeg - [wmav2 @ 0x51525a0] overflow in spectral RLE, ignoring
2011-10-17 14:01:20,716 [Thread-4] ERROR org.ffmpeg - [wmav2 @ 0x51525a0] overflow in spectral RLE, ignoring
2011-10-17 14:01:20,736 [Thread-4] ERROR org.ffmpeg - [wmav2 @ 0x51525a0] overflow in spectral RLE, ignoring
2011-10-17 14:01:20,761 [Thread-4] ERROR org.ffmpeg - [wmav2 @ 0x51525a0] overflow in spectral RLE, ignoring
2011-10-17 14:01:20,844 [Thread-4] ERROR org.ffmpeg - [wmav2 @ 0x51525a0] overflow in spectral RLE, ignoring
2011-10-17 14:01:20,844 [Thread-4] ERROR org.ffmpeg - [wmav2 @ 0x51525a0] overflow in spectral RLE, ignoring
2011-10-17 14:01:20,869 [Thread-4] ERROR org.ffmpeg - [wmav2 @ 0x51525a0] overflow in spectral RLE, ignoring
2011-10-17 14:01:20,892 [Thread-4] ERROR org.ffmpeg - [wmav2 @ 0x51525a0] overflow in spectral RLE, ignoring
2011-10-17 14:01:20,939 [Thread-4] ERROR org.ffmpeg - [wmav2 @ 0x51525a0] overflow in spectral RLE, ignoring
2011-10-17 14:01:46,232 [Finalizer] DEBUG com.xuggle.xuggler - Closing dangling Container (../../../../../../../csrc/com/xuggle/xuggler/Container.cpp:83)
2011-10-17 14:02:01,944 [Finalizer] DEBUG com.xuggle.xuggler - Closing dangling Container (../../../../../../../csrc/com/xuggle/xuggler/Container.cpp:83)
2011-10-17 14:02:02,206 [Thread-4] ERROR org.ffmpeg - [wmav2 @ 0x506b680] overflow in spectral RLE, ignoring
2011-10-17 14:02:02,652 [Thread-4] ERROR org.ffmpeg - [wmav2 @ 0x506b680] overflow in spectral RLE, ignoring
2011-10-17 14:02:02,674 [Thread-4] ERROR org.ffmpeg - [wmav2 @ 0x506b680] overflow in spectral RLE, ignoring
2011-10-17 14:02:02,696 [Thread-4] ERROR org.ffmpeg - [wmav2 @ 0x506b680] overflow in spectral RLE, ignoring
2011-10-17 14:02:02,744 [Thread-4] ERROR org.ffmpeg - [wmav2 @ 0x506b680] overflow in spectral RLE, ignoring
2011-10-17 14:02:02,744 [Thread-4] ERROR org.ffmpeg - [wmav2 @ 0x506b680] overflow in spectral RLE, ignoring
2011-10-17 14:02:02,768 [Thread-4] ERROR org.ffmpeg - [wmav2 @ 0x506b680] overflow in spectral RLE, ignoring
2011-10-17 14:02:21,577 [Finalizer] DEBUG com.xuggle.xuggler - Closing dangling Container (../../../../../../../csrc/com/xuggle/xuggler/Container.cpp:83)
2011-10-17 14:02:21,609 [Thread-4] ERROR org.ffmpeg - [wmv2 @ 0x50dab50] warning: first frame is no keyframe
2011-10-17 14:02:39,204 [Thread-4] ERROR org.ffmpeg - [wmv2 @ 0x5124cc0] warning: first frame is no keyframe
2011-10-17 14:02:39,884 [Finalizer] DEBUG com.xuggle.xuggler - Closing dangling Container (../../../../../../../csrc/com/xuggle/xuggler/Container.cpp:83)
2011-10-17 14:04:49,297 [Finalizer] DEBUG com.xuggle.xuggler - Closing dangling Container (../../../../../../../csrc/com/xuggle/xuggler/Container.cpp:83)
2011-10-17 14:04:51,653 [Thread-4] ERROR org.ffmpeg - [wmv2 @ 0x8e20630] warning: first frame is no keyframe
2011-10-17 14:04:51,674 [Finalizer] DEBUG com.xuggle.xuggler - Closing dangling Container (../../../../../../../csrc/com/xuggle/xuggler/Container.cpp:83)
2011-10-17 14:04:51,683 [Thread-4] ERROR org.ffmpeg - [wmav2 @ 0x50e5920] overflow in spectral RLE, ignoring
2011-10-17 14:04:51,684 [Thread-4] ERROR org.ffmpeg - [wmav2 @ 0x50e5920] overflow in spectral RLE, ignoring
2011-10-17 14:04:51,722 [Thread-4] ERROR org.ffmpeg - [wmav2 @ 0x50e5920] overflow in spectral RLE, ignoring
2011-10-17 14:04:51,749 [Thread-4] ERROR org.ffmpeg - [wmav2 @ 0x50e5920] overflow in spectral RLE, ignoring
2011-10-17 14:04:51,801 [Thread-4] ERROR org.ffmpeg - [wmav2 @ 0x50e5920] overflow in spectral RLE, ignoring
2011-10-17 14:04:51,947 [Thread-4] ERROR org.ffmpeg - [wmav2 @ 0x50e5920] overflow in spectral RLE, ignoring
2011-10-17 14:04:52,015 [Thread-4] ERROR org.ffmpeg - [wmav2 @ 0x50e5920] overflow in spectral RLE, ignoring
2011-10-17 14:04:52,196 [Thread-4] ERROR org.ffmpeg - [wmav2 @ 0x50e5920] overflow in spectral RLE, ignoring
2011-10-17 14:05:05,930 [Finalizer] DEBUG com.xuggle.xuggler - Closing dangling Container (../../../../../../../csrc/com/xuggle/xuggler/Container.cpp:83)
2011-10-17 14:05:05,954 [Thread-4] ERROR org.ffmpeg - [wmv2 @ 0x508ad60] warning: first frame is no keyframe
2011-10-17 14:05:05,979 [Thread-4] ERROR org.ffmpeg - [wmav2 @ 0x508b770] overflow in spectral RLE, ignoring
2011-10-17 14:05:05,980 [Thread-4] ERROR org.ffmpeg - [wmav2 @ 0x508b770] overflow in spectral RLE, ignoring
2011-10-17 14:05:06,021 [Thread-4] ERROR org.ffmpeg - [wmav2 @ 0x508b770] overflow in spectral RLE, ignoring
2011-10-17 14:05:06,048 [Thread-4] ERROR org.ffmpeg - [wmav2 @ 0x508b770] overflow in spectral RLE, ignoring
2011-10-17 14:05:06,098 [Thread-4] ERROR org.ffmpeg - [wmav2 @ 0x508b770] overflow in spectral RLE, ignoring
2011-10-17 14:05:06,238 [Thread-4] ERROR org.ffmpeg - [wmav2 @ 0x508b770] overflow in spectral RLE, ignoring
2011-10-17 14:05:06,305 [Thread-4] ERROR org.ffmpeg - [wmav2 @ 0x508b770] overflow in spectral RLE, ignoring
2011-10-17 14:05:06,442 [Thread-4] ERROR org.ffmpeg - [wmav2 @ 0x508b770] overflow in spectral RLE, ignoring
2011-10-17 14:23:59,518 [Thread-4] ERROR org.ffmpeg - [wmv2 @ 0x5084cc0] warning: first frame is no keyframe
2011-10-17 14:23:59,574 [Finalizer] DEBUG com.xuggle.xuggler - Closing dangling Container (../../../../../../../csrc/com/xuggle/xuggler/Container.cpp:83)
2011-10-17 14:24:16,338 [Finalizer] DEBUG com.xuggle.xuggler - Closing dangling Container (../../../../../../../csrc/com/xuggle/xuggler/Container.cpp:83)
2011-10-17 14:24:16,385 [Thread-4] ERROR org.ffmpeg - [wmv2 @ 0x8ed0360] warning: first frame is no keyframe
2011-10-17 14:24:16,401 [Thread-4] ERROR org.ffmpeg - [wmav2 @ 0x519a8a0] overflow in spectral RLE, ignoring
2011-10-17 14:24:16,452 [Thread-4] ERROR org.ffmpeg - [wmav2 @ 0x519a8a0] overflow in spectral RLE, ignoring
2011-10-17 14:24:16,595 [Thread-4] ERROR org.ffmpeg - [wmav2 @ 0x519a8a0] overflow in spectral RLE, ignoring
2011-10-17 14:24:16,664 [Thread-4] ERROR org.ffmpeg - [wmav2 @ 0x519a8a0] overflow in spectral RLE, ignoring
2011-10-17 14:24:16,798 [Thread-4] ERROR org.ffmpeg - [wmav2 @ 0x519a8a0] overflow in spectral RLE, ignoring
2011-10-17 14:24:36,202 [Finalizer] DEBUG com.xuggle.xuggler - Closing dangling Container (../../../../../../../csrc/com/xuggle/xuggler/Container.cpp:83)
2011-10-17 14:24:36,247 [Thread-4] ERROR org.ffmpeg - [wmv2 @ 0x9200360] warning: first frame is no keyframe
2011-10-17 14:24:36,263 [Thread-4] ERROR org.ffmpeg - [wmav2 @ 0x516a8a0] overflow in spectral RLE, ignoring
2011-10-17 14:24:36,318 [Thread-4] ERROR org.ffmpeg - [wmav2 @ 0x516a8a0] overflow in spectral RLE, ignoring
2011-10-17 14:24:36,461 [Thread-4] ERROR org.ffmpeg - [wmav2 @ 0x516a8a0] overflow in spectral RLE, ignoring
2011-10-17 14:24:36,531 [Thread-4] ERROR org.ffmpeg - [wmav2 @ 0x516a8a0] overflow in spectral RLE, ignoring
2011-10-17 14:24:36,670 [Thread-4] ERROR org.ffmpeg - [wmav2 @ 0x516a8a0] overflow in spectral RLE, ignoring
2011-10-17 14:25:14,368 [Finalizer] DEBUG com.xuggle.xuggler - Closing dangling Container (../../../../../../../csrc/com/xuggle/xuggler/Container.cpp:83)
2011-10-17 14:25:43,492 [Finalizer] DEBUG com.xuggle.xuggler - Closing dangling Container (../../../../../../../csrc/com/xuggle/xuggler/Container.cpp:83)
2011-10-17 14:26:00,857 [Finalizer] DEBUG com.xuggle.xuggler - Closing dangling Container (../../../../../../../csrc/com/xuggle/xuggler/Container.cpp:83)
2011-10-17 14:26:01,136 [Thread-4] ERROR org.ffmpeg - [wmav2 @ 0x507a8a0] overflow in spectral RLE, ignoring
2011-10-17 14:26:01,593 [Thread-4] ERROR org.ffmpeg - [wmav2 @ 0x507a8a0] overflow in spectral RLE, ignoring
2011-10-17 14:26:01,615 [Thread-4] ERROR org.ffmpeg - [wmav2 @ 0x507a8a0] overflow in spectral RLE, ignoring
2011-10-17 14:26:01,639 [Thread-4] ERROR org.ffmpeg - [wmav2 @ 0x507a8a0] overflow in spectral RLE, ignoring
2011-10-17 14:26:01,684 [Thread-4] ERROR org.ffmpeg - [wmav2 @ 0x507a8a0] overflow in spectral RLE, ignoring
2011-10-17 14:26:01,685 [Thread-4] ERROR org.ffmpeg - [wmav2 @ 0x507a8a0] overflow in spectral RLE, ignoring
2011-10-17 14:26:01,709 [Thread-4] ERROR org.ffmpeg - [wmav2 @ 0x507a8a0] overflow in spectral RLE, ignoring
2011-10-17 14:26:17,915 [Finalizer] DEBUG com.xuggle.xuggler - Closing dangling Container (../../../../../../../csrc/com/xuggle/xuggler/Container.cpp:83)
2011-10-17 14:26:17,953 [Thread-4] ERROR org.ffmpeg - [wmv2 @ 0x50cab50] warning: first frame is no keyframe
2011-10-17 15:04:33,955 [Finalizer] DEBUG com.xuggle.xuggler - Closing dangling Container (../../../../../../../csrc/com/xuggle/xuggler/Container.cpp:83)
2011-10-17 15:04:34,950 [Thread-4] ERROR org.ffmpeg - [wmav2 @ 0x513b560] overflow in spectral RLE, ignoring
2011-10-17 15:04:35,136 [Thread-4] ERROR org.ffmpeg - [wmav2 @ 0x513b560] overflow in spectral RLE, ignoring
2011-10-17 15:04:53,147 [Finalizer] DEBUG com.xuggle.xuggler - Closing dangling Container (../../../../../../../csrc/com/xuggle/xuggler/Container.cpp:83)
2011-10-17 15:04:53,198 [Thread-4] ERROR org.ffmpeg - [wmv2 @ 0x50aab50] warning: first frame is no keyframe
2011-10-17 15:05:21,626 [Thread-4] ERROR org.ffmpeg - [wmv2 @ 0x9440650] warning: first frame is no keyframe
2011-10-17 15:05:21,648 [Finalizer] DEBUG com.xuggle.xuggler - Closing dangling Container (../../../../../../../csrc/com/xuggle/xuggler/Container.cpp:83)
2011-10-17 15:05:21,869 [Thread-4] ERROR org.ffmpeg - [wmav2 @ 0x50c57e0] overflow in spectral RLE, ignoring
2011-10-17 15:05:22,015 [Thread-4] ERROR org.ffmpeg - [wmav2 @ 0x50c57e0] overflow in spectral RLE, ignoring
2011-10-17 15:05:22,134 [Thread-4] ERROR org.ffmpeg - [wmav2 @ 0x50c57e0] overflow in spectral RLE, ignoring
2011-10-17 15:05:51,996 [Finalizer] DEBUG com.xuggle.xuggler - Closing dangling Container (../../../../../../../csrc/com/xuggle/xuggler/Container.cpp:83)
2011-10-17 15:05:52,047 [Thread-4] ERROR org.ffmpeg - [wmv2 @ 0x5091b90] warning: first frame is no keyframe
2011-10-17 15:05:52,062 [Thread-4] ERROR org.ffmpeg - [wmav2 @ 0x50925a0] overflow in spectral RLE, ignoring
2011-10-17 15:05:52,062 [Thread-4] ERROR org.ffmpeg - [wmav2 @ 0x50925a0] overflow in spectral RLE, ignoring
2011-10-17 15:05:52,063 [Thread-4] ERROR org.ffmpeg - [wmav2 @ 0x50925a0] overflow in spectral RLE, ignoring
2011-10-17 15:05:52,110 [Thread-4] ERROR org.ffmpeg - [wmav2 @ 0x50925a0] overflow in spectral RLE, ignoring
2011-10-17 15:05:52,208 [Thread-4] ERROR org.ffmpeg - [wmav2 @ 0x50925a0] overflow in spectral RLE, ignoring
2011-10-17 15:05:52,392 [Thread-4] ERROR org.ffmpeg - [wmav2 @ 0x50925a0] overflow in spectral RLE, ignoring
2011-10-17 15:05:52,439 [Thread-4] ERROR org.ffmpeg - [wmav2 @ 0x50925a0] overflow in spectral RLE, ignoring
2011-10-17 15:05:52,563 [Thread-4] ERROR org.ffmpeg - [wmav2 @ 0x50925a0] overflow in spectral RLE, ignoring
2011-10-17 15:05:52,635 [Thread-4] ERROR org.ffmpeg - [wmav2 @ 0x50925a0] overflow in spectral RLE, ignoring
2011-10-17 15:05:52,679 [Thread-4] ERROR org.ffmpeg - [wmav2 @ 0x50925a0] overflow in spectral RLE, ignoring
2011-10-17 15:06:17,214 [Finalizer] DEBUG com.xuggle.xuggler - Closing dangling Container (../../../../../../../csrc/com/xuggle/xuggler/Container.cpp:83)
2011-10-17 15:06:17,260 [Thread-4] ERROR org.ffmpeg - [wmv2 @ 0x50cab50] warning: first frame is no keyframe
2011-10-17 15:06:34,905 [Finalizer] DEBUG com.xuggle.xuggler - Closing dangling Container (../../../../../../../csrc/com/xuggle/xuggler/Container.cpp:83)
2011-10-17 15:06:34,933 [Thread-4] ERROR org.ffmpeg - [wmv2 @ 0x504ab50] warning: first frame is no keyframe
2011-10-17 15:06:35,026 [Thread-4] ERROR org.ffmpeg - [wmav2 @ 0x8f406e0] overflow in spectral RLE, ignoring
2011-10-17 15:06:35,233 [Thread-4] ERROR org.ffmpeg - [wmav2 @ 0x8f406e0] overflow in spectral RLE, ignoring
2011-10-17 15:06:35,277 [Thread-4] ERROR org.ffmpeg - [wmav2 @ 0x8f406e0] overflow in spectral RLE, ignoring
2011-10-17 15:06:35,367 [Thread-4] ERROR org.ffmpeg - [wmav2 @ 0x8f406e0] overflow in spectral RLE, ignoring
2011-10-17 15:06:35,456 [Thread-4] ERROR org.ffmpeg - [wmav2 @ 0x8f406e0] overflow in spectral RLE, ignoring
2011-10-17 15:06:35,485 [Thread-4] ERROR org.ffmpeg - [wmav2 @ 0x8f406e0] overflow in spectral RLE, ignoring
2011-10-17 15:06:35,750 [Thread-4] ERROR org.ffmpeg - [wmav2 @ 0x8f406e0] overflow in spectral RLE, ignoring
2011-10-17 15:06:36,048 [Thread-4] ERROR org.ffmpeg - [wmav2 @ 0x8f406e0] overflow in spectral RLE, ignoring
2011-10-17 15:06:36,295 [Thread-4] ERROR org.ffmpeg - [wmav2 @ 0x8f406e0] overflow in spectral RLE, ignoring
2011-10-17 15:07:04,426 [Finalizer] DEBUG com.xuggle.xuggler - Closing dangling Container (../../../../../../../csrc/com/xuggle/xuggler/Container.cpp:83)
2011-10-17 15:07:04,451 [Thread-4] ERROR org.ffmpeg - [wmv2 @ 0x511ad60] warning: first frame is no keyframe
2011-10-17 15:07:34,968 [Finalizer] DEBUG com.xuggle.xuggler - Closing dangling Container (../../../../../../../csrc/com/xuggle/xuggler/Container.cpp:83)
2011-10-17 15:07:34,971 [Thread-4] DEBUG com.xuggle.xuggler - Closing dangling Container (../../../../../../../csrc/com/xuggle/xuggler/Container.cpp:83)
2011-10-17 15:07:35,579 [Finalizer] DEBUG com.xuggle.xuggler - Closing dangling Container (../../../../../../../csrc/com/xuggle/xuggler/Container.cpp:83)
2011-10-17 15:07:58,413 [Thread-4] ERROR org.ffmpeg - [wmv2 @ 0x51e5ed0] warning: first frame is no keyframe
2011-10-17 15:07:58,490 [Thread-4] ERROR org.ffmpeg - [wmav2 @ 0x51e68e0] overflow in spectral RLE, ignoring
2011-10-17 15:07:58,597 [Thread-4] ERROR org.ffmpeg - [wmav2 @ 0x51e68e0] overflow in spectral RLE, ignoring
2011-10-17 15:07:58,636 [Thread-4] ERROR org.ffmpeg - [wmav2 @ 0x51e68e0] overflow in spectral RLE, ignoring
2011-10-17 15:07:58,979 [Thread-4] ERROR org.ffmpeg - [wmav2 @ 0x51e68e0] overflow in spectral RLE, ignoring
2011-10-17 15:07:58,990 [Thread-4] ERROR org.ffmpeg - [wmav2 @ 0x51e68e0] overflow in spectral RLE, ignoring
2011-10-17 15:07:59,010 [Thread-4] ERROR org.ffmpeg - [wmav2 @ 0x51e68e0] overflow in spectral RLE, ignoring
2011-10-17 15:07:59,092 [Finalizer] DEBUG com.xuggle.xuggler - Closing dangling Container (../../../../../../../csrc/com/xuggle/xuggler/Container.cpp:83)
2011-10-17 15:07:59,122 [Thread-4] ERROR org.ffmpeg - [wmav2 @ 0x51e68e0] overflow in spectral RLE, ignoring
2011-10-17 15:07:59,147 [Thread-4] ERROR org.ffmpeg - [wmav2 @ 0x51e68e0] overflow in spectral RLE, ignoring
2011-10-17 15:08:22,539 [Thread-4] ERROR org.ffmpeg - [wmv2 @ 0x50e6230] warning: first frame is no keyframe
2011-10-17 15:08:22,559 [Finalizer] DEBUG com.xuggle.xuggler - Closing dangling Container (../../../../../../../csrc/com/xuggle/xuggler/Container.cpp:83)
2011-10-17 15:08:22,560 [Thread-4] ERROR org.ffmpeg - [wmav2 @ 0x50e6c40] overflow in spectral RLE, ignoring
2011-10-17 15:08:22,711 [Thread-4] ERROR org.ffmpeg - [wmav2 @ 0x50e6c40] overflow in spectral RLE, ignoring
2011-10-17 15:08:22,806 [Thread-4] ERROR org.ffmpeg - [wmav2 @ 0x50e6c40] overflow in spectral RLE, ignoring
2011-10-17 15:08:22,807 [Thread-4] ERROR org.ffmpeg - [wmav2 @ 0x50e6c40] overflow in spectral RLE, ignoring
2011-10-17 15:08:23,168 [Thread-4] ERROR org.ffmpeg - [wmav2 @ 0x50e6c40] overflow in spectral RLE, ignoring
2011-10-17 15:08:23,214 [Thread-4] ERROR org.ffmpeg - [wmav2 @ 0x50e6c40] overflow in spectral RLE, ignoring
2011-10-17 15:08:23,215 [Thread-4] ERROR org.ffmpeg - [wmav2 @ 0x50e6c40] overflow in spectral RLE, ignoring
2011-10-17 15:08:23,319 [Thread-4] ERROR org.ffmpeg - [wmav2 @ 0x50e6c40] overflow in spectral RLE, ignoring
2011-10-17 15:08:23,320 [Thread-4] ERROR org.ffmpeg - [wmav2 @ 0x50e6c40] overflow in spectral RLE, ignoring
2011-10-17 15:08:44,879 [Finalizer] DEBUG com.xuggle.xuggler - Closing dangling Container (../../../../../../../csrc/com/xuggle/xuggler/Container.cpp:83)
2011-10-17 15:08:45,844 [Thread-4] ERROR org.ffmpeg - [wmv2 @ 0x92b0360] warning: first frame is no keyframe
2011-10-17 15:08:45,958 [Thread-4] ERROR org.ffmpeg - [wmav2 @ 0x518a8a0] overflow in spectral RLE, ignoring
2011-10-17 15:08:46,010 [Thread-4] ERROR org.ffmpeg - [wmav2 @ 0x518a8a0] overflow in spectral RLE, ignoring
2011-10-17 15:08:46,098 [Thread-4] ERROR org.ffmpeg - [wmav2 @ 0x518a8a0] overflow in spectral RLE, ignoring
2011-10-17 15:08:46,191 [Thread-4] ERROR org.ffmpeg - [wmav2 @ 0x518a8a0] overflow in spectral RLE, ignoring
2011-10-17 15:08:46,407 [Thread-4] ERROR org.ffmpeg - [wmav2 @ 0x518a8a0] overflow in spectral RLE, ignoring
2011-10-17 15:08:47,006 [Thread-4] ERROR org.ffmpeg - [wmav2 @ 0x518a8a0] overflow in spectral RLE, ignoring
2011-10-17 15:08:47,124 [Thread-4] ERROR org.ffmpeg - [wmav2 @ 0x518a8a0] overflow in spectral RLE, ignoring
2011-10-17 15:08:47,256 [Thread-4] ERROR org.ffmpeg - [wmav2 @ 0x518a8a0] overflow in spectral RLE, ignoring
2011-10-17 15:08:47,451 [Thread-4] ERROR org.ffmpeg - [wmav2 @ 0x518a8a0] overflow in spectral RLE, ignoring
2011-10-17 15:08:47,682 [Thread-4] ERROR org.ffmpeg - [wmav2 @ 0x518a8a0] overflow in spectral RLE, ignoring
2011-10-17 15:08:47,702 [Thread-4] ERROR org.ffmpeg - [wmav2 @ 0x518a8a0] overflow in spectral RLE, ignoring
2011-10-19 21:44:57,033 [Finalizer] DEBUG com.xuggle.xuggler - Closing dangling Container (../../../../../../../csrc/com/xuggle/xuggler/Container.cpp:83)
2011-10-19 21:44:57,501 [Thread-4] ERROR org.ffmpeg - [wmv2 @ 0x190eab50] warning: first frame is no keyframe
2011-10-19 21:44:57,526 [Thread-4] ERROR org.ffmpeg - [wmav2 @ 0x190eb560] overflow in spectral RLE, ignoring
2011-10-19 21:44:57,653 [Thread-4] ERROR org.ffmpeg - [wmav2 @ 0x190eb560] overflow in spectral RLE, ignoring
2011-10-19 21:44:58,101 [Thread-4] ERROR org.ffmpeg - [wmav2 @ 0x190eb560] overflow in spectral RLE, ignoring
2011-10-19 21:44:58,316 [Thread-4] ERROR org.ffmpeg - [wmav2 @ 0x190eb560] overflow in spectral RLE, ignoring
2011-10-19 21:45:13,401 [Thread-4] ERROR org.ffmpeg - [wmv2 @ 0x19034cc0] warning: first frame is no keyframe
2011-10-19 21:45:14,065 [Finalizer] DEBUG com.xuggle.xuggler - Closing dangling Container (../../../../../../../csrc/com/xuggle/xuggler/Container.cpp:83)
2011-10-19 21:45:31,377 [Thread-4] ERROR org.ffmpeg - [wmv2 @ 0x19084c60] warning: first frame is no keyframe
2011-10-19 21:45:34,836 [Finalizer] DEBUG com.xuggle.xuggler - Closing dangling Container (../../../../../../../csrc/com/xuggle/xuggler/Container.cpp:83)
2011-10-19 21:45:49,173 [Thread-4] ERROR org.ffmpeg - [wmav2 @ 0x190d6790] overflow in spectral RLE, ignoring
2011-10-19 21:45:49,360 [Thread-4] ERROR org.ffmpeg - [wmav2 @ 0x190d6790] overflow in spectral RLE, ignoring
2011-10-19 21:45:49,497 [Finalizer] DEBUG com.xuggle.xuggler - Closing dangling Container (../../../../../../../csrc/com/xuggle/xuggler/Container.cpp:83)
2011-10-19 21:46:08,103 [Thread-4] ERROR org.ffmpeg - [wmv2 @ 0x190a4cc0] warning: first frame is no keyframe
2011-10-19 21:46:08,676 [Finalizer] DEBUG com.xuggle.xuggler - Closing dangling Container (../../../../../../../csrc/com/xuggle/xuggler/Container.cpp:83)
2011-10-19 22:20:14,168 [Finalizer] DEBUG com.xuggle.xuggler - Closing dangling Container (../../../../../../../csrc/com/xuggle/xuggler/Container.cpp:83)
2011-10-19 22:20:14,376 [Thread-4] ERROR org.ffmpeg - [wmv2 @ 0x1911ab50] warning: first frame is no keyframe
2011-10-19 22:20:14,725 [Thread-4] ERROR org.ffmpeg - [wmav2 @ 0x1911b560] overflow in spectral RLE, ignoring
2011-10-19 22:20:14,891 [Thread-4] ERROR org.ffmpeg - [wmav2 @ 0x1911b560] overflow in spectral RLE, ignoring
2011-10-19 22:21:05,612 [Thread-4] ERROR org.ffmpeg - [wmv2 @ 0x19114cc0] warning: first frame is no keyframe
2011-10-19 22:21:05,633 [Finalizer] DEBUG com.xuggle.xuggler - Closing dangling Container (../../../../../../../csrc/com/xuggle/xuggler/Container.cpp:83)
2011-10-19 22:21:20,447 [Finalizer] DEBUG com.xuggle.xuggler - Closing dangling Container (../../../../../../../csrc/com/xuggle/xuggler/Container.cpp:83)
2011-10-19 22:21:20,705 [Thread-4] ERROR org.ffmpeg - [wmv2 @ 0x1910ab50] warning: first frame is no keyframe
2011-10-19 22:21:21,057 [Thread-4] ERROR org.ffmpeg - [wmav2 @ 0x1910b560] overflow in spectral RLE, ignoring
2011-10-19 22:21:21,226 [Thread-4] ERROR org.ffmpeg - [wmav2 @ 0x1910b560] overflow in spectral RLE, ignoring
2011-10-19 22:22:36,663 [Finalizer] DEBUG com.xuggle.xuggler - Closing dangling Container (../../../../../../../csrc/com/xuggle/xuggler/Container.cpp:83)
2011-10-19 22:22:36,840 [Thread-4] ERROR org.ffmpeg - [wmv2 @ 0x1919ab50] warning: first frame is no keyframe
2011-10-19 22:22:37,186 [Thread-4] ERROR org.ffmpeg - [wmav2 @ 0x1919b560] overflow in spectral RLE, ignoring
2011-10-19 22:22:37,352 [Thread-4] ERROR org.ffmpeg - [wmav2 @ 0x1919b560] overflow in spectral RLE, ignoring
2011-10-19 22:25:40,671 [Finalizer] DEBUG com.xuggle.xuggler - Closing dangling Container (../../../../../../../csrc/com/xuggle/xuggler/Container.cpp:83)
2011-10-19 22:25:40,719 [Thread-4] ERROR org.ffmpeg - [wmv2 @ 0x19031b90] warning: first frame is no keyframe
2011-10-19 22:25:41,068 [Thread-4] ERROR org.ffmpeg - [wmav2 @ 0x190325a0] overflow in spectral RLE, ignoring
2011-10-19 22:25:41,237 [Thread-4] ERROR org.ffmpeg - [wmav2 @ 0x190325a0] overflow in spectral RLE, ignoring
2011-10-19 22:30:32,433 [Finalizer] DEBUG com.xuggle.xuggler - Closing dangling Container (../../../../../../../csrc/com/xuggle/xuggler/Container.cpp:83)
2011-10-19 22:30:32,474 [Thread-4] ERROR org.ffmpeg - [wmv2 @ 0x190b1b90] warning: first frame is no keyframe
2011-10-19 22:30:32,832 [Thread-4] ERROR org.ffmpeg - [wmav2 @ 0x190b25a0] overflow in spectral RLE, ignoring
2011-10-19 22:30:32,998 [Thread-4] ERROR org.ffmpeg - [wmav2 @ 0x190b25a0] overflow in spectral RLE, ignoring
2011-10-19 22:31:45,705 [Finalizer] DEBUG com.xuggle.xuggler - Closing dangling Container (../../../../../../../csrc/com/xuggle/xuggler/Container.cpp:83)
2011-10-19 22:31:45,750 [Thread-4] ERROR org.ffmpeg - [wmv2 @ 0x190caca0] warning: first frame is no keyframe
2011-10-19 22:31:59,250 [Finalizer] DEBUG com.xuggle.xuggler - Closing dangling Container (../../../../../../../csrc/com/xuggle/xuggler/Container.cpp:83)
2011-10-19 22:32:03,710 [Thread-4] ERROR org.ffmpeg - [wmv2 @ 0x19197720] warning: first frame is no keyframe
2011-10-19 22:32:03,728 [Finalizer] DEBUG com.xuggle.xuggler - Closing dangling Container (../../../../../../../csrc/com/xuggle/xuggler/Container.cpp:83)
2011-10-19 22:32:04,122 [Thread-4] ERROR org.ffmpeg - [wmav2 @ 0x1db411e0] overflow in spectral RLE, ignoring
2011-10-19 22:32:17,580 [Thread-4] ERROR org.ffmpeg - [wmv2 @ 0x19195ca0] warning: first frame is no keyframe
2011-10-19 22:32:17,601 [Finalizer] DEBUG com.xuggle.xuggler - Closing dangling Container (../../../../../../../csrc/com/xuggle/xuggler/Container.cpp:83)
2011-10-19 22:32:17,602 [Thread-4] ERROR org.ffmpeg - [wmav2 @ 0x191966b0] overflow in spectral RLE, ignoring
2011-10-19 22:32:17,674 [Thread-4] ERROR org.ffmpeg - [wmav2 @ 0x191966b0] overflow in spectral RLE, ignoring
2011-10-19 22:32:18,175 [Thread-4] ERROR org.ffmpeg - [wmav2 @ 0x191966b0] overflow in spectral RLE, ignoring
2011-10-19 22:32:18,356 [Thread-4] ERROR org.ffmpeg - [wmav2 @ 0x191966b0] overflow in spectral RLE, ignoring
2011-10-19 22:39:34,739 [Thread-4] ERROR org.ffmpeg - [wmv2 @ 0x191b5ca0] warning: first frame is no keyframe
2011-10-19 22:39:34,762 [Thread-4] ERROR org.ffmpeg - [wmav2 @ 0x191b66b0] overflow in spectral RLE, ignoring
2011-10-19 22:39:34,829 [Thread-4] ERROR org.ffmpeg - [wmav2 @ 0x191b66b0] overflow in spectral RLE, ignoring
2011-10-19 22:39:35,267 [Thread-4] ERROR org.ffmpeg - [wmav2 @ 0x191b66b0] overflow in spectral RLE, ignoring
2011-10-19 22:39:35,344 [Finalizer] DEBUG com.xuggle.xuggler - Closing dangling Container (../../../../../../../csrc/com/xuggle/xuggler/Container.cpp:83)
2011-10-19 22:39:35,482 [Thread-4] ERROR org.ffmpeg - [wmav2 @ 0x191b66b0] overflow in spectral RLE, ignoring
2011-10-19 22:39:58,725 [Finalizer] DEBUG com.xuggle.xuggler - Closing dangling Container (../../../../../../../csrc/com/xuggle/xuggler/Container.cpp:83)
2011-10-19 22:39:58,774 [Thread-4] ERROR org.ffmpeg - [wmv2 @ 0x1914ab50] warning: first frame is no keyframe
2011-10-19 22:39:58,796 [Thread-4] ERROR org.ffmpeg - [wmav2 @ 0x1914b560] overflow in spectral RLE, ignoring
2011-10-19 22:39:58,867 [Thread-4] ERROR org.ffmpeg - [wmav2 @ 0x1914b560] overflow in spectral RLE, ignoring
2011-10-19 22:39:59,335 [Thread-4] ERROR org.ffmpeg - [wmav2 @ 0x1914b560] overflow in spectral RLE, ignoring
2011-10-19 22:39:59,556 [Thread-4] ERROR org.ffmpeg - [wmav2 @ 0x1914b560] overflow in spectral RLE, ignoring
2011-10-19 22:40:46,622 [Finalizer] DEBUG com.xuggle.xuggler - Closing dangling Container (../../../../../../../csrc/com/xuggle/xuggler/Container.cpp:83)
2011-10-19 22:40:47,168 [Thread-4] ERROR org.ffmpeg - [wmv2 @ 0x190dab50] warning: first frame is no keyframe
2011-10-19 22:40:47,527 [Thread-4] ERROR org.ffmpeg - [wmav2 @ 0x190db560] overflow in spectral RLE, ignoring
2011-10-19 22:40:47,698 [Thread-4] ERROR org.ffmpeg - [wmav2 @ 0x190db560] overflow in spectral RLE, ignoring
2011-10-19 22:50:09,242 [Thread-4] ERROR org.ffmpeg - [wmv2 @ 0x19155ca0] warning: first frame is no keyframe
2011-10-19 22:50:09,265 [Thread-4] ERROR org.ffmpeg - [wmav2 @ 0x191566b0] overflow in spectral RLE, ignoring
2011-10-19 22:50:09,334 [Thread-4] ERROR org.ffmpeg - [wmav2 @ 0x191566b0] overflow in spectral RLE, ignoring
2011-10-19 22:50:09,769 [Thread-4] ERROR org.ffmpeg - [wmav2 @ 0x191566b0] overflow in spectral RLE, ignoring
2011-10-19 22:50:09,851 [Finalizer] DEBUG com.xuggle.xuggler - Closing dangling Container (../../../../../../../csrc/com/xuggle/xuggler/Container.cpp:83)
2011-10-19 22:50:09,987 [Thread-4] ERROR org.ffmpeg - [wmav2 @ 0x191566b0] overflow in spectral RLE, ignoring
2011-10-19 22:51:53,011 [Finalizer] DEBUG com.xuggle.xuggler - Closing dangling Container (../../../../../../../csrc/com/xuggle/xuggler/Container.cpp:83)
2011-10-19 22:51:53,454 [Thread-4] ERROR org.ffmpeg - [wmv2 @ 0x191caca0] warning: first frame is no keyframe
2011-10-19 22:51:53,475 [Thread-4] ERROR org.ffmpeg - [wmav2 @ 0x191cb680] overflow in spectral RLE, ignoring
2011-10-19 22:51:53,544 [Thread-4] ERROR org.ffmpeg - [wmav2 @ 0x191cb680] overflow in spectral RLE, ignoring
2011-10-19 22:51:53,990 [Thread-4] ERROR org.ffmpeg - [wmav2 @ 0x191cb680] overflow in spectral RLE, ignoring
2011-10-19 22:51:54,201 [Thread-4] ERROR org.ffmpeg - [wmav2 @ 0x191cb680] overflow in spectral RLE, ignoring
2011-10-19 22:52:21,534 [Finalizer] DEBUG com.xuggle.xuggler - Closing dangling Container (../../../../../../../csrc/com/xuggle/xuggler/Container.cpp:83)
2011-10-19 22:52:22,261 [Thread-4] ERROR org.ffmpeg - [wmv2 @ 0x191eab50] warning: first frame is no keyframe
2011-10-19 22:52:42,887 [Finalizer] DEBUG com.xuggle.xuggler - Closing dangling Container (../../../../../../../csrc/com/xuggle/xuggler/Container.cpp:83)
2011-10-19 22:52:43,039 [Thread-4] ERROR org.ffmpeg - [wmv2 @ 0x190aab50] warning: first frame is no keyframe
2011-10-19 22:53:06,059 [Finalizer] DEBUG com.xuggle.xuggler - Closing dangling Container (../../../../../../../csrc/com/xuggle/xuggler/Container.cpp:83)
2011-10-19 22:53:06,614 [Thread-4] ERROR org.ffmpeg - [wmv2 @ 0x1d1e0360] warning: first frame is no keyframe
2011-10-19 22:53:06,732 [Thread-4] ERROR org.ffmpeg - [wmav2 @ 0x191aa8a0] overflow in spectral RLE, ignoring
2011-10-19 22:53:07,190 [Thread-4] ERROR org.ffmpeg - [wmav2 @ 0x191aa8a0] overflow in spectral RLE, ignoring
2011-10-19 22:53:07,211 [Thread-4] ERROR org.ffmpeg - [wmav2 @ 0x191aa8a0] overflow in spectral RLE, ignoring
2011-10-19 22:53:07,238 [Thread-4] ERROR org.ffmpeg - [wmav2 @ 0x191aa8a0] overflow in spectral RLE, ignoring
2011-10-19 22:53:07,321 [Thread-4] ERROR org.ffmpeg - [wmav2 @ 0x191aa8a0] overflow in spectral RLE, ignoring
2011-10-19 22:53:07,322 [Thread-4] ERROR org.ffmpeg - [wmav2 @ 0x191aa8a0] overflow in spectral RLE, ignoring
2011-10-19 22:53:07,344 [Thread-4] ERROR org.ffmpeg - [wmav2 @ 0x191aa8a0] overflow in spectral RLE, ignoring
2011-10-19 22:53:07,367 [Thread-4] ERROR org.ffmpeg - [wmav2 @ 0x191aa8a0] overflow in spectral RLE, ignoring
2011-10-19 22:53:07,414 [Thread-4] ERROR org.ffmpeg - [wmav2 @ 0x191aa8a0] overflow in spectral RLE, ignoring
2011-10-19 22:53:31,960 [Thread-4] ERROR org.ffmpeg - [wmv2 @ 0x19165ca0] warning: first frame is no keyframe
2011-10-19 22:53:31,983 [Finalizer] DEBUG com.xuggle.xuggler - Closing dangling Container (../../../../../../../csrc/com/xuggle/xuggler/Container.cpp:83)
2011-10-19 22:53:32,320 [Thread-4] ERROR org.ffmpeg - [wmav2 @ 0x191666b0] overflow in spectral RLE, ignoring
2011-10-19 22:53:32,498 [Thread-4] ERROR org.ffmpeg - [wmav2 @ 0x191666b0] overflow in spectral RLE, ignoring
2011-10-19 23:02:56,742 [Finalizer] DEBUG com.xuggle.xuggler - Closing dangling Container (../../../../../../../csrc/com/xuggle/xuggler/Container.cpp:83)
2011-10-19 23:02:56,792 [Thread-4] ERROR org.ffmpeg - [wmv2 @ 0x1db30360] warning: first frame is no keyframe
2011-10-19 23:02:57,160 [Thread-4] ERROR org.ffmpeg - [wmav2 @ 0x1915a900] overflow in spectral RLE, ignoring
2011-10-19 23:04:39,796 [Finalizer] DEBUG com.xuggle.xuggler - Closing dangling Container (../../../../../../../csrc/com/xuggle/xuggler/Container.cpp:83)
2011-10-19 23:04:39,920 [Thread-4] ERROR org.ffmpeg - [wmv2 @ 0x1911ad60] warning: first frame is no keyframe
2011-10-19 23:04:39,940 [Thread-4] ERROR org.ffmpeg - [wmav2 @ 0x1911b770] overflow in spectral RLE, ignoring
2011-10-19 23:04:40,011 [Thread-4] ERROR org.ffmpeg - [wmav2 @ 0x1911b770] overflow in spectral RLE, ignoring
2011-10-19 23:04:40,447 [Thread-4] ERROR org.ffmpeg - [wmav2 @ 0x1911b770] overflow in spectral RLE, ignoring
2011-10-19 23:04:40,665 [Thread-4] ERROR org.ffmpeg - [wmav2 @ 0x1911b770] overflow in spectral RLE, ignoring
2011-10-19 23:05:05,937 [Finalizer] DEBUG com.xuggle.xuggler - Closing dangling Container (../../../../../../../csrc/com/xuggle/xuggler/Container.cpp:83)
2011-10-19 23:05:05,982 [Thread-4] ERROR org.ffmpeg - [wmv2 @ 0x1924ad60] warning: first frame is no keyframe
2011-10-19 23:05:06,002 [Thread-4] ERROR org.ffmpeg - [wmav2 @ 0x1924b770] overflow in spectral RLE, ignoring
2011-10-19 23:05:06,071 [Thread-4] ERROR org.ffmpeg - [wmav2 @ 0x1924b770] overflow in spectral RLE, ignoring
2011-10-19 23:05:06,518 [Thread-4] ERROR org.ffmpeg - [wmav2 @ 0x1924b770] overflow in spectral RLE, ignoring
2011-10-19 23:05:06,733 [Thread-4] ERROR org.ffmpeg - [wmav2 @ 0x1924b770] overflow in spectral RLE, ignoring
2011-10-19 23:05:22,622 [Finalizer] DEBUG com.xuggle.xuggler - Closing dangling Container (../../../../../../../csrc/com/xuggle/xuggler/Container.cpp:83)
2011-10-19 23:05:22,678 [Thread-4] ERROR org.ffmpeg - [wmv2 @ 0x1915ad60] warning: first frame is no keyframe
2011-10-19 23:05:22,698 [Thread-4] ERROR org.ffmpeg - [wmav2 @ 0x1915b770] overflow in spectral RLE, ignoring
2011-10-19 23:05:22,767 [Thread-4] ERROR org.ffmpeg - [wmav2 @ 0x1915b770] overflow in spectral RLE, ignoring
2011-10-19 23:05:23,226 [Thread-4] ERROR org.ffmpeg - [wmav2 @ 0x1915b770] overflow in spectral RLE, ignoring
2011-10-19 23:05:23,441 [Thread-4] ERROR org.ffmpeg - [wmav2 @ 0x1915b770] overflow in spectral RLE, ignoring
2011-10-19 23:05:44,091 [Finalizer] DEBUG com.xuggle.xuggler - Closing dangling Container (../../../../../../../csrc/com/xuggle/xuggler/Container.cpp:83)
2011-10-19 23:05:44,143 [Thread-4] ERROR org.ffmpeg - [wmv2 @ 0x191aad60] warning: first frame is no keyframe
2011-10-19 23:05:44,162 [Thread-4] ERROR org.ffmpeg - [wmav2 @ 0x191ab770] overflow in spectral RLE, ignoring
2011-10-19 23:05:44,228 [Thread-4] ERROR org.ffmpeg - [wmav2 @ 0x191ab770] overflow in spectral RLE, ignoring
2011-10-19 23:05:44,683 [Thread-4] ERROR org.ffmpeg - [wmav2 @ 0x191ab770] overflow in spectral RLE, ignoring
2011-10-19 23:05:44,899 [Thread-4] ERROR org.ffmpeg - [wmav2 @ 0x191ab770] overflow in spectral RLE, ignoring
2011-10-20 09:12:40,402 [Finalizer] DEBUG com.xuggle.xuggler - Closing dangling Container (../../../../../../../csrc/com/xuggle/xuggler/Container.cpp:83)
2011-10-20 09:12:40,555 [Thread-4] ERROR org.ffmpeg - [wmv2 @ 0x1913ab50] warning: first frame is no keyframe
2011-10-20 09:12:40,575 [Thread-4] ERROR org.ffmpeg - [wmav2 @ 0x1913b560] overflow in spectral RLE, ignoring
2011-10-20 09:12:40,646 [Thread-4] ERROR org.ffmpeg - [wmav2 @ 0x1913b560] overflow in spectral RLE, ignoring
2011-10-20 09:12:41,086 [Thread-4] ERROR org.ffmpeg - [wmav2 @ 0x1913b560] overflow in spectral RLE, ignoring
2011-10-20 09:12:41,300 [Thread-4] ERROR org.ffmpeg - [wmav2 @ 0x1913b560] overflow in spectral RLE, ignoring
2011-10-20 09:14:46,696 [Thread-4] ERROR org.ffmpeg - [wmv2 @ 0x191fad60] warning: first frame is no keyframe
2011-10-20 09:14:47,046 [Thread-4] ERROR org.ffmpeg - [wmav2 @ 0x191fb770] overflow in spectral RLE, ignoring
2011-10-20 09:14:47,209 [Thread-4] ERROR org.ffmpeg - [wmav2 @ 0x191fb770] overflow in spectral RLE, ignoring
2011-10-20 09:23:39,048 [Thread-4] ERROR org.ffmpeg - [wmv2 @ 0x18fead60] warning: first frame is no keyframe
2011-10-20 09:23:39,409 [Thread-4] ERROR org.ffmpeg - [wmav2 @ 0x18feb770] overflow in spectral RLE, ignoring
2011-10-20 09:23:39,575 [Thread-4] ERROR org.ffmpeg - [wmav2 @ 0x18feb770] overflow in spectral RLE, ignoring
2011-10-20 16:57:08,181 [Thread-4] ERROR org.ffmpeg - [wmv2 @ 0x1919ade0] warning: first frame is no keyframe
2011-10-20 16:57:08,577 [Thread-4] ERROR org.ffmpeg - [wmav2 @ 0x1919b7f0] overflow in spectral RLE, ignoring
2011-10-20 16:57:08,741 [Thread-4] ERROR org.ffmpeg - [wmav2 @ 0x1919b7f0] overflow in spectral RLE, ignoring
2011-10-20 16:58:14,318 [Thread-4] ERROR org.ffmpeg - [wmv2 @ 0x190cade0] warning: first frame is no keyframe
2011-10-20 16:58:14,663 [Thread-4] ERROR org.ffmpeg - [wmav2 @ 0x190cb7f0] overflow in spectral RLE, ignoring
2011-10-20 16:58:14,831 [Thread-4] ERROR org.ffmpeg - [wmav2 @ 0x190cb7f0] overflow in spectral RLE, ignoring
2011-10-20 16:58:28,889 [Thread-4] ERROR org.ffmpeg - [wmv2 @ 0x190eade0] warning: first frame is no keyframe
2011-10-20 16:58:29,223 [Thread-4] ERROR org.ffmpeg - [wmav2 @ 0x190eb7f0] overflow in spectral RLE, ignoring
2011-10-20 16:58:29,384 [Thread-4] ERROR org.ffmpeg - [wmav2 @ 0x190eb7f0] overflow in spectral RLE, ignoring
2011-10-20 17:06:55,818 [Thread-4] ERROR org.ffmpeg - [wmv2 @ 0x1907ade0] warning: first frame is no keyframe
2011-10-20 17:06:56,170 [Thread-4] ERROR org.ffmpeg - [wmav2 @ 0x1907b7f0] overflow in spectral RLE, ignoring
2011-10-20 17:06:56,336 [Thread-4] ERROR org.ffmpeg - [wmav2 @ 0x1907b7f0] overflow in spectral RLE, ignoring
2011-10-20 17:08:49,267 [Thread-4] ERROR org.ffmpeg - [wmv2 @ 0x1913ade0] warning: first frame is no keyframe
2011-10-20 17:08:49,626 [Thread-4] ERROR org.ffmpeg - [wmav2 @ 0x1913b7f0] overflow in spectral RLE, ignoring
2011-10-20 17:08:49,800 [Thread-4] ERROR org.ffmpeg - [wmav2 @ 0x1913b7f0] overflow in spectral RLE, ignoring
2011-10-20 17:22:55,596 [Thread-4] ERROR org.ffmpeg - [wmv2 @ 0x190fade0] warning: first frame is no keyframe
2011-10-20 17:22:55,944 [Thread-4] ERROR org.ffmpeg - [wmav2 @ 0x190fb7f0] overflow in spectral RLE, ignoring
2011-10-20 17:22:56,106 [Thread-4] ERROR org.ffmpeg - [wmav2 @ 0x190fb7f0] overflow in spectral RLE, ignoring
2011-10-20 17:29:09,738 [Thread-4] ERROR org.ffmpeg - [wmv2 @ 0x190dade0] warning: first frame is no keyframe
2011-10-20 17:29:10,085 [Thread-4] ERROR org.ffmpeg - [wmav2 @ 0x190db7f0] overflow in spectral RLE, ignoring
2011-10-20 17:29:10,249 [Thread-4] ERROR org.ffmpeg - [wmav2 @ 0x190db7f0] overflow in spectral RLE, ignoring
2011-10-20 17:33:01,931 [Thread-4] ERROR org.ffmpeg - [wmv2 @ 0x1919ade0] warning: first frame is no keyframe
2011-10-20 17:33:02,280 [Thread-4] ERROR org.ffmpeg - [wmav2 @ 0x1919b7f0] overflow in spectral RLE, ignoring
2011-10-20 17:33:02,445 [Thread-4] ERROR org.ffmpeg - [wmav2 @ 0x1919b7f0] overflow in spectral RLE, ignoring
2011-10-20 17:47:54,171 [Thread-4] ERROR org.ffmpeg - [wmv2 @ 0x190aade0] warning: first frame is no keyframe
2011-10-20 17:47:54,541 [Thread-4] ERROR org.ffmpeg - [wmav2 @ 0x190ab7f0] overflow in spectral RLE, ignoring
2011-10-20 17:47:54,729 [Thread-4] ERROR org.ffmpeg - [wmav2 @ 0x190ab7f0] overflow in spectral RLE, ignoring
2011-10-20 17:51:47,549 [Thread-4] ERROR org.ffmpeg - [wmv2 @ 0x1909ade0] warning: first frame is no keyframe
2011-10-20 17:51:47,905 [Thread-4] ERROR org.ffmpeg - [wmav2 @ 0x1909b7f0] overflow in spectral RLE, ignoring
2011-10-20 17:51:48,073 [Thread-4] ERROR org.ffmpeg - [wmav2 @ 0x1909b7f0] overflow in spectral RLE, ignoring
2011-10-20 17:52:14,485 [Finalizer] DEBUG com.xuggle.xuggler - Closing dangling Container (../../../../../../../csrc/com/xuggle/xuggler/Container.cpp:83)
2011-10-20 17:52:14,503 [Thread-4] ERROR org.ffmpeg - [wmv2 @ 0x191a5c70] warning: first frame is no keyframe
2011-10-20 17:52:14,520 [Thread-4] ERROR org.ffmpeg - [wmav2 @ 0x191a6680] overflow in spectral RLE, ignoring
2011-10-20 17:52:14,594 [Thread-4] ERROR org.ffmpeg - [wmav2 @ 0x191a6680] overflow in spectral RLE, ignoring
2011-10-20 17:52:15,041 [Thread-4] ERROR org.ffmpeg - [wmav2 @ 0x191a6680] overflow in spectral RLE, ignoring
2011-10-20 17:52:15,254 [Thread-4] ERROR org.ffmpeg - [wmav2 @ 0x191a6680] overflow in spectral RLE, ignoring
2011-10-20 17:52:32,057 [Thread-4] ERROR org.ffmpeg - [wmv2 @ 0x1908ade0] warning: first frame is no keyframe
2011-10-20 17:52:32,434 [Thread-4] ERROR org.ffmpeg - [wmav2 @ 0x1908b7f0] overflow in spectral RLE, ignoring
2011-10-20 17:52:32,613 [Thread-4] ERROR org.ffmpeg - [wmav2 @ 0x1908b7f0] overflow in spectral RLE, ignoring
2011-10-20 18:00:58,836 [Thread-4] ERROR org.ffmpeg - [wmv2 @ 0x1909ade0] warning: first frame is no keyframe
2011-10-20 18:00:59,184 [Thread-4] ERROR org.ffmpeg - [wmav2 @ 0x1909b7f0] overflow in spectral RLE, ignoring
2011-10-20 18:00:59,349 [Thread-4] ERROR org.ffmpeg - [wmav2 @ 0x1909b7f0] overflow in spectral RLE, ignoring
2011-10-20 18:05:52,014 [Finalizer] DEBUG com.xuggle.xuggler - Closing dangling Container (../../../../../../../csrc/com/xuggle/xuggler/Container.cpp:83)
2011-10-20 18:05:52,033 [Thread-4] ERROR org.ffmpeg - [wmv2 @ 0x190e5c70] warning: first frame is no keyframe
2011-10-20 18:05:52,050 [Thread-4] ERROR org.ffmpeg - [wmav2 @ 0x190e6680] overflow in spectral RLE, ignoring
2011-10-20 18:05:52,124 [Thread-4] ERROR org.ffmpeg - [wmav2 @ 0x190e6680] overflow in spectral RLE, ignoring
2011-10-20 18:05:52,569 [Thread-4] ERROR org.ffmpeg - [wmav2 @ 0x190e6680] overflow in spectral RLE, ignoring
2011-10-20 18:05:52,791 [Thread-4] ERROR org.ffmpeg - [wmav2 @ 0x190e6680] overflow in spectral RLE, ignoring
2011-10-20 18:06:14,476 [Thread-4] ERROR org.ffmpeg - [wmv2 @ 0x1906abc0] warning: first frame is no keyframe
2011-10-20 18:06:14,832 [Thread-4] ERROR org.ffmpeg - [wmav2 @ 0x1906b5d0] overflow in spectral RLE, ignoring
2011-10-20 18:06:15,013 [Thread-4] ERROR org.ffmpeg - [wmav2 @ 0x1906b5d0] overflow in spectral RLE, ignoring
2011-11-01 14:20:45,522 [Finalizer] DEBUG com.xuggle.xuggler - Closing dangling Container (../../../../../../../csrc/com/xuggle/xuggler/Container.cpp:83)
2011-11-01 14:20:45,559 [Thread-5] ERROR org.ffmpeg - [wmv2 @ 0x547ddf0] warning: first frame is no keyframe
2011-11-01 14:20:45,559 [Thread-4] ERROR org.ffmpeg - [wmv2 @ 0x547e5d0] warning: first frame is no keyframe
2011-11-01 14:22:33,651 [Thread-4] ERROR org.ffmpeg - [wmv2 @ 0x539ac20] warning: first frame is no keyframe
2011-11-01 14:22:34,001 [Thread-4] ERROR org.ffmpeg - [wmav2 @ 0x539b630] overflow in spectral RLE, ignoring
2011-11-01 14:22:34,162 [Thread-4] ERROR org.ffmpeg - [wmav2 @ 0x539b630] overflow in spectral RLE, ignoring
2011-11-01 14:26:29,323 [Thread-4] ERROR org.ffmpeg - [wmv2 @ 0x5444b10] warning: first frame is no keyframe
2011-11-01 14:26:29,343 [Finalizer] DEBUG com.xuggle.xuggler - Closing dangling Container (../../../../../../../csrc/com/xuggle/xuggler/Container.cpp:83)
2011-11-01 14:26:52,572 [Thread-4] ERROR org.ffmpeg - [wmv2 @ 0x53e4b10] warning: first frame is no keyframe
2011-11-01 14:26:52,593 [Finalizer] DEBUG com.xuggle.xuggler - Closing dangling Container (../../../../../../../csrc/com/xuggle/xuggler/Container.cpp:83)
2011-11-01 14:28:42,740 [Thread-4] ERROR org.ffmpeg - [wmv2 @ 0x543ac20] warning: first frame is no keyframe
2011-11-01 14:29:04,316 [Finalizer] DEBUG com.xuggle.xuggler - Closing dangling Container (../../../../../../../csrc/com/xuggle/xuggler/Container.cpp:83)
2011-11-01 14:29:04,328 [Thread-4] ERROR org.ffmpeg - [wmv2 @ 0x5394d30] warning: first frame is no keyframe
2011-11-01 14:29:29,785 [Finalizer] DEBUG com.xuggle.xuggler - Closing dangling Container (../../../../../../../csrc/com/xuggle/xuggler/Container.cpp:83)
2011-11-01 14:29:29,799 [Thread-4] ERROR org.ffmpeg - [wmv2 @ 0x53f4b30] warning: first frame is no keyframe
2011-11-01 14:29:56,961 [Finalizer] DEBUG com.xuggle.xuggler - Closing dangling Container (../../../../../../../csrc/com/xuggle/xuggler/Container.cpp:83)
2011-11-01 14:29:56,975 [Thread-4] ERROR org.ffmpeg - [wmv2 @ 0x54a4b10] warning: first frame is no keyframe
2011-11-01 14:30:19,357 [Finalizer] DEBUG com.xuggle.xuggler - Closing dangling Container (../../../../../../../csrc/com/xuggle/xuggler/Container.cpp:83)
2011-11-01 14:30:19,370 [Thread-4] ERROR org.ffmpeg - [wmv2 @ 0x5414d30] warning: first frame is no keyframe
2011-11-01 14:30:40,854 [Thread-4] ERROR org.ffmpeg - [wmv2 @ 0x5394b70] warning: first frame is no keyframe
2011-11-01 14:30:40,875 [Finalizer] DEBUG com.xuggle.xuggler - Closing dangling Container (../../../../../../../csrc/com/xuggle/xuggler/Container.cpp:83)
2011-11-01 14:30:58,753 [Thread-4] ERROR org.ffmpeg - [wmv2 @ 0x5354b70] warning: first frame is no keyframe
2011-11-01 14:30:58,774 [Finalizer] DEBUG com.xuggle.xuggler - Closing dangling Container (../../../../../../../csrc/com/xuggle/xuggler/Container.cpp:83)
2011-11-01 14:31:13,602 [Thread-4] ERROR org.ffmpeg - [wmv2 @ 0x54c4b70] warning: first frame is no keyframe
2011-11-01 14:31:14,199 [Finalizer] DEBUG com.xuggle.xuggler - Closing dangling Container (../../../../../../../csrc/com/xuggle/xuggler/Container.cpp:83)
2011-11-01 14:31:43,845 [Thread-4] ERROR org.ffmpeg - [wmv2 @ 0x5384b10] warning: first frame is no keyframe
2011-11-01 14:31:44,485 [Finalizer] DEBUG com.xuggle.xuggler - Closing dangling Container (../../../../../../../csrc/com/xuggle/xuggler/Container.cpp:83)
2011-11-01 14:32:04,033 [Thread-4] ERROR org.ffmpeg - [wmv2 @ 0x54c4b70] warning: first frame is no keyframe
2011-11-01 14:32:04,704 [Finalizer] DEBUG com.xuggle.xuggler - Closing dangling Container (../../../../../../../csrc/com/xuggle/xuggler/Container.cpp:83)
2011-11-01 14:32:22,553 [Thread-4] ERROR org.ffmpeg - [wmv2 @ 0x53d4b10] warning: first frame is no keyframe
2011-11-01 14:32:23,167 [Finalizer] DEBUG com.xuggle.xuggler - Closing dangling Container (../../../../../../../csrc/com/xuggle/xuggler/Container.cpp:83)
2011-11-01 14:32:39,697 [Thread-4] ERROR org.ffmpeg - [wmv2 @ 0x54b4b70] warning: first frame is no keyframe
2011-11-01 14:32:40,375 [Finalizer] DEBUG com.xuggle.xuggler - Closing dangling Container (../../../../../../../csrc/com/xuggle/xuggler/Container.cpp:83)
2011-11-01 14:33:00,557 [Thread-4] ERROR org.ffmpeg - [wmv2 @ 0x5464b90] warning: first frame is no keyframe
2011-11-01 14:33:00,580 [Finalizer] DEBUG com.xuggle.xuggler - Closing dangling Container (../../../../../../../csrc/com/xuggle/xuggler/Container.cpp:83)
2011-11-01 14:33:28,995 [Thread-4] ERROR org.ffmpeg - [wmv2 @ 0x5474b70] warning: first frame is no keyframe
2011-11-01 14:33:29,018 [Finalizer] DEBUG com.xuggle.xuggler - Closing dangling Container (../../../../../../../csrc/com/xuggle/xuggler/Container.cpp:83)
2011-11-01 14:34:26,384 [Thread-4] ERROR org.ffmpeg - [wmv2 @ 0x54d4b70] warning: first frame is no keyframe
2011-11-01 14:34:26,405 [Finalizer] DEBUG com.xuggle.xuggler - Closing dangling Container (../../../../../../../csrc/com/xuggle/xuggler/Container.cpp:83)
2011-11-01 14:34:45,694 [Thread-4] ERROR org.ffmpeg - [wmv2 @ 0x53b4b70] warning: first frame is no keyframe
2011-11-01 14:34:45,715 [Finalizer] DEBUG com.xuggle.xuggler - Closing dangling Container (../../../../../../../csrc/com/xuggle/xuggler/Container.cpp:83)
2011-11-01 14:35:57,873 [Thread-4] ERROR org.ffmpeg - [wmv2 @ 0x5454b70] warning: first frame is no keyframe
2011-11-01 14:35:57,894 [Finalizer] DEBUG com.xuggle.xuggler - Closing dangling Container (../../../../../../../csrc/com/xuggle/xuggler/Container.cpp:83)
2011-11-01 14:36:23,232 [Thread-4] ERROR org.ffmpeg - [wmv2 @ 0x53f4b70] warning: first frame is no keyframe
2011-11-01 14:36:23,257 [Finalizer] DEBUG com.xuggle.xuggler - Closing dangling Container (../../../../../../../csrc/com/xuggle/xuggler/Container.cpp:83)
2011-11-01 14:36:54,915 [Thread-4] ERROR org.ffmpeg - [wmv2 @ 0x5394b70] warning: first frame is no keyframe
2011-11-01 14:36:54,937 [Finalizer] DEBUG com.xuggle.xuggler - Closing dangling Container (../../../../../../../csrc/com/xuggle/xuggler/Container.cpp:83)
2011-11-01 14:37:13,268 [Thread-4] ERROR org.ffmpeg - [wmv2 @ 0x5394be0] warning: first frame is no keyframe
2011-11-01 14:37:13,913 [Finalizer] DEBUG com.xuggle.xuggler - Closing dangling Container (../../../../../../../csrc/com/xuggle/xuggler/Container.cpp:83)
2011-11-01 14:37:39,420 [Thread-4] ERROR org.ffmpeg - [wmv2 @ 0x5483770] warning: first frame is no keyframe
2011-11-01 14:37:39,441 [Finalizer] DEBUG com.xuggle.xuggler - Closing dangling Container (../../../../../../../csrc/com/xuggle/xuggler/Container.cpp:83)
2011-11-01 14:38:05,589 [Thread-4] ERROR org.ffmpeg - [wmv2 @ 0x5434b70] warning: first frame is no keyframe
2011-11-01 14:38:05,615 [Finalizer] DEBUG com.xuggle.xuggler - Closing dangling Container (../../../../../../../csrc/com/xuggle/xuggler/Container.cpp:83)
2011-11-01 14:38:51,374 [Thread-4] ERROR org.ffmpeg - [wmv2 @ 0x5494b70] warning: first frame is no keyframe
2011-11-01 14:38:51,396 [Finalizer] DEBUG com.xuggle.xuggler - Closing dangling Container (../../../../../../../csrc/com/xuggle/xuggler/Container.cpp:83)
2011-11-01 14:39:11,574 [Thread-4] ERROR org.ffmpeg - [wmv2 @ 0x5434b70] warning: first frame is no keyframe
2011-11-01 14:39:11,596 [Finalizer] DEBUG com.xuggle.xuggler - Closing dangling Container (../../../../../../../csrc/com/xuggle/xuggler/Container.cpp:83)
2011-11-01 14:39:36,770 [Thread-4] ERROR org.ffmpeg - [wmv2 @ 0x5474b70] warning: first frame is no keyframe
2011-11-01 14:39:36,794 [Finalizer] DEBUG com.xuggle.xuggler - Closing dangling Container (../../../../../../../csrc/com/xuggle/xuggler/Container.cpp:83)
2011-11-01 14:39:54,673 [Thread-4] ERROR org.ffmpeg - [wmv2 @ 0x54d4b70] warning: first frame is no keyframe
2011-11-01 14:39:55,337 [Finalizer] DEBUG com.xuggle.xuggler - Closing dangling Container (../../../../../../../csrc/com/xuggle/xuggler/Container.cpp:83)
2011-11-01 14:40:11,007 [Thread-4] ERROR org.ffmpeg - [wmv2 @ 0x53e4d30] warning: first frame is no keyframe
2011-11-01 14:40:11,028 [Finalizer] DEBUG com.xuggle.xuggler - Closing dangling Container (../../../../../../../csrc/com/xuggle/xuggler/Container.cpp:83)
2011-11-01 14:40:29,905 [Finalizer] DEBUG com.xuggle.xuggler - Closing dangling Container (../../../../../../../csrc/com/xuggle/xuggler/Container.cpp:83)
2011-11-01 14:40:50,959 [Finalizer] DEBUG com.xuggle.xuggler - Closing dangling Container (../../../../../../../csrc/com/xuggle/xuggler/Container.cpp:83)
2011-11-01 14:41:09,717 [Finalizer] DEBUG com.xuggle.xuggler - Closing dangling Container (../../../../../../../csrc/com/xuggle/xuggler/Container.cpp:83)
2011-11-01 14:41:31,293 [Thread-4] ERROR org.ffmpeg - [wmv2 @ 0x5334cb0] warning: first frame is no keyframe
2011-11-01 14:41:31,314 [Finalizer] DEBUG com.xuggle.xuggler - Closing dangling Container (../../../../../../../csrc/com/xuggle/xuggler/Container.cpp:83)
2011-11-01 14:44:41,274 [Thread-4] DEBUG com.xuggle.xuggler - Closing dangling Container (../../../../../../../csrc/com/xuggle/xuggler/Container.cpp:83)
2011-11-01 14:45:30,873 [Finalizer] DEBUG com.xuggle.xuggler - Closing dangling Container (../../../../../../../csrc/com/xuggle/xuggler/Container.cpp:83)
2011-11-01 14:45:49,555 [Finalizer] DEBUG com.xuggle.xuggler - Closing dangling Container (../../../../../../../csrc/com/xuggle/xuggler/Container.cpp:83)
2011-11-01 14:46:42,152 [Thread-4] DEBUG com.xuggle.xuggler - Closing dangling Container (../../../../../../../csrc/com/xuggle/xuggler/Container.cpp:83)
2011-11-01 14:47:26,146 [Finalizer] DEBUG com.xuggle.xuggler - Closing dangling Container (../../../../../../../csrc/com/xuggle/xuggler/Container.cpp:83)
2011-11-01 14:47:26,169 [Thread-4] ERROR org.ffmpeg - [wmv2 @ 0x546aa00] warning: first frame is no keyframe
2011-11-01 14:47:45,668 [Thread-4] ERROR org.ffmpeg - [wmv2 @ 0x5364d30] warning: first frame is no keyframe
2011-11-01 14:47:45,688 [Finalizer] DEBUG com.xuggle.xuggler - Closing dangling Container (../../../../../../../csrc/com/xuggle/xuggler/Container.cpp:83)
2011-11-01 14:48:13,927 [Finalizer] DEBUG com.xuggle.xuggler - Closing dangling Container (../../../../../../../csrc/com/xuggle/xuggler/Container.cpp:83)
2011-11-01 14:48:30,727 [Thread-7] ERROR org.ffmpeg - [wmv2 @ 0x5382190] warning: first frame is no keyframe
2011-11-01 14:48:30,740 [Thread-7] DEBUG com.xuggle.xuggler - Closing dangling Container (../../../../../../../csrc/com/xuggle/xuggler/Container.cpp:83)
2011-11-01 14:48:30,791 [Thread-7] ERROR org.ffmpeg - [wmav2 @ 0x53ab0f0] overflow in spectral RLE, ignoring
2011-11-01 14:48:30,887 [Thread-7] ERROR org.ffmpeg - [wmav2 @ 0x53ab0f0] overflow in spectral RLE, ignoring
2011-11-01 14:48:30,925 [Thread-7] ERROR org.ffmpeg - [wmav2 @ 0x53ab0f0] overflow in spectral RLE, ignoring
2011-11-01 14:48:31,304 [Thread-7] ERROR org.ffmpeg - [wmav2 @ 0x53ab0f0] overflow in spectral RLE, ignoring
2011-11-01 14:48:31,314 [Thread-7] ERROR org.ffmpeg - [wmav2 @ 0x53ab0f0] overflow in spectral RLE, ignoring
2011-11-01 14:48:31,336 [Thread-7] ERROR org.ffmpeg - [wmav2 @ 0x53ab0f0] overflow in spectral RLE, ignoring
2011-11-01 14:48:31,445 [Thread-7] ERROR org.ffmpeg - [wmav2 @ 0x53ab0f0] overflow in spectral RLE, ignoring
2011-11-01 14:48:31,469 [Thread-7] ERROR org.ffmpeg - [wmav2 @ 0x53ab0f0] overflow in spectral RLE, ignoring
2011-11-01 14:48:43,392 [Thread-9] ERROR org.ffmpeg - [wmv2 @ 0x53821d0] warning: first frame is no keyframe
2011-11-01 14:48:43,403 [Thread-9] DEBUG com.xuggle.xuggler - Closing dangling Container (../../../../../../../csrc/com/xuggle/xuggler/Container.cpp:83)
2011-11-01 14:49:07,031 [Thread-4] ERROR org.ffmpeg - [wmv2 @ 0x53c5b00] warning: first frame is no keyframe
2011-11-01 14:49:07,051 [Finalizer] DEBUG com.xuggle.xuggler - Closing dangling Container (../../../../../../../csrc/com/xuggle/xuggler/Container.cpp:83)
2011-11-01 14:49:07,387 [Thread-4] ERROR org.ffmpeg - [wmav2 @ 0x53c6510] overflow in spectral RLE, ignoring
2011-11-01 14:49:07,602 [Thread-4] ERROR org.ffmpeg - [wmav2 @ 0x53c6510] overflow in spectral RLE, ignoring
2011-11-01 14:50:05,136 [Thread-4] ERROR org.ffmpeg - [wmv2 @ 0x54d4b70] warning: first frame is no keyframe
2011-11-01 14:50:05,157 [Finalizer] DEBUG com.xuggle.xuggler - Closing dangling Container (../../../../../../../csrc/com/xuggle/xuggler/Container.cpp:83)
2011-11-01 14:50:27,756 [Thread-4] ERROR org.ffmpeg - [wmv2 @ 0x5434b70] warning: first frame is no keyframe
2011-11-01 14:50:27,777 [Finalizer] DEBUG com.xuggle.xuggler - Closing dangling Container (../../../../../../../csrc/com/xuggle/xuggler/Container.cpp:83)
2011-11-01 14:50:47,014 [Thread-4] ERROR org.ffmpeg - [wmv2 @ 0x53d4b70] warning: first frame is no keyframe
2011-11-01 14:50:47,034 [Finalizer] DEBUG com.xuggle.xuggler - Closing dangling Container (../../../../../../../csrc/com/xuggle/xuggler/Container.cpp:83)
2011-11-01 14:50:55,487 [Thread-7] ERROR org.ffmpeg - [wmv2 @ 0x53d6e80] warning: first frame is no keyframe
2011-11-01 14:50:55,504 [Finalizer] DEBUG com.xuggle.xuggler - Closing dangling Container (../../../../../../../csrc/com/xuggle/xuggler/Container.cpp:83)
2011-11-01 14:51:16,785 [Thread-4] ERROR org.ffmpeg - [wmv2 @ 0x5334b70] warning: first frame is no keyframe
2011-11-01 14:51:16,806 [Finalizer] DEBUG com.xuggle.xuggler - Closing dangling Container (../../../../../../../csrc/com/xuggle/xuggler/Container.cpp:83)
2011-11-01 14:53:14,767 [Thread-4] ERROR org.ffmpeg - [wmv2 @ 0x5384b70] warning: first frame is no keyframe
2011-11-01 14:53:14,787 [Thread-4] DEBUG com.xuggle.xuggler - Closing dangling Container (../../../../../../../csrc/com/xuggle/xuggler/Container.cpp:83)
2011-11-01 14:53:56,207 [Thread-4] ERROR org.ffmpeg - [wmv2 @ 0x5454b70] warning: first frame is no keyframe
2011-11-01 14:53:56,227 [Finalizer] DEBUG com.xuggle.xuggler - Closing dangling Container (../../../../../../../csrc/com/xuggle/xuggler/Container.cpp:83)
2011-11-01 14:54:24,660 [Thread-4] ERROR org.ffmpeg - [wmv2 @ 0x54c4b70] warning: first frame is no keyframe
2011-11-01 14:54:24,686 [Finalizer] DEBUG com.xuggle.xuggler - Closing dangling Container (../../../../../../../csrc/com/xuggle/xuggler/Container.cpp:83)
2011-11-01 14:54:40,309 [Finalizer] DEBUG com.xuggle.xuggler - Closing dangling Container (../../../../../../../csrc/com/xuggle/xuggler/Container.cpp:83)
2011-11-01 14:55:03,368 [Finalizer] DEBUG com.xuggle.xuggler - Closing dangling Container (../../../../../../../csrc/com/xuggle/xuggler/Container.cpp:83)
2011-11-01 14:55:29,147 [Thread-4] ERROR org.ffmpeg - [wmv2 @ 0x53c4b70] warning: first frame is no keyframe
2011-11-01 14:55:29,167 [Finalizer] DEBUG com.xuggle.xuggler - Closing dangling Container (../../../../../../../csrc/com/xuggle/xuggler/Container.cpp:83)
2011-11-01 14:55:52,878 [Thread-4] ERROR org.ffmpeg - [wmv2 @ 0x53f4b70] warning: first frame is no keyframe
2011-11-01 14:55:52,899 [Finalizer] DEBUG com.xuggle.xuggler - Closing dangling Container (../../../../../../../csrc/com/xuggle/xuggler/Container.cpp:83)
2011-11-01 15:17:38,218 [Finalizer] DEBUG com.xuggle.xuggler - Closing dangling Container (../../../../../../../csrc/com/xuggle/xuggler/Container.cpp:83)
2011-11-01 15:19:05,600 [Thread-4] ERROR org.ffmpeg - [wmv2 @ 0x5415b00] warning: first frame is no keyframe
2011-11-01 15:19:05,621 [Finalizer] DEBUG com.xuggle.xuggler - Closing dangling Container (../../../../../../../csrc/com/xuggle/xuggler/Container.cpp:83)
2011-11-01 15:19:05,967 [Thread-4] ERROR org.ffmpeg - [wmav2 @ 0x5416510] overflow in spectral RLE, ignoring
2011-11-01 15:19:06,175 [Thread-4] ERROR org.ffmpeg - [wmav2 @ 0x5416510] overflow in spectral RLE, ignoring
2011-11-01 15:24:05,205 [Thread-4] ERROR org.ffmpeg - [wmv2 @ 0x54a4b70] warning: first frame is no keyframe
2011-11-01 15:24:05,224 [Thread-4] DEBUG com.xuggle.xuggler - Closing dangling Container (../../../../../../../csrc/com/xuggle/xuggler/Container.cpp:83)
2011-11-17 11:58:54,439 [Thread-4] ERROR org.ffmpeg - [wmv2 @ 0x5535b10] warning: first frame is no keyframe
2011-11-17 11:58:54,493 [Finalizer] DEBUG com.xuggle.xuggler - Closing dangling Container (../../../../../../../csrc/com/xuggle/xuggler/Container.cpp:83)
2011-11-17 11:58:55,361 [Thread-4] ERROR org.ffmpeg - [wmav2 @ 0x5536520] overflow in spectral RLE, ignoring
2011-11-17 11:58:55,578 [Thread-4] ERROR org.ffmpeg - [wmav2 @ 0x5536520] overflow in spectral RLE, ignoring
2011-11-17 12:12:24,549 [Thread-4] ERROR org.ffmpeg - [wmv2 @ 0x5685b10] warning: first frame is no keyframe
2011-11-17 12:12:24,582 [Finalizer] DEBUG com.xuggle.xuggler - Closing dangling Container (../../../../../../../csrc/com/xuggle/xuggler/Container.cpp:83)
2011-11-17 12:12:24,933 [Thread-4] ERROR org.ffmpeg - [wmav2 @ 0x5686520] overflow in spectral RLE, ignoring
2011-11-17 12:12:25,145 [Thread-4] ERROR org.ffmpeg - [wmav2 @ 0x5686520] overflow in spectral RLE, ignoring
2011-11-17 12:12:40,905 [Thread-4] ERROR org.ffmpeg - [wmv2 @ 0x5605b10] warning: first frame is no keyframe
2011-11-17 12:12:40,928 [Finalizer] DEBUG com.xuggle.xuggler - Closing dangling Container (../../../../../../../csrc/com/xuggle/xuggler/Container.cpp:83)
2011-11-17 12:12:41,288 [Thread-4] ERROR org.ffmpeg - [wmav2 @ 0x5606520] overflow in spectral RLE, ignoring
2011-11-17 12:12:41,496 [Thread-4] ERROR org.ffmpeg - [wmav2 @ 0x5606520] overflow in spectral RLE, ignoring
2011-11-17 12:19:32,961 [Thread-4] ERROR org.ffmpeg - [wmv2 @ 0x5675b10] warning: first frame is no keyframe
2011-11-17 12:19:32,982 [Finalizer] DEBUG com.xuggle.xuggler - Closing dangling Container (../../../../../../../csrc/com/xuggle/xuggler/Container.cpp:83)
2011-11-17 12:19:33,338 [Thread-4] ERROR org.ffmpeg - [wmav2 @ 0x5676520] overflow in spectral RLE, ignoring
2011-11-17 12:19:33,546 [Thread-4] ERROR org.ffmpeg - [wmav2 @ 0x5676520] overflow in spectral RLE, ignoring
2011-11-17 12:20:12,309 [Thread-4] ERROR org.ffmpeg - [wmv2 @ 0x557ac30] warning: first frame is no keyframe
2011-11-17 12:20:12,666 [Thread-4] ERROR org.ffmpeg - [wmav2 @ 0x557b640] overflow in spectral RLE, ignoring
2011-11-17 12:20:12,846 [Thread-4] ERROR org.ffmpeg - [wmav2 @ 0x557b640] overflow in spectral RLE, ignoring
2011-11-17 12:21:20,512 [Thread-4] ERROR org.ffmpeg - [wmv2 @ 0x55eac30] warning: first frame is no keyframe
2011-11-17 12:21:20,869 [Thread-4] ERROR org.ffmpeg - [wmav2 @ 0x55eb640] overflow in spectral RLE, ignoring
2011-11-17 12:21:21,040 [Thread-4] ERROR org.ffmpeg - [wmav2 @ 0x55eb640] overflow in spectral RLE, ignoring
2011-11-17 12:21:44,986 [Thread-4] ERROR org.ffmpeg - [wmv2 @ 0x55eac30] warning: first frame is no keyframe
2011-11-17 12:21:45,347 [Thread-4] ERROR org.ffmpeg - [wmav2 @ 0x55eb640] overflow in spectral RLE, ignoring
2011-11-17 12:21:45,515 [Thread-4] ERROR org.ffmpeg - [wmav2 @ 0x55eb640] overflow in spectral RLE, ignoring
2011-11-17 12:26:12,051 [Thread-4] ERROR org.ffmpeg - [wmv2 @ 0x556ac30] warning: first frame is no keyframe
2011-11-17 12:26:12,409 [Thread-4] ERROR org.ffmpeg - [wmav2 @ 0x556b640] overflow in spectral RLE, ignoring
2011-11-17 12:26:12,580 [Thread-4] ERROR org.ffmpeg - [wmav2 @ 0x556b640] overflow in spectral RLE, ignoring
2011-11-17 12:27:02,329 [Thread-4] ERROR org.ffmpeg - [wmv2 @ 0x55aac30] warning: first frame is no keyframe
2011-11-17 12:27:02,680 [Thread-4] ERROR org.ffmpeg - [wmav2 @ 0x55ab640] overflow in spectral RLE, ignoring
2011-11-17 12:27:02,894 [Thread-4] ERROR org.ffmpeg - [wmav2 @ 0x55ab640] overflow in spectral RLE, ignoring
2011-11-17 12:39:00,225 [Thread-4] ERROR org.ffmpeg - [wmv2 @ 0x558ac30] warning: first frame is no keyframe
2011-11-17 12:39:00,574 [Thread-4] ERROR org.ffmpeg - [wmav2 @ 0x558b640] overflow in spectral RLE, ignoring
2011-11-17 12:39:00,738 [Thread-4] ERROR org.ffmpeg - [wmav2 @ 0x558b640] overflow in spectral RLE, ignoring
2011-11-17 12:44:40,385 [Thread-4] ERROR org.ffmpeg - [wmv2 @ 0x55cac30] warning: first frame is no keyframe
2011-11-17 12:44:40,738 [Thread-4] ERROR org.ffmpeg - [wmav2 @ 0x55cb640] overflow in spectral RLE, ignoring
2011-11-17 12:44:40,913 [Thread-4] ERROR org.ffmpeg - [wmav2 @ 0x55cb640] overflow in spectral RLE, ignoring
2011-11-17 12:45:15,574 [Thread-4] ERROR org.ffmpeg - [wmv2 @ 0x562aa10] warning: first frame is no keyframe
2011-11-17 12:45:15,957 [Thread-4] ERROR org.ffmpeg - [wmav2 @ 0x562b420] overflow in spectral RLE, ignoring
2011-11-17 12:45:16,141 [Thread-4] ERROR org.ffmpeg - [wmav2 @ 0x562b420] overflow in spectral RLE, ignoring
2011-11-17 12:51:13,518 [Finalizer] DEBUG com.xuggle.xuggler - Closing dangling Container (../../../../../../../csrc/com/xuggle/xuggler/Container.cpp:83)
2011-11-17 12:51:13,533 [Thread-4] ERROR org.ffmpeg - [wmv2 @ 0xa3e07f0] warning: first frame is no keyframe
2011-11-17 12:51:13,882 [Thread-4] ERROR org.ffmpeg - [wmav2 @ 0x5625730] overflow in spectral RLE, ignoring
2011-11-17 12:51:14,059 [Thread-4] ERROR org.ffmpeg - [wmav2 @ 0x5625730] overflow in spectral RLE, ignoring
2011-11-17 12:52:43,334 [Thread-4] ERROR org.ffmpeg - [wmv2 @ 0x565ac30] warning: first frame is no keyframe
2011-11-17 12:52:43,671 [Thread-4] ERROR org.ffmpeg - [wmav2 @ 0x565b640] overflow in spectral RLE, ignoring
2011-11-17 12:52:43,829 [Thread-4] ERROR org.ffmpeg - [wmav2 @ 0x565b640] overflow in spectral RLE, ignoring
2011-11-17 12:55:57,084 [Thread-4] ERROR org.ffmpeg - [wmv2 @ 0x562ac30] warning: first frame is no keyframe
2011-11-17 12:55:57,442 [Thread-4] ERROR org.ffmpeg - [wmav2 @ 0x562b640] overflow in spectral RLE, ignoring
2011-11-17 12:55:57,610 [Thread-4] ERROR org.ffmpeg - [wmav2 @ 0x562b640] overflow in spectral RLE, ignoring
2011-11-17 12:56:55,889 [Thread-4] ERROR org.ffmpeg - [wmv2 @ 0x55aac30] warning: first frame is no keyframe
2011-11-17 12:56:56,282 [Thread-4] ERROR org.ffmpeg - [wmav2 @ 0x55ab640] overflow in spectral RLE, ignoring
2011-11-17 12:56:56,463 [Thread-4] ERROR org.ffmpeg - [wmav2 @ 0x55ab640] overflow in spectral RLE, ignoring
2011-11-17 12:57:25,689 [Thread-4] ERROR org.ffmpeg - [wmv2 @ 0x563ac30] warning: first frame is no keyframe
2011-11-17 12:57:26,041 [Thread-4] ERROR org.ffmpeg - [wmav2 @ 0x563b640] overflow in spectral RLE, ignoring
2011-11-17 12:57:26,206 [Thread-4] ERROR org.ffmpeg - [wmav2 @ 0x563b640] overflow in spectral RLE, ignoring
2011-11-17 12:59:24,776 [Thread-4] ERROR org.ffmpeg - [wmv2 @ 0x55aac30] warning: first frame is no keyframe
2011-11-17 12:59:25,122 [Thread-4] ERROR org.ffmpeg - [wmav2 @ 0x55ab640] overflow in spectral RLE, ignoring
2011-11-17 12:59:25,291 [Thread-4] ERROR org.ffmpeg - [wmav2 @ 0x55ab640] overflow in spectral RLE, ignoring
2011-11-17 13:01:04,826 [Thread-4] ERROR org.ffmpeg - [wmv2 @ 0x54eac30] warning: first frame is no keyframe
2011-11-17 13:01:05,179 [Thread-4] ERROR org.ffmpeg - [wmav2 @ 0x54eb640] overflow in spectral RLE, ignoring
2011-11-17 13:01:05,346 [Thread-4] ERROR org.ffmpeg - [wmav2 @ 0x54eb640] overflow in spectral RLE, ignoring
2011-11-17 13:04:41,266 [Thread-4] ERROR org.ffmpeg - [wmv2 @ 0x569ac30] warning: first frame is no keyframe
2011-11-17 13:04:41,614 [Thread-4] ERROR org.ffmpeg - [wmav2 @ 0x569b640] overflow in spectral RLE, ignoring
2011-11-17 13:04:41,780 [Thread-4] ERROR org.ffmpeg - [wmav2 @ 0x569b640] overflow in spectral RLE, ignoring
2011-11-17 13:12:46,998 [Thread-4] ERROR org.ffmpeg - [wmv2 @ 0x562ac30] warning: first frame is no keyframe
2011-11-17 13:12:47,347 [Thread-4] ERROR org.ffmpeg - [wmav2 @ 0x562b640] overflow in spectral RLE, ignoring
2011-11-17 13:12:47,513 [Thread-4] ERROR org.ffmpeg - [wmav2 @ 0x562b640] overflow in spectral RLE, ignoring
2011-11-17 13:15:48,961 [Thread-4] ERROR org.ffmpeg - [wmv2 @ 0x559ac30] warning: first frame is no keyframe
2011-11-17 13:15:49,314 [Thread-4] ERROR org.ffmpeg - [wmav2 @ 0x559b640] overflow in spectral RLE, ignoring
2011-11-17 13:15:49,480 [Thread-4] ERROR org.ffmpeg - [wmav2 @ 0x559b640] overflow in spectral RLE, ignoring
2011-11-17 13:20:43,494 [Thread-4] ERROR org.ffmpeg - [wmv2 @ 0x561ac30] warning: first frame is no keyframe
2011-11-17 13:20:43,856 [Thread-4] ERROR org.ffmpeg - [wmav2 @ 0x561b640] overflow in spectral RLE, ignoring
2011-11-17 13:20:44,026 [Thread-4] ERROR org.ffmpeg - [wmav2 @ 0x561b640] overflow in spectral RLE, ignoring
2011-11-17 13:22:32,274 [Thread-4] ERROR org.ffmpeg - [wmv2 @ 0x563ac30] warning: first frame is no keyframe
2011-11-17 13:22:32,629 [Thread-4] ERROR org.ffmpeg - [wmav2 @ 0x563b640] overflow in spectral RLE, ignoring
2011-11-17 13:22:32,799 [Thread-4] ERROR org.ffmpeg - [wmav2 @ 0x563b640] overflow in spectral RLE, ignoring
2011-11-17 13:26:17,591 [Thread-4] ERROR org.ffmpeg - [wmv2 @ 0x55cac30] warning: first frame is no keyframe
2011-11-17 13:26:17,943 [Thread-4] ERROR org.ffmpeg - [wmav2 @ 0x55cb640] overflow in spectral RLE, ignoring
2011-11-17 13:26:18,114 [Thread-4] ERROR org.ffmpeg - [wmav2 @ 0x55cb640] overflow in spectral RLE, ignoring
2011-11-17 13:28:22,676 [Thread-4] ERROR org.ffmpeg - [wmv2 @ 0x55eac30] warning: first frame is no keyframe
2011-11-17 13:28:23,040 [Thread-4] ERROR org.ffmpeg - [wmav2 @ 0x55eb640] overflow in spectral RLE, ignoring
2011-11-17 13:28:23,210 [Thread-4] ERROR org.ffmpeg - [wmav2 @ 0x55eb640] overflow in spectral RLE, ignoring
2011-11-17 14:37:53,074 [Finalizer] DEBUG com.xuggle.xuggler - Closing dangling Container (../../../../../../../csrc/com/xuggle/xuggler/Container.cpp:83)
2011-11-17 14:37:53,093 [Thread-4] ERROR org.ffmpeg - [wmv2 @ 0xa000570] warning: first frame is no keyframe
2011-11-17 14:37:53,499 [Thread-4] ERROR org.ffmpeg - [wmav2 @ 0x55954b0] overflow in spectral RLE, ignoring
2011-11-17 14:38:12,669 [Finalizer] DEBUG com.xuggle.xuggler - Closing dangling Container (../../../../../../../csrc/com/xuggle/xuggler/Container.cpp:83)
2011-11-17 14:38:12,684 [Thread-4] ERROR org.ffmpeg - [wmv2 @ 0x5574da0] warning: first frame is no keyframe
2011-11-17 14:38:40,235 [Thread-4] ERROR org.ffmpeg - [wmv2 @ 0x5675b60] warning: first frame is no keyframe
2011-11-17 14:38:40,256 [Finalizer] DEBUG com.xuggle.xuggler - Closing dangling Container (../../../../../../../csrc/com/xuggle/xuggler/Container.cpp:83)
2011-11-17 14:38:40,258 [Thread-4] ERROR org.ffmpeg - [wmav2 @ 0x5676570] overflow in spectral RLE, ignoring
2011-11-17 14:38:40,328 [Thread-4] ERROR org.ffmpeg - [wmav2 @ 0x5676570] overflow in spectral RLE, ignoring
2011-11-17 14:38:40,790 [Thread-4] ERROR org.ffmpeg - [wmav2 @ 0x5676570] overflow in spectral RLE, ignoring
2011-11-17 14:38:41,010 [Thread-4] ERROR org.ffmpeg - [wmav2 @ 0x5676570] overflow in spectral RLE, ignoring
2011-11-17 14:39:02,620 [Finalizer] DEBUG com.xuggle.xuggler - Closing dangling Container (../../../../../../../csrc/com/xuggle/xuggler/Container.cpp:83)
2011-11-17 14:39:02,638 [Thread-4] ERROR org.ffmpeg - [wmv2 @ 0x55e4b80] warning: first frame is no keyframe
2011-11-17 14:39:44,506 [Finalizer] DEBUG com.xuggle.xuggler - Closing dangling Container (../../../../../../../csrc/com/xuggle/xuggler/Container.cpp:83)
2011-11-17 14:39:44,545 [Thread-4] ERROR org.ffmpeg - [wmv2 @ 0x55baa10] warning: first frame is no keyframe
2011-11-17 14:39:52,038 [Thread-4] ERROR org.ffmpeg - [wmv2 @ 0x55eac30] warning: first frame is no keyframe
2011-11-17 14:39:52,393 [Thread-4] ERROR org.ffmpeg - [wmav2 @ 0x55eb640] overflow in spectral RLE, ignoring
2011-11-17 14:39:52,562 [Thread-4] ERROR org.ffmpeg - [wmav2 @ 0x55eb640] overflow in spectral RLE, ignoring
2011-11-17 14:40:11,138 [Finalizer] DEBUG com.xuggle.xuggler - Closing dangling Container (../../../../../../../csrc/com/xuggle/xuggler/Container.cpp:83)
2011-11-17 14:40:11,149 [Thread-4] ERROR org.ffmpeg - [wmv2 @ 0xa0707f0] warning: first frame is no keyframe
2011-11-17 14:40:11,514 [Thread-4] ERROR org.ffmpeg - [wmav2 @ 0x5575730] overflow in spectral RLE, ignoring
2011-11-17 14:40:11,684 [Thread-4] ERROR org.ffmpeg - [wmav2 @ 0x5575730] overflow in spectral RLE, ignoring
2011-11-17 14:40:39,776 [Finalizer] DEBUG com.xuggle.xuggler - Closing dangling Container (../../../../../../../csrc/com/xuggle/xuggler/Container.cpp:83)
2011-11-17 14:40:40,006 [Thread-4] ERROR org.ffmpeg - [wmav2 @ 0x56656a0] overflow in spectral RLE, ignoring
2011-11-17 14:40:40,454 [Thread-4] ERROR org.ffmpeg - [wmav2 @ 0x56656a0] overflow in spectral RLE, ignoring
2011-11-17 14:40:40,478 [Thread-4] ERROR org.ffmpeg - [wmav2 @ 0x56656a0] overflow in spectral RLE, ignoring
2011-11-17 14:40:40,501 [Thread-4] ERROR org.ffmpeg - [wmav2 @ 0x56656a0] overflow in spectral RLE, ignoring
2011-11-17 14:40:40,550 [Thread-4] ERROR org.ffmpeg - [wmav2 @ 0x56656a0] overflow in spectral RLE, ignoring
2011-11-17 14:40:40,551 [Thread-4] ERROR org.ffmpeg - [wmav2 @ 0x56656a0] overflow in spectral RLE, ignoring
2011-11-17 14:40:40,574 [Thread-4] ERROR org.ffmpeg - [wmav2 @ 0x56656a0] overflow in spectral RLE, ignoring
2011-11-17 14:40:56,288 [Finalizer] DEBUG com.xuggle.xuggler - Closing dangling Container (../../../../../../../csrc/com/xuggle/xuggler/Container.cpp:83)
2011-11-17 14:40:56,303 [Thread-4] ERROR org.ffmpeg - [wmv2 @ 0x5565cb0] warning: first frame is no keyframe
2011-11-17 14:40:56,319 [Thread-4] ERROR org.ffmpeg - [wmav2 @ 0x55666c0] overflow in spectral RLE, ignoring
2011-11-17 14:40:56,398 [Thread-4] ERROR org.ffmpeg - [wmav2 @ 0x55666c0] overflow in spectral RLE, ignoring
2011-11-17 14:40:56,904 [Thread-4] ERROR org.ffmpeg - [wmav2 @ 0x55666c0] overflow in spectral RLE, ignoring
2011-11-17 14:40:57,122 [Thread-4] ERROR org.ffmpeg - [wmav2 @ 0x55666c0] overflow in spectral RLE, ignoring
2011-11-17 15:05:10,001 [Thread-4] ERROR org.ffmpeg - [wmv2 @ 0x554aa10] warning: first frame is no keyframe
2011-11-17 15:05:10,366 [Thread-4] ERROR org.ffmpeg - [wmav2 @ 0x554b420] overflow in spectral RLE, ignoring
2011-11-17 15:05:10,533 [Thread-4] ERROR org.ffmpeg - [wmav2 @ 0x554b420] overflow in spectral RLE, ignoring
2011-11-17 15:09:07,347 [Finalizer] DEBUG com.xuggle.xuggler - Closing dangling Container (../../../../../../../csrc/com/xuggle/xuggler/Container.cpp:83)
2011-11-17 15:09:07,367 [Thread-4] ERROR org.ffmpeg - [wmv2 @ 0x553c310] warning: first frame is no keyframe
2011-11-17 15:09:07,384 [Thread-4] ERROR org.ffmpeg - [wmav2 @ 0x5531bc0] overflow in spectral RLE, ignoring
2011-11-17 15:09:07,454 [Thread-4] ERROR org.ffmpeg - [wmav2 @ 0x5531bc0] overflow in spectral RLE, ignoring
2011-11-17 15:09:07,904 [Thread-4] ERROR org.ffmpeg - [wmav2 @ 0x5531bc0] overflow in spectral RLE, ignoring
2011-11-17 15:09:08,138 [Thread-4] ERROR org.ffmpeg - [wmav2 @ 0x5531bc0] overflow in spectral RLE, ignoring
2011-11-17 15:10:53,048 [Finalizer] DEBUG com.xuggle.xuggler - Closing dangling Container (../../../../../../../csrc/com/xuggle/xuggler/Container.cpp:83)
2011-11-17 15:10:53,061 [Thread-4] ERROR org.ffmpeg - [wmv2 @ 0x55e4b80] warning: first frame is no keyframe
2011-11-17 15:25:31,397 [Thread-4] ERROR org.ffmpeg - [wmv2 @ 0x55cac30] warning: first frame is no keyframe
2011-11-17 15:25:31,744 [Thread-4] ERROR org.ffmpeg - [wmav2 @ 0x55cb640] overflow in spectral RLE, ignoring
2011-11-17 15:25:31,916 [Thread-4] ERROR org.ffmpeg - [wmav2 @ 0x55cb640] overflow in spectral RLE, ignoring
2011-11-22 13:40:35,159 [Thread-4] ERROR org.ffmpeg - [wmv2 @ 0x535ac20] warning: first frame is no keyframe
2011-11-22 13:40:35,648 [Thread-4] ERROR org.ffmpeg - [wmav2 @ 0x535b630] overflow in spectral RLE, ignoring
2011-11-22 13:40:35,816 [Thread-4] ERROR org.ffmpeg - [wmav2 @ 0x535b630] overflow in spectral RLE, ignoring
2011-11-22 13:43:08,910 [Thread-4] ERROR org.ffmpeg - [wmv2 @ 0x536ac20] warning: first frame is no keyframe
2011-11-22 13:43:09,301 [Thread-4] ERROR org.ffmpeg - [wmav2 @ 0x536b630] overflow in spectral RLE, ignoring
2011-11-22 13:43:09,482 [Thread-4] ERROR org.ffmpeg - [wmav2 @ 0x536b630] overflow in spectral RLE, ignoring
2011-11-22 13:45:01,659 [Thread-4] ERROR org.ffmpeg - [wmv2 @ 0x53fac20] warning: first frame is no keyframe
2011-11-22 13:45:02,086 [Thread-4] ERROR org.ffmpeg - [wmav2 @ 0x53fb630] overflow in spectral RLE, ignoring
2011-11-22 13:45:02,270 [Thread-4] ERROR org.ffmpeg - [wmav2 @ 0x53fb630] overflow in spectral RLE, ignoring
2011-11-22 13:47:42,875 [Thread-4] ERROR org.ffmpeg - [wmv2 @ 0x53dac20] warning: first frame is no keyframe
2011-11-22 13:47:43,223 [Thread-4] ERROR org.ffmpeg - [wmav2 @ 0x53db630] overflow in spectral RLE, ignoring
2011-11-22 13:47:43,385 [Thread-4] ERROR org.ffmpeg - [wmav2 @ 0x53db630] overflow in spectral RLE, ignoring
2011-11-22 13:48:46,994 [Thread-4] ERROR org.ffmpeg - [wmv2 @ 0x538ac20] warning: first frame is no keyframe
2011-11-22 13:48:47,346 [Thread-4] ERROR org.ffmpeg - [wmav2 @ 0x538b630] overflow in spectral RLE, ignoring
2011-11-22 13:48:47,510 [Thread-4] ERROR org.ffmpeg - [wmav2 @ 0x538b630] overflow in spectral RLE, ignoring
2011-11-22 13:54:11,625 [Thread-4] ERROR org.ffmpeg - [wmv2 @ 0x543ac20] warning: first frame is no keyframe
2011-11-22 13:54:11,970 [Thread-4] ERROR org.ffmpeg - [wmav2 @ 0x543b630] overflow in spectral RLE, ignoring
2011-11-22 13:54:12,162 [Thread-4] ERROR org.ffmpeg - [wmav2 @ 0x543b630] overflow in spectral RLE, ignoring
2011-11-22 13:55:03,997 [Thread-4] ERROR org.ffmpeg - [wmv2 @ 0x541ac20] warning: first frame is no keyframe
2011-11-22 13:55:04,344 [Thread-4] ERROR org.ffmpeg - [wmav2 @ 0x541b630] overflow in spectral RLE, ignoring
2011-11-22 13:55:04,511 [Thread-4] ERROR org.ffmpeg - [wmav2 @ 0x541b630] overflow in spectral RLE, ignoring
2011-11-22 13:56:05,560 [Thread-4] ERROR org.ffmpeg - [wmv2 @ 0x540ac20] warning: first frame is no keyframe
2011-11-22 13:56:05,903 [Thread-4] ERROR org.ffmpeg - [wmav2 @ 0x540b630] overflow in spectral RLE, ignoring
2011-11-22 13:56:06,067 [Thread-4] ERROR org.ffmpeg - [wmav2 @ 0x540b630] overflow in spectral RLE, ignoring
2011-11-22 13:58:57,929 [Thread-4] ERROR org.ffmpeg - [wmv2 @ 0x549ac20] warning: first frame is no keyframe
2011-11-22 13:58:58,283 [Thread-4] ERROR org.ffmpeg - [wmav2 @ 0x549b630] overflow in spectral RLE, ignoring
2011-11-22 13:58:58,445 [Thread-4] ERROR org.ffmpeg - [wmav2 @ 0x549b630] overflow in spectral RLE, ignoring
2011-11-22 14:05:02,908 [Thread-4] ERROR org.ffmpeg - [wmv2 @ 0x539ac20] warning: first frame is no keyframe
2011-11-22 14:05:03,257 [Thread-4] ERROR org.ffmpeg - [wmav2 @ 0x539b630] overflow in spectral RLE, ignoring
2011-11-22 14:05:03,421 [Thread-4] ERROR org.ffmpeg - [wmav2 @ 0x539b630] overflow in spectral RLE, ignoring
2011-11-22 14:05:26,171 [Thread-4] ERROR org.ffmpeg - [wmv2 @ 0x546ac20] warning: first frame is no keyframe
2011-11-22 14:05:26,521 [Thread-4] ERROR org.ffmpeg - [wmav2 @ 0x546b630] overflow in spectral RLE, ignoring
2011-11-22 14:05:26,684 [Thread-4] ERROR org.ffmpeg - [wmav2 @ 0x546b630] overflow in spectral RLE, ignoring
2011-11-22 14:05:50,732 [Thread-4] ERROR org.ffmpeg - [wmv2 @ 0x544ac20] warning: first frame is no keyframe
2011-11-22 14:05:51,073 [Thread-4] ERROR org.ffmpeg - [wmav2 @ 0x544b630] overflow in spectral RLE, ignoring
2011-11-22 14:05:51,235 [Thread-4] ERROR org.ffmpeg - [wmav2 @ 0x544b630] overflow in spectral RLE, ignoring
2011-11-22 14:08:20,784 [Thread-4] ERROR org.ffmpeg - [wmv2 @ 0x53bac20] warning: first frame is no keyframe
2011-11-22 14:08:21,132 [Thread-4] ERROR org.ffmpeg - [wmav2 @ 0x53bb630] overflow in spectral RLE, ignoring
2011-11-22 14:08:21,296 [Thread-4] ERROR org.ffmpeg - [wmav2 @ 0x53bb630] overflow in spectral RLE, ignoring
2011-11-22 14:11:35,289 [Thread-4] ERROR org.ffmpeg - [wmv2 @ 0x53bac20] warning: first frame is no keyframe
2011-11-22 14:11:35,630 [Thread-4] ERROR org.ffmpeg - [wmav2 @ 0x53bb630] overflow in spectral RLE, ignoring
2011-11-22 14:11:35,790 [Thread-4] ERROR org.ffmpeg - [wmav2 @ 0x53bb630] overflow in spectral RLE, ignoring
2011-11-22 14:13:28,554 [Thread-4] ERROR org.ffmpeg - [wmv2 @ 0x53aac20] warning: first frame is no keyframe
2011-11-22 14:13:28,903 [Thread-4] ERROR org.ffmpeg - [wmav2 @ 0x53ab630] overflow in spectral RLE, ignoring
2011-11-22 14:13:29,072 [Thread-4] ERROR org.ffmpeg - [wmav2 @ 0x53ab630] overflow in spectral RLE, ignoring
2011-11-22 14:14:20,709 [Thread-4] ERROR org.ffmpeg - [wmv2 @ 0x541ac20] warning: first frame is no keyframe
2011-11-22 14:14:21,153 [Thread-4] ERROR org.ffmpeg - [wmav2 @ 0x541b630] overflow in spectral RLE, ignoring
2011-11-22 14:14:21,322 [Thread-4] ERROR org.ffmpeg - [wmav2 @ 0x541b630] overflow in spectral RLE, ignoring
2011-11-22 14:16:15,108 [Finalizer] DEBUG com.xuggle.xuggler - Closing dangling Container (../../../../../../../csrc/com/xuggle/xuggler/Container.cpp:83)
2011-11-22 14:16:15,121 [Thread-4] ERROR org.ffmpeg - [wmv2 @ 0x5405ca0] warning: first frame is no keyframe
2011-11-22 14:16:15,138 [Thread-4] ERROR org.ffmpeg - [wmav2 @ 0x54066b0] overflow in spectral RLE, ignoring
2011-11-22 14:16:15,215 [Thread-4] ERROR org.ffmpeg - [wmav2 @ 0x54066b0] overflow in spectral RLE, ignoring
2011-11-22 14:16:15,713 [Thread-4] ERROR org.ffmpeg - [wmav2 @ 0x54066b0] overflow in spectral RLE, ignoring
2011-11-22 14:16:15,956 [Thread-4] ERROR org.ffmpeg - [wmav2 @ 0x54066b0] overflow in spectral RLE, ignoring
2011-11-22 14:18:17,050 [Thread-4] ERROR org.ffmpeg - [wmv2 @ 0x53aac20] warning: first frame is no keyframe
2011-11-22 14:18:17,427 [Thread-4] ERROR org.ffmpeg - [wmav2 @ 0x53ab630] overflow in spectral RLE, ignoring
2011-11-22 14:18:17,605 [Thread-4] ERROR org.ffmpeg - [wmav2 @ 0x53ab630] overflow in spectral RLE, ignoring
2011-11-22 14:19:43,159 [Thread-4] ERROR org.ffmpeg - [wmv2 @ 0x53aac20] warning: first frame is no keyframe
2011-11-22 14:19:43,545 [Thread-4] ERROR org.ffmpeg - [wmav2 @ 0x53ab630] overflow in spectral RLE, ignoring
2011-11-22 14:19:43,727 [Thread-4] ERROR org.ffmpeg - [wmav2 @ 0x53ab630] overflow in spectral RLE, ignoring
2011-11-22 14:20:00,769 [Finalizer] DEBUG com.xuggle.xuggler - Closing dangling Container (../../../../../../../csrc/com/xuggle/xuggler/Container.cpp:83)
2011-11-22 14:20:00,792 [Thread-4] ERROR org.ffmpeg - [wmv2 @ 0x53eab50] warning: first frame is no keyframe
2011-11-22 14:20:00,811 [Thread-4] ERROR org.ffmpeg - [wmav2 @ 0x5478650] overflow in spectral RLE, ignoring
2011-11-22 14:20:00,879 [Thread-4] ERROR org.ffmpeg - [wmav2 @ 0x5478650] overflow in spectral RLE, ignoring
2011-11-22 14:20:01,335 [Thread-4] ERROR org.ffmpeg - [wmav2 @ 0x5478650] overflow in spectral RLE, ignoring
2011-11-22 14:20:01,553 [Thread-4] ERROR org.ffmpeg - [wmav2 @ 0x5478650] overflow in spectral RLE, ignoring
2011-11-22 14:32:36,545 [Thread-4] ERROR org.ffmpeg - [wmv2 @ 0x544ac20] warning: first frame is no keyframe
2011-11-22 14:32:36,903 [Thread-4] ERROR org.ffmpeg - [wmav2 @ 0x544b630] overflow in spectral RLE, ignoring
2011-11-22 14:32:37,074 [Thread-4] ERROR org.ffmpeg - [wmav2 @ 0x544b630] overflow in spectral RLE, ignoring
2011-11-22 14:32:56,659 [Finalizer] DEBUG com.xuggle.xuggler - Closing dangling Container (../../../../../../../csrc/com/xuggle/xuggler/Container.cpp:83)
2011-11-22 14:32:56,679 [Thread-4] ERROR org.ffmpeg - [wmv2 @ 0x5395aa0] warning: first frame is no keyframe
2011-11-22 14:32:56,695 [Thread-4] ERROR org.ffmpeg - [wmav2 @ 0x53964b0] overflow in spectral RLE, ignoring
2011-11-22 14:32:56,766 [Thread-4] ERROR org.ffmpeg - [wmav2 @ 0x53964b0] overflow in spectral RLE, ignoring
2011-11-22 14:32:57,223 [Thread-4] ERROR org.ffmpeg - [wmav2 @ 0x53964b0] overflow in spectral RLE, ignoring
2011-11-22 14:32:57,450 [Thread-4] ERROR org.ffmpeg - [wmav2 @ 0x53964b0] overflow in spectral RLE, ignoring
2011-11-22 14:33:45,725 [Thread-4] ERROR org.ffmpeg - [wmv2 @ 0x536ac20] warning: first frame is no keyframe
2011-11-22 14:33:46,081 [Thread-4] ERROR org.ffmpeg - [wmav2 @ 0x536b630] overflow in spectral RLE, ignoring
2011-11-22 14:33:46,249 [Thread-4] ERROR org.ffmpeg - [wmav2 @ 0x536b630] overflow in spectral RLE, ignoring
2011-11-22 14:34:02,572 [Finalizer] DEBUG com.xuggle.xuggler - Closing dangling Container (../../../../../../../csrc/com/xuggle/xuggler/Container.cpp:83)
2011-11-22 14:34:02,589 [Thread-4] ERROR org.ffmpeg - [wmv2 @ 0x5375aa0] warning: first frame is no keyframe
2011-11-22 14:34:02,605 [Thread-4] ERROR org.ffmpeg - [wmav2 @ 0x53764b0] overflow in spectral RLE, ignoring
2011-11-22 14:34:02,681 [Thread-4] ERROR org.ffmpeg - [wmav2 @ 0x53764b0] overflow in spectral RLE, ignoring
2011-11-22 14:34:03,145 [Thread-4] ERROR org.ffmpeg - [wmav2 @ 0x53764b0] overflow in spectral RLE, ignoring
2011-11-22 14:34:03,365 [Thread-4] ERROR org.ffmpeg - [wmav2 @ 0x53764b0] overflow in spectral RLE, ignoring
2011-11-22 14:34:47,681 [Thread-4] ERROR org.ffmpeg - [wmv2 @ 0x539ac20] warning: first frame is no keyframe
2011-11-22 14:34:48,036 [Thread-4] ERROR org.ffmpeg - [wmav2 @ 0x539b630] overflow in spectral RLE, ignoring
2011-11-22 14:34:48,205 [Thread-4] ERROR org.ffmpeg - [wmav2 @ 0x539b630] overflow in spectral RLE, ignoring
2011-11-22 14:35:01,442 [Finalizer] DEBUG com.xuggle.xuggler - Closing dangling Container (../../../../../../../csrc/com/xuggle/xuggler/Container.cpp:83)
2011-11-22 14:35:01,455 [Thread-4] ERROR org.ffmpeg - [wmv2 @ 0x5425ca0] warning: first frame is no keyframe
2011-11-22 14:35:01,471 [Thread-4] ERROR org.ffmpeg - [wmav2 @ 0x54266b0] overflow in spectral RLE, ignoring
2011-11-22 14:35:01,542 [Thread-4] ERROR org.ffmpeg - [wmav2 @ 0x54266b0] overflow in spectral RLE, ignoring
2011-11-22 14:35:02,001 [Thread-4] ERROR org.ffmpeg - [wmav2 @ 0x54266b0] overflow in spectral RLE, ignoring
2011-11-22 14:35:02,220 [Thread-4] ERROR org.ffmpeg - [wmav2 @ 0x54266b0] overflow in spectral RLE, ignoring
2011-11-22 14:35:29,762 [Finalizer] DEBUG com.xuggle.xuggler - Closing dangling Container (../../../../../../../csrc/com/xuggle/xuggler/Container.cpp:83)
2011-11-22 14:35:29,773 [Thread-4] ERROR org.ffmpeg - [wmv2 @ 0x53e5ca0] warning: first frame is no keyframe
2011-11-22 14:35:29,791 [Thread-4] ERROR org.ffmpeg - [wmav2 @ 0x53e66b0] overflow in spectral RLE, ignoring
2011-11-22 14:35:29,862 [Thread-4] ERROR org.ffmpeg - [wmav2 @ 0x53e66b0] overflow in spectral RLE, ignoring
2011-11-22 14:35:30,340 [Thread-4] ERROR org.ffmpeg - [wmav2 @ 0x53e66b0] overflow in spectral RLE, ignoring
2011-11-22 14:35:30,569 [Thread-4] ERROR org.ffmpeg - [wmav2 @ 0x53e66b0] overflow in spectral RLE, ignoring
2011-11-22 14:35:52,417 [Thread-4] ERROR org.ffmpeg - [wmv2 @ 0x533ac20] warning: first frame is no keyframe
2011-11-22 14:35:52,762 [Thread-4] ERROR org.ffmpeg - [wmav2 @ 0x533b630] overflow in spectral RLE, ignoring
2011-11-22 14:35:52,927 [Thread-4] ERROR org.ffmpeg - [wmav2 @ 0x533b630] overflow in spectral RLE, ignoring
2011-11-22 14:35:58,775 [Finalizer] DEBUG com.xuggle.xuggler - Closing dangling Container (../../../../../../../csrc/com/xuggle/xuggler/Container.cpp:83)
2011-11-22 14:35:59,142 [Thread-7] ERROR org.ffmpeg - [wmv2 @ 0x905e010] warning: first frame is no keyframe
2011-11-22 14:35:59,150 [Thread-7] ERROR org.ffmpeg - [wmav2 @ 0x8fa04a0] overflow in spectral RLE, ignoring
2011-11-22 14:35:59,200 [Thread-7] ERROR org.ffmpeg - [wmav2 @ 0x8fa04a0] overflow in spectral RLE, ignoring
2011-11-22 14:35:59,707 [Thread-7] ERROR org.ffmpeg - [wmav2 @ 0x8fa04a0] overflow in spectral RLE, ignoring
2011-11-22 14:35:59,887 [Thread-7] ERROR org.ffmpeg - [wmav2 @ 0x8fa04a0] overflow in spectral RLE, ignoring
2011-11-22 15:03:10,698 [Thread-4] ERROR org.ffmpeg - [wmv2 @ 0x53eaa00] warning: first frame is no keyframe
2011-11-22 15:03:11,070 [Thread-4] ERROR org.ffmpeg - [wmav2 @ 0x53eb410] overflow in spectral RLE, ignoring
2011-11-22 15:03:11,248 [Thread-4] ERROR org.ffmpeg - [wmav2 @ 0x53eb410] overflow in spectral RLE, ignoring
2011-11-22 15:17:43,408 [Finalizer] DEBUG com.xuggle.xuggler - Closing dangling Container (../../../../../../../csrc/com/xuggle/xuggler/Container.cpp:83)
2011-11-22 15:17:43,427 [Thread-4] ERROR org.ffmpeg - [wmv2 @ 0x53f4b70] warning: first frame is no keyframe
2011-11-22 15:23:54,954 [Thread-4] ERROR org.ffmpeg - [wmv2 @ 0x540ac20] warning: first frame is no keyframe
2011-11-22 15:23:55,370 [Thread-4] ERROR org.ffmpeg - [wmav2 @ 0x540b630] overflow in spectral RLE, ignoring
2011-11-22 15:23:55,554 [Thread-4] ERROR org.ffmpeg - [wmav2 @ 0x540b630] overflow in spectral RLE, ignoring
2011-11-22 15:34:09,269 [Thread-4] ERROR org.ffmpeg - [wmv2 @ 0x542ac20] warning: first frame is no keyframe
2011-11-22 15:34:09,644 [Thread-4] ERROR org.ffmpeg - [wmav2 @ 0x542b630] overflow in spectral RLE, ignoring
2011-11-22 15:34:09,827 [Thread-4] ERROR org.ffmpeg - [wmav2 @ 0x542b630] overflow in spectral RLE, ignoring
2011-11-22 16:04:54,827 [Thread-4] ERROR org.ffmpeg - [wmv2 @ 0x54aac20] warning: first frame is no keyframe
2011-11-22 16:04:55,215 [Thread-4] ERROR org.ffmpeg - [wmav2 @ 0x54ab630] overflow in spectral RLE, ignoring
2011-11-22 16:04:55,398 [Thread-4] ERROR org.ffmpeg - [wmav2 @ 0x54ab630] overflow in spectral RLE, ignoring
2011-11-22 16:21:27,701 [Finalizer] DEBUG com.xuggle.xuggler - Closing dangling Container (../../../../../../../csrc/com/xuggle/xuggler/Container.cpp:83)
2011-11-22 16:21:27,717 [Thread-4] ERROR org.ffmpeg - [wmv2 @ 0x5394d90] warning: first frame is no keyframe
2011-11-22 16:22:36,274 [Finalizer] DEBUG com.xuggle.xuggler - Closing dangling Container (../../../../../../../csrc/com/xuggle/xuggler/Container.cpp:83)
2011-11-22 16:22:36,290 [Thread-4] ERROR org.ffmpeg - [wmv2 @ 0x5454d90] warning: first frame is no keyframe
2011-12-13 11:11:24,090 [Thread-4] ERROR org.ffmpeg - [wmv2 @ 0x542aa00] warning: first frame is no keyframe
2011-12-13 11:11:24,492 [Thread-4] ERROR org.ffmpeg - [wmav2 @ 0x542b410] overflow in spectral RLE, ignoring
2011-12-13 11:11:24,966 [Thread-4] ERROR org.ffmpeg - [wmav2 @ 0x542b410] overflow in spectral RLE, ignoring
2011-12-13 11:22:26,103 [Thread-4] ERROR org.ffmpeg - [wmv2 @ 0x54aac20] warning: first frame is no keyframe
2011-12-13 11:22:26,444 [Thread-4] ERROR org.ffmpeg - [wmav2 @ 0x54ab630] overflow in spectral RLE, ignoring
2011-12-13 11:22:26,606 [Thread-4] ERROR org.ffmpeg - [wmav2 @ 0x54ab630] overflow in spectral RLE, ignoring
2011-12-13 11:24:37,925 [Thread-4] ERROR org.ffmpeg - [wmv2 @ 0x541ac20] warning: first frame is no keyframe
2011-12-13 11:24:38,302 [Thread-4] ERROR org.ffmpeg - [wmav2 @ 0x541b630] overflow in spectral RLE, ignoring
2011-12-13 11:24:38,470 [Thread-4] ERROR org.ffmpeg - [wmav2 @ 0x541b630] overflow in spectral RLE, ignoring
2011-12-13 11:25:43,017 [Thread-4] ERROR org.ffmpeg - [wmv2 @ 0x53fac20] warning: first frame is no keyframe
2011-12-13 11:25:43,364 [Thread-4] ERROR org.ffmpeg - [wmav2 @ 0x53fb630] overflow in spectral RLE, ignoring
2011-12-13 11:25:43,528 [Thread-4] ERROR org.ffmpeg - [wmav2 @ 0x53fb630] overflow in spectral RLE, ignoring
2011-12-13 11:27:12,849 [Thread-4] ERROR org.ffmpeg - [wmv2 @ 0x546ac20] warning: first frame is no keyframe
2011-12-13 11:27:13,195 [Thread-4] ERROR org.ffmpeg - [wmav2 @ 0x546b630] overflow in spectral RLE, ignoring
2011-12-13 11:27:13,358 [Thread-4] ERROR org.ffmpeg - [wmav2 @ 0x546b630] overflow in spectral RLE, ignoring
2011-12-13 11:27:47,120 [Thread-4] ERROR org.ffmpeg - [wmv2 @ 0x53dac20] warning: first frame is no keyframe
2011-12-13 11:27:47,464 [Thread-4] ERROR org.ffmpeg - [wmav2 @ 0x53db630] overflow in spectral RLE, ignoring
2011-12-13 11:27:47,631 [Thread-4] ERROR org.ffmpeg - [wmav2 @ 0x53db630] overflow in spectral RLE, ignoring
2011-12-13 11:32:58,350 [Thread-4] ERROR org.ffmpeg - [wmv2 @ 0x543ac20] warning: first frame is no keyframe
2011-12-13 11:32:58,700 [Thread-4] ERROR org.ffmpeg - [wmav2 @ 0x543b630] overflow in spectral RLE, ignoring
2011-12-13 11:32:58,866 [Thread-4] ERROR org.ffmpeg - [wmav2 @ 0x543b630] overflow in spectral RLE, ignoring
2011-12-13 11:34:30,448 [Thread-4] ERROR org.ffmpeg - [wmv2 @ 0x551ac20] warning: first frame is no keyframe
2011-12-13 11:34:30,789 [Thread-4] ERROR org.ffmpeg - [wmav2 @ 0x551b630] overflow in spectral RLE, ignoring
2011-12-13 11:34:30,948 [Thread-4] ERROR org.ffmpeg - [wmav2 @ 0x551b630] overflow in spectral RLE, ignoring
2011-12-13 11:35:03,325 [Thread-4] ERROR org.ffmpeg - [wmv2 @ 0x54bac20] warning: first frame is no keyframe
2011-12-13 11:35:03,667 [Thread-4] ERROR org.ffmpeg - [wmav2 @ 0x54bb630] overflow in spectral RLE, ignoring
2011-12-13 11:35:03,831 [Thread-4] ERROR org.ffmpeg - [wmav2 @ 0x54bb630] overflow in spectral RLE, ignoring
2011-12-13 11:38:58,808 [Thread-4] ERROR org.ffmpeg - [wmv2 @ 0x544ac20] warning: first frame is no keyframe
2011-12-13 11:38:59,149 [Thread-4] ERROR org.ffmpeg - [wmav2 @ 0x544b630] overflow in spectral RLE, ignoring
2011-12-13 11:38:59,312 [Thread-4] ERROR org.ffmpeg - [wmav2 @ 0x544b630] overflow in spectral RLE, ignoring
2011-12-13 11:41:03,858 [Thread-4] ERROR org.ffmpeg - [wmv2 @ 0x544ac20] warning: first frame is no keyframe
2011-12-13 11:41:04,206 [Thread-4] ERROR org.ffmpeg - [wmav2 @ 0x544b630] overflow in spectral RLE, ignoring
2011-12-13 11:41:04,368 [Thread-4] ERROR org.ffmpeg - [wmav2 @ 0x544b630] overflow in spectral RLE, ignoring
2011-12-13 11:42:09,253 [Thread-4] ERROR org.ffmpeg - [wmv2 @ 0x542ac20] warning: first frame is no keyframe
2011-12-13 11:42:09,629 [Thread-4] ERROR org.ffmpeg - [wmav2 @ 0x542b630] overflow in spectral RLE, ignoring
2011-12-13 11:42:09,815 [Thread-4] ERROR org.ffmpeg - [wmav2 @ 0x542b630] overflow in spectral RLE, ignoring
2011-12-13 11:42:17,260 [Thread-4] ERROR org.ffmpeg - [wmv2 @ 0x540ac20] warning: first frame is no keyframe
2011-12-13 11:42:17,621 [Thread-4] ERROR org.ffmpeg - [wmav2 @ 0x540b630] overflow in spectral RLE, ignoring
2011-12-13 11:42:17,801 [Thread-4] ERROR org.ffmpeg - [wmav2 @ 0x540b630] overflow in spectral RLE, ignoring
2011-12-13 11:42:55,664 [Thread-4] ERROR org.ffmpeg - [wmv2 @ 0x542ac20] warning: first frame is no keyframe
2011-12-13 11:42:56,009 [Thread-4] ERROR org.ffmpeg - [wmav2 @ 0x542b630] overflow in spectral RLE, ignoring
2011-12-13 11:42:56,170 [Thread-4] ERROR org.ffmpeg - [wmav2 @ 0x542b630] overflow in spectral RLE, ignoring
2011-12-13 11:43:09,702 [Thread-7] DEBUG com.xuggle.xuggler - Closing dangling Container (../../../../../../../csrc/com/xuggle/xuggler/Container.cpp:83)
2011-12-13 11:43:10,071 [Thread-7] ERROR org.ffmpeg - [wmav2 @ 0xa220010] overflow in spectral RLE, ignoring
2011-12-13 11:43:10,214 [Thread-7] ERROR org.ffmpeg - [wmav2 @ 0xa220010] overflow in spectral RLE, ignoring
2011-12-13 11:43:10,395 [Thread-7] ERROR org.ffmpeg - [wmav2 @ 0xa220010] overflow in spectral RLE, ignoring
2011-12-13 11:43:10,524 [Thread-7] ERROR org.ffmpeg - [wmav2 @ 0xa220010] overflow in spectral RLE, ignoring
2011-12-13 11:43:10,800 [Thread-7] ERROR org.ffmpeg - [wmav2 @ 0xa220010] overflow in spectral RLE, ignoring
2011-12-13 11:43:10,801 [Thread-7] ERROR org.ffmpeg - [wmav2 @ 0xa220010] overflow in spectral RLE, ignoring
2011-12-13 11:43:11,189 [Thread-7] ERROR org.ffmpeg - [wmav2 @ 0xa220010] overflow in spectral RLE, ignoring
2011-12-13 11:43:11,553 [Thread-7] ERROR org.ffmpeg - [wmav2 @ 0xa220010] overflow in spectral RLE, ignoring
2011-12-13 11:43:11,776 [Thread-7] ERROR org.ffmpeg - [wmav2 @ 0xa220010] overflow in spectral RLE, ignoring
2011-12-13 11:43:11,777 [Thread-7] ERROR org.ffmpeg - [wmav2 @ 0xa220010] overflow in spectral RLE, ignoring
2011-12-13 11:43:12,016 [Thread-7] ERROR org.ffmpeg - [wmav2 @ 0xa220010] overflow in spectral RLE, ignoring
2011-12-13 11:43:12,060 [Thread-7] ERROR org.ffmpeg - [wmav2 @ 0xa220010] overflow in spectral RLE, ignoring
2011-12-13 11:43:12,147 [Thread-7] ERROR org.ffmpeg - [wmav2 @ 0xa220010] overflow in spectral RLE, ignoring
2011-12-13 11:43:12,409 [Thread-7] ERROR org.ffmpeg - [wmav2 @ 0xa220010] overflow in spectral RLE, ignoring
2011-12-13 11:43:12,597 [Thread-7] ERROR org.ffmpeg - [wmav2 @ 0xa220010] overflow in spectral RLE, ignoring
2011-12-13 11:43:12,690 [Thread-7] ERROR org.ffmpeg - [wmav2 @ 0xa220010] overflow in spectral RLE, ignoring
2011-12-13 11:43:12,690 [Thread-7] ERROR org.ffmpeg - [wmav2 @ 0xa220010] overflow in spectral RLE, ignoring
2011-12-13 11:43:12,839 [Thread-7] ERROR org.ffmpeg - [wmav2 @ 0xa220010] overflow in spectral RLE, ignoring
2011-12-13 11:43:12,927 [Thread-7] ERROR org.ffmpeg - [wmav2 @ 0xa220010] overflow in spectral RLE, ignoring
2011-12-13 11:43:12,951 [Thread-7] ERROR org.ffmpeg - [wmav2 @ 0xa220010] overflow in spectral RLE, ignoring
2011-12-13 11:43:12,971 [Thread-7] ERROR org.ffmpeg - [wmav2 @ 0xa220010] overflow in spectral RLE, ignoring
2011-12-13 11:43:13,031 [Thread-7] ERROR org.ffmpeg - [wmav2 @ 0xa220010] overflow in spectral RLE, ignoring
2011-12-13 11:43:13,031 [Thread-7] ERROR org.ffmpeg - [wmav2 @ 0xa220010] overflow in spectral RLE, ignoring
2011-12-13 11:43:13,053 [Thread-7] ERROR org.ffmpeg - [wmav2 @ 0xa220010] overflow in spectral RLE, ignoring
2011-12-13 11:43:13,095 [Thread-7] ERROR org.ffmpeg - [wmav2 @ 0xa220010] overflow in spectral RLE, ignoring
2011-12-13 11:43:13,117 [Thread-7] ERROR org.ffmpeg - [wmav2 @ 0xa220010] overflow in spectral RLE, ignoring
2011-12-13 11:43:13,162 [Thread-7] ERROR org.ffmpeg - [wmav2 @ 0xa220010] overflow in spectral RLE, ignoring
2011-12-13 11:43:13,207 [Thread-7] ERROR org.ffmpeg - [wmav2 @ 0xa220010] overflow in spectral RLE, ignoring
2011-12-13 11:43:13,378 [Thread-7] ERROR org.ffmpeg - [wmav2 @ 0xa220010] overflow in spectral RLE, ignoring
2011-12-13 11:43:13,379 [Thread-7] ERROR org.ffmpeg - [wmav2 @ 0xa220010] overflow in spectral RLE, ignoring
2011-12-13 11:43:13,506 [Thread-7] ERROR org.ffmpeg - [wmav2 @ 0xa220010] overflow in spectral RLE, ignoring
2011-12-13 11:43:13,549 [Thread-7] ERROR org.ffmpeg - [wmav2 @ 0xa220010] overflow in spectral RLE, ignoring
2011-12-13 11:43:13,616 [Thread-7] ERROR org.ffmpeg - [wmav2 @ 0xa220010] overflow in spectral RLE, ignoring
2011-12-13 11:43:13,638 [Thread-7] ERROR org.ffmpeg - [wmav2 @ 0xa220010] overflow in spectral RLE, ignoring
2011-12-13 11:43:13,661 [Thread-7] ERROR org.ffmpeg - [wmav2 @ 0xa220010] overflow in spectral RLE, ignoring
2011-12-13 11:43:13,784 [Thread-7] ERROR org.ffmpeg - [wmav2 @ 0xa220010] overflow in spectral RLE, ignoring
2011-12-13 11:43:13,844 [Thread-7] ERROR org.ffmpeg - [wmav2 @ 0xa220010] overflow in spectral RLE, ignoring
2011-12-13 11:43:13,893 [Thread-7] ERROR org.ffmpeg - [wmav2 @ 0xa220010] overflow in spectral RLE, ignoring
2011-12-13 11:43:22,029 [Thread-4] ERROR org.ffmpeg - [wmv2 @ 0x54e5aa0] warning: first frame is no keyframe
2011-12-13 11:43:22,051 [Thread-4] DEBUG com.xuggle.xuggler - Closing dangling Container (../../../../../../../csrc/com/xuggle/xuggler/Container.cpp:83)
2011-12-13 11:43:22,285 [Thread-4] ERROR org.ffmpeg - [wmav2 @ 0x54e64b0] overflow in spectral RLE, ignoring
2011-12-13 11:43:22,427 [Thread-4] ERROR org.ffmpeg - [wmav2 @ 0x54e64b0] overflow in spectral RLE, ignoring
2011-12-13 11:43:22,538 [Thread-4] ERROR org.ffmpeg - [wmav2 @ 0x54e64b0] overflow in spectral RLE, ignoring
2011-12-13 11:43:36,421 [Thread-4] ERROR org.ffmpeg - [wmv2 @ 0x5494b70] warning: first frame is no keyframe
2011-12-13 11:43:36,442 [Finalizer] DEBUG com.xuggle.xuggler - Closing dangling Container (../../../../../../../csrc/com/xuggle/xuggler/Container.cpp:83)
2011-12-13 11:45:47,464 [Thread-4] ERROR org.ffmpeg - [wmv2 @ 0x551ac20] warning: first frame is no keyframe
2011-12-13 11:45:47,801 [Thread-4] ERROR org.ffmpeg - [wmav2 @ 0x551b630] overflow in spectral RLE, ignoring
2011-12-13 11:45:47,958 [Thread-4] ERROR org.ffmpeg - [wmav2 @ 0x551b630] overflow in spectral RLE, ignoring
2011-12-13 12:29:21,966 [Thread-4] ERROR org.ffmpeg - [wmv2 @ 0x54aac20] warning: first frame is no keyframe
2011-12-13 12:29:22,307 [Thread-4] ERROR org.ffmpeg - [wmav2 @ 0x54ab630] overflow in spectral RLE, ignoring
2011-12-13 12:29:22,463 [Thread-4] ERROR org.ffmpeg - [wmav2 @ 0x54ab630] overflow in spectral RLE, ignoring
2011-12-13 12:29:49,695 [Thread-4] ERROR org.ffmpeg - [wmv2 @ 0x53eac20] warning: first frame is no keyframe
2011-12-13 12:29:50,056 [Thread-4] ERROR org.ffmpeg - [wmav2 @ 0x53eb630] overflow in spectral RLE, ignoring
2011-12-13 12:29:50,227 [Thread-4] ERROR org.ffmpeg - [wmav2 @ 0x53eb630] overflow in spectral RLE, ignoring
2011-12-13 12:30:08,288 [Thread-4] ERROR org.ffmpeg - [wmv2 @ 0x541ac20] warning: first frame is no keyframe
2011-12-13 12:30:08,645 [Thread-4] ERROR org.ffmpeg - [wmav2 @ 0x541b630] overflow in spectral RLE, ignoring
2011-12-13 12:30:08,809 [Thread-4] ERROR org.ffmpeg - [wmav2 @ 0x541b630] overflow in spectral RLE, ignoring
2011-12-13 12:30:26,209 [Finalizer] DEBUG com.xuggle.xuggler - Closing dangling Container (../../../../../../../csrc/com/xuggle/xuggler/Container.cpp:83)
2011-12-13 12:30:26,229 [Thread-4] ERROR org.ffmpeg - [wmv2 @ 0xa0807f0] warning: first frame is no keyframe
2011-12-13 12:30:26,599 [Thread-4] ERROR org.ffmpeg - [wmav2 @ 0x5465720] overflow in spectral RLE, ignoring
2011-12-13 12:30:26,789 [Thread-4] ERROR org.ffmpeg - [wmav2 @ 0x5465720] overflow in spectral RLE, ignoring
2011-12-13 12:31:01,570 [Thread-4] ERROR org.ffmpeg - [wmv2 @ 0x5474b70] warning: first frame is no keyframe
2011-12-13 12:31:01,596 [Finalizer] DEBUG com.xuggle.xuggler - Closing dangling Container (../../../../../../../csrc/com/xuggle/xuggler/Container.cpp:83)
2011-12-13 12:34:24,938 [Thread-4] ERROR org.ffmpeg - [wmv2 @ 0x54fac20] warning: first frame is no keyframe
2011-12-13 12:34:25,290 [Thread-4] ERROR org.ffmpeg - [wmav2 @ 0x54fb630] overflow in spectral RLE, ignoring
2011-12-13 12:34:25,456 [Thread-4] ERROR org.ffmpeg - [wmav2 @ 0x54fb630] overflow in spectral RLE, ignoring
2011-12-13 12:40:06,105 [Thread-4] ERROR org.ffmpeg - [wmv2 @ 0x54eac20] warning: first frame is no keyframe
2011-12-13 12:40:06,488 [Thread-4] ERROR org.ffmpeg - [wmav2 @ 0x54eb630] overflow in spectral RLE, ignoring
2011-12-13 12:40:06,660 [Thread-4] ERROR org.ffmpeg - [wmav2 @ 0x54eb630] overflow in spectral RLE, ignoring
2011-12-13 15:12:49,309 [Thread-4] ERROR org.ffmpeg - [wmv2 @ 0x54dac20] warning: first frame is no keyframe
2011-12-13 15:12:49,685 [Thread-4] ERROR org.ffmpeg - [wmav2 @ 0x54db630] overflow in spectral RLE, ignoring
2011-12-13 15:12:49,856 [Thread-4] ERROR org.ffmpeg - [wmav2 @ 0x54db630] overflow in spectral RLE, ignoring
2011-12-13 15:13:03,615 [Thread-7] ERROR org.ffmpeg - [wmv2 @ 0x55af5f0] warning: first frame is no keyframe
2011-12-13 15:13:03,631 [Thread-7] DEBUG com.xuggle.xuggler - Closing dangling Container (../../../../../../../csrc/com/xuggle/xuggler/Container.cpp:83)
2011-12-16 10:35:28,063 [Finalizer] DEBUG com.xuggle.xuggler - Closing dangling Container (../../../../../../../csrc/com/xuggle/xuggler/Container.cpp:83)
2011-12-16 10:35:28,092 [Thread-4] ERROR org.ffmpeg - [wmv2 @ 0x51c4b70] warning: first frame is no keyframe
2011-12-16 10:36:01,224 [Finalizer] DEBUG com.xuggle.xuggler - Closing dangling Container (../../../../../../../csrc/com/xuggle/xuggler/Container.cpp:83)
2011-12-16 10:36:01,256 [Thread-4] ERROR org.ffmpeg - [wmv2 @ 0x50c5b50] warning: first frame is no keyframe
2011-12-16 10:36:01,285 [Thread-4] ERROR org.ffmpeg - [wmav2 @ 0x50b1570] overflow in spectral RLE, ignoring
2011-12-16 10:36:01,357 [Thread-4] ERROR org.ffmpeg - [wmav2 @ 0x50b1570] overflow in spectral RLE, ignoring
2011-12-16 10:36:01,871 [Thread-4] ERROR org.ffmpeg - [wmav2 @ 0x50b1570] overflow in spectral RLE, ignoring
2011-12-16 10:36:02,095 [Thread-4] ERROR org.ffmpeg - [wmav2 @ 0x50b1570] overflow in spectral RLE, ignoring
2011-12-16 11:05:59,181 [Thread-4] ERROR org.ffmpeg - [wmv2 @ 0x51daa00] warning: first frame is no keyframe
2011-12-16 11:05:59,562 [Thread-4] ERROR org.ffmpeg - [wmav2 @ 0x51db410] overflow in spectral RLE, ignoring
2011-12-16 11:05:59,740 [Thread-4] ERROR org.ffmpeg - [wmav2 @ 0x51db410] overflow in spectral RLE, ignoring
2011-12-16 11:06:48,398 [Thread-7] DEBUG com.xuggle.xuggler - Closing dangling Container (../../../../../../../csrc/com/xuggle/xuggler/Container.cpp:83)
2011-12-16 11:07:42,362 [Thread-4] ERROR org.ffmpeg - [wmv2 @ 0x517aa00] warning: first frame is no keyframe
2011-12-16 11:07:42,718 [Thread-4] ERROR org.ffmpeg - [wmav2 @ 0x517b410] overflow in spectral RLE, ignoring
2011-12-16 11:07:42,889 [Thread-4] ERROR org.ffmpeg - [wmav2 @ 0x517b410] overflow in spectral RLE, ignoring
2011-12-16 11:16:27,224 [Finalizer] DEBUG com.xuggle.xuggler - Closing dangling Container (../../../../../../../csrc/com/xuggle/xuggler/Container.cpp:83)
2011-12-16 11:16:27,258 [Thread-4] ERROR org.ffmpeg - [wmv2 @ 0x50eaa00] warning: first frame is no keyframe
2011-12-16 11:16:27,279 [Thread-4] ERROR org.ffmpeg - [wmav2 @ 0x50eb410] overflow in spectral RLE, ignoring
2011-12-16 11:16:27,348 [Thread-4] ERROR org.ffmpeg - [wmav2 @ 0x50eb410] overflow in spectral RLE, ignoring
2011-12-16 11:16:27,855 [Thread-4] ERROR org.ffmpeg - [wmav2 @ 0x50eb410] overflow in spectral RLE, ignoring
2011-12-16 11:16:28,043 [Thread-4] ERROR org.ffmpeg - [wmav2 @ 0x50eb410] overflow in spectral RLE, ignoring
2011-12-16 11:17:14,762 [Finalizer] DEBUG com.xuggle.xuggler - Closing dangling Container (../../../../../../../csrc/com/xuggle/xuggler/Container.cpp:83)
2011-12-16 11:17:14,774 [Thread-4] ERROR org.ffmpeg - [wmv2 @ 0x5194d90] warning: first frame is no keyframe
2012-01-25 11:02:20,050 [Thread-4] ERROR org.ffmpeg - [wmv2 @ 0x50eacc0] warning: first frame is no keyframe
2012-01-25 11:02:20,448 [Thread-4] ERROR org.ffmpeg - [wmav2 @ 0x50eb6d0] overflow in spectral RLE, ignoring
2012-01-25 11:02:20,626 [Thread-4] ERROR org.ffmpeg - [wmav2 @ 0x50eb6d0] overflow in spectral RLE, ignoring
2012-01-25 12:24:06,402 [Thread-4] ERROR org.ffmpeg - [wmv2 @ 0x525acc0] warning: first frame is no keyframe
2012-01-25 12:24:06,792 [Thread-4] ERROR org.ffmpeg - [wmav2 @ 0x525b6d0] overflow in spectral RLE, ignoring
2012-01-25 12:24:06,983 [Thread-4] ERROR org.ffmpeg - [wmav2 @ 0x525b6d0] overflow in spectral RLE, ignoring
2012-01-25 12:26:28,657 [Thread-4] ERROR org.ffmpeg - [wmv2 @ 0x510acc0] warning: first frame is no keyframe
2012-01-25 12:26:29,042 [Thread-4] ERROR org.ffmpeg - [wmav2 @ 0x510b6d0] overflow in spectral RLE, ignoring
2012-01-25 12:26:29,232 [Thread-4] ERROR org.ffmpeg - [wmav2 @ 0x510b6d0] overflow in spectral RLE, ignoring
2012-01-25 12:28:30,468 [Thread-4] ERROR org.ffmpeg - [wmv2 @ 0x51dacc0] warning: first frame is no keyframe
2012-01-25 12:28:30,825 [Thread-4] ERROR org.ffmpeg - [wmav2 @ 0x51db6d0] overflow in spectral RLE, ignoring
2012-01-25 12:28:31,007 [Thread-4] ERROR org.ffmpeg - [wmav2 @ 0x51db6d0] overflow in spectral RLE, ignoring
2012-01-25 12:28:47,055 [Thread-4] ERROR org.ffmpeg - [wmv2 @ 0x51dacc0] warning: first frame is no keyframe
2012-01-25 12:28:47,433 [Thread-4] ERROR org.ffmpeg - [wmav2 @ 0x51db6d0] overflow in spectral RLE, ignoring
2012-01-25 12:28:47,616 [Thread-4] ERROR org.ffmpeg - [wmav2 @ 0x51db6d0] overflow in spectral RLE, ignoring
2012-01-25 12:32:51,060 [Thread-4] ERROR org.ffmpeg - [wmv2 @ 0x50cacc0] warning: first frame is no keyframe
2012-01-25 12:32:51,425 [Thread-4] ERROR org.ffmpeg - [wmav2 @ 0x50cb6d0] overflow in spectral RLE, ignoring
2012-01-25 12:32:51,598 [Thread-4] ERROR org.ffmpeg - [wmav2 @ 0x50cb6d0] overflow in spectral RLE, ignoring
2012-01-25 12:33:10,696 [Thread-4] ERROR org.ffmpeg - [wmv2 @ 0x51dacc0] warning: first frame is no keyframe
2012-01-25 12:33:11,067 [Thread-4] ERROR org.ffmpeg - [wmav2 @ 0x51db6d0] overflow in spectral RLE, ignoring
2012-01-25 12:33:11,239 [Thread-4] ERROR org.ffmpeg - [wmav2 @ 0x51db6d0] overflow in spectral RLE, ignoring
2012-01-25 12:34:42,117 [Thread-4] ERROR org.ffmpeg - [wmv2 @ 0x50cacc0] warning: first frame is no keyframe
2012-01-25 12:34:42,478 [Thread-4] ERROR org.ffmpeg - [wmav2 @ 0x50cb6d0] overflow in spectral RLE, ignoring
2012-01-25 12:34:42,654 [Thread-4] ERROR org.ffmpeg - [wmav2 @ 0x50cb6d0] overflow in spectral RLE, ignoring
2012-01-25 12:39:31,715 [Thread-4] ERROR org.ffmpeg - [wmv2 @ 0x513acc0] warning: first frame is no keyframe
2012-01-25 12:39:32,106 [Thread-4] ERROR org.ffmpeg - [wmav2 @ 0x513b6d0] overflow in spectral RLE, ignoring
2012-01-25 12:39:32,299 [Thread-4] ERROR org.ffmpeg - [wmav2 @ 0x513b6d0] overflow in spectral RLE, ignoring
2012-01-25 12:40:02,565 [Thread-4] ERROR org.ffmpeg - [wmv2 @ 0x517acc0] warning: first frame is no keyframe
2012-01-25 12:40:02,940 [Thread-4] ERROR org.ffmpeg - [wmav2 @ 0x517b6d0] overflow in spectral RLE, ignoring
2012-01-25 12:40:03,104 [Thread-4] ERROR org.ffmpeg - [wmav2 @ 0x517b6d0] overflow in spectral RLE, ignoring
2012-01-25 12:42:37,743 [Thread-4] ERROR org.ffmpeg - [wmv2 @ 0x515acc0] warning: first frame is no keyframe
2012-01-25 12:42:38,105 [Thread-4] ERROR org.ffmpeg - [wmav2 @ 0x515b6d0] overflow in spectral RLE, ignoring
2012-01-25 12:42:38,272 [Thread-4] ERROR org.ffmpeg - [wmav2 @ 0x515b6d0] overflow in spectral RLE, ignoring
2012-01-25 12:47:20,648 [Thread-4] ERROR org.ffmpeg - [wmv2 @ 0x511acc0] warning: first frame is no keyframe
2012-01-25 12:47:21,034 [Thread-4] ERROR org.ffmpeg - [wmav2 @ 0x511b6d0] overflow in spectral RLE, ignoring
2012-01-25 12:47:21,223 [Thread-4] ERROR org.ffmpeg - [wmav2 @ 0x511b6d0] overflow in spectral RLE, ignoring
2012-01-25 12:48:15,985 [Thread-4] ERROR org.ffmpeg - [wmv2 @ 0x50eacc0] warning: first frame is no keyframe
2012-01-25 12:48:16,363 [Thread-4] ERROR org.ffmpeg - [wmav2 @ 0x50eb6d0] overflow in spectral RLE, ignoring
2012-01-25 12:48:16,545 [Thread-4] ERROR org.ffmpeg - [wmav2 @ 0x50eb6d0] overflow in spectral RLE, ignoring
2012-01-25 12:48:42,359 [Thread-4] ERROR org.ffmpeg - [wmv2 @ 0x509acc0] warning: first frame is no keyframe
2012-01-25 12:48:42,731 [Thread-4] ERROR org.ffmpeg - [wmav2 @ 0x509b6d0] overflow in spectral RLE, ignoring
2012-01-25 12:48:42,909 [Thread-4] ERROR org.ffmpeg - [wmav2 @ 0x509b6d0] overflow in spectral RLE, ignoring
2012-01-25 12:49:07,394 [Thread-4] ERROR org.ffmpeg - [wmv2 @ 0x516acc0] warning: first frame is no keyframe
2012-01-25 12:49:07,777 [Thread-4] ERROR org.ffmpeg - [wmav2 @ 0x516b6d0] overflow in spectral RLE, ignoring
2012-01-25 12:49:07,982 [Thread-4] ERROR org.ffmpeg - [wmav2 @ 0x516b6d0] overflow in spectral RLE, ignoring
2012-01-25 12:49:51,272 [Thread-4] ERROR org.ffmpeg - [wmv2 @ 0x508acc0] warning: first frame is no keyframe
2012-01-25 12:49:51,643 [Thread-4] ERROR org.ffmpeg - [wmav2 @ 0x508b6d0] overflow in spectral RLE, ignoring
2012-01-25 12:49:51,818 [Thread-4] ERROR org.ffmpeg - [wmav2 @ 0x508b6d0] overflow in spectral RLE, ignoring
2012-01-25 12:52:16,260 [Thread-4] ERROR org.ffmpeg - [wmv2 @ 0x514acc0] warning: first frame is no keyframe
2012-01-25 12:52:16,639 [Thread-4] ERROR org.ffmpeg - [wmav2 @ 0x514b6d0] overflow in spectral RLE, ignoring
2012-01-25 12:52:16,820 [Thread-4] ERROR org.ffmpeg - [wmav2 @ 0x514b6d0] overflow in spectral RLE, ignoring
2012-01-25 12:53:24,088 [Thread-4] ERROR org.ffmpeg - [wmv2 @ 0x51facc0] warning: first frame is no keyframe
2012-01-25 12:53:24,494 [Thread-4] ERROR org.ffmpeg - [wmav2 @ 0x51fb6d0] overflow in spectral RLE, ignoring
2012-01-25 12:53:24,728 [Thread-4] ERROR org.ffmpeg - [wmav2 @ 0x51fb6d0] overflow in spectral RLE, ignoring
2012-01-25 12:53:58,445 [Thread-4] ERROR org.ffmpeg - [wmv2 @ 0x518acc0] warning: first frame is no keyframe
2012-01-25 12:53:58,831 [Thread-4] ERROR org.ffmpeg - [wmav2 @ 0x518b6d0] overflow in spectral RLE, ignoring
2012-01-25 12:53:59,016 [Thread-4] ERROR org.ffmpeg - [wmav2 @ 0x518b6d0] overflow in spectral RLE, ignoring
2012-01-25 12:54:19,722 [Thread-4] ERROR org.ffmpeg - [wmv2 @ 0x512acc0] warning: first frame is no keyframe
2012-01-25 12:54:20,109 [Thread-4] ERROR org.ffmpeg - [wmav2 @ 0x512b6d0] overflow in spectral RLE, ignoring
2012-01-25 12:54:20,286 [Thread-4] ERROR org.ffmpeg - [wmav2 @ 0x512b6d0] overflow in spectral RLE, ignoring
2012-01-25 12:54:45,035 [Thread-4] ERROR org.ffmpeg - [wmv2 @ 0x514acc0] warning: first frame is no keyframe
2012-01-25 12:54:45,436 [Thread-4] ERROR org.ffmpeg - [wmav2 @ 0x514b6d0] overflow in spectral RLE, ignoring
2012-01-25 12:54:45,618 [Thread-4] ERROR org.ffmpeg - [wmav2 @ 0x514b6d0] overflow in spectral RLE, ignoring
2012-01-25 12:56:38,864 [Thread-4] ERROR org.ffmpeg - [wmv2 @ 0x51bacc0] warning: first frame is no keyframe
2012-01-25 12:56:39,247 [Thread-4] ERROR org.ffmpeg - [wmav2 @ 0x51bb6d0] overflow in spectral RLE, ignoring
2012-01-25 12:56:39,434 [Thread-4] ERROR org.ffmpeg - [wmav2 @ 0x51bb6d0] overflow in spectral RLE, ignoring
2012-01-25 13:49:52,344 [Thread-4] ERROR org.ffmpeg - [wmv2 @ 0x507acc0] warning: first frame is no keyframe
2012-01-25 13:49:52,727 [Thread-4] ERROR org.ffmpeg - [wmav2 @ 0x507b6d0] overflow in spectral RLE, ignoring
2012-01-25 13:49:52,913 [Thread-4] ERROR org.ffmpeg - [wmav2 @ 0x507b6d0] overflow in spectral RLE, ignoring
2012-01-25 14:35:19,615 [Thread-4] ERROR org.ffmpeg - [wmv2 @ 0x509acc0] warning: first frame is no keyframe
2012-01-25 14:35:19,987 [Thread-4] ERROR org.ffmpeg - [wmav2 @ 0x509b6d0] overflow in spectral RLE, ignoring
2012-01-25 14:35:20,161 [Thread-4] ERROR org.ffmpeg - [wmav2 @ 0x509b6d0] overflow in spectral RLE, ignoring
2012-01-25 14:36:39,010 [Thread-4] ERROR org.ffmpeg - [wmv2 @ 0x504acc0] warning: first frame is no keyframe
2012-01-25 14:36:39,387 [Thread-4] ERROR org.ffmpeg - [wmav2 @ 0x504b6d0] overflow in spectral RLE, ignoring
2012-01-25 14:36:39,561 [Thread-4] ERROR org.ffmpeg - [wmav2 @ 0x504b6d0] overflow in spectral RLE, ignoring
2012-01-25 14:37:18,691 [Thread-4] ERROR org.ffmpeg - [wmv2 @ 0x504acc0] warning: first frame is no keyframe
2012-01-25 14:37:19,066 [Thread-4] ERROR org.ffmpeg - [wmav2 @ 0x504b6d0] overflow in spectral RLE, ignoring
2012-01-25 14:37:19,243 [Thread-4] ERROR org.ffmpeg - [wmav2 @ 0x504b6d0] overflow in spectral RLE, ignoring
2012-01-25 14:37:46,661 [Thread-4] ERROR org.ffmpeg - [wmv2 @ 0x508acc0] warning: first frame is no keyframe
2012-01-25 14:37:47,027 [Thread-4] ERROR org.ffmpeg - [wmav2 @ 0x508b6d0] overflow in spectral RLE, ignoring
2012-01-25 14:37:47,203 [Thread-4] ERROR org.ffmpeg - [wmav2 @ 0x508b6d0] overflow in spectral RLE, ignoring
2012-01-25 15:26:16,564 [Thread-4] ERROR org.ffmpeg - [wmv2 @ 0x511acc0] warning: first frame is no keyframe
2012-01-25 15:26:16,969 [Thread-4] ERROR org.ffmpeg - [wmav2 @ 0x511b6d0] overflow in spectral RLE, ignoring
2012-01-25 15:26:17,159 [Thread-4] ERROR org.ffmpeg - [wmav2 @ 0x511b6d0] overflow in spectral RLE, ignoring
2012-01-25 15:26:34,932 [Finalizer] DEBUG com.xuggle.xuggler - Closing dangling Container (../../../../../../../csrc/com/xuggle/xuggler/Container.cpp:83)
2012-01-25 15:26:34,972 [Thread-4] ERROR org.ffmpeg - [wmv2 @ 0x525acc0] warning: first frame is no keyframe
2012-01-25 15:26:57,638 [Finalizer] DEBUG com.xuggle.xuggler - Closing dangling Container (../../../../../../../csrc/com/xuggle/xuggler/Container.cpp:83)
2012-01-25 15:26:57,658 [Thread-4] ERROR org.ffmpeg - [wmv2 @ 0x50caa10] warning: first frame is no keyframe
2012-01-25 15:27:07,044 [Thread-4] ERROR org.ffmpeg - [wmv2 @ 0x512acc0] warning: first frame is no keyframe
2012-01-25 15:27:07,389 [Thread-4] ERROR org.ffmpeg - [wmav2 @ 0x512b6d0] overflow in spectral RLE, ignoring
2012-01-25 15:27:07,556 [Thread-4] ERROR org.ffmpeg - [wmav2 @ 0x512b6d0] overflow in spectral RLE, ignoring
2012-01-25 15:27:20,572 [Finalizer] DEBUG com.xuggle.xuggler - Closing dangling Container (../../../../../../../csrc/com/xuggle/xuggler/Container.cpp:83)
2012-01-25 15:27:20,582 [Thread-4] ERROR org.ffmpeg - [wmv2 @ 0x5111ad0] warning: first frame is no keyframe
2012-01-25 15:27:39,146 [Finalizer] DEBUG com.xuggle.xuggler - Closing dangling Container (../../../../../../../csrc/com/xuggle/xuggler/Container.cpp:83)
2012-01-25 15:27:39,166 [Thread-4] ERROR org.ffmpeg - [wmv2 @ 0x516c3e0] warning: first frame is no keyframe
2012-01-25 15:27:39,187 [Thread-4] ERROR org.ffmpeg - [wmav2 @ 0x5161c80] overflow in spectral RLE, ignoring
2012-01-25 15:27:39,257 [Thread-4] ERROR org.ffmpeg - [wmav2 @ 0x5161c80] overflow in spectral RLE, ignoring
2012-01-25 15:27:39,717 [Thread-4] ERROR org.ffmpeg - [wmav2 @ 0x5161c80] overflow in spectral RLE, ignoring
2012-01-25 15:27:39,947 [Thread-4] ERROR org.ffmpeg - [wmav2 @ 0x5161c80] overflow in spectral RLE, ignoring
2012-03-27 17:22:20,016 [Thread-4] ERROR org.ffmpeg - [wmv2 @ 0x554aac0] warning: first frame is no keyframe
2012-03-27 17:22:20,509 [Thread-4] ERROR org.ffmpeg - [wmav2 @ 0x554b4d0] overflow in spectral RLE, ignoring
2012-03-27 17:22:20,690 [Thread-4] ERROR org.ffmpeg - [wmav2 @ 0x554b4d0] overflow in spectral RLE, ignoring
2012-03-27 17:22:59,034 [Finalizer] DEBUG com.xuggle.xuggler - Closing dangling Container (../../../../../../../csrc/com/xuggle/xuggler/Container.cpp:83)
2012-03-27 17:22:59,054 [Thread-4] ERROR org.ffmpeg - [wmv2 @ 0x554cc10] warning: first frame is no keyframe
2012-03-27 17:24:04,295 [Thread-4] ERROR org.ffmpeg - [wmv2 @ 0x560acc0] warning: first frame is no keyframe
2012-03-27 17:24:04,640 [Thread-4] ERROR org.ffmpeg - [wmav2 @ 0x560b6d0] overflow in spectral RLE, ignoring
2012-03-27 17:24:04,806 [Thread-4] ERROR org.ffmpeg - [wmav2 @ 0x560b6d0] overflow in spectral RLE, ignoring
2012-03-27 17:33:54,046 [Thread-4] ERROR org.ffmpeg - [wmv2 @ 0x55dacc0] warning: first frame is no keyframe
2012-03-27 17:33:54,465 [Thread-4] ERROR org.ffmpeg - [wmav2 @ 0x55db6d0] overflow in spectral RLE, ignoring
2012-03-27 17:33:54,630 [Thread-4] ERROR org.ffmpeg - [wmav2 @ 0x55db6d0] overflow in spectral RLE, ignoring
2012-03-27 17:39:18,087 [Thread-4] ERROR org.ffmpeg - [wmv2 @ 0x557acc0] warning: first frame is no keyframe
2012-03-27 17:39:18,433 [Thread-4] ERROR org.ffmpeg - [wmav2 @ 0x557b6d0] overflow in spectral RLE, ignoring
2012-03-27 17:39:18,594 [Thread-4] ERROR org.ffmpeg - [wmav2 @ 0x557b6d0] overflow in spectral RLE, ignoring
2012-03-27 17:40:11,832 [Thread-4] ERROR org.ffmpeg - [wmv2 @ 0x553acc0] warning: first frame is no keyframe
2012-03-27 17:40:12,194 [Thread-4] ERROR org.ffmpeg - [wmav2 @ 0x553b6d0] overflow in spectral RLE, ignoring
2012-03-27 17:40:12,362 [Thread-4] ERROR org.ffmpeg - [wmav2 @ 0x553b6d0] overflow in spectral RLE, ignoring
2012-03-27 17:41:49,150 [Thread-4] ERROR org.ffmpeg - [wmv2 @ 0x54facc0] warning: first frame is no keyframe
2012-03-27 17:41:49,518 [Thread-4] ERROR org.ffmpeg - [wmav2 @ 0x54fb6d0] overflow in spectral RLE, ignoring
2012-03-27 17:41:49,689 [Thread-4] ERROR org.ffmpeg - [wmav2 @ 0x54fb6d0] overflow in spectral RLE, ignoring
2012-03-27 17:42:45,055 [Finalizer] DEBUG com.xuggle.xuggler - Closing dangling Container (../../../../../../../csrc/com/xuggle/xuggler/Container.cpp:83)
2012-03-27 17:42:45,074 [Thread-4] ERROR org.ffmpeg - [wmv2 @ 0x5545dc0] warning: first frame is no keyframe
2012-03-27 17:42:45,093 [Thread-4] ERROR org.ffmpeg - [wmav2 @ 0x55467d0] overflow in spectral RLE, ignoring
2012-03-27 17:42:45,167 [Thread-4] ERROR org.ffmpeg - [wmav2 @ 0x55467d0] overflow in spectral RLE, ignoring
2012-03-27 17:42:45,673 [Thread-4] ERROR org.ffmpeg - [wmav2 @ 0x55467d0] overflow in spectral RLE, ignoring
2012-03-27 17:42:45,911 [Thread-4] ERROR org.ffmpeg - [wmav2 @ 0x55467d0] overflow in spectral RLE, ignoring
2012-03-27 17:44:08,360 [Finalizer] DEBUG com.xuggle.xuggler - Closing dangling Container (../../../../../../../csrc/com/xuggle/xuggler/Container.cpp:83)
2012-03-27 17:44:08,380 [Thread-4] ERROR org.ffmpeg - [wmv2 @ 0x55bc5d0] warning: first frame is no keyframe
2012-03-27 17:44:08,397 [Thread-4] ERROR org.ffmpeg - [wmav2 @ 0x55baa10] overflow in spectral RLE, ignoring
2012-03-27 17:44:08,467 [Thread-4] ERROR org.ffmpeg - [wmav2 @ 0x55baa10] overflow in spectral RLE, ignoring
2012-03-27 17:44:09,031 [Thread-4] ERROR org.ffmpeg - [wmav2 @ 0x55baa10] overflow in spectral RLE, ignoring
2012-03-27 17:44:09,262 [Thread-4] ERROR org.ffmpeg - [wmav2 @ 0x55baa10] overflow in spectral RLE, ignoring
2012-03-27 17:45:04,066 [Finalizer] DEBUG com.xuggle.xuggler - Closing dangling Container (../../../../../../../csrc/com/xuggle/xuggler/Container.cpp:83)
2012-03-27 17:45:04,086 [Thread-4] ERROR org.ffmpeg - [wmv2 @ 0x559c3e0] warning: first frame is no keyframe
2012-03-27 17:45:04,106 [Thread-4] ERROR org.ffmpeg - [wmav2 @ 0x5591c80] overflow in spectral RLE, ignoring
2012-03-27 17:45:04,177 [Thread-4] ERROR org.ffmpeg - [wmav2 @ 0x5591c80] overflow in spectral RLE, ignoring
2012-03-27 17:45:04,661 [Thread-4] ERROR org.ffmpeg - [wmav2 @ 0x5591c80] overflow in spectral RLE, ignoring
2012-03-27 17:45:04,891 [Thread-4] ERROR org.ffmpeg - [wmav2 @ 0x5591c80] overflow in spectral RLE, ignoring
2012-03-27 17:45:11,189 [Thread-7] ERROR org.ffmpeg - [wmv2 @ 0x9817850] warning: first frame is no keyframe
2012-03-27 17:45:11,201 [Thread-7] ERROR org.ffmpeg - [wmav2 @ 0xa22f9d0] overflow in spectral RLE, ignoring
2012-03-27 17:45:11,247 [Thread-7] ERROR org.ffmpeg - [wmav2 @ 0xa22f9d0] overflow in spectral RLE, ignoring
2012-03-27 17:45:11,777 [Thread-7] ERROR org.ffmpeg - [wmav2 @ 0xa22f9d0] overflow in spectral RLE, ignoring
2012-03-27 17:45:11,997 [Thread-7] ERROR org.ffmpeg - [wmav2 @ 0xa22f9d0] overflow in spectral RLE, ignoring
2012-03-27 17:45:45,752 [Thread-4] ERROR org.ffmpeg - [wmv2 @ 0x54e5b30] warning: first frame is no keyframe
2012-03-27 17:45:45,776 [Thread-4] ERROR org.ffmpeg - [wmav2 @ 0x54e6540] overflow in spectral RLE, ignoring
2012-03-27 17:45:45,850 [Thread-4] ERROR org.ffmpeg - [wmav2 @ 0x54e6540] overflow in spectral RLE, ignoring
2012-03-27 17:45:46,296 [Thread-4] ERROR org.ffmpeg - [wmav2 @ 0x54e6540] overflow in spectral RLE, ignoring
2012-03-27 17:45:46,377 [Finalizer] DEBUG com.xuggle.xuggler - Closing dangling Container (../../../../../../../csrc/com/xuggle/xuggler/Container.cpp:83)
2012-03-27 17:45:46,515 [Thread-4] ERROR org.ffmpeg - [wmav2 @ 0x54e6540] overflow in spectral RLE, ignoring
2012-03-27 17:45:58,100 [Thread-4] ERROR org.ffmpeg - [wmv2 @ 0x551acc0] warning: first frame is no keyframe
2012-03-27 17:45:58,445 [Thread-4] ERROR org.ffmpeg - [wmav2 @ 0x551b6d0] overflow in spectral RLE, ignoring
2012-03-27 17:45:58,617 [Thread-4] ERROR org.ffmpeg - [wmav2 @ 0x551b6d0] overflow in spectral RLE, ignoring
2012-03-27 17:49:10,329 [Thread-4] ERROR org.ffmpeg - [wmv2 @ 0x553acc0] warning: first frame is no keyframe
2012-03-27 17:49:10,671 [Thread-4] ERROR org.ffmpeg - [wmav2 @ 0x553b6d0] overflow in spectral RLE, ignoring
2012-03-27 17:49:10,831 [Thread-4] ERROR org.ffmpeg - [wmav2 @ 0x553b6d0] overflow in spectral RLE, ignoring
2012-03-27 17:59:48,324 [Thread-4] ERROR org.ffmpeg - [wmv2 @ 0x554aab0] warning: first frame is no keyframe
2012-03-27 17:59:48,726 [Thread-4] ERROR org.ffmpeg - [wmav2 @ 0x554b4c0] overflow in spectral RLE, ignoring
2012-03-27 17:59:48,914 [Thread-4] ERROR org.ffmpeg - [wmav2 @ 0x554b4c0] overflow in spectral RLE, ignoring
2012-03-27 18:02:11,915 [Thread-4] ERROR org.ffmpeg - [wmv2 @ 0x54facc0] warning: first frame is no keyframe
2012-03-27 18:02:12,255 [Thread-4] ERROR org.ffmpeg - [wmav2 @ 0x54fb6d0] overflow in spectral RLE, ignoring
2012-03-27 18:02:12,414 [Thread-4] ERROR org.ffmpeg - [wmav2 @ 0x54fb6d0] overflow in spectral RLE, ignoring
2012-03-27 18:03:25,042 [Thread-4] ERROR org.ffmpeg - [wmv2 @ 0x553acc0] warning: first frame is no keyframe
2012-03-27 18:03:25,380 [Thread-4] ERROR org.ffmpeg - [wmav2 @ 0x553b6d0] overflow in spectral RLE, ignoring
2012-03-27 18:03:25,563 [Thread-4] ERROR org.ffmpeg - [wmav2 @ 0x553b6d0] overflow in spectral RLE, ignoring
2012-03-27 18:03:38,390 [Finalizer] DEBUG com.xuggle.xuggler - Closing dangling Container (../../../../../../../csrc/com/xuggle/xuggler/Container.cpp:83)
2012-03-27 18:03:38,409 [Thread-4] ERROR org.ffmpeg - [wmv2 @ 0x55e5dc0] warning: first frame is no keyframe
2012-03-27 18:03:38,426 [Thread-4] ERROR org.ffmpeg - [wmav2 @ 0x55e6350] overflow in spectral RLE, ignoring
2012-03-27 18:03:38,498 [Thread-4] ERROR org.ffmpeg - [wmav2 @ 0x55e6350] overflow in spectral RLE, ignoring
2012-03-27 18:03:38,961 [Thread-4] ERROR org.ffmpeg - [wmav2 @ 0x55e6350] overflow in spectral RLE, ignoring
2012-03-27 18:03:39,181 [Thread-4] ERROR org.ffmpeg - [wmav2 @ 0x55e6350] overflow in spectral RLE, ignoring
2012-03-27 18:04:38,136 [Thread-4] ERROR org.ffmpeg - [wmv2 @ 0x5515b30] warning: first frame is no keyframe
2012-03-27 18:04:38,157 [Finalizer] DEBUG com.xuggle.xuggler - Closing dangling Container (../../../../../../../csrc/com/xuggle/xuggler/Container.cpp:83)
2012-03-27 18:04:38,160 [Thread-4] ERROR org.ffmpeg - [wmav2 @ 0x5516540] overflow in spectral RLE, ignoring
2012-03-27 18:04:38,236 [Thread-4] ERROR org.ffmpeg - [wmav2 @ 0x5516540] overflow in spectral RLE, ignoring
2012-03-27 18:04:38,725 [Thread-4] ERROR org.ffmpeg - [wmav2 @ 0x5516540] overflow in spectral RLE, ignoring
2012-03-27 18:04:38,971 [Thread-4] ERROR org.ffmpeg - [wmav2 @ 0x5516540] overflow in spectral RLE, ignoring
2012-03-27 18:06:17,868 [Finalizer] DEBUG com.xuggle.xuggler - Closing dangling Container (../../../../../../../csrc/com/xuggle/xuggler/Container.cpp:83)
2012-03-27 18:06:17,887 [Thread-4] ERROR org.ffmpeg - [wmv2 @ 0x55a5dc0] warning: first frame is no keyframe
2012-03-27 18:06:17,903 [Thread-4] ERROR org.ffmpeg - [wmav2 @ 0x55a6350] overflow in spectral RLE, ignoring
2012-03-27 18:06:17,975 [Thread-4] ERROR org.ffmpeg - [wmav2 @ 0x55a6350] overflow in spectral RLE, ignoring
2012-03-27 18:06:18,450 [Thread-4] ERROR org.ffmpeg - [wmav2 @ 0x55a6350] overflow in spectral RLE, ignoring
2012-03-27 18:06:18,728 [Thread-4] ERROR org.ffmpeg - [wmav2 @ 0x55a6350] overflow in spectral RLE, ignoring
2012-03-27 18:13:25,235 [Thread-4] ERROR org.ffmpeg - [wmv2 @ 0x557acc0] warning: first frame is no keyframe
2012-03-27 18:13:25,597 [Thread-4] ERROR org.ffmpeg - [wmav2 @ 0x557b6d0] overflow in spectral RLE, ignoring
2012-03-27 18:13:25,771 [Thread-4] ERROR org.ffmpeg - [wmav2 @ 0x557b6d0] overflow in spectral RLE, ignoring
2012-03-27 18:13:35,081 [Thread-4] ERROR org.ffmpeg - [wmv2 @ 0x550acc0] warning: first frame is no keyframe
2012-03-27 18:13:35,428 [Thread-4] ERROR org.ffmpeg - [wmav2 @ 0x550b6d0] overflow in spectral RLE, ignoring
2012-03-27 18:13:35,592 [Thread-4] ERROR org.ffmpeg - [wmav2 @ 0x550b6d0] overflow in spectral RLE, ignoring
2012-03-27 18:13:53,781 [Finalizer] DEBUG com.xuggle.xuggler - Closing dangling Container (../../../../../../../csrc/com/xuggle/xuggler/Container.cpp:83)
2012-03-27 18:13:53,799 [Thread-4] ERROR org.ffmpeg - [wmv2 @ 0x55d4e30] warning: first frame is no keyframe
2012-03-27 18:14:50,209 [Thread-4] ERROR org.ffmpeg - [wmv2 @ 0x557acc0] warning: first frame is no keyframe
2012-03-27 18:14:50,558 [Thread-4] ERROR org.ffmpeg - [wmav2 @ 0x557b6d0] overflow in spectral RLE, ignoring
2012-03-27 18:14:50,722 [Thread-4] ERROR org.ffmpeg - [wmav2 @ 0x557b6d0] overflow in spectral RLE, ignoring
2012-03-27 18:15:06,455 [Thread-4] ERROR org.ffmpeg - [wmv2 @ 0x557acc0] warning: first frame is no keyframe
2012-03-27 18:15:06,804 [Thread-4] ERROR org.ffmpeg - [wmav2 @ 0x557b6d0] overflow in spectral RLE, ignoring
2012-03-27 18:15:06,975 [Thread-4] ERROR org.ffmpeg - [wmav2 @ 0x557b6d0] overflow in spectral RLE, ignoring
2012-03-27 18:15:15,289 [Thread-7] ERROR org.ffmpeg - [wmv2 @ 0x93a2a60] warning: first frame is no keyframe
2012-03-27 18:15:15,297 [Finalizer] DEBUG com.xuggle.xuggler - Closing dangling Container (../../../../../../../csrc/com/xuggle/xuggler/Container.cpp:83)
2012-03-27 18:15:15,299 [Thread-7] ERROR org.ffmpeg - [wmav2 @ 0x56420a0] overflow in spectral RLE, ignoring
2012-03-27 18:15:15,352 [Thread-7] ERROR org.ffmpeg - [wmav2 @ 0x56420a0] overflow in spectral RLE, ignoring
2012-03-27 18:15:15,869 [Thread-7] ERROR org.ffmpeg - [wmav2 @ 0x56420a0] overflow in spectral RLE, ignoring
2012-03-27 18:15:16,049 [Thread-7] ERROR org.ffmpeg - [wmav2 @ 0x56420a0] overflow in spectral RLE, ignoring
2012-03-27 18:19:29,554 [Thread-4] ERROR org.ffmpeg - [wmv2 @ 0x551acc0] warning: first frame is no keyframe
2012-03-27 18:19:29,902 [Thread-4] ERROR org.ffmpeg - [wmav2 @ 0x551b6d0] overflow in spectral RLE, ignoring
2012-03-27 18:19:30,065 [Thread-4] ERROR org.ffmpeg - [wmav2 @ 0x551b6d0] overflow in spectral RLE, ignoring
2012-03-27 18:20:36,557 [Thread-4] ERROR org.ffmpeg - [wmv2 @ 0x551acc0] warning: first frame is no keyframe
2012-03-27 18:20:36,905 [Thread-4] ERROR org.ffmpeg - [wmav2 @ 0x551b6d0] overflow in spectral RLE, ignoring
2012-03-27 18:20:37,067 [Thread-4] ERROR org.ffmpeg - [wmav2 @ 0x551b6d0] overflow in spectral RLE, ignoring
2012-03-27 18:28:52,427 [Thread-4] ERROR org.ffmpeg - [wmv2 @ 0x54dacc0] warning: first frame is no keyframe
2012-03-27 18:28:52,774 [Thread-4] ERROR org.ffmpeg - [wmav2 @ 0x54db6d0] overflow in spectral RLE, ignoring
2012-03-27 18:28:52,938 [Thread-4] ERROR org.ffmpeg - [wmav2 @ 0x54db6d0] overflow in spectral RLE, ignoring
2012-03-27 18:30:28,635 [Thread-4] ERROR org.ffmpeg - [wmv2 @ 0x553acc0] warning: first frame is no keyframe
2012-03-27 18:30:28,993 [Thread-4] ERROR org.ffmpeg - [wmav2 @ 0x553b6d0] overflow in spectral RLE, ignoring
2012-03-27 18:30:29,159 [Thread-4] ERROR org.ffmpeg - [wmav2 @ 0x553b6d0] overflow in spectral RLE, ignoring
2012-03-27 18:31:22,106 [Finalizer] DEBUG com.xuggle.xuggler - Closing dangling Container (../../../../../../../csrc/com/xuggle/xuggler/Container.cpp:83)
2012-03-27 18:31:22,126 [Thread-4] ERROR org.ffmpeg - [wmv2 @ 0x55b5dc0] warning: first frame is no keyframe
2012-03-27 18:31:22,143 [Thread-4] ERROR org.ffmpeg - [wmav2 @ 0x55b67d0] overflow in spectral RLE, ignoring
2012-03-27 18:31:22,217 [Thread-4] ERROR org.ffmpeg - [wmav2 @ 0x55b67d0] overflow in spectral RLE, ignoring
2012-03-27 18:31:22,673 [Thread-4] ERROR org.ffmpeg - [wmav2 @ 0x55b67d0] overflow in spectral RLE, ignoring
2012-03-27 18:31:22,892 [Thread-4] ERROR org.ffmpeg - [wmav2 @ 0x55b67d0] overflow in spectral RLE, ignoring
2012-03-27 18:31:47,124 [Finalizer] DEBUG com.xuggle.xuggler - Closing dangling Container (../../../../../../../csrc/com/xuggle/xuggler/Container.cpp:83)
2012-03-27 18:31:47,140 [Thread-4] ERROR org.ffmpeg - [wmv2 @ 0x5504c20] warning: first frame is no keyframe
2012-03-27 18:33:04,270 [Thread-4] ERROR org.ffmpeg - [wmv2 @ 0x55aacc0] warning: first frame is no keyframe
2012-03-27 18:33:04,621 [Thread-4] ERROR org.ffmpeg - [wmav2 @ 0x55ab6d0] overflow in spectral RLE, ignoring
2012-03-27 18:33:04,799 [Thread-4] ERROR org.ffmpeg - [wmav2 @ 0x55ab6d0] overflow in spectral RLE, ignoring
2012-03-27 18:33:30,246 [Thread-4] ERROR org.ffmpeg - [wmv2 @ 0x54dacc0] warning: first frame is no keyframe
2012-03-27 18:33:30,594 [Thread-4] ERROR org.ffmpeg - [wmav2 @ 0x54db6d0] overflow in spectral RLE, ignoring
2012-03-27 18:33:30,764 [Thread-4] ERROR org.ffmpeg - [wmav2 @ 0x54db6d0] overflow in spectral RLE, ignoring
2012-03-27 18:35:36,847 [Thread-4] ERROR org.ffmpeg - [wmv2 @ 0x54facc0] warning: first frame is no keyframe
2012-03-27 18:35:37,210 [Thread-4] ERROR org.ffmpeg - [wmav2 @ 0x54fb6d0] overflow in spectral RLE, ignoring
2012-03-27 18:35:37,382 [Thread-4] ERROR org.ffmpeg - [wmav2 @ 0x54fb6d0] overflow in spectral RLE, ignoring
2012-03-27 18:38:50,342 [Thread-4] ERROR org.ffmpeg - [wmv2 @ 0x54bacc0] warning: first frame is no keyframe
2012-03-27 18:38:50,694 [Thread-4] ERROR org.ffmpeg - [wmav2 @ 0x54bb6d0] overflow in spectral RLE, ignoring
2012-03-27 18:38:50,856 [Thread-4] ERROR org.ffmpeg - [wmav2 @ 0x54bb6d0] overflow in spectral RLE, ignoring
2012-03-27 18:39:06,260 [Finalizer] DEBUG com.xuggle.xuggler - Closing dangling Container (../../../../../../../csrc/com/xuggle/xuggler/Container.cpp:83)
2012-03-27 18:39:06,279 [Thread-4] ERROR org.ffmpeg - [wmv2 @ 0x5565dc0] warning: first frame is no keyframe
2012-03-27 18:39:06,294 [Thread-4] ERROR org.ffmpeg - [wmav2 @ 0x55667d0] overflow in spectral RLE, ignoring
2012-03-27 18:39:06,365 [Thread-4] ERROR org.ffmpeg - [wmav2 @ 0x55667d0] overflow in spectral RLE, ignoring
2012-03-27 18:39:06,812 [Thread-4] ERROR org.ffmpeg - [wmav2 @ 0x55667d0] overflow in spectral RLE, ignoring
2012-03-27 18:39:07,028 [Thread-4] ERROR org.ffmpeg - [wmav2 @ 0x55667d0] overflow in spectral RLE, ignoring
2012-03-27 18:40:01,359 [Thread-4] ERROR org.ffmpeg - [wmv2 @ 0x54dacc0] warning: first frame is no keyframe
2012-03-27 18:40:01,707 [Thread-4] ERROR org.ffmpeg - [wmav2 @ 0x54db6d0] overflow in spectral RLE, ignoring
2012-03-27 18:40:01,876 [Thread-4] ERROR org.ffmpeg - [wmav2 @ 0x54db6d0] overflow in spectral RLE, ignoring
2012-03-27 18:40:20,126 [Finalizer] DEBUG com.xuggle.xuggler - Closing dangling Container (../../../../../../../csrc/com/xuggle/xuggler/Container.cpp:83)
2012-03-27 18:40:20,142 [Thread-4] ERROR org.ffmpeg - [wmv2 @ 0x5545dc0] warning: first frame is no keyframe
2012-03-27 18:40:20,158 [Thread-4] ERROR org.ffmpeg - [wmav2 @ 0x55467d0] overflow in spectral RLE, ignoring
2012-03-27 18:40:20,238 [Thread-4] ERROR org.ffmpeg - [wmav2 @ 0x55467d0] overflow in spectral RLE, ignoring
2012-03-27 18:40:20,745 [Thread-4] ERROR org.ffmpeg - [wmav2 @ 0x55467d0] overflow in spectral RLE, ignoring
2012-03-27 18:40:20,926 [Thread-4] ERROR org.ffmpeg - [wmav2 @ 0x55467d0] overflow in spectral RLE, ignoring
2012-03-27 18:41:26,489 [Finalizer] DEBUG com.xuggle.xuggler - Closing dangling Container (../../../../../../../csrc/com/xuggle/xuggler/Container.cpp:83)
2012-03-27 18:41:26,506 [Thread-4] ERROR org.ffmpeg - [wmv2 @ 0x5595dc0] warning: first frame is no keyframe
2012-03-27 18:41:26,523 [Thread-4] ERROR org.ffmpeg - [wmav2 @ 0x55967d0] overflow in spectral RLE, ignoring
2012-03-27 18:41:26,594 [Thread-4] ERROR org.ffmpeg - [wmav2 @ 0x55967d0] overflow in spectral RLE, ignoring
2012-03-27 18:41:27,057 [Thread-4] ERROR org.ffmpeg - [wmav2 @ 0x55967d0] overflow in spectral RLE, ignoring
2012-03-27 18:41:27,285 [Thread-4] ERROR org.ffmpeg - [wmav2 @ 0x55967d0] overflow in spectral RLE, ignoring
2012-03-27 18:45:12,530 [Finalizer] DEBUG com.xuggle.xuggler - Closing dangling Container (../../../../../../../csrc/com/xuggle/xuggler/Container.cpp:83)
2012-03-27 18:45:12,549 [Thread-4] ERROR org.ffmpeg - [wmv2 @ 0x55f5dc0] warning: first frame is no keyframe
2012-03-27 18:45:12,565 [Thread-4] ERROR org.ffmpeg - [wmav2 @ 0x55f67d0] overflow in spectral RLE, ignoring
2012-03-27 18:45:12,636 [Thread-4] ERROR org.ffmpeg - [wmav2 @ 0x55f67d0] overflow in spectral RLE, ignoring
2012-03-27 18:45:13,092 [Thread-4] ERROR org.ffmpeg - [wmav2 @ 0x55f67d0] overflow in spectral RLE, ignoring
2012-03-27 18:45:13,312 [Thread-4] ERROR org.ffmpeg - [wmav2 @ 0x55f67d0] overflow in spectral RLE, ignoring
2012-03-27 18:46:14,205 [Thread-4] ERROR org.ffmpeg - [wmv2 @ 0x55facc0] warning: first frame is no keyframe
2012-03-27 18:46:14,546 [Thread-4] ERROR org.ffmpeg - [wmav2 @ 0x55fb6d0] overflow in spectral RLE, ignoring
2012-03-27 18:46:14,706 [Thread-4] ERROR org.ffmpeg - [wmav2 @ 0x55fb6d0] overflow in spectral RLE, ignoring
2012-03-27 18:46:25,576 [Finalizer] DEBUG com.xuggle.xuggler - Closing dangling Container (../../../../../../../csrc/com/xuggle/xuggler/Container.cpp:83)
2012-03-27 18:46:25,592 [Thread-4] ERROR org.ffmpeg - [wmv2 @ 0x5555dc0] warning: first frame is no keyframe
2012-03-27 18:46:25,608 [Thread-4] ERROR org.ffmpeg - [wmav2 @ 0x55567d0] overflow in spectral RLE, ignoring
2012-03-27 18:46:25,681 [Thread-4] ERROR org.ffmpeg - [wmav2 @ 0x55567d0] overflow in spectral RLE, ignoring
2012-03-27 18:46:26,170 [Thread-4] ERROR org.ffmpeg - [wmav2 @ 0x55567d0] overflow in spectral RLE, ignoring
2012-03-27 18:46:26,357 [Thread-4] ERROR org.ffmpeg - [wmav2 @ 0x55567d0] overflow in spectral RLE, ignoring
2012-03-27 18:47:07,309 [Thread-4] ERROR org.ffmpeg - [wmv2 @ 0x552acc0] warning: first frame is no keyframe
2012-03-27 18:47:07,651 [Thread-4] ERROR org.ffmpeg - [wmav2 @ 0x552b6d0] overflow in spectral RLE, ignoring
2012-03-27 18:47:07,842 [Thread-4] ERROR org.ffmpeg - [wmav2 @ 0x552b6d0] overflow in spectral RLE, ignoring
2012-03-27 18:47:13,071 [Finalizer] DEBUG com.xuggle.xuggler - Closing dangling Container (../../../../../../../csrc/com/xuggle/xuggler/Container.cpp:83)
2012-03-27 18:47:13,087 [Thread-4] ERROR org.ffmpeg - [wmv2 @ 0x5525dc0] warning: first frame is no keyframe
2012-03-27 18:47:13,103 [Thread-4] ERROR org.ffmpeg - [wmav2 @ 0x55267d0] overflow in spectral RLE, ignoring
2012-03-27 18:47:13,177 [Thread-4] ERROR org.ffmpeg - [wmav2 @ 0x55267d0] overflow in spectral RLE, ignoring
2012-03-27 18:47:13,622 [Thread-4] ERROR org.ffmpeg - [wmav2 @ 0x55267d0] overflow in spectral RLE, ignoring
2012-03-27 18:47:13,840 [Thread-4] ERROR org.ffmpeg - [wmav2 @ 0x55267d0] overflow in spectral RLE, ignoring
2012-03-27 18:47:40,851 [Finalizer] DEBUG com.xuggle.xuggler - Closing dangling Container (../../../../../../../csrc/com/xuggle/xuggler/Container.cpp:83)
2012-03-27 18:47:40,869 [Thread-4] ERROR org.ffmpeg - [wmv2 @ 0x55d5dc0] warning: first frame is no keyframe
2012-03-27 18:47:40,886 [Thread-4] ERROR org.ffmpeg - [wmav2 @ 0x55d67d0] overflow in spectral RLE, ignoring
2012-03-27 18:47:40,955 [Thread-4] ERROR org.ffmpeg - [wmav2 @ 0x55d67d0] overflow in spectral RLE, ignoring
2012-03-27 18:47:41,410 [Thread-4] ERROR org.ffmpeg - [wmav2 @ 0x55d67d0] overflow in spectral RLE, ignoring
2012-03-27 18:47:41,635 [Thread-4] ERROR org.ffmpeg - [wmav2 @ 0x55d67d0] overflow in spectral RLE, ignoring
2012-03-27 18:55:08,179 [Finalizer] DEBUG com.xuggle.xuggler - Closing dangling Container (../../../../../../../csrc/com/xuggle/xuggler/Container.cpp:83)
2012-03-27 18:55:08,197 [Thread-4] ERROR org.ffmpeg - [wmv2 @ 0x5565dc0] warning: first frame is no keyframe
2012-03-27 18:55:08,212 [Thread-4] ERROR org.ffmpeg - [wmav2 @ 0x55667d0] overflow in spectral RLE, ignoring
2012-03-27 18:55:08,286 [Thread-4] ERROR org.ffmpeg - [wmav2 @ 0x55667d0] overflow in spectral RLE, ignoring
2012-03-27 18:55:08,762 [Thread-4] ERROR org.ffmpeg - [wmav2 @ 0x55667d0] overflow in spectral RLE, ignoring
2012-03-27 18:55:09,005 [Thread-4] ERROR org.ffmpeg - [wmav2 @ 0x55667d0] overflow in spectral RLE, ignoring
2012-03-27 18:55:43,878 [Thread-4] ERROR org.ffmpeg - [wmv2 @ 0x54aacc0] warning: first frame is no keyframe
2012-03-27 18:55:44,216 [Thread-4] ERROR org.ffmpeg - [wmav2 @ 0x54ab6d0] overflow in spectral RLE, ignoring
2012-03-27 18:55:44,379 [Thread-4] ERROR org.ffmpeg - [wmav2 @ 0x54ab6d0] overflow in spectral RLE, ignoring
2012-03-27 18:55:54,462 [Thread-7] ERROR org.ffmpeg - [wmv2 @ 0x93a2a60] warning: first frame is no keyframe
2012-03-27 18:55:54,471 [Finalizer] DEBUG com.xuggle.xuggler - Closing dangling Container (../../../../../../../csrc/com/xuggle/xuggler/Container.cpp:83)
2012-03-27 18:55:54,471 [Thread-7] ERROR org.ffmpeg - [wmav2 @ 0x5571080] overflow in spectral RLE, ignoring
2012-03-27 18:55:54,522 [Thread-7] ERROR org.ffmpeg - [wmav2 @ 0x5571080] overflow in spectral RLE, ignoring
2012-03-27 18:55:55,004 [Thread-7] ERROR org.ffmpeg - [wmav2 @ 0x5571080] overflow in spectral RLE, ignoring
2012-03-27 18:55:55,237 [Thread-7] ERROR org.ffmpeg - [wmav2 @ 0x5571080] overflow in spectral RLE, ignoring
2012-03-27 18:59:41,489 [Finalizer] DEBUG com.xuggle.xuggler - Closing dangling Container (../../../../../../../csrc/com/xuggle/xuggler/Container.cpp:83)
2012-03-27 18:59:41,506 [Thread-4] ERROR org.ffmpeg - [wmv2 @ 0x54f5dc0] warning: first frame is no keyframe
2012-03-27 18:59:41,522 [Thread-4] ERROR org.ffmpeg - [wmav2 @ 0x54f67d0] overflow in spectral RLE, ignoring
2012-03-27 18:59:41,592 [Thread-4] ERROR org.ffmpeg - [wmav2 @ 0x54f67d0] overflow in spectral RLE, ignoring
2012-03-27 18:59:42,031 [Thread-4] ERROR org.ffmpeg - [wmav2 @ 0x54f67d0] overflow in spectral RLE, ignoring
2012-03-27 18:59:42,249 [Thread-4] ERROR org.ffmpeg - [wmav2 @ 0x54f67d0] overflow in spectral RLE, ignoring
2012-03-27 19:03:36,548 [Thread-4] ERROR org.ffmpeg - [wmv2 @ 0x55eacc0] warning: first frame is no keyframe
2012-03-27 19:03:36,894 [Thread-4] ERROR org.ffmpeg - [wmav2 @ 0x55eb6d0] overflow in spectral RLE, ignoring
2012-03-27 19:03:37,065 [Thread-4] ERROR org.ffmpeg - [wmav2 @ 0x55eb6d0] overflow in spectral RLE, ignoring
2012-03-27 19:03:53,757 [Finalizer] DEBUG com.xuggle.xuggler - Closing dangling Container (../../../../../../../csrc/com/xuggle/xuggler/Container.cpp:83)
2012-03-27 19:03:53,775 [Thread-4] ERROR org.ffmpeg - [wmv2 @ 0x55a5dc0] warning: first frame is no keyframe
2012-03-27 19:03:53,794 [Thread-4] ERROR org.ffmpeg - [wmav2 @ 0x55a67d0] overflow in spectral RLE, ignoring
2012-03-27 19:03:53,861 [Thread-4] ERROR org.ffmpeg - [wmav2 @ 0x55a67d0] overflow in spectral RLE, ignoring
2012-03-27 19:03:54,320 [Thread-4] ERROR org.ffmpeg - [wmav2 @ 0x55a67d0] overflow in spectral RLE, ignoring
2012-03-27 19:03:54,546 [Thread-4] ERROR org.ffmpeg - [wmav2 @ 0x55a67d0] overflow in spectral RLE, ignoring
2012-03-27 19:04:37,661 [Finalizer] DEBUG com.xuggle.xuggler - Closing dangling Container (../../../../../../../csrc/com/xuggle/xuggler/Container.cpp:83)
2012-03-27 19:04:37,678 [Thread-4] ERROR org.ffmpeg - [wmv2 @ 0x54a5dc0] warning: first frame is no keyframe
2012-03-27 19:04:37,694 [Thread-4] ERROR org.ffmpeg - [wmav2 @ 0x54a67d0] overflow in spectral RLE, ignoring
2012-03-27 19:04:37,767 [Thread-4] ERROR org.ffmpeg - [wmav2 @ 0x54a67d0] overflow in spectral RLE, ignoring
2012-03-27 19:04:38,224 [Thread-4] ERROR org.ffmpeg - [wmav2 @ 0x54a67d0] overflow in spectral RLE, ignoring
2012-03-27 19:04:38,451 [Thread-4] ERROR org.ffmpeg - [wmav2 @ 0x54a67d0] overflow in spectral RLE, ignoring
2012-03-27 19:07:25,306 [Thread-4] ERROR org.ffmpeg - [wmv2 @ 0x55bacc0] warning: first frame is no keyframe
2012-03-27 19:07:25,646 [Thread-4] ERROR org.ffmpeg - [wmav2 @ 0x55bb6d0] overflow in spectral RLE, ignoring
2012-03-27 19:07:25,807 [Thread-4] ERROR org.ffmpeg - [wmav2 @ 0x55bb6d0] overflow in spectral RLE, ignoring
2012-03-27 19:08:04,764 [Finalizer] DEBUG com.xuggle.xuggler - Closing dangling Container (../../../../../../../csrc/com/xuggle/xuggler/Container.cpp:83)
2012-03-27 19:08:04,783 [Thread-4] ERROR org.ffmpeg - [wmv2 @ 0x54d5dc0] warning: first frame is no keyframe
2012-03-27 19:08:04,801 [Thread-4] ERROR org.ffmpeg - [wmav2 @ 0x54d67d0] overflow in spectral RLE, ignoring
2012-03-27 19:08:04,871 [Thread-4] ERROR org.ffmpeg - [wmav2 @ 0x54d67d0] overflow in spectral RLE, ignoring
2012-03-27 19:08:05,320 [Thread-4] ERROR org.ffmpeg - [wmav2 @ 0x54d67d0] overflow in spectral RLE, ignoring
2012-03-27 19:08:05,538 [Thread-4] ERROR org.ffmpeg - [wmav2 @ 0x54d67d0] overflow in spectral RLE, ignoring
2012-03-27 19:08:46,825 [Finalizer] DEBUG com.xuggle.xuggler - Closing dangling Container (../../../../../../../csrc/com/xuggle/xuggler/Container.cpp:83)
2012-03-27 19:08:46,844 [Thread-4] ERROR org.ffmpeg - [wmv2 @ 0x55f5dc0] warning: first frame is no keyframe
2012-03-27 19:08:46,859 [Thread-4] ERROR org.ffmpeg - [wmav2 @ 0x55f67d0] overflow in spectral RLE, ignoring
2012-03-27 19:08:46,929 [Thread-4] ERROR org.ffmpeg - [wmav2 @ 0x55f67d0] overflow in spectral RLE, ignoring
2012-03-27 19:08:47,387 [Thread-4] ERROR org.ffmpeg - [wmav2 @ 0x55f67d0] overflow in spectral RLE, ignoring
2012-03-27 19:08:47,611 [Thread-4] ERROR org.ffmpeg - [wmav2 @ 0x55f67d0] overflow in spectral RLE, ignoring
2012-03-27 19:10:44,483 [Finalizer] DEBUG com.xuggle.xuggler - Closing dangling Container (../../../../../../../csrc/com/xuggle/xuggler/Container.cpp:83)
2012-03-27 19:10:44,502 [Thread-4] ERROR org.ffmpeg - [wmv2 @ 0x5555dc0] warning: first frame is no keyframe
2012-03-27 19:10:44,518 [Thread-4] ERROR org.ffmpeg - [wmav2 @ 0x55567d0] overflow in spectral RLE, ignoring
2012-03-27 19:10:44,588 [Thread-4] ERROR org.ffmpeg - [wmav2 @ 0x55567d0] overflow in spectral RLE, ignoring
2012-03-27 19:10:45,056 [Thread-4] ERROR org.ffmpeg - [wmav2 @ 0x55567d0] overflow in spectral RLE, ignoring
2012-03-27 19:10:45,283 [Thread-4] ERROR org.ffmpeg - [wmav2 @ 0x55567d0] overflow in spectral RLE, ignoring
2012-03-27 19:11:28,412 [Thread-4] ERROR org.ffmpeg - [wmv2 @ 0x55bacc0] warning: first frame is no keyframe
2012-03-27 19:11:28,757 [Thread-4] ERROR org.ffmpeg - [wmav2 @ 0x55bb6d0] overflow in spectral RLE, ignoring
2012-03-27 19:11:28,921 [Thread-4] ERROR org.ffmpeg - [wmav2 @ 0x55bb6d0] overflow in spectral RLE, ignoring
2012-03-27 19:11:34,407 [Thread-7] ERROR org.ffmpeg - [wmv2 @ 0x93a2a60] warning: first frame is no keyframe
2012-03-27 19:11:34,422 [Thread-7] DEBUG com.xuggle.xuggler - Closing dangling Container (../../../../../../../csrc/com/xuggle/xuggler/Container.cpp:83)
2012-03-27 19:11:34,424 [Thread-7] ERROR org.ffmpeg - [wmav2 @ 0x56820a0] overflow in spectral RLE, ignoring
2012-03-27 19:11:34,472 [Thread-7] ERROR org.ffmpeg - [wmav2 @ 0x56820a0] overflow in spectral RLE, ignoring
2012-03-27 19:11:34,944 [Thread-7] ERROR org.ffmpeg - [wmav2 @ 0x56820a0] overflow in spectral RLE, ignoring
2012-03-27 19:11:35,168 [Thread-7] ERROR org.ffmpeg - [wmav2 @ 0x56820a0] overflow in spectral RLE, ignoring
2012-03-27 19:12:10,917 [Finalizer] DEBUG com.xuggle.xuggler - Closing dangling Container (../../../../../../../csrc/com/xuggle/xuggler/Container.cpp:83)
2012-03-27 19:12:10,935 [Thread-4] ERROR org.ffmpeg - [wmv2 @ 0x5505dc0] warning: first frame is no keyframe
2012-03-27 19:12:10,950 [Thread-4] ERROR org.ffmpeg - [wmav2 @ 0x55067d0] overflow in spectral RLE, ignoring
2012-03-27 19:12:11,019 [Thread-4] ERROR org.ffmpeg - [wmav2 @ 0x55067d0] overflow in spectral RLE, ignoring
2012-03-27 19:12:11,480 [Thread-4] ERROR org.ffmpeg - [wmav2 @ 0x55067d0] overflow in spectral RLE, ignoring
2012-03-27 19:12:11,710 [Thread-4] ERROR org.ffmpeg - [wmav2 @ 0x55067d0] overflow in spectral RLE, ignoring
2012-03-27 19:13:19,461 [Finalizer] DEBUG com.xuggle.xuggler - Closing dangling Container (../../../../../../../csrc/com/xuggle/xuggler/Container.cpp:83)
2012-03-27 19:13:19,478 [Thread-4] ERROR org.ffmpeg - [wmv2 @ 0x5555dc0] warning: first frame is no keyframe
2012-03-27 19:13:19,494 [Thread-4] ERROR org.ffmpeg - [wmav2 @ 0x55567d0] overflow in spectral RLE, ignoring
2012-03-27 19:13:19,563 [Thread-4] ERROR org.ffmpeg - [wmav2 @ 0x55567d0] overflow in spectral RLE, ignoring
2012-03-27 19:13:20,005 [Thread-4] ERROR org.ffmpeg - [wmav2 @ 0x55567d0] overflow in spectral RLE, ignoring
2012-03-27 19:13:20,218 [Thread-4] ERROR org.ffmpeg - [wmav2 @ 0x55567d0] overflow in spectral RLE, ignoring
2012-03-27 19:14:07,963 [Finalizer] DEBUG com.xuggle.xuggler - Closing dangling Container (../../../../../../../csrc/com/xuggle/xuggler/Container.cpp:83)
2012-03-27 19:14:07,981 [Thread-4] ERROR org.ffmpeg - [wmv2 @ 0x5535dc0] warning: first frame is no keyframe
2012-03-27 19:14:07,998 [Thread-4] ERROR org.ffmpeg - [wmav2 @ 0x55365b0] overflow in spectral RLE, ignoring
2012-03-27 19:14:08,066 [Thread-4] ERROR org.ffmpeg - [wmav2 @ 0x55365b0] overflow in spectral RLE, ignoring
2012-03-27 19:14:08,530 [Thread-4] ERROR org.ffmpeg - [wmav2 @ 0x55365b0] overflow in spectral RLE, ignoring
2012-03-27 19:14:08,761 [Thread-4] ERROR org.ffmpeg - [wmav2 @ 0x55365b0] overflow in spectral RLE, ignoring
2012-03-27 19:15:44,105 [Thread-4] ERROR org.ffmpeg - [wmv2 @ 0x55bacc0] warning: first frame is no keyframe
2012-03-27 19:15:44,447 [Thread-4] ERROR org.ffmpeg - [wmav2 @ 0x55bb6d0] overflow in spectral RLE, ignoring
2012-03-27 19:15:44,610 [Thread-4] ERROR org.ffmpeg - [wmav2 @ 0x55bb6d0] overflow in spectral RLE, ignoring
2012-03-27 19:15:58,495 [Finalizer] DEBUG com.xuggle.xuggler - Closing dangling Container (../../../../../../../csrc/com/xuggle/xuggler/Container.cpp:83)
2012-03-27 19:15:58,513 [Thread-4] ERROR org.ffmpeg - [wmv2 @ 0x5505dc0] warning: first frame is no keyframe
2012-03-27 19:15:58,530 [Thread-4] ERROR org.ffmpeg - [wmav2 @ 0x5506350] overflow in spectral RLE, ignoring
2012-03-27 19:15:58,601 [Thread-4] ERROR org.ffmpeg - [wmav2 @ 0x5506350] overflow in spectral RLE, ignoring
2012-03-27 19:15:59,070 [Thread-4] ERROR org.ffmpeg - [wmav2 @ 0x5506350] overflow in spectral RLE, ignoring
2012-03-27 19:15:59,299 [Thread-4] ERROR org.ffmpeg - [wmav2 @ 0x5506350] overflow in spectral RLE, ignoring
2012-03-27 19:16:34,853 [Finalizer] DEBUG com.xuggle.xuggler - Closing dangling Container (../../../../../../../csrc/com/xuggle/xuggler/Container.cpp:83)
2012-03-27 19:16:34,873 [Thread-4] ERROR org.ffmpeg - [wmv2 @ 0x5585dc0] warning: first frame is no keyframe
2012-03-27 19:16:34,889 [Thread-4] ERROR org.ffmpeg - [wmav2 @ 0x55867d0] overflow in spectral RLE, ignoring
2012-03-27 19:16:34,962 [Thread-4] ERROR org.ffmpeg - [wmav2 @ 0x55867d0] overflow in spectral RLE, ignoring
2012-03-27 19:16:35,433 [Thread-4] ERROR org.ffmpeg - [wmav2 @ 0x55867d0] overflow in spectral RLE, ignoring
2012-03-27 19:16:35,665 [Thread-4] ERROR org.ffmpeg - [wmav2 @ 0x55867d0] overflow in spectral RLE, ignoring
2012-03-27 19:18:03,738 [Finalizer] DEBUG com.xuggle.xuggler - Closing dangling Container (../../../../../../../csrc/com/xuggle/xuggler/Container.cpp:83)
2012-03-27 19:18:03,756 [Thread-4] ERROR org.ffmpeg - [wmv2 @ 0x54e5dc0] warning: first frame is no keyframe
2012-03-27 19:18:03,773 [Thread-4] ERROR org.ffmpeg - [wmav2 @ 0x54e67d0] overflow in spectral RLE, ignoring
2012-03-27 19:18:03,847 [Thread-4] ERROR org.ffmpeg - [wmav2 @ 0x54e67d0] overflow in spectral RLE, ignoring
2012-03-27 19:18:04,301 [Thread-4] ERROR org.ffmpeg - [wmav2 @ 0x54e67d0] overflow in spectral RLE, ignoring
2012-03-27 19:18:04,533 [Thread-4] ERROR org.ffmpeg - [wmav2 @ 0x54e67d0] overflow in spectral RLE, ignoring
2012-03-27 19:18:34,004 [Finalizer] DEBUG com.xuggle.xuggler - Closing dangling Container (../../../../../../../csrc/com/xuggle/xuggler/Container.cpp:83)
2012-03-27 19:18:34,025 [Thread-4] ERROR org.ffmpeg - [wmv2 @ 0x5545dc0] warning: first frame is no keyframe
2012-03-27 19:18:34,043 [Thread-4] ERROR org.ffmpeg - [wmav2 @ 0x55467d0] overflow in spectral RLE, ignoring
2012-03-27 19:18:34,115 [Thread-4] ERROR org.ffmpeg - [wmav2 @ 0x55467d0] overflow in spectral RLE, ignoring
2012-03-27 19:18:34,574 [Thread-4] ERROR org.ffmpeg - [wmav2 @ 0x55467d0] overflow in spectral RLE, ignoring
2012-03-27 19:18:34,799 [Thread-4] ERROR org.ffmpeg - [wmav2 @ 0x55467d0] overflow in spectral RLE, ignoring
2012-03-27 19:18:39,164 [Thread-7] ERROR org.ffmpeg - [wmv2 @ 0x560f960] warning: first frame is no keyframe
2012-03-27 19:18:39,171 [Thread-7] ERROR org.ffmpeg - [wmav2 @ 0xa2ff7e0] overflow in spectral RLE, ignoring
2012-03-27 19:18:39,218 [Thread-7] ERROR org.ffmpeg - [wmav2 @ 0xa2ff7e0] overflow in spectral RLE, ignoring
2012-03-27 19:18:39,735 [Thread-7] ERROR org.ffmpeg - [wmav2 @ 0xa2ff7e0] overflow in spectral RLE, ignoring
2012-03-27 19:18:39,956 [Thread-7] ERROR org.ffmpeg - [wmav2 @ 0xa2ff7e0] overflow in spectral RLE, ignoring
2012-03-27 19:23:14,177 [Finalizer] DEBUG com.xuggle.xuggler - Closing dangling Container (../../../../../../../csrc/com/xuggle/xuggler/Container.cpp:83)
2012-03-27 19:23:14,195 [Thread-4] ERROR org.ffmpeg - [wmv2 @ 0x55c5dc0] warning: first frame is no keyframe
2012-03-27 19:23:14,211 [Thread-4] ERROR org.ffmpeg - [wmav2 @ 0x55c67d0] overflow in spectral RLE, ignoring
2012-03-27 19:23:14,280 [Thread-4] ERROR org.ffmpeg - [wmav2 @ 0x55c67d0] overflow in spectral RLE, ignoring
2012-03-27 19:23:14,750 [Thread-4] ERROR org.ffmpeg - [wmav2 @ 0x55c67d0] overflow in spectral RLE, ignoring
2012-03-27 19:23:14,989 [Thread-4] ERROR org.ffmpeg - [wmav2 @ 0x55c67d0] overflow in spectral RLE, ignoring
2012-03-27 19:23:49,707 [Finalizer] DEBUG com.xuggle.xuggler - Closing dangling Container (../../../../../../../csrc/com/xuggle/xuggler/Container.cpp:83)
2012-03-27 19:23:49,728 [Thread-4] ERROR org.ffmpeg - [wmv2 @ 0x562c630] warning: first frame is no keyframe
2012-03-27 19:23:49,743 [Thread-4] ERROR org.ffmpeg - [wmav2 @ 0x5621ea0] overflow in spectral RLE, ignoring
2012-03-27 19:23:49,819 [Thread-4] ERROR org.ffmpeg - [wmav2 @ 0x5621ea0] overflow in spectral RLE, ignoring
2012-03-27 19:23:50,282 [Thread-4] ERROR org.ffmpeg - [wmav2 @ 0x5621ea0] overflow in spectral RLE, ignoring
2012-03-27 19:23:50,501 [Thread-4] ERROR org.ffmpeg - [wmav2 @ 0x5621ea0] overflow in spectral RLE, ignoring
2012-03-27 19:23:54,207 [Thread-7] ERROR org.ffmpeg - [wmv2 @ 0x56f9c00] warning: first frame is no keyframe
2012-03-27 19:23:54,219 [Thread-7] ERROR org.ffmpeg - [wmav2 @ 0xa2ef7e0] overflow in spectral RLE, ignoring
2012-03-27 19:23:54,267 [Thread-7] ERROR org.ffmpeg - [wmav2 @ 0xa2ef7e0] overflow in spectral RLE, ignoring
2012-03-27 19:23:54,783 [Thread-7] ERROR org.ffmpeg - [wmav2 @ 0xa2ef7e0] overflow in spectral RLE, ignoring
2012-03-27 19:23:54,968 [Thread-7] ERROR org.ffmpeg - [wmav2 @ 0xa2ef7e0] overflow in spectral RLE, ignoring
2012-03-27 19:26:09,234 [Finalizer] DEBUG com.xuggle.xuggler - Closing dangling Container (../../../../../../../csrc/com/xuggle/xuggler/Container.cpp:83)
2012-03-27 19:26:09,253 [Thread-4] ERROR org.ffmpeg - [wmv2 @ 0x5585dc0] warning: first frame is no keyframe
2012-03-27 19:26:09,269 [Thread-4] ERROR org.ffmpeg - [wmav2 @ 0x5586350] overflow in spectral RLE, ignoring
2012-03-27 19:26:09,338 [Thread-4] ERROR org.ffmpeg - [wmav2 @ 0x5586350] overflow in spectral RLE, ignoring
2012-03-27 19:26:09,815 [Thread-4] ERROR org.ffmpeg - [wmav2 @ 0x5586350] overflow in spectral RLE, ignoring
2012-03-27 19:26:10,042 [Thread-4] ERROR org.ffmpeg - [wmav2 @ 0x5586350] overflow in spectral RLE, ignoring
2012-03-27 19:36:11,954 [Finalizer] DEBUG com.xuggle.xuggler - Closing dangling Container (../../../../../../../csrc/com/xuggle/xuggler/Container.cpp:83)
2012-03-27 19:36:11,971 [Thread-4] ERROR org.ffmpeg - [wmv2 @ 0x5575dc0] warning: first frame is no keyframe
2012-03-27 19:36:11,987 [Thread-4] ERROR org.ffmpeg - [wmav2 @ 0x55767d0] overflow in spectral RLE, ignoring
2012-03-27 19:36:12,057 [Thread-4] ERROR org.ffmpeg - [wmav2 @ 0x55767d0] overflow in spectral RLE, ignoring
2012-03-27 19:36:12,527 [Thread-4] ERROR org.ffmpeg - [wmav2 @ 0x55767d0] overflow in spectral RLE, ignoring
2012-03-27 19:36:12,759 [Thread-4] ERROR org.ffmpeg - [wmav2 @ 0x55767d0] overflow in spectral RLE, ignoring
2012-03-27 19:37:54,257 [Finalizer] DEBUG com.xuggle.xuggler - Closing dangling Container (../../../../../../../csrc/com/xuggle/xuggler/Container.cpp:83)
2012-03-27 19:37:54,276 [Thread-4] ERROR org.ffmpeg - [wmv2 @ 0x5595dc0] warning: first frame is no keyframe
2012-03-27 19:37:54,294 [Thread-4] ERROR org.ffmpeg - [wmav2 @ 0x55967d0] overflow in spectral RLE, ignoring
2012-03-27 19:37:54,362 [Thread-4] ERROR org.ffmpeg - [wmav2 @ 0x55967d0] overflow in spectral RLE, ignoring
2012-03-27 19:37:54,827 [Thread-4] ERROR org.ffmpeg - [wmav2 @ 0x55967d0] overflow in spectral RLE, ignoring
2012-03-27 19:37:55,091 [Thread-4] ERROR org.ffmpeg - [wmav2 @ 0x55967d0] overflow in spectral RLE, ignoring
2012-03-27 19:40:37,243 [Thread-4] ERROR org.ffmpeg - [wmv2 @ 0x556acc0] warning: first frame is no keyframe
2012-03-27 19:40:37,587 [Thread-4] ERROR org.ffmpeg - [wmav2 @ 0x556b6d0] overflow in spectral RLE, ignoring
2012-03-27 19:40:37,751 [Thread-4] ERROR org.ffmpeg - [wmav2 @ 0x556b6d0] overflow in spectral RLE, ignoring
2012-03-27 19:41:10,381 [Thread-4] ERROR org.ffmpeg - [wmv2 @ 0x554acc0] warning: first frame is no keyframe
2012-03-27 19:41:10,404 [Thread-4] ERROR org.ffmpeg - [wmav2 @ 0x554b6d0] overflow in spectral RLE, ignoring
2012-03-27 19:41:10,473 [Thread-4] ERROR org.ffmpeg - [wmav2 @ 0x554b6d0] overflow in spectral RLE, ignoring
2012-03-27 19:41:10,931 [Thread-4] ERROR org.ffmpeg - [wmav2 @ 0x554b6d0] overflow in spectral RLE, ignoring
2012-03-27 19:41:11,153 [Thread-4] ERROR org.ffmpeg - [wmav2 @ 0x554b6d0] overflow in spectral RLE, ignoring
2012-03-27 19:41:49,453 [Finalizer] DEBUG com.xuggle.xuggler - Closing dangling Container (../../../../../../../csrc/com/xuggle/xuggler/Container.cpp:83)
2012-03-27 19:41:49,471 [Thread-4] ERROR org.ffmpeg - [wmv2 @ 0x5545dc0] warning: first frame is no keyframe
2012-03-27 19:41:49,487 [Thread-4] ERROR org.ffmpeg - [wmav2 @ 0x55467d0] overflow in spectral RLE, ignoring
2012-03-27 19:41:49,557 [Thread-4] ERROR org.ffmpeg - [wmav2 @ 0x55467d0] overflow in spectral RLE, ignoring
2012-03-27 19:41:50,019 [Thread-4] ERROR org.ffmpeg - [wmav2 @ 0x55467d0] overflow in spectral RLE, ignoring
2012-03-27 19:41:50,244 [Thread-4] ERROR org.ffmpeg - [wmav2 @ 0x55467d0] overflow in spectral RLE, ignoring
2012-03-27 19:43:57,133 [Thread-4] ERROR org.ffmpeg - [wmv2 @ 0x54aacc0] warning: first frame is no keyframe
2012-03-27 19:43:57,158 [Thread-4] ERROR org.ffmpeg - [wmav2 @ 0x54ab6d0] overflow in spectral RLE, ignoring
2012-03-27 19:43:57,227 [Thread-4] ERROR org.ffmpeg - [wmav2 @ 0x54ab6d0] overflow in spectral RLE, ignoring
2012-03-27 19:43:57,681 [Thread-4] ERROR org.ffmpeg - [wmav2 @ 0x54ab6d0] overflow in spectral RLE, ignoring
2012-03-27 19:43:57,898 [Thread-4] ERROR org.ffmpeg - [wmav2 @ 0x54ab6d0] overflow in spectral RLE, ignoring
2012-03-27 19:44:26,018 [Thread-4] ERROR org.ffmpeg - [wmv2 @ 0x55bacc0] warning: first frame is no keyframe
2012-03-27 19:44:26,043 [Thread-4] ERROR org.ffmpeg - [wmav2 @ 0x55bb6d0] overflow in spectral RLE, ignoring
2012-03-27 19:44:26,113 [Thread-4] ERROR org.ffmpeg - [wmav2 @ 0x55bb6d0] overflow in spectral RLE, ignoring
2012-03-27 19:44:26,560 [Thread-4] ERROR org.ffmpeg - [wmav2 @ 0x55bb6d0] overflow in spectral RLE, ignoring
2012-03-27 19:44:26,773 [Thread-4] ERROR org.ffmpeg - [wmav2 @ 0x55bb6d0] overflow in spectral RLE, ignoring
2012-03-27 19:45:32,756 [Thread-4] ERROR org.ffmpeg - [wmv2 @ 0x551acc0] warning: first frame is no keyframe
2012-03-27 19:45:32,781 [Thread-4] ERROR org.ffmpeg - [wmav2 @ 0x551b6d0] overflow in spectral RLE, ignoring
2012-03-27 19:45:32,851 [Thread-4] ERROR org.ffmpeg - [wmav2 @ 0x551b6d0] overflow in spectral RLE, ignoring
2012-03-27 19:45:33,332 [Thread-4] ERROR org.ffmpeg - [wmav2 @ 0x551b6d0] overflow in spectral RLE, ignoring
2012-03-27 19:45:33,645 [Thread-4] ERROR org.ffmpeg - [wmav2 @ 0x551b6d0] overflow in spectral RLE, ignoring
2012-03-27 19:47:35,232 [Thread-4] ERROR org.ffmpeg - [wmv2 @ 0x54facc0] warning: first frame is no keyframe
2012-03-27 19:47:35,259 [Thread-4] ERROR org.ffmpeg - [wmav2 @ 0x54fb6d0] overflow in spectral RLE, ignoring
2012-03-27 19:47:35,329 [Thread-4] ERROR org.ffmpeg - [wmav2 @ 0x54fb6d0] overflow in spectral RLE, ignoring
2012-03-27 19:47:35,787 [Thread-4] ERROR org.ffmpeg - [wmav2 @ 0x54fb6d0] overflow in spectral RLE, ignoring
2012-03-27 19:47:36,012 [Thread-4] ERROR org.ffmpeg - [wmav2 @ 0x54fb6d0] overflow in spectral RLE, ignoring
2012-03-27 19:48:52,571 [Thread-4] ERROR org.ffmpeg - [wmv2 @ 0x552acc0] warning: first frame is no keyframe
2012-03-27 19:48:52,597 [Thread-4] ERROR org.ffmpeg - [wmav2 @ 0x552b6d0] overflow in spectral RLE, ignoring
2012-03-27 19:48:52,668 [Thread-4] ERROR org.ffmpeg - [wmav2 @ 0x552b6d0] overflow in spectral RLE, ignoring
2012-03-27 19:48:53,100 [Thread-4] ERROR org.ffmpeg - [wmav2 @ 0x552b6d0] overflow in spectral RLE, ignoring
2012-03-27 19:48:53,311 [Thread-4] ERROR org.ffmpeg - [wmav2 @ 0x552b6d0] overflow in spectral RLE, ignoring
2012-03-27 19:51:31,132 [Thread-4] ERROR org.ffmpeg - [wmv2 @ 0x556acc0] warning: first frame is no keyframe
2012-03-27 19:51:31,151 [Thread-4] ERROR org.ffmpeg - [wmav2 @ 0x556b6d0] overflow in spectral RLE, ignoring
2012-03-27 19:51:31,222 [Thread-4] ERROR org.ffmpeg - [wmav2 @ 0x556b6d0] overflow in spectral RLE, ignoring
2012-03-27 19:51:31,700 [Thread-4] ERROR org.ffmpeg - [wmav2 @ 0x556b6d0] overflow in spectral RLE, ignoring
2012-03-27 19:51:31,922 [Thread-4] ERROR org.ffmpeg - [wmav2 @ 0x556b6d0] overflow in spectral RLE, ignoring
2012-03-27 19:53:01,843 [Thread-4] ERROR org.ffmpeg - [wmv2 @ 0x55aacc0] warning: first frame is no keyframe
2012-03-27 19:53:01,868 [Thread-4] ERROR org.ffmpeg - [wmav2 @ 0x55ab6d0] overflow in spectral RLE, ignoring
2012-03-27 19:53:01,937 [Thread-4] ERROR org.ffmpeg - [wmav2 @ 0x55ab6d0] overflow in spectral RLE, ignoring
2012-03-27 19:53:02,377 [Thread-4] ERROR org.ffmpeg - [wmav2 @ 0x55ab6d0] overflow in spectral RLE, ignoring
2012-03-27 19:53:02,587 [Thread-4] ERROR org.ffmpeg - [wmav2 @ 0x55ab6d0] overflow in spectral RLE, ignoring
2012-03-27 19:53:34,238 [Thread-4] ERROR org.ffmpeg - [wmv2 @ 0x55aacc0] warning: first frame is no keyframe
2012-03-27 19:53:34,264 [Thread-4] ERROR org.ffmpeg - [wmav2 @ 0x55ab6d0] overflow in spectral RLE, ignoring
2012-03-27 19:53:34,334 [Thread-4] ERROR org.ffmpeg - [wmav2 @ 0x55ab6d0] overflow in spectral RLE, ignoring
2012-03-27 19:53:34,788 [Thread-4] ERROR org.ffmpeg - [wmav2 @ 0x55ab6d0] overflow in spectral RLE, ignoring
2012-03-27 19:53:35,004 [Thread-4] ERROR org.ffmpeg - [wmav2 @ 0x55ab6d0] overflow in spectral RLE, ignoring
2012-03-27 19:55:14,819 [Thread-4] ERROR org.ffmpeg - [wmv2 @ 0x558acc0] warning: first frame is no keyframe
2012-03-27 19:55:14,845 [Thread-4] ERROR org.ffmpeg - [wmav2 @ 0x558b6d0] overflow in spectral RLE, ignoring
2012-03-27 19:55:14,915 [Thread-4] ERROR org.ffmpeg - [wmav2 @ 0x558b6d0] overflow in spectral RLE, ignoring
2012-03-27 19:55:15,346 [Thread-4] ERROR org.ffmpeg - [wmav2 @ 0x558b6d0] overflow in spectral RLE, ignoring
2012-03-27 19:55:15,563 [Thread-4] ERROR org.ffmpeg - [wmav2 @ 0x558b6d0] overflow in spectral RLE, ignoring
2012-03-27 19:55:53,853 [Finalizer] DEBUG com.xuggle.xuggler - Closing dangling Container (../../../../../../../csrc/com/xuggle/xuggler/Container.cpp:83)
2012-03-27 19:55:54,152 [Thread-4] ERROR org.ffmpeg - [wmv2 @ 0x54eaab0] warning: first frame is no keyframe
2012-03-27 19:57:23,362 [Thread-4] ERROR org.ffmpeg - [wmv2 @ 0x557acc0] warning: first frame is no keyframe
2012-03-27 19:57:23,388 [Thread-4] ERROR org.ffmpeg - [wmav2 @ 0x557b6d0] overflow in spectral RLE, ignoring
2012-03-27 19:57:23,458 [Thread-4] ERROR org.ffmpeg - [wmav2 @ 0x557b6d0] overflow in spectral RLE, ignoring
2012-03-27 19:57:23,889 [Thread-4] ERROR org.ffmpeg - [wmav2 @ 0x557b6d0] overflow in spectral RLE, ignoring
2012-03-27 19:57:24,126 [Thread-4] ERROR org.ffmpeg - [wmav2 @ 0x557b6d0] overflow in spectral RLE, ignoring
2012-03-27 19:57:39,330 [Finalizer] DEBUG com.xuggle.xuggler - Closing dangling Container (../../../../../../../csrc/com/xuggle/xuggler/Container.cpp:83)
2012-03-27 19:57:39,352 [Thread-4] ERROR org.ffmpeg - [wmv2 @ 0x5584e30] warning: first frame is no keyframe
2012-03-27 19:58:06,009 [Thread-4] ERROR org.ffmpeg - [wmv2 @ 0x553acc0] warning: first frame is no keyframe
2012-03-27 19:58:06,032 [Thread-4] ERROR org.ffmpeg - [wmav2 @ 0x553b6d0] overflow in spectral RLE, ignoring
2012-03-27 19:58:06,101 [Thread-4] ERROR org.ffmpeg - [wmav2 @ 0x553b6d0] overflow in spectral RLE, ignoring
2012-03-27 19:58:06,530 [Thread-4] ERROR org.ffmpeg - [wmav2 @ 0x553b6d0] overflow in spectral RLE, ignoring
2012-03-27 19:58:06,747 [Thread-4] ERROR org.ffmpeg - [wmav2 @ 0x553b6d0] overflow in spectral RLE, ignoring
2012-03-27 20:00:31,239 [Thread-4] ERROR org.ffmpeg - [wmv2 @ 0x54dacc0] warning: first frame is no keyframe
2012-03-27 20:00:31,264 [Thread-4] ERROR org.ffmpeg - [wmav2 @ 0x54db6d0] overflow in spectral RLE, ignoring
2012-03-27 20:00:31,334 [Thread-4] ERROR org.ffmpeg - [wmav2 @ 0x54db6d0] overflow in spectral RLE, ignoring
2012-03-27 20:00:31,781 [Thread-4] ERROR org.ffmpeg - [wmav2 @ 0x54db6d0] overflow in spectral RLE, ignoring
2012-03-27 20:00:31,995 [Thread-4] ERROR org.ffmpeg - [wmav2 @ 0x54db6d0] overflow in spectral RLE, ignoring
2012-03-27 20:04:43,431 [Thread-4] ERROR org.ffmpeg - [wmv2 @ 0x55facc0] warning: first frame is no keyframe
2012-03-27 20:04:43,456 [Thread-4] ERROR org.ffmpeg - [wmav2 @ 0x55fb6d0] overflow in spectral RLE, ignoring
2012-03-27 20:04:43,525 [Thread-4] ERROR org.ffmpeg - [wmav2 @ 0x55fb6d0] overflow in spectral RLE, ignoring
2012-03-27 20:04:43,976 [Thread-4] ERROR org.ffmpeg - [wmav2 @ 0x55fb6d0] overflow in spectral RLE, ignoring
2012-03-27 20:04:44,198 [Thread-4] ERROR org.ffmpeg - [wmav2 @ 0x55fb6d0] overflow in spectral RLE, ignoring
2012-03-27 20:07:38,374 [Thread-4] ERROR org.ffmpeg - [wmv2 @ 0x55eacc0] warning: first frame is no keyframe
2012-03-27 20:07:38,399 [Thread-4] ERROR org.ffmpeg - [wmav2 @ 0x55eb6d0] overflow in spectral RLE, ignoring
2012-03-27 20:07:38,471 [Thread-4] ERROR org.ffmpeg - [wmav2 @ 0x55eb6d0] overflow in spectral RLE, ignoring
2012-03-27 20:07:38,940 [Thread-4] ERROR org.ffmpeg - [wmav2 @ 0x55eb6d0] overflow in spectral RLE, ignoring
2012-03-27 20:07:39,169 [Thread-4] ERROR org.ffmpeg - [wmav2 @ 0x55eb6d0] overflow in spectral RLE, ignoring
2012-03-27 20:09:45,829 [Thread-4] ERROR org.ffmpeg - [wmv2 @ 0x55aacc0] warning: first frame is no keyframe
2012-03-27 20:09:45,854 [Thread-4] ERROR org.ffmpeg - [wmav2 @ 0x55ab6d0] overflow in spectral RLE, ignoring
2012-03-27 20:09:45,924 [Thread-4] ERROR org.ffmpeg - [wmav2 @ 0x55ab6d0] overflow in spectral RLE, ignoring
2012-03-27 20:09:46,361 [Thread-4] ERROR org.ffmpeg - [wmav2 @ 0x55ab6d0] overflow in spectral RLE, ignoring
2012-03-27 20:09:46,582 [Thread-4] ERROR org.ffmpeg - [wmav2 @ 0x55ab6d0] overflow in spectral RLE, ignoring
2012-03-27 20:11:02,697 [Thread-4] ERROR org.ffmpeg - [wmv2 @ 0x553acc0] warning: first frame is no keyframe
2012-03-27 20:11:02,720 [Thread-4] ERROR org.ffmpeg - [wmav2 @ 0x553b6d0] overflow in spectral RLE, ignoring
2012-03-27 20:11:02,790 [Thread-4] ERROR org.ffmpeg - [wmav2 @ 0x553b6d0] overflow in spectral RLE, ignoring
2012-03-27 20:11:03,240 [Thread-4] ERROR org.ffmpeg - [wmav2 @ 0x553b6d0] overflow in spectral RLE, ignoring
2012-03-27 20:11:03,461 [Thread-4] ERROR org.ffmpeg - [wmav2 @ 0x553b6d0] overflow in spectral RLE, ignoring
2012-03-27 20:11:52,263 [Thread-4] ERROR org.ffmpeg - [wmv2 @ 0x54dacc0] warning: first frame is no keyframe
2012-03-27 20:11:52,287 [Thread-4] ERROR org.ffmpeg - [wmav2 @ 0x54db6d0] overflow in spectral RLE, ignoring
2012-03-27 20:11:52,356 [Thread-4] ERROR org.ffmpeg - [wmav2 @ 0x54db6d0] overflow in spectral RLE, ignoring
2012-03-27 20:11:52,808 [Thread-4] ERROR org.ffmpeg - [wmav2 @ 0x54db6d0] overflow in spectral RLE, ignoring
2012-03-27 20:11:53,023 [Thread-4] ERROR org.ffmpeg - [wmav2 @ 0x54db6d0] overflow in spectral RLE, ignoring
2012-03-27 20:14:17,026 [Thread-4] ERROR org.ffmpeg - [wmv2 @ 0x54eacc0] warning: first frame is no keyframe
2012-03-27 20:14:17,050 [Thread-4] ERROR org.ffmpeg - [wmav2 @ 0x54eb6d0] overflow in spectral RLE, ignoring
2012-03-27 20:14:17,120 [Thread-4] ERROR org.ffmpeg - [wmav2 @ 0x54eb6d0] overflow in spectral RLE, ignoring
2012-03-27 20:14:17,552 [Thread-4] ERROR org.ffmpeg - [wmav2 @ 0x54eb6d0] overflow in spectral RLE, ignoring
2012-03-27 20:14:17,765 [Thread-4] ERROR org.ffmpeg - [wmav2 @ 0x54eb6d0] overflow in spectral RLE, ignoring
2012-03-27 20:16:01,634 [Thread-4] ERROR org.ffmpeg - [wmv2 @ 0x550acc0] warning: first frame is no keyframe
2012-03-27 20:16:01,660 [Thread-4] ERROR org.ffmpeg - [wmav2 @ 0x550b6d0] overflow in spectral RLE, ignoring
2012-03-27 20:16:01,732 [Thread-4] ERROR org.ffmpeg - [wmav2 @ 0x550b6d0] overflow in spectral RLE, ignoring
2012-03-27 20:16:02,168 [Thread-4] ERROR org.ffmpeg - [wmav2 @ 0x550b6d0] overflow in spectral RLE, ignoring
2012-03-27 20:16:02,391 [Thread-4] ERROR org.ffmpeg - [wmav2 @ 0x550b6d0] overflow in spectral RLE, ignoring
2012-03-27 20:17:14,301 [Thread-4] ERROR org.ffmpeg - [wmv2 @ 0x558acc0] warning: first frame is no keyframe
2012-03-27 20:17:14,326 [Thread-4] ERROR org.ffmpeg - [wmav2 @ 0x558b6d0] overflow in spectral RLE, ignoring
2012-03-27 20:17:14,397 [Thread-4] ERROR org.ffmpeg - [wmav2 @ 0x558b6d0] overflow in spectral RLE, ignoring
2012-03-27 20:17:14,835 [Thread-4] ERROR org.ffmpeg - [wmav2 @ 0x558b6d0] overflow in spectral RLE, ignoring
2012-03-27 20:17:15,054 [Thread-4] ERROR org.ffmpeg - [wmav2 @ 0x558b6d0] overflow in spectral RLE, ignoring
2012-03-27 20:21:15,321 [Thread-4] ERROR org.ffmpeg - [wmv2 @ 0x559acc0] warning: first frame is no keyframe
2012-03-27 20:21:15,346 [Thread-4] ERROR org.ffmpeg - [wmav2 @ 0x559b6d0] overflow in spectral RLE, ignoring
2012-03-27 20:21:15,417 [Thread-4] ERROR org.ffmpeg - [wmav2 @ 0x559b6d0] overflow in spectral RLE, ignoring
2012-03-27 20:21:15,852 [Thread-4] ERROR org.ffmpeg - [wmav2 @ 0x559b6d0] overflow in spectral RLE, ignoring
2012-03-27 20:21:16,073 [Thread-4] ERROR org.ffmpeg - [wmav2 @ 0x559b6d0] overflow in spectral RLE, ignoring
2012-03-27 20:24:09,770 [Thread-4] ERROR org.ffmpeg - [wmv2 @ 0x55aacc0] warning: first frame is no keyframe
2012-03-27 20:24:09,797 [Thread-4] ERROR org.ffmpeg - [wmav2 @ 0x55ab6d0] overflow in spectral RLE, ignoring
2012-03-27 20:24:09,871 [Thread-4] ERROR org.ffmpeg - [wmav2 @ 0x55ab6d0] overflow in spectral RLE, ignoring
2012-03-27 20:24:10,313 [Thread-4] ERROR org.ffmpeg - [wmav2 @ 0x55ab6d0] overflow in spectral RLE, ignoring
2012-03-27 20:24:10,530 [Thread-4] ERROR org.ffmpeg - [wmav2 @ 0x55ab6d0] overflow in spectral RLE, ignoring
2012-03-27 20:24:55,430 [Thread-4] ERROR org.ffmpeg - [wmv2 @ 0x550acc0] warning: first frame is no keyframe
2012-03-27 20:24:55,456 [Thread-4] ERROR org.ffmpeg - [wmav2 @ 0x550b6d0] overflow in spectral RLE, ignoring
2012-03-27 20:24:55,527 [Thread-4] ERROR org.ffmpeg - [wmav2 @ 0x550b6d0] overflow in spectral RLE, ignoring
2012-03-27 20:24:55,976 [Thread-4] ERROR org.ffmpeg - [wmav2 @ 0x550b6d0] overflow in spectral RLE, ignoring
2012-03-27 20:24:56,200 [Thread-4] ERROR org.ffmpeg - [wmav2 @ 0x550b6d0] overflow in spectral RLE, ignoring
2012-03-27 20:25:35,642 [Thread-4] ERROR org.ffmpeg - [wmv2 @ 0x553acc0] warning: first frame is no keyframe
2012-03-27 20:25:35,668 [Thread-4] ERROR org.ffmpeg - [wmav2 @ 0x553b6d0] overflow in spectral RLE, ignoring
2012-03-27 20:25:35,740 [Thread-4] ERROR org.ffmpeg - [wmav2 @ 0x553b6d0] overflow in spectral RLE, ignoring
2012-03-27 20:25:36,175 [Thread-4] ERROR org.ffmpeg - [wmav2 @ 0x553b6d0] overflow in spectral RLE, ignoring
2012-03-27 20:25:36,387 [Thread-4] ERROR org.ffmpeg - [wmav2 @ 0x553b6d0] overflow in spectral RLE, ignoring
2012-03-27 20:26:04,998 [Thread-4] ERROR org.ffmpeg - [wmv2 @ 0x54facc0] warning: first frame is no keyframe
2012-03-27 20:26:05,024 [Thread-4] ERROR org.ffmpeg - [wmav2 @ 0x54fb6d0] overflow in spectral RLE, ignoring
2012-03-27 20:26:05,095 [Thread-4] ERROR org.ffmpeg - [wmav2 @ 0x54fb6d0] overflow in spectral RLE, ignoring
2012-03-27 20:26:05,532 [Thread-4] ERROR org.ffmpeg - [wmav2 @ 0x54fb6d0] overflow in spectral RLE, ignoring
2012-03-27 20:26:05,745 [Thread-4] ERROR org.ffmpeg - [wmav2 @ 0x54fb6d0] overflow in spectral RLE, ignoring
2012-03-27 20:26:32,987 [Thread-4] ERROR org.ffmpeg - [wmv2 @ 0x557acc0] warning: first frame is no keyframe
2012-03-27 20:26:33,012 [Thread-4] ERROR org.ffmpeg - [wmav2 @ 0x557b6d0] overflow in spectral RLE, ignoring
2012-03-27 20:26:33,081 [Thread-4] ERROR org.ffmpeg - [wmav2 @ 0x557b6d0] overflow in spectral RLE, ignoring
2012-03-27 20:26:33,522 [Thread-4] ERROR org.ffmpeg - [wmav2 @ 0x557b6d0] overflow in spectral RLE, ignoring
2012-03-27 20:26:33,739 [Thread-4] ERROR org.ffmpeg - [wmav2 @ 0x557b6d0] overflow in spectral RLE, ignoring
2012-03-27 20:28:06,251 [Thread-4] ERROR org.ffmpeg - [wmv2 @ 0x54dacc0] warning: first frame is no keyframe
2012-03-27 20:28:06,277 [Thread-4] ERROR org.ffmpeg - [wmav2 @ 0x54db6d0] overflow in spectral RLE, ignoring
2012-03-27 20:28:06,347 [Thread-4] ERROR org.ffmpeg - [wmav2 @ 0x54db6d0] overflow in spectral RLE, ignoring
2012-03-27 20:28:06,789 [Thread-4] ERROR org.ffmpeg - [wmav2 @ 0x54db6d0] overflow in spectral RLE, ignoring
2012-03-27 20:28:07,006 [Thread-4] ERROR org.ffmpeg - [wmav2 @ 0x54db6d0] overflow in spectral RLE, ignoring
2012-03-27 20:29:12,934 [Thread-4] ERROR org.ffmpeg - [wmv2 @ 0x555acc0] warning: first frame is no keyframe
2012-03-27 20:29:12,959 [Thread-4] ERROR org.ffmpeg - [wmav2 @ 0x555b6d0] overflow in spectral RLE, ignoring
2012-03-27 20:29:13,030 [Thread-4] ERROR org.ffmpeg - [wmav2 @ 0x555b6d0] overflow in spectral RLE, ignoring
2012-03-27 20:29:13,469 [Thread-4] ERROR org.ffmpeg - [wmav2 @ 0x555b6d0] overflow in spectral RLE, ignoring
2012-03-27 20:29:13,691 [Thread-4] ERROR org.ffmpeg - [wmav2 @ 0x555b6d0] overflow in spectral RLE, ignoring
2012-03-27 20:32:36,606 [Thread-4] ERROR org.ffmpeg - [wmv2 @ 0x558acc0] warning: first frame is no keyframe
2012-03-27 20:32:36,631 [Thread-4] ERROR org.ffmpeg - [wmav2 @ 0x558b6d0] overflow in spectral RLE, ignoring
2012-03-27 20:32:36,700 [Thread-4] ERROR org.ffmpeg - [wmav2 @ 0x558b6d0] overflow in spectral RLE, ignoring
2012-03-27 20:32:37,149 [Thread-4] ERROR org.ffmpeg - [wmav2 @ 0x558b6d0] overflow in spectral RLE, ignoring
2012-03-27 20:32:37,370 [Thread-4] ERROR org.ffmpeg - [wmav2 @ 0x558b6d0] overflow in spectral RLE, ignoring
2012-03-27 20:33:16,146 [Thread-4] ERROR org.ffmpeg - [wmv2 @ 0x559acc0] warning: first frame is no keyframe
2012-03-27 20:33:16,171 [Thread-4] ERROR org.ffmpeg - [wmav2 @ 0x559b6d0] overflow in spectral RLE, ignoring
2012-03-27 20:33:16,241 [Thread-4] ERROR org.ffmpeg - [wmav2 @ 0x559b6d0] overflow in spectral RLE, ignoring
2012-03-27 20:33:16,682 [Thread-4] ERROR org.ffmpeg - [wmav2 @ 0x559b6d0] overflow in spectral RLE, ignoring
2012-03-27 20:33:16,898 [Thread-4] ERROR org.ffmpeg - [wmav2 @ 0x559b6d0] overflow in spectral RLE, ignoring
2012-03-27 20:39:37,939 [Thread-4] ERROR org.ffmpeg - [wmv2 @ 0x55eacc0] warning: first frame is no keyframe
2012-03-27 20:39:37,965 [Thread-4] ERROR org.ffmpeg - [wmav2 @ 0x55eb6d0] overflow in spectral RLE, ignoring
2012-03-27 20:39:38,036 [Thread-4] ERROR org.ffmpeg - [wmav2 @ 0x55eb6d0] overflow in spectral RLE, ignoring
2012-03-27 20:39:38,475 [Thread-4] ERROR org.ffmpeg - [wmav2 @ 0x55eb6d0] overflow in spectral RLE, ignoring
2012-03-27 20:39:38,691 [Thread-4] ERROR org.ffmpeg - [wmav2 @ 0x55eb6d0] overflow in spectral RLE, ignoring
2012-03-27 20:41:03,616 [Thread-4] ERROR org.ffmpeg - [wmv2 @ 0x55dacc0] warning: first frame is no keyframe
2012-03-27 20:41:03,640 [Thread-4] ERROR org.ffmpeg - [wmav2 @ 0x55db6d0] overflow in spectral RLE, ignoring
2012-03-27 20:41:03,710 [Thread-4] ERROR org.ffmpeg - [wmav2 @ 0x55db6d0] overflow in spectral RLE, ignoring
2012-03-27 20:41:04,145 [Thread-4] ERROR org.ffmpeg - [wmav2 @ 0x55db6d0] overflow in spectral RLE, ignoring
2012-03-27 20:41:04,358 [Thread-4] ERROR org.ffmpeg - [wmav2 @ 0x55db6d0] overflow in spectral RLE, ignoring
2012-03-27 20:41:28,432 [Thread-4] ERROR org.ffmpeg - [wmv2 @ 0x551acc0] warning: first frame is no keyframe
2012-03-27 20:41:28,458 [Thread-4] ERROR org.ffmpeg - [wmav2 @ 0x551b6d0] overflow in spectral RLE, ignoring
2012-03-27 20:41:28,528 [Thread-4] ERROR org.ffmpeg - [wmav2 @ 0x551b6d0] overflow in spectral RLE, ignoring
2012-03-27 20:41:28,967 [Thread-4] ERROR org.ffmpeg - [wmav2 @ 0x551b6d0] overflow in spectral RLE, ignoring
2012-03-27 20:41:29,181 [Thread-4] ERROR org.ffmpeg - [wmav2 @ 0x551b6d0] overflow in spectral RLE, ignoring
2012-03-27 20:41:47,947 [Thread-4] ERROR org.ffmpeg - [wmv2 @ 0x55dacc0] warning: first frame is no keyframe
2012-03-27 20:41:47,972 [Thread-4] ERROR org.ffmpeg - [wmav2 @ 0x55db6d0] overflow in spectral RLE, ignoring
2012-03-27 20:41:48,041 [Thread-4] ERROR org.ffmpeg - [wmav2 @ 0x55db6d0] overflow in spectral RLE, ignoring
2012-03-27 20:41:48,475 [Thread-4] ERROR org.ffmpeg - [wmav2 @ 0x55db6d0] overflow in spectral RLE, ignoring
2012-03-27 20:41:48,688 [Thread-4] ERROR org.ffmpeg - [wmav2 @ 0x55db6d0] overflow in spectral RLE, ignoring
2012-03-27 21:07:02,755 [Finalizer] DEBUG com.xuggle.xuggler - Closing dangling Container (../../../../../../../csrc/com/xuggle/xuggler/Container.cpp:83)
2012-03-27 21:07:02,771 [Thread-4] ERROR org.ffmpeg - [wmv2 @ 0x54c4e30] warning: first frame is no keyframe
2012-03-27 21:07:52,722 [Thread-4] ERROR org.ffmpeg - [wmv2 @ 0x54facc0] warning: first frame is no keyframe
2012-03-27 21:07:52,747 [Thread-4] ERROR org.ffmpeg - [wmav2 @ 0x54fb6d0] overflow in spectral RLE, ignoring
2012-03-27 21:07:52,820 [Thread-4] ERROR org.ffmpeg - [wmav2 @ 0x54fb6d0] overflow in spectral RLE, ignoring
2012-03-27 21:07:53,269 [Thread-4] ERROR org.ffmpeg - [wmav2 @ 0x54fb6d0] overflow in spectral RLE, ignoring
2012-03-27 21:07:53,481 [Thread-4] ERROR org.ffmpeg - [wmav2 @ 0x54fb6d0] overflow in spectral RLE, ignoring
2012-03-27 21:08:21,733 [Thread-4] ERROR org.ffmpeg - [wmv2 @ 0x55aacc0] warning: first frame is no keyframe
2012-03-27 21:08:21,758 [Thread-4] ERROR org.ffmpeg - [wmav2 @ 0x55ab6d0] overflow in spectral RLE, ignoring
2012-03-27 21:08:21,831 [Thread-4] ERROR org.ffmpeg - [wmav2 @ 0x55ab6d0] overflow in spectral RLE, ignoring
2012-03-27 21:08:22,284 [Thread-4] ERROR org.ffmpeg - [wmav2 @ 0x55ab6d0] overflow in spectral RLE, ignoring
2012-03-27 21:08:22,506 [Thread-4] ERROR org.ffmpeg - [wmav2 @ 0x55ab6d0] overflow in spectral RLE, ignoring
2012-03-27 21:08:40,328 [Thread-4] ERROR org.ffmpeg - [wmv2 @ 0x54dacc0] warning: first frame is no keyframe
2012-03-27 21:08:40,353 [Thread-4] ERROR org.ffmpeg - [wmav2 @ 0x54db6d0] overflow in spectral RLE, ignoring
2012-03-27 21:08:40,424 [Thread-4] ERROR org.ffmpeg - [wmav2 @ 0x54db6d0] overflow in spectral RLE, ignoring
2012-03-27 21:08:40,851 [Thread-4] ERROR org.ffmpeg - [wmav2 @ 0x54db6d0] overflow in spectral RLE, ignoring
2012-03-27 21:08:41,063 [Thread-4] ERROR org.ffmpeg - [wmav2 @ 0x54db6d0] overflow in spectral RLE, ignoring
2012-03-27 21:08:56,211 [Finalizer] DEBUG com.xuggle.xuggler - Closing dangling Container (../../../../../../../csrc/com/xuggle/xuggler/Container.cpp:83)
2012-03-27 21:08:56,229 [Thread-4] ERROR org.ffmpeg - [wmv2 @ 0x5524e30] warning: first frame is no keyframe
2012-03-27 21:09:12,115 [Finalizer] DEBUG com.xuggle.xuggler - Closing dangling Container (../../../../../../../csrc/com/xuggle/xuggler/Container.cpp:83)
2012-03-27 21:09:12,132 [Thread-4] ERROR org.ffmpeg - [wmv2 @ 0x5564e30] warning: first frame is no keyframe
2012-03-27 21:09:27,619 [Thread-4] ERROR org.ffmpeg - [wmv2 @ 0x551acc0] warning: first frame is no keyframe
2012-03-27 21:09:27,644 [Thread-4] ERROR org.ffmpeg - [wmav2 @ 0x551b6d0] overflow in spectral RLE, ignoring
2012-03-27 21:09:27,714 [Thread-4] ERROR org.ffmpeg - [wmav2 @ 0x551b6d0] overflow in spectral RLE, ignoring
2012-03-27 21:09:28,219 [Thread-4] ERROR org.ffmpeg - [wmav2 @ 0x551b6d0] overflow in spectral RLE, ignoring
2012-03-27 21:09:28,432 [Thread-4] ERROR org.ffmpeg - [wmav2 @ 0x551b6d0] overflow in spectral RLE, ignoring
2012-03-27 21:09:39,536 [Finalizer] DEBUG com.xuggle.xuggler - Closing dangling Container (../../../../../../../csrc/com/xuggle/xuggler/Container.cpp:83)
2012-03-27 21:09:39,554 [Thread-4] ERROR org.ffmpeg - [wmv2 @ 0x5584e30] warning: first frame is no keyframe
2012-03-27 21:09:57,409 [Thread-4] ERROR org.ffmpeg - [wmv2 @ 0x553acc0] warning: first frame is no keyframe
2012-03-27 21:09:57,432 [Thread-4] ERROR org.ffmpeg - [wmav2 @ 0x553b6d0] overflow in spectral RLE, ignoring
2012-03-27 21:09:57,501 [Thread-4] ERROR org.ffmpeg - [wmav2 @ 0x553b6d0] overflow in spectral RLE, ignoring
2012-03-27 21:09:57,965 [Thread-4] ERROR org.ffmpeg - [wmav2 @ 0x553b6d0] overflow in spectral RLE, ignoring
2012-03-27 21:09:58,192 [Thread-4] ERROR org.ffmpeg - [wmav2 @ 0x553b6d0] overflow in spectral RLE, ignoring
2012-03-27 21:11:41,099 [Thread-4] ERROR org.ffmpeg - [wmv2 @ 0x554acc0] warning: first frame is no keyframe
2012-03-27 21:11:41,123 [Thread-4] ERROR org.ffmpeg - [wmav2 @ 0x554b6d0] overflow in spectral RLE, ignoring
2012-03-27 21:11:41,192 [Thread-4] ERROR org.ffmpeg - [wmav2 @ 0x554b6d0] overflow in spectral RLE, ignoring
2012-03-27 21:11:41,621 [Thread-4] ERROR org.ffmpeg - [wmav2 @ 0x554b6d0] overflow in spectral RLE, ignoring
2012-03-27 21:11:41,833 [Thread-4] ERROR org.ffmpeg - [wmav2 @ 0x554b6d0] overflow in spectral RLE, ignoring
2012-03-27 21:11:53,570 [Finalizer] DEBUG com.xuggle.xuggler - Closing dangling Container (../../../../../../../csrc/com/xuggle/xuggler/Container.cpp:83)
2012-03-27 21:11:53,586 [Thread-4] ERROR org.ffmpeg - [wmv2 @ 0x54b4e30] warning: first frame is no keyframe
2012-03-27 21:12:17,300 [Finalizer] DEBUG com.xuggle.xuggler - Closing dangling Container (../../../../../../../csrc/com/xuggle/xuggler/Container.cpp:83)
2012-03-27 21:12:17,317 [Thread-4] ERROR org.ffmpeg - [wmv2 @ 0x5504e30] warning: first frame is no keyframe
2012-03-27 21:13:00,888 [Thread-4] ERROR org.ffmpeg - [wmv2 @ 0x552acc0] warning: first frame is no keyframe
2012-03-27 21:13:00,907 [Thread-4] ERROR org.ffmpeg - [wmav2 @ 0x552b6d0] overflow in spectral RLE, ignoring
2012-03-27 21:13:00,978 [Thread-4] ERROR org.ffmpeg - [wmav2 @ 0x552b6d0] overflow in spectral RLE, ignoring
2012-03-27 21:13:01,431 [Thread-4] ERROR org.ffmpeg - [wmav2 @ 0x552b6d0] overflow in spectral RLE, ignoring
2012-03-27 21:13:01,654 [Thread-4] ERROR org.ffmpeg - [wmav2 @ 0x552b6d0] overflow in spectral RLE, ignoring
2012-03-27 21:13:53,303 [Finalizer] DEBUG com.xuggle.xuggler - Closing dangling Container (../../../../../../../csrc/com/xuggle/xuggler/Container.cpp:83)
2012-03-27 21:13:53,328 [Thread-4] ERROR org.ffmpeg - [wmv2 @ 0x5571d40] warning: first frame is no keyframe
2012-03-27 21:13:53,683 [Thread-4] ERROR org.ffmpeg - [wmav2 @ 0x557aa10] overflow in spectral RLE, ignoring
2012-03-27 21:13:53,856 [Thread-4] ERROR org.ffmpeg - [wmav2 @ 0x557aa10] overflow in spectral RLE, ignoring
2012-03-27 21:14:13,496 [Finalizer] DEBUG com.xuggle.xuggler - Closing dangling Container (../../../../../../../csrc/com/xuggle/xuggler/Container.cpp:83)
2012-03-27 21:14:13,516 [Thread-4] ERROR org.ffmpeg - [wmv2 @ 0x554cc10] warning: first frame is no keyframe
2012-03-27 21:21:01,500 [Finalizer] DEBUG com.xuggle.xuggler - Closing dangling Container (../../../../../../../csrc/com/xuggle/xuggler/Container.cpp:83)
2012-03-27 21:21:01,710 [Thread-4] ERROR org.ffmpeg - [wmav2 @ 0x55555b0] overflow in spectral RLE, ignoring
2012-03-27 21:21:02,207 [Thread-4] ERROR org.ffmpeg - [wmav2 @ 0x55555b0] overflow in spectral RLE, ignoring
2012-03-27 21:21:02,228 [Thread-4] ERROR org.ffmpeg - [wmav2 @ 0x55555b0] overflow in spectral RLE, ignoring
2012-03-27 21:21:02,296 [Thread-4] ERROR org.ffmpeg - [wmav2 @ 0x55555b0] overflow in spectral RLE, ignoring
2012-03-27 21:21:02,351 [Thread-4] ERROR org.ffmpeg - [wmav2 @ 0x55555b0] overflow in spectral RLE, ignoring
2012-03-27 21:21:02,351 [Thread-4] ERROR org.ffmpeg - [wmav2 @ 0x55555b0] overflow in spectral RLE, ignoring
2012-03-27 21:21:02,373 [Thread-4] ERROR org.ffmpeg - [wmav2 @ 0x55555b0] overflow in spectral RLE, ignoring
2012-03-27 21:21:20,499 [Finalizer] DEBUG com.xuggle.xuggler - Closing dangling Container (../../../../../../../csrc/com/xuggle/xuggler/Container.cpp:83)
2012-03-27 21:21:20,866 [Thread-4] ERROR org.ffmpeg - [wmav2 @ 0x548b4c0] overflow in spectral RLE, ignoring
2012-03-27 21:21:21,055 [Thread-4] ERROR org.ffmpeg - [wmav2 @ 0x548b4c0] overflow in spectral RLE, ignoring
2012-03-27 21:21:34,997 [Finalizer] DEBUG com.xuggle.xuggler - Closing dangling Container (../../../../../../../csrc/com/xuggle/xuggler/Container.cpp:83)
2012-03-27 21:21:35,043 [Thread-7] ERROR org.ffmpeg - [wmv2 @ 0x548b8e0] warning: first frame is no keyframe
2012-03-27 21:21:35,125 [Thread-7] ERROR org.ffmpeg - [wmav2 @ 0x9594720] overflow in spectral RLE, ignoring
2012-03-27 21:21:35,591 [Thread-7] ERROR org.ffmpeg - [wmav2 @ 0x9594720] overflow in spectral RLE, ignoring
2012-03-27 21:21:35,612 [Thread-7] ERROR org.ffmpeg - [wmav2 @ 0x9594720] overflow in spectral RLE, ignoring
2012-03-27 21:21:35,633 [Thread-7] ERROR org.ffmpeg - [wmav2 @ 0x9594720] overflow in spectral RLE, ignoring
2012-03-27 21:21:35,679 [Thread-7] ERROR org.ffmpeg - [wmav2 @ 0x9594720] overflow in spectral RLE, ignoring
2012-03-27 21:21:35,679 [Thread-7] ERROR org.ffmpeg - [wmav2 @ 0x9594720] overflow in spectral RLE, ignoring
2012-03-27 21:21:35,745 [Thread-7] ERROR org.ffmpeg - [wmav2 @ 0x9594720] overflow in spectral RLE, ignoring
2012-03-27 21:21:35,768 [Thread-7] ERROR org.ffmpeg - [wmav2 @ 0x9594720] overflow in spectral RLE, ignoring
2012-03-27 21:21:35,813 [Thread-7] ERROR org.ffmpeg - [wmav2 @ 0x9594720] overflow in spectral RLE, ignoring
2012-03-27 21:21:56,846 [Finalizer] DEBUG com.xuggle.xuggler - Closing dangling Container (../../../../../../../csrc/com/xuggle/xuggler/Container.cpp:83)
2012-03-27 21:22:54,433 [Thread-4] ERROR org.ffmpeg - [wmv2 @ 0x97407f0] warning: first frame is no keyframe
2012-03-27 21:22:54,454 [Finalizer] DEBUG com.xuggle.xuggler - Closing dangling Container (../../../../../../../csrc/com/xuggle/xuggler/Container.cpp:83)
2012-03-27 21:22:54,606 [Thread-4] ERROR org.ffmpeg - [wmav2 @ 0x54c55b0] overflow in spectral RLE, ignoring
2012-03-27 21:22:54,607 [Thread-4] ERROR org.ffmpeg - [wmav2 @ 0x54c55b0] overflow in spectral RLE, ignoring
2012-03-27 21:22:54,607 [Thread-4] ERROR org.ffmpeg - [wmav2 @ 0x54c55b0] overflow in spectral RLE, ignoring
2012-03-27 21:22:54,662 [Thread-4] ERROR org.ffmpeg - [wmav2 @ 0x54c55b0] overflow in spectral RLE, ignoring
2012-03-27 21:22:54,759 [Thread-4] ERROR org.ffmpeg - [wmav2 @ 0x54c55b0] overflow in spectral RLE, ignoring
2012-03-27 21:22:54,965 [Thread-4] ERROR org.ffmpeg - [wmav2 @ 0x54c55b0] overflow in spectral RLE, ignoring
2012-03-27 21:22:55,000 [Thread-4] ERROR org.ffmpeg - [wmav2 @ 0x54c55b0] overflow in spectral RLE, ignoring
2012-03-27 21:22:55,133 [Thread-4] ERROR org.ffmpeg - [wmav2 @ 0x54c55b0] overflow in spectral RLE, ignoring
2012-03-27 21:22:55,230 [Thread-4] ERROR org.ffmpeg - [wmav2 @ 0x54c55b0] overflow in spectral RLE, ignoring
2012-03-27 21:23:19,060 [Thread-4] ERROR org.ffmpeg - [wmv2 @ 0x5555b30] warning: first frame is no keyframe
2012-03-27 21:23:19,080 [Thread-4] ERROR org.ffmpeg - [wmav2 @ 0x5556540] overflow in spectral RLE, ignoring
2012-03-27 21:23:19,080 [Finalizer] DEBUG com.xuggle.xuggler - Closing dangling Container (../../../../../../../csrc/com/xuggle/xuggler/Container.cpp:83)
2012-03-27 21:23:19,081 [Thread-4] ERROR org.ffmpeg - [wmav2 @ 0x5556540] overflow in spectral RLE, ignoring
2012-03-27 21:23:19,082 [Thread-4] ERROR org.ffmpeg - [wmav2 @ 0x5556540] overflow in spectral RLE, ignoring
2012-03-27 21:23:19,129 [Thread-4] ERROR org.ffmpeg - [wmav2 @ 0x5556540] overflow in spectral RLE, ignoring
2012-03-27 21:23:19,234 [Thread-4] ERROR org.ffmpeg - [wmav2 @ 0x5556540] overflow in spectral RLE, ignoring
2012-03-27 21:23:19,491 [Thread-4] ERROR org.ffmpeg - [wmav2 @ 0x5556540] overflow in spectral RLE, ignoring
2012-03-27 21:23:19,545 [Thread-4] ERROR org.ffmpeg - [wmav2 @ 0x5556540] overflow in spectral RLE, ignoring
2012-03-27 21:23:19,641 [Thread-4] ERROR org.ffmpeg - [wmav2 @ 0x5556540] overflow in spectral RLE, ignoring
2012-03-27 21:23:19,763 [Thread-4] ERROR org.ffmpeg - [wmav2 @ 0x5556540] overflow in spectral RLE, ignoring
2012-03-27 21:23:19,811 [Thread-4] ERROR org.ffmpeg - [wmav2 @ 0x5556540] overflow in spectral RLE, ignoring
2012-03-27 21:23:53,132 [Thread-4] ERROR org.ffmpeg - [wmv2 @ 0x9310810] warning: first frame is no keyframe
2012-03-27 21:23:53,152 [Finalizer] DEBUG com.xuggle.xuggler - Closing dangling Container (../../../../../../../csrc/com/xuggle/xuggler/Container.cpp:83)
2012-03-27 21:23:53,227 [Thread-4] ERROR org.ffmpeg - [wmav2 @ 0x5525c10] overflow in spectral RLE, ignoring
2012-03-27 21:23:53,466 [Thread-4] ERROR org.ffmpeg - [wmav2 @ 0x5525c10] overflow in spectral RLE, ignoring
2012-03-27 21:23:53,514 [Thread-4] ERROR org.ffmpeg - [wmav2 @ 0x5525c10] overflow in spectral RLE, ignoring
2012-03-27 21:23:53,614 [Thread-4] ERROR org.ffmpeg - [wmav2 @ 0x5525c10] overflow in spectral RLE, ignoring
2012-03-27 21:23:53,748 [Thread-4] ERROR org.ffmpeg - [wmav2 @ 0x5525c10] overflow in spectral RLE, ignoring
2012-03-27 21:23:53,778 [Thread-4] ERROR org.ffmpeg - [wmav2 @ 0x5525c10] overflow in spectral RLE, ignoring
2012-03-27 21:23:54,015 [Thread-4] ERROR org.ffmpeg - [wmav2 @ 0x5525c10] overflow in spectral RLE, ignoring
2012-03-27 21:23:54,192 [Thread-4] ERROR org.ffmpeg - [wmav2 @ 0x5525c10] overflow in spectral RLE, ignoring
2012-03-27 21:23:54,286 [Thread-4] ERROR org.ffmpeg - [wmav2 @ 0x5525c10] overflow in spectral RLE, ignoring
2012-03-27 21:24:12,390 [Thread-4] ERROR org.ffmpeg - [wmv2 @ 0x5574c20] warning: first frame is no keyframe
2012-03-27 21:24:12,411 [Finalizer] DEBUG com.xuggle.xuggler - Closing dangling Container (../../../../../../../csrc/com/xuggle/xuggler/Container.cpp:83)
2012-03-27 21:24:22,489 [Finalizer] DEBUG com.xuggle.xuggler - Closing dangling Container (../../../../../../../csrc/com/xuggle/xuggler/Container.cpp:83)
2012-03-27 21:24:22,507 [Thread-4] ERROR org.ffmpeg - [wmv2 @ 0x5584e30] warning: first frame is no keyframe
2012-03-27 21:24:33,100 [Thread-7] ERROR org.ffmpeg - [wmv2 @ 0x557b180] warning: first frame is no keyframe
2012-03-27 21:24:33,105 [Thread-7] DEBUG com.xuggle.xuggler - Closing dangling Container (../../../../../../../csrc/com/xuggle/xuggler/Container.cpp:83)
2012-03-27 21:24:51,572 [Thread-4] ERROR org.ffmpeg - [wmv2 @ 0x97107f0] warning: first frame is no keyframe
2012-03-27 21:24:51,594 [Finalizer] DEBUG com.xuggle.xuggler - Closing dangling Container (../../../../../../../csrc/com/xuggle/xuggler/Container.cpp:83)
2012-03-27 21:24:51,695 [Thread-4] ERROR org.ffmpeg - [wmav2 @ 0x56455b0] overflow in spectral RLE, ignoring
2012-03-27 21:24:52,145 [Thread-4] ERROR org.ffmpeg - [wmav2 @ 0x56455b0] overflow in spectral RLE, ignoring
2012-03-27 21:24:52,165 [Thread-4] ERROR org.ffmpeg - [wmav2 @ 0x56455b0] overflow in spectral RLE, ignoring
2012-03-27 21:24:52,191 [Thread-4] ERROR org.ffmpeg - [wmav2 @ 0x56455b0] overflow in spectral RLE, ignoring
2012-03-27 21:24:52,238 [Thread-4] ERROR org.ffmpeg - [wmav2 @ 0x56455b0] overflow in spectral RLE, ignoring
2012-03-27 21:24:52,239 [Thread-4] ERROR org.ffmpeg - [wmav2 @ 0x56455b0] overflow in spectral RLE, ignoring
2012-03-27 21:24:52,265 [Thread-4] ERROR org.ffmpeg - [wmav2 @ 0x56455b0] overflow in spectral RLE, ignoring
2012-03-27 21:24:52,289 [Thread-4] ERROR org.ffmpeg - [wmav2 @ 0x56455b0] overflow in spectral RLE, ignoring
2012-03-27 21:24:52,336 [Thread-4] ERROR org.ffmpeg - [wmav2 @ 0x56455b0] overflow in spectral RLE, ignoring
2012-03-27 21:25:09,028 [Thread-4] ERROR org.ffmpeg - [wmv2 @ 0x55c4ec0] warning: first frame is no keyframe
2012-03-27 21:25:09,050 [Finalizer] DEBUG com.xuggle.xuggler - Closing dangling Container (../../../../../../../csrc/com/xuggle/xuggler/Container.cpp:83)
2012-03-27 21:25:09,106 [Thread-4] ERROR org.ffmpeg - [wmav2 @ 0x55c58a0] overflow in spectral RLE, ignoring
2012-03-27 21:25:09,208 [Thread-4] ERROR org.ffmpeg - [wmav2 @ 0x55c58a0] overflow in spectral RLE, ignoring
2012-03-27 21:25:09,268 [Thread-4] ERROR org.ffmpeg - [wmav2 @ 0x55c58a0] overflow in spectral RLE, ignoring
2012-03-27 21:25:09,612 [Thread-4] ERROR org.ffmpeg - [wmav2 @ 0x55c58a0] overflow in spectral RLE, ignoring
2012-03-27 21:25:09,622 [Thread-4] ERROR org.ffmpeg - [wmav2 @ 0x55c58a0] overflow in spectral RLE, ignoring
2012-03-27 21:25:09,644 [Thread-4] ERROR org.ffmpeg - [wmav2 @ 0x55c58a0] overflow in spectral RLE, ignoring
2012-03-27 21:25:09,749 [Thread-4] ERROR org.ffmpeg - [wmav2 @ 0x55c58a0] overflow in spectral RLE, ignoring
2012-03-27 21:25:09,771 [Thread-4] ERROR org.ffmpeg - [wmav2 @ 0x55c58a0] overflow in spectral RLE, ignoring
2012-03-27 21:25:48,863 [Finalizer] DEBUG com.xuggle.xuggler - Closing dangling Container (../../../../../../../csrc/com/xuggle/xuggler/Container.cpp:83)
2012-03-27 21:26:03,843 [Thread-4] ERROR org.ffmpeg - [wmv2 @ 0x5524ec0] warning: first frame is no keyframe
2012-03-27 21:26:03,864 [Finalizer] DEBUG com.xuggle.xuggler - Closing dangling Container (../../../../../../../csrc/com/xuggle/xuggler/Container.cpp:83)
2012-03-27 21:26:03,920 [Thread-4] ERROR org.ffmpeg - [wmav2 @ 0x55258a0] overflow in spectral RLE, ignoring
2012-03-27 21:26:04,025 [Thread-4] ERROR org.ffmpeg - [wmav2 @ 0x55258a0] overflow in spectral RLE, ignoring
2012-03-27 21:26:04,046 [Thread-4] ERROR org.ffmpeg - [wmav2 @ 0x55258a0] overflow in spectral RLE, ignoring
2012-03-27 21:26:04,379 [Thread-4] ERROR org.ffmpeg - [wmav2 @ 0x55258a0] overflow in spectral RLE, ignoring
2012-03-27 21:26:04,390 [Thread-4] ERROR org.ffmpeg - [wmav2 @ 0x55258a0] overflow in spectral RLE, ignoring
2012-03-27 21:26:04,413 [Thread-4] ERROR org.ffmpeg - [wmav2 @ 0x55258a0] overflow in spectral RLE, ignoring
2012-03-27 21:26:04,518 [Thread-4] ERROR org.ffmpeg - [wmav2 @ 0x55258a0] overflow in spectral RLE, ignoring
2012-03-27 21:26:04,540 [Thread-4] ERROR org.ffmpeg - [wmav2 @ 0x55258a0] overflow in spectral RLE, ignoring
2012-03-27 21:26:10,845 [Thread-4] ERROR org.ffmpeg - [wmv2 @ 0x554acc0] warning: first frame is no keyframe
2012-03-27 21:26:10,870 [Thread-4] ERROR org.ffmpeg - [wmav2 @ 0x554b6d0] overflow in spectral RLE, ignoring
2012-03-27 21:26:10,940 [Thread-4] ERROR org.ffmpeg - [wmav2 @ 0x554b6d0] overflow in spectral RLE, ignoring
2012-03-27 21:26:11,447 [Thread-4] ERROR org.ffmpeg - [wmav2 @ 0x554b6d0] overflow in spectral RLE, ignoring
2012-03-27 21:26:11,673 [Thread-4] ERROR org.ffmpeg - [wmav2 @ 0x554b6d0] overflow in spectral RLE, ignoring
2012-03-27 21:26:30,189 [Thread-7] ERROR org.ffmpeg - [wmv2 @ 0x9e704a0] warning: first frame is no keyframe
2012-03-27 21:26:30,197 [Thread-7] DEBUG com.xuggle.xuggler - Closing dangling Container (../../../../../../../csrc/com/xuggle/xuggler/Container.cpp:83)
2012-03-27 21:26:30,235 [Thread-7] ERROR org.ffmpeg - [wmav2 @ 0x9310570] overflow in spectral RLE, ignoring
2012-03-27 21:26:30,374 [Thread-7] ERROR org.ffmpeg - [wmav2 @ 0x9310570] overflow in spectral RLE, ignoring
2012-03-27 21:26:30,398 [Thread-7] ERROR org.ffmpeg - [wmav2 @ 0x9310570] overflow in spectral RLE, ignoring
2012-03-27 21:26:30,764 [Thread-7] ERROR org.ffmpeg - [wmav2 @ 0x9310570] overflow in spectral RLE, ignoring
2012-03-27 21:26:30,774 [Thread-7] ERROR org.ffmpeg - [wmav2 @ 0x9310570] overflow in spectral RLE, ignoring
2012-03-27 21:26:30,796 [Thread-7] ERROR org.ffmpeg - [wmav2 @ 0x9310570] overflow in spectral RLE, ignoring
2012-03-27 21:26:30,864 [Thread-7] ERROR org.ffmpeg - [wmav2 @ 0x9310570] overflow in spectral RLE, ignoring
2012-03-27 21:26:30,889 [Thread-7] ERROR org.ffmpeg - [wmav2 @ 0x9310570] overflow in spectral RLE, ignoring
2012-03-27 21:26:43,935 [Finalizer] DEBUG com.xuggle.xuggler - Closing dangling Container (../../../../../../../csrc/com/xuggle/xuggler/Container.cpp:83)
2012-03-27 21:27:09,641 [Thread-4] ERROR org.ffmpeg - [wmv2 @ 0x5524bc0] warning: first frame is no keyframe
2012-03-27 21:27:09,662 [Finalizer] DEBUG com.xuggle.xuggler - Closing dangling Container (../../../../../../../csrc/com/xuggle/xuggler/Container.cpp:83)
2012-03-27 21:27:33,696 [Thread-4] ERROR org.ffmpeg - [wmv2 @ 0x5574c20] warning: first frame is no keyframe
2012-03-27 21:27:33,720 [Finalizer] DEBUG com.xuggle.xuggler - Closing dangling Container (../../../../../../../csrc/com/xuggle/xuggler/Container.cpp:83)
2012-03-27 21:27:52,853 [Thread-4] ERROR org.ffmpeg - [wmv2 @ 0x54b4c20] warning: first frame is no keyframe
2012-03-27 21:27:52,873 [Finalizer] DEBUG com.xuggle.xuggler - Closing dangling Container (../../../../../../../csrc/com/xuggle/xuggler/Container.cpp:83)
2012-03-27 21:55:21,535 [Thread-4] ERROR org.ffmpeg - [wmv2 @ 0x552acc0] warning: first frame is no keyframe
2012-03-27 21:55:21,560 [Thread-4] ERROR org.ffmpeg - [wmav2 @ 0x552b6d0] overflow in spectral RLE, ignoring
2012-03-27 21:55:21,633 [Thread-4] ERROR org.ffmpeg - [wmav2 @ 0x552b6d0] overflow in spectral RLE, ignoring
2012-03-27 21:55:22,091 [Thread-4] ERROR org.ffmpeg - [wmav2 @ 0x552b6d0] overflow in spectral RLE, ignoring
2012-03-27 21:55:22,316 [Thread-4] ERROR org.ffmpeg - [wmav2 @ 0x552b6d0] overflow in spectral RLE, ignoring
2012-03-27 21:55:28,237 [Thread-7] ERROR org.ffmpeg - [wmv2 @ 0x94180e0] warning: first frame is no keyframe
2012-03-27 21:55:28,247 [Finalizer] DEBUG com.xuggle.xuggler - Closing dangling Container (../../../../../../../csrc/com/xuggle/xuggler/Container.cpp:83)
2012-03-27 21:55:28,587 [Thread-7] ERROR org.ffmpeg - [wmav2 @ 0x9418d50] overflow in spectral RLE, ignoring
2012-03-27 21:55:28,752 [Thread-7] ERROR org.ffmpeg - [wmav2 @ 0x9418d50] overflow in spectral RLE, ignoring
2012-03-27 22:00:13,970 [Finalizer] DEBUG com.xuggle.xuggler - Closing dangling Container (../../../../../../../csrc/com/xuggle/xuggler/Container.cpp:83)
2012-03-27 22:00:13,991 [Thread-4] ERROR org.ffmpeg - [wmv2 @ 0x93904f0] warning: first frame is no keyframe
2012-03-27 22:00:14,351 [Thread-4] ERROR org.ffmpeg - [wmav2 @ 0x552c370] overflow in spectral RLE, ignoring
2012-03-27 22:00:14,526 [Thread-4] ERROR org.ffmpeg - [wmav2 @ 0x552c370] overflow in spectral RLE, ignoring
2012-03-27 22:10:25,798 [Thread-4] ERROR org.ffmpeg - [wmv2 @ 0x560acc0] warning: first frame is no keyframe
2012-03-27 22:10:25,824 [Thread-4] ERROR org.ffmpeg - [wmav2 @ 0x560b6d0] overflow in spectral RLE, ignoring
2012-03-27 22:10:25,899 [Thread-4] ERROR org.ffmpeg - [wmav2 @ 0x560b6d0] overflow in spectral RLE, ignoring
2012-03-27 22:10:26,352 [Thread-4] ERROR org.ffmpeg - [wmav2 @ 0x560b6d0] overflow in spectral RLE, ignoring
2012-03-27 22:10:26,581 [Thread-4] ERROR org.ffmpeg - [wmav2 @ 0x560b6d0] overflow in spectral RLE, ignoring
2012-03-28 15:03:52,392 [Thread-4] ERROR org.ffmpeg - [wmv2 @ 0x55aacc0] warning: first frame is no keyframe
2012-03-28 15:03:52,418 [Thread-4] ERROR org.ffmpeg - [wmav2 @ 0x55ab6d0] overflow in spectral RLE, ignoring
2012-03-28 15:03:52,498 [Thread-4] ERROR org.ffmpeg - [wmav2 @ 0x55ab6d0] overflow in spectral RLE, ignoring
2012-03-28 15:03:53,030 [Thread-4] ERROR org.ffmpeg - [wmav2 @ 0x55ab6d0] overflow in spectral RLE, ignoring
2012-03-28 15:03:53,346 [Thread-4] ERROR org.ffmpeg - [wmav2 @ 0x55ab6d0] overflow in spectral RLE, ignoring
2012-03-28 15:06:30,507 [Thread-4] ERROR org.ffmpeg - [wmv2 @ 0x554acc0] warning: first frame is no keyframe
2012-03-28 15:06:30,533 [Thread-4] ERROR org.ffmpeg - [wmav2 @ 0x554b6d0] overflow in spectral RLE, ignoring
2012-03-28 15:06:30,618 [Thread-4] ERROR org.ffmpeg - [wmav2 @ 0x554b6d0] overflow in spectral RLE, ignoring
2012-03-28 15:06:31,147 [Thread-4] ERROR org.ffmpeg - [wmav2 @ 0x554b6d0] overflow in spectral RLE, ignoring
2012-03-28 15:06:31,398 [Thread-4] ERROR org.ffmpeg - [wmav2 @ 0x554b6d0] overflow in spectral RLE, ignoring
2012-03-28 15:09:01,968 [Thread-4] ERROR org.ffmpeg - [wmv2 @ 0x552acc0] warning: first frame is no keyframe
2012-03-28 15:09:02,000 [Thread-4] ERROR org.ffmpeg - [wmav2 @ 0x552b6d0] overflow in spectral RLE, ignoring
2012-03-28 15:09:02,084 [Thread-4] ERROR org.ffmpeg - [wmav2 @ 0x552b6d0] overflow in spectral RLE, ignoring
2012-03-28 15:09:02,590 [Thread-4] ERROR org.ffmpeg - [wmav2 @ 0x552b6d0] overflow in spectral RLE, ignoring
2012-03-28 15:09:02,842 [Thread-4] ERROR org.ffmpeg - [wmav2 @ 0x552b6d0] overflow in spectral RLE, ignoring
2012-03-28 15:09:33,865 [Thread-4] ERROR org.ffmpeg - [wmv2 @ 0x550acc0] warning: first frame is no keyframe
2012-03-28 15:09:33,895 [Thread-4] ERROR org.ffmpeg - [wmav2 @ 0x550b6d0] overflow in spectral RLE, ignoring
2012-03-28 15:09:33,977 [Thread-4] ERROR org.ffmpeg - [wmav2 @ 0x550b6d0] overflow in spectral RLE, ignoring
2012-03-28 15:09:34,510 [Thread-4] ERROR org.ffmpeg - [wmav2 @ 0x550b6d0] overflow in spectral RLE, ignoring
2012-03-28 15:09:34,767 [Thread-4] ERROR org.ffmpeg - [wmav2 @ 0x550b6d0] overflow in spectral RLE, ignoring
2012-03-28 15:10:28,437 [Thread-4] ERROR org.ffmpeg - [wmv2 @ 0x554acc0] warning: first frame is no keyframe
2012-03-28 15:10:28,465 [Thread-4] ERROR org.ffmpeg - [wmav2 @ 0x554b6d0] overflow in spectral RLE, ignoring
2012-03-28 15:10:28,548 [Thread-4] ERROR org.ffmpeg - [wmav2 @ 0x554b6d0] overflow in spectral RLE, ignoring
2012-03-28 15:10:29,076 [Thread-4] ERROR org.ffmpeg - [wmav2 @ 0x554b6d0] overflow in spectral RLE, ignoring
2012-03-28 15:10:29,330 [Thread-4] ERROR org.ffmpeg - [wmav2 @ 0x554b6d0] overflow in spectral RLE, ignoring
2012-03-28 15:11:59,297 [Thread-4] ERROR org.ffmpeg - [wmv2 @ 0x554acc0] warning: first frame is no keyframe
2012-03-28 15:11:59,326 [Thread-4] ERROR org.ffmpeg - [wmav2 @ 0x554b6d0] overflow in spectral RLE, ignoring
2012-03-28 15:11:59,407 [Thread-4] ERROR org.ffmpeg - [wmav2 @ 0x554b6d0] overflow in spectral RLE, ignoring
2012-03-28 15:11:59,930 [Thread-4] ERROR org.ffmpeg - [wmav2 @ 0x554b6d0] overflow in spectral RLE, ignoring
2012-03-28 15:12:00,185 [Thread-4] ERROR org.ffmpeg - [wmav2 @ 0x554b6d0] overflow in spectral RLE, ignoring
2012-03-28 15:12:14,910 [Thread-4] ERROR org.ffmpeg - [wmv2 @ 0x55aacc0] warning: first frame is no keyframe
2012-03-28 15:12:14,939 [Thread-4] ERROR org.ffmpeg - [wmav2 @ 0x55ab6d0] overflow in spectral RLE, ignoring
2012-03-28 15:12:15,023 [Thread-4] ERROR org.ffmpeg - [wmav2 @ 0x55ab6d0] overflow in spectral RLE, ignoring
2012-03-28 15:12:15,544 [Thread-4] ERROR org.ffmpeg - [wmav2 @ 0x55ab6d0] overflow in spectral RLE, ignoring
2012-03-28 15:12:15,792 [Thread-4] ERROR org.ffmpeg - [wmav2 @ 0x55ab6d0] overflow in spectral RLE, ignoring
2012-03-28 15:12:48,971 [Finalizer] DEBUG com.xuggle.xuggler - Closing dangling Container (../../../../../../../csrc/com/xuggle/xuggler/Container.cpp:83)
2012-03-28 15:12:48,991 [Thread-4] ERROR org.ffmpeg - [wmv2 @ 0x9390700] warning: first frame is no keyframe
2012-03-28 15:12:49,402 [Thread-4] ERROR org.ffmpeg - [wmav2 @ 0x5555950] overflow in spectral RLE, ignoring
2012-03-28 15:12:49,597 [Thread-4] ERROR org.ffmpeg - [wmav2 @ 0x5555950] overflow in spectral RLE, ignoring
2012-04-24 13:34:12,961 [Thread-4] ERROR org.ffmpeg - [wmv2 @ 0x541acc0] warning: first frame is no keyframe
2012-04-24 13:34:13,009 [Thread-4] ERROR org.ffmpeg - [wmav2 @ 0x541b6d0] overflow in spectral RLE, ignoring
2012-04-24 13:34:13,212 [Thread-4] ERROR org.ffmpeg - [wmav2 @ 0x541b6d0] overflow in spectral RLE, ignoring
2012-04-24 13:34:13,664 [Thread-4] ERROR org.ffmpeg - [wmav2 @ 0x541b6d0] overflow in spectral RLE, ignoring
2012-04-24 13:34:13,914 [Thread-4] ERROR org.ffmpeg - [wmav2 @ 0x541b6d0] overflow in spectral RLE, ignoring
2012-04-24 13:36:45,462 [Finalizer] DEBUG com.xuggle.xuggler - Closing dangling Container (../../../../../../../csrc/com/xuggle/xuggler/Container.cpp:83)
2012-04-24 13:36:45,509 [Thread-4] ERROR org.ffmpeg - [wmv2 @ 0x54d1a20] warning: first frame is no keyframe
2012-04-24 13:36:52,022 [Thread-4] ERROR org.ffmpeg - [wmv2 @ 0x548acc0] warning: first frame is no keyframe
2012-04-24 13:36:52,053 [Thread-4] ERROR org.ffmpeg - [wmav2 @ 0x548b6d0] overflow in spectral RLE, ignoring
2012-04-24 13:36:52,117 [Thread-4] ERROR org.ffmpeg - [wmav2 @ 0x548b6d0] overflow in spectral RLE, ignoring
2012-04-24 13:36:52,554 [Thread-4] ERROR org.ffmpeg - [wmav2 @ 0x548b6d0] overflow in spectral RLE, ignoring
2012-04-24 13:36:52,772 [Thread-4] ERROR org.ffmpeg - [wmav2 @ 0x548b6d0] overflow in spectral RLE, ignoring
2012-04-24 13:36:57,687 [Thread-7] ERROR org.ffmpeg - [wmv2 @ 0xc170810] warning: first frame is no keyframe
2012-04-24 13:36:57,687 [Thread-7] DEBUG com.xuggle.xuggler - Closing dangling Container (../../../../../../../csrc/com/xuggle/xuggler/Container.cpp:83)
2012-04-24 13:37:15,635 [Thread-4] ERROR org.ffmpeg - [wmv2 @ 0x54c4e30] warning: first frame is no keyframe
2012-04-24 13:37:15,655 [Finalizer] DEBUG com.xuggle.xuggler - Closing dangling Container (../../../../../../../csrc/com/xuggle/xuggler/Container.cpp:83)
2012-04-24 13:37:35,218 [Thread-4] ERROR org.ffmpeg - [wmv2 @ 0x5524dd0] warning: first frame is no keyframe
2012-04-24 13:37:35,238 [Finalizer] DEBUG com.xuggle.xuggler - Closing dangling Container (../../../../../../../csrc/com/xuggle/xuggler/Container.cpp:83)
2012-04-24 13:38:08,040 [Thread-4] ERROR org.ffmpeg - [wmv2 @ 0x5484dd0] warning: first frame is no keyframe
2012-04-24 13:38:08,706 [Finalizer] DEBUG com.xuggle.xuggler - Closing dangling Container (../../../../../../../csrc/com/xuggle/xuggler/Container.cpp:83)
2012-04-24 13:38:15,075 [Thread-5] ERROR org.ffmpeg - [wmv2 @ 0xbd4c010] warning: first frame is no keyframe
2012-04-24 13:38:20,226 [Thread-6] ERROR org.ffmpeg - [wmv2 @ 0xc4c9370] warning: first frame is no keyframe
2012-04-24 13:38:20,241 [Finalizer] DEBUG com.xuggle.xuggler - Closing dangling Container (../../../../../../../csrc/com/xuggle/xuggler/Container.cpp:83)
2012-04-24 13:38:40,945 [Finalizer] DEBUG com.xuggle.xuggler - Closing dangling Container (../../../../../../../csrc/com/xuggle/xuggler/Container.cpp:83)
2012-04-24 13:38:57,154 [Thread-4] ERROR org.ffmpeg - [wmv2 @ 0x54c6040] warning: first frame is no keyframe
2012-04-24 13:38:57,176 [Finalizer] DEBUG com.xuggle.xuggler - Closing dangling Container (../../../../../../../csrc/com/xuggle/xuggler/Container.cpp:83)
2012-04-24 13:38:57,230 [Thread-4] ERROR org.ffmpeg - [wmav2 @ 0x54c6a50] overflow in spectral RLE, ignoring
2012-04-24 13:38:57,323 [Thread-4] ERROR org.ffmpeg - [wmav2 @ 0x54c6a50] overflow in spectral RLE, ignoring
2012-04-24 13:38:57,368 [Thread-4] ERROR org.ffmpeg - [wmav2 @ 0x54c6a50] overflow in spectral RLE, ignoring
2012-04-24 13:38:57,710 [Thread-4] ERROR org.ffmpeg - [wmav2 @ 0x54c6a50] overflow in spectral RLE, ignoring
2012-04-24 13:38:57,720 [Thread-4] ERROR org.ffmpeg - [wmav2 @ 0x54c6a50] overflow in spectral RLE, ignoring
2012-04-24 13:38:57,741 [Thread-4] ERROR org.ffmpeg - [wmav2 @ 0x54c6a50] overflow in spectral RLE, ignoring
2012-04-24 13:38:57,847 [Thread-4] ERROR org.ffmpeg - [wmav2 @ 0x54c6a50] overflow in spectral RLE, ignoring
2012-04-24 13:38:57,870 [Thread-4] ERROR org.ffmpeg - [wmav2 @ 0x54c6a50] overflow in spectral RLE, ignoring
2012-04-24 13:39:07,147 [Thread-5] ERROR org.ffmpeg - [wmv2 @ 0x551bd20] warning: first frame is no keyframe
2012-04-24 13:39:07,165 [Finalizer] DEBUG com.xuggle.xuggler - Closing dangling Container (../../../../../../../csrc/com/xuggle/xuggler/Container.cpp:83)
2012-04-24 15:27:08,991 [Thread-4] ERROR org.ffmpeg - [wmv2 @ 0x549acc0] warning: first frame is no keyframe
2012-04-24 15:27:09,020 [Thread-4] ERROR org.ffmpeg - [wmav2 @ 0x549b6d0] overflow in spectral RLE, ignoring
2012-04-24 15:27:09,096 [Thread-4] ERROR org.ffmpeg - [wmav2 @ 0x549b6d0] overflow in spectral RLE, ignoring
2012-04-24 15:27:09,555 [Thread-4] ERROR org.ffmpeg - [wmav2 @ 0x549b6d0] overflow in spectral RLE, ignoring
2012-04-24 15:27:09,775 [Thread-4] ERROR org.ffmpeg - [wmav2 @ 0x549b6d0] overflow in spectral RLE, ignoring
2012-04-24 15:28:58,680 [Thread-4] ERROR org.ffmpeg - [wmv2 @ 0x555acc0] warning: first frame is no keyframe
2012-04-24 15:28:58,707 [Thread-4] ERROR org.ffmpeg - [wmav2 @ 0x555b6d0] overflow in spectral RLE, ignoring
2012-04-24 15:28:58,782 [Thread-4] ERROR org.ffmpeg - [wmav2 @ 0x555b6d0] overflow in spectral RLE, ignoring
2012-04-24 15:28:59,228 [Thread-4] ERROR org.ffmpeg - [wmav2 @ 0x555b6d0] overflow in spectral RLE, ignoring
2012-04-24 15:28:59,449 [Thread-4] ERROR org.ffmpeg - [wmav2 @ 0x555b6d0] overflow in spectral RLE, ignoring
2012-04-24 15:30:00,701 [Thread-4] ERROR org.ffmpeg - [wmv2 @ 0x54e5e80] warning: first frame is no keyframe
2012-04-24 15:30:00,722 [Thread-4] DEBUG com.xuggle.xuggler - Closing dangling Container (../../../../../../../csrc/com/xuggle/xuggler/Container.cpp:83)
2012-04-24 15:30:00,734 [Thread-4] ERROR org.ffmpeg - [wmav2 @ 0x54e6860] overflow in spectral RLE, ignoring
2012-04-24 15:30:00,734 [Thread-4] ERROR org.ffmpeg - [wmav2 @ 0x54e6860] overflow in spectral RLE, ignoring
2012-04-24 15:30:00,774 [Thread-4] ERROR org.ffmpeg - [wmav2 @ 0x54e6860] overflow in spectral RLE, ignoring
2012-04-24 15:30:00,801 [Thread-4] ERROR org.ffmpeg - [wmav2 @ 0x54e6860] overflow in spectral RLE, ignoring
2012-04-24 15:30:00,851 [Thread-4] ERROR org.ffmpeg - [wmav2 @ 0x54e6860] overflow in spectral RLE, ignoring
2012-04-24 15:30:01,014 [Thread-4] ERROR org.ffmpeg - [wmav2 @ 0x54e6860] overflow in spectral RLE, ignoring
2012-04-24 15:30:01,084 [Thread-4] ERROR org.ffmpeg - [wmav2 @ 0x54e6860] overflow in spectral RLE, ignoring
2012-04-24 15:30:01,260 [Thread-4] ERROR org.ffmpeg - [wmav2 @ 0x54e6860] overflow in spectral RLE, ignoring
2012-04-24 15:30:18,744 [Thread-4] ERROR org.ffmpeg - [wmv2 @ 0x5474e30] warning: first frame is no keyframe
2012-04-24 15:30:18,766 [Thread-4] DEBUG com.xuggle.xuggler - Closing dangling Container (../../../../../../../csrc/com/xuggle/xuggler/Container.cpp:83)
2012-04-27 18:48:52,681 [Thread-4] ERROR org.ffmpeg - [wmv2 @ 0x54facc0] warning: first frame is no keyframe
2012-04-27 18:48:52,736 [Thread-4] ERROR org.ffmpeg - [wmav2 @ 0x54fb6d0] overflow in spectral RLE, ignoring
2012-04-27 18:48:52,954 [Thread-4] ERROR org.ffmpeg - [wmav2 @ 0x54fb6d0] overflow in spectral RLE, ignoring
2012-04-27 18:48:53,428 [Thread-4] ERROR org.ffmpeg - [wmav2 @ 0x54fb6d0] overflow in spectral RLE, ignoring
2012-04-27 18:48:53,752 [Thread-4] ERROR org.ffmpeg - [wmav2 @ 0x54fb6d0] overflow in spectral RLE, ignoring
2012-04-27 18:49:31,338 [Thread-4] ERROR org.ffmpeg - [wmv2 @ 0x54eacc0] warning: first frame is no keyframe
2012-04-27 18:49:31,358 [Thread-4] ERROR org.ffmpeg - [wmav2 @ 0x54eb6d0] overflow in spectral RLE, ignoring
2012-04-27 18:49:31,428 [Thread-4] ERROR org.ffmpeg - [wmav2 @ 0x54eb6d0] overflow in spectral RLE, ignoring
2012-04-27 18:49:31,896 [Thread-4] ERROR org.ffmpeg - [wmav2 @ 0x54eb6d0] overflow in spectral RLE, ignoring
2012-04-27 18:49:32,118 [Thread-4] ERROR org.ffmpeg - [wmav2 @ 0x54eb6d0] overflow in spectral RLE, ignoring
2012-04-27 18:53:42,873 [Thread-4] ERROR org.ffmpeg - [wmv2 @ 0x550acc0] warning: first frame is no keyframe
2012-04-27 18:53:42,891 [Thread-4] ERROR org.ffmpeg - [wmav2 @ 0x550b6d0] overflow in spectral RLE, ignoring
2012-04-27 18:53:42,962 [Thread-4] ERROR org.ffmpeg - [wmav2 @ 0x550b6d0] overflow in spectral RLE, ignoring
2012-04-27 18:53:43,399 [Thread-4] ERROR org.ffmpeg - [wmav2 @ 0x550b6d0] overflow in spectral RLE, ignoring
2012-04-27 18:53:43,616 [Thread-4] ERROR org.ffmpeg - [wmav2 @ 0x550b6d0] overflow in spectral RLE, ignoring
2012-04-27 18:54:36,304 [Thread-4] ERROR org.ffmpeg - [wmv2 @ 0x54facc0] warning: first frame is no keyframe
2012-04-27 18:54:36,322 [Thread-4] ERROR org.ffmpeg - [wmav2 @ 0x54fb6d0] overflow in spectral RLE, ignoring
2012-04-27 18:54:36,394 [Thread-4] ERROR org.ffmpeg - [wmav2 @ 0x54fb6d0] overflow in spectral RLE, ignoring
2012-04-27 18:54:36,925 [Thread-4] ERROR org.ffmpeg - [wmav2 @ 0x54fb6d0] overflow in spectral RLE, ignoring
2012-04-27 18:54:37,142 [Thread-4] ERROR org.ffmpeg - [wmav2 @ 0x54fb6d0] overflow in spectral RLE, ignoring
2012-04-27 18:57:38,851 [Thread-4] ERROR org.ffmpeg - [wmv2 @ 0x552acc0] warning: first frame is no keyframe
2012-04-27 18:57:38,869 [Thread-4] ERROR org.ffmpeg - [wmav2 @ 0x552b6d0] overflow in spectral RLE, ignoring
2012-04-27 18:57:38,939 [Thread-4] ERROR org.ffmpeg - [wmav2 @ 0x552b6d0] overflow in spectral RLE, ignoring
2012-04-27 18:57:39,568 [Thread-4] ERROR org.ffmpeg - [wmav2 @ 0x552b6d0] overflow in spectral RLE, ignoring
2012-04-27 18:57:39,829 [Thread-4] ERROR org.ffmpeg - [wmav2 @ 0x552b6d0] overflow in spectral RLE, ignoring
2012-04-27 19:06:11,194 [Thread-4] ERROR org.ffmpeg - [wmv2 @ 0x549acc0] warning: first frame is no keyframe
2012-04-27 19:06:11,213 [Thread-4] ERROR org.ffmpeg - [wmav2 @ 0x549b6d0] overflow in spectral RLE, ignoring
2012-04-27 19:06:11,286 [Thread-4] ERROR org.ffmpeg - [wmav2 @ 0x549b6d0] overflow in spectral RLE, ignoring
2012-04-27 19:06:11,831 [Thread-4] ERROR org.ffmpeg - [wmav2 @ 0x549b6d0] overflow in spectral RLE, ignoring
2012-04-27 19:06:12,053 [Thread-4] ERROR org.ffmpeg - [wmav2 @ 0x549b6d0] overflow in spectral RLE, ignoring
2012-04-27 19:06:42,124 [Thread-4] ERROR org.ffmpeg - [wmv2 @ 0x543acc0] warning: first frame is no keyframe
2012-04-27 19:06:42,143 [Thread-4] ERROR org.ffmpeg - [wmav2 @ 0x543b6d0] overflow in spectral RLE, ignoring
2012-04-27 19:06:42,217 [Thread-4] ERROR org.ffmpeg - [wmav2 @ 0x543b6d0] overflow in spectral RLE, ignoring
2012-04-27 19:06:42,697 [Thread-4] ERROR org.ffmpeg - [wmav2 @ 0x543b6d0] overflow in spectral RLE, ignoring
2012-04-27 19:06:42,911 [Thread-4] ERROR org.ffmpeg - [wmav2 @ 0x543b6d0] overflow in spectral RLE, ignoring
2012-04-27 19:07:00,665 [Thread-4] ERROR org.ffmpeg - [wmv2 @ 0x96a0700] warning: first frame is no keyframe
2012-04-27 19:07:00,684 [Finalizer] DEBUG com.xuggle.xuggler - Closing dangling Container (../../../../../../../csrc/com/xuggle/xuggler/Container.cpp:83)
2012-04-27 19:07:01,089 [Thread-4] ERROR org.ffmpeg - [wmav2 @ 0x54b5950] overflow in spectral RLE, ignoring
2012-04-27 19:07:01,311 [Thread-4] ERROR org.ffmpeg - [wmav2 @ 0x54b5950] overflow in spectral RLE, ignoring
2012-04-27 19:10:14,010 [Thread-4] ERROR org.ffmpeg - [wmv2 @ 0x54bacc0] warning: first frame is no keyframe
2012-04-27 19:10:14,028 [Thread-4] ERROR org.ffmpeg - [wmav2 @ 0x54bb6d0] overflow in spectral RLE, ignoring
2012-04-27 19:10:14,097 [Thread-4] ERROR org.ffmpeg - [wmav2 @ 0x54bb6d0] overflow in spectral RLE, ignoring
2012-04-27 19:10:14,523 [Thread-4] ERROR org.ffmpeg - [wmav2 @ 0x54bb6d0] overflow in spectral RLE, ignoring
2012-04-27 19:10:14,737 [Thread-4] ERROR org.ffmpeg - [wmav2 @ 0x54bb6d0] overflow in spectral RLE, ignoring
2012-04-27 19:10:52,434 [Thread-4] ERROR org.ffmpeg - [wmv2 @ 0x548acc0] warning: first frame is no keyframe
2012-04-27 19:10:52,453 [Thread-4] ERROR org.ffmpeg - [wmav2 @ 0x548b6d0] overflow in spectral RLE, ignoring
2012-04-27 19:10:52,527 [Thread-4] ERROR org.ffmpeg - [wmav2 @ 0x548b6d0] overflow in spectral RLE, ignoring
2012-04-27 19:10:52,964 [Thread-4] ERROR org.ffmpeg - [wmav2 @ 0x548b6d0] overflow in spectral RLE, ignoring
2012-04-27 19:10:53,179 [Thread-4] ERROR org.ffmpeg - [wmav2 @ 0x548b6d0] overflow in spectral RLE, ignoring
2012-04-27 19:11:56,944 [Thread-4] ERROR org.ffmpeg - [wmv2 @ 0x545acc0] warning: first frame is no keyframe
2012-04-27 19:11:56,963 [Thread-4] ERROR org.ffmpeg - [wmav2 @ 0x545b6d0] overflow in spectral RLE, ignoring
2012-04-27 19:11:57,034 [Thread-4] ERROR org.ffmpeg - [wmav2 @ 0x545b6d0] overflow in spectral RLE, ignoring
2012-04-27 19:11:57,464 [Thread-4] ERROR org.ffmpeg - [wmav2 @ 0x545b6d0] overflow in spectral RLE, ignoring
2012-04-27 19:11:57,710 [Thread-4] ERROR org.ffmpeg - [wmav2 @ 0x545b6d0] overflow in spectral RLE, ignoring
2012-04-27 19:12:33,727 [Thread-4] ERROR org.ffmpeg - [wmv2 @ 0x54eacc0] warning: first frame is no keyframe
2012-04-27 19:12:33,746 [Thread-4] ERROR org.ffmpeg - [wmav2 @ 0x54eb6d0] overflow in spectral RLE, ignoring
2012-04-27 19:12:33,816 [Thread-4] ERROR org.ffmpeg - [wmav2 @ 0x54eb6d0] overflow in spectral RLE, ignoring
2012-04-27 19:12:34,249 [Thread-4] ERROR org.ffmpeg - [wmav2 @ 0x54eb6d0] overflow in spectral RLE, ignoring
2012-04-27 19:12:34,464 [Thread-4] ERROR org.ffmpeg - [wmav2 @ 0x54eb6d0] overflow in spectral RLE, ignoring
2012-04-27 19:12:51,858 [Thread-4] ERROR org.ffmpeg - [wmv2 @ 0x96a0700] warning: first frame is no keyframe
2012-04-27 19:12:51,878 [Finalizer] DEBUG com.xuggle.xuggler - Closing dangling Container (../../../../../../../csrc/com/xuggle/xuggler/Container.cpp:83)
2012-04-27 19:12:52,215 [Thread-4] ERROR org.ffmpeg - [wmav2 @ 0x5465950] overflow in spectral RLE, ignoring
2012-04-27 19:12:52,404 [Thread-4] ERROR org.ffmpeg - [wmav2 @ 0x5465950] overflow in spectral RLE, ignoring
2012-04-27 19:14:42,724 [Thread-4] ERROR org.ffmpeg - [wmv2 @ 0x54dacc0] warning: first frame is no keyframe
2012-04-27 19:14:42,744 [Thread-4] ERROR org.ffmpeg - [wmav2 @ 0x54db6d0] overflow in spectral RLE, ignoring
2012-04-27 19:14:42,814 [Thread-4] ERROR org.ffmpeg - [wmav2 @ 0x54db6d0] overflow in spectral RLE, ignoring
2012-04-27 19:14:43,250 [Thread-4] ERROR org.ffmpeg - [wmav2 @ 0x54db6d0] overflow in spectral RLE, ignoring
2012-04-27 19:14:43,555 [Thread-4] ERROR org.ffmpeg - [wmav2 @ 0x54db6d0] overflow in spectral RLE, ignoring
2012-04-27 19:19:54,253 [Thread-4] ERROR org.ffmpeg - [wmv2 @ 0x54cacc0] warning: first frame is no keyframe
2012-04-27 19:19:54,271 [Thread-4] ERROR org.ffmpeg - [wmav2 @ 0x54cb6d0] overflow in spectral RLE, ignoring
2012-04-27 19:19:54,339 [Thread-4] ERROR org.ffmpeg - [wmav2 @ 0x54cb6d0] overflow in spectral RLE, ignoring
2012-04-27 19:19:54,778 [Thread-4] ERROR org.ffmpeg - [wmav2 @ 0x54cb6d0] overflow in spectral RLE, ignoring
2012-04-27 19:19:54,993 [Thread-4] ERROR org.ffmpeg - [wmav2 @ 0x54cb6d0] overflow in spectral RLE, ignoring
2012-04-27 19:20:15,326 [Thread-4] ERROR org.ffmpeg - [wmv2 @ 0x557acc0] warning: first frame is no keyframe
2012-04-27 19:20:15,344 [Thread-4] ERROR org.ffmpeg - [wmav2 @ 0x557b6d0] overflow in spectral RLE, ignoring
2012-04-27 19:20:15,414 [Thread-4] ERROR org.ffmpeg - [wmav2 @ 0x557b6d0] overflow in spectral RLE, ignoring
2012-04-27 19:20:15,883 [Thread-4] ERROR org.ffmpeg - [wmav2 @ 0x557b6d0] overflow in spectral RLE, ignoring
2012-04-27 19:20:16,101 [Thread-4] ERROR org.ffmpeg - [wmav2 @ 0x557b6d0] overflow in spectral RLE, ignoring
2012-04-27 19:21:47,068 [Thread-4] ERROR org.ffmpeg - [wmv2 @ 0x549acc0] warning: first frame is no keyframe
2012-04-27 19:21:47,086 [Thread-4] ERROR org.ffmpeg - [wmav2 @ 0x549b6d0] overflow in spectral RLE, ignoring
2012-04-27 19:21:47,154 [Thread-4] ERROR org.ffmpeg - [wmav2 @ 0x549b6d0] overflow in spectral RLE, ignoring
2012-04-27 19:21:47,583 [Thread-4] ERROR org.ffmpeg - [wmav2 @ 0x549b6d0] overflow in spectral RLE, ignoring
2012-04-27 19:21:47,803 [Thread-4] ERROR org.ffmpeg - [wmav2 @ 0x549b6d0] overflow in spectral RLE, ignoring
2012-04-27 19:24:20,316 [Thread-4] ERROR org.ffmpeg - [wmv2 @ 0x548acc0] warning: first frame is no keyframe
2012-04-27 19:24:20,335 [Thread-4] ERROR org.ffmpeg - [wmav2 @ 0x548b6d0] overflow in spectral RLE, ignoring
2012-04-27 19:24:20,403 [Thread-4] ERROR org.ffmpeg - [wmav2 @ 0x548b6d0] overflow in spectral RLE, ignoring
2012-04-27 19:24:20,832 [Thread-4] ERROR org.ffmpeg - [wmav2 @ 0x548b6d0] overflow in spectral RLE, ignoring
2012-04-27 19:24:21,191 [Thread-4] ERROR org.ffmpeg - [wmav2 @ 0x548b6d0] overflow in spectral RLE, ignoring
2012-04-27 19:24:33,910 [Thread-4] ERROR org.ffmpeg - [wmv2 @ 0x96a0700] warning: first frame is no keyframe
2012-04-27 19:24:33,933 [Finalizer] DEBUG com.xuggle.xuggler - Closing dangling Container (../../../../../../../csrc/com/xuggle/xuggler/Container.cpp:83)
2012-04-27 19:24:34,265 [Thread-4] ERROR org.ffmpeg - [wmav2 @ 0x5485950] overflow in spectral RLE, ignoring
2012-04-27 19:24:34,436 [Thread-4] ERROR org.ffmpeg - [wmav2 @ 0x5485950] overflow in spectral RLE, ignoring
2012-04-27 19:24:44,476 [Thread-4] ERROR org.ffmpeg - [wmv2 @ 0x96a0700] warning: first frame is no keyframe
2012-04-27 19:24:44,497 [Finalizer] DEBUG com.xuggle.xuggler - Closing dangling Container (../../../../../../../csrc/com/xuggle/xuggler/Container.cpp:83)
2012-04-27 19:24:44,825 [Thread-4] ERROR org.ffmpeg - [wmav2 @ 0x5555950] overflow in spectral RLE, ignoring
2012-04-27 19:24:44,993 [Thread-4] ERROR org.ffmpeg - [wmav2 @ 0x5555950] overflow in spectral RLE, ignoring
2012-04-30 08:28:21,025 [Thread-4] ERROR org.ffmpeg - [wmv2 @ 0x576ae10] warning: first frame is no keyframe
2012-04-30 08:28:21,065 [Thread-4] ERROR org.ffmpeg - [wmav2 @ 0x576b820] overflow in spectral RLE, ignoring
2012-04-30 08:28:21,265 [Thread-4] ERROR org.ffmpeg - [wmav2 @ 0x576b820] overflow in spectral RLE, ignoring
2012-04-30 08:28:21,755 [Thread-4] ERROR org.ffmpeg - [wmav2 @ 0x576b820] overflow in spectral RLE, ignoring
2012-04-30 08:28:21,986 [Thread-4] ERROR org.ffmpeg - [wmav2 @ 0x576b820] overflow in spectral RLE, ignoring
2012-04-30 08:39:01,457 [Thread-4] ERROR org.ffmpeg - [wmv2 @ 0x574ae10] warning: first frame is no keyframe
2012-04-30 08:39:01,477 [Thread-4] ERROR org.ffmpeg - [wmav2 @ 0x574b820] overflow in spectral RLE, ignoring
2012-04-30 08:39:01,547 [Thread-4] ERROR org.ffmpeg - [wmav2 @ 0x574b820] overflow in spectral RLE, ignoring
2012-04-30 08:39:01,977 [Thread-4] ERROR org.ffmpeg - [wmav2 @ 0x574b820] overflow in spectral RLE, ignoring
2012-04-30 08:39:02,197 [Thread-4] ERROR org.ffmpeg - [wmav2 @ 0x574b820] overflow in spectral RLE, ignoring
2012-04-30 08:39:30,626 [Thread-4] ERROR org.ffmpeg - [wmv2 @ 0x56aae10] warning: first frame is no keyframe
2012-04-30 08:39:30,646 [Thread-4] ERROR org.ffmpeg - [wmav2 @ 0x56ab820] overflow in spectral RLE, ignoring
2012-04-30 08:39:30,716 [Thread-4] ERROR org.ffmpeg - [wmav2 @ 0x56ab820] overflow in spectral RLE, ignoring
2012-04-30 08:39:31,256 [Thread-4] ERROR org.ffmpeg - [wmav2 @ 0x56ab820] overflow in spectral RLE, ignoring
2012-04-30 08:39:31,426 [Thread-4] ERROR org.ffmpeg - [wmav2 @ 0x56ab820] overflow in spectral RLE, ignoring
2012-04-30 08:41:02,285 [Thread-4] ERROR org.ffmpeg - [wmv2 @ 0x56d4de0] warning: first frame is no keyframe
2012-04-30 08:41:02,965 [Finalizer] DEBUG com.xuggle.xuggler - Closing dangling Container (../../../../../../../csrc/com/xuggle/xuggler/Container.cpp:83)
2012-04-30 08:41:56,516 [Thread-4] ERROR org.ffmpeg - [wmv2 @ 0x56eae10] warning: first frame is no keyframe
2012-04-30 08:42:56,432 [Thread-4] ERROR org.ffmpeg - [wmv2 @ 0x56fae10] warning: first frame is no keyframe
2012-04-30 08:44:39,246 [Thread-4] ERROR org.ffmpeg - [wmv2 @ 0x57aae10] warning: first frame is no keyframe
2012-04-30 08:47:15,341 [Thread-4] ERROR org.ffmpeg - [wmv2 @ 0x571ae10] warning: first frame is no keyframe
2012-04-30 08:49:04,222 [Thread-4] ERROR org.ffmpeg - [wmv2 @ 0x565ae10] warning: first frame is no keyframe
2012-04-30 08:57:37,270 [Thread-4] ERROR org.ffmpeg - [wmv2 @ 0x567ae10] warning: first frame is no keyframe
2012-04-30 09:33:39,970 [Thread-4] ERROR org.ffmpeg - [wmv2 @ 0x578ae10] warning: first frame is no keyframe
2012-04-30 09:36:30,326 [Thread-4] ERROR org.ffmpeg - [wmv2 @ 0x566ae10] warning: first frame is no keyframe
2012-04-30 09:40:06,934 [Thread-4] ERROR org.ffmpeg - [wmv2 @ 0x567ae10] warning: first frame is no keyframe
2012-04-30 09:41:57,692 [Thread-4] ERROR org.ffmpeg - [wmv2 @ 0x56cae10] warning: first frame is no keyframe
2012-04-30 09:42:45,568 [Thread-4] ERROR org.ffmpeg - [wmv2 @ 0x56aae10] warning: first frame is no keyframe
2012-04-30 09:46:41,154 [Thread-4] ERROR org.ffmpeg - [wmv2 @ 0x568ae10] warning: first frame is no keyframe
2012-04-30 09:47:34,913 [Thread-4] ERROR org.ffmpeg - [wmv2 @ 0x578ae10] warning: first frame is no keyframe
2012-04-30 09:48:19,082 [Thread-4] ERROR org.ffmpeg - [wmv2 @ 0x565ae10] warning: first frame is no keyframe
2012-04-30 09:48:37,221 [Thread-4] ERROR org.ffmpeg - [wmv2 @ 0x56dae10] warning: first frame is no keyframe
2012-04-30 09:49:18,355 [Thread-4] ERROR org.ffmpeg - [wmv2 @ 0x566ae10] warning: first frame is no keyframe
2012-04-30 09:51:16,447 [Thread-4] ERROR org.ffmpeg - [wmv2 @ 0x569ae10] warning: first frame is no keyframe
2012-04-30 09:52:53,068 [Thread-4] ERROR org.ffmpeg - [wmv2 @ 0x565ae10] warning: first frame is no keyframe
2012-04-30 09:53:10,221 [Thread-4] ERROR org.ffmpeg - [wmv2 @ 0x572ae10] warning: first frame is no keyframe
2012-04-30 09:53:50,439 [Thread-4] ERROR org.ffmpeg - [wmv2 @ 0x564ae10] warning: first frame is no keyframe
2012-05-22 08:49:18,573 [Thread-4] ERROR org.ffmpeg - [wmv2 @ 0x54aaab0] warning: first frame is no keyframe
2012-05-22 10:06:22,131 [Thread-4] ERROR org.ffmpeg - [wmv2 @ 0x555acc0] warning: first frame is no keyframe
2012-06-14 14:01:11,901 [Thread-4] ERROR org.ffmpeg - [wmv2 @ 0x510acc0] warning: first frame is no keyframe
2012-06-14 14:01:20,079 [Thread-4] ERROR org.ffmpeg - [wmv2 @ 0x506acc0] warning: first frame is no keyframe
2012-06-14 15:23:55,099 [Thread-4] ERROR org.ffmpeg - [wmv2 @ 0x509acc0] warning: first frame is no keyframe
2012-06-14 15:24:34,706 [Thread-4] ERROR org.ffmpeg - [wmv2 @ 0x508acc0] warning: first frame is no keyframe
2012-06-14 15:25:10,243 [Thread-4] ERROR org.ffmpeg - [wmv2 @ 0x50bacc0] warning: first frame is no keyframe
2012-06-14 15:30:31,247 [Thread-4] ERROR org.ffmpeg - [wmv2 @ 0x513acc0] warning: first frame is no keyframe
2012-06-14 15:31:10,427 [Thread-4] ERROR org.ffmpeg - [wmv2 @ 0x518acc0] warning: first frame is no keyframe
2012-06-14 15:31:43,365 [Thread-4] ERROR org.ffmpeg - [wmv2 @ 0x502acc0] warning: first frame is no keyframe
2012-06-14 15:34:32,298 [Thread-4] ERROR org.ffmpeg - [wmv2 @ 0x509acc0] warning: first frame is no keyframe
2012-06-14 15:35:43,279 [Thread-4] ERROR org.ffmpeg - [wmv2 @ 0x50cacc0] warning: first frame is no keyframe
2012-06-17 09:26:45,733 [Thread-4] ERROR org.ffmpeg - [wmv2 @ 0x554a890] warning: first frame is no keyframe
2012-06-17 10:47:36,157 [Thread-4] ERROR org.ffmpeg - [wmv2 @ 0x547aab0] warning: first frame is no keyframe
2012-06-17 10:49:20,236 [Thread-4] ERROR org.ffmpeg - [wmv2 @ 0x54a5c00] warning: first frame is no keyframe
2012-06-17 10:49:20,283 [Finalizer] DEBUG com.xuggle.xuggler - Closing dangling Container (../../../../../../../csrc/com/xuggle/xuggler/Container.cpp:83)
2012-06-17 10:49:20,285 [Thread-4] ERROR org.ffmpeg - [wmav2 @ 0x54a65f0] overflow in spectral RLE, ignoring
2012-06-17 10:49:20,358 [Thread-4] ERROR org.ffmpeg - [wmav2 @ 0x54a65f0] overflow in spectral RLE, ignoring
2012-06-17 10:49:20,827 [Thread-4] ERROR org.ffmpeg - [wmav2 @ 0x54a65f0] overflow in spectral RLE, ignoring
2012-06-17 10:49:21,043 [Thread-4] ERROR org.ffmpeg - [wmav2 @ 0x54a65f0] overflow in spectral RLE, ignoring
2012-06-17 10:49:51,807 [Thread-4] ERROR org.ffmpeg - [wmv2 @ 0x54a5b30] warning: first frame is no keyframe
2012-06-17 10:49:51,827 [Finalizer] DEBUG com.xuggle.xuggler - Closing dangling Container (../../../../../../../csrc/com/xuggle/xuggler/Container.cpp:83)
2012-06-17 10:49:52,194 [Thread-4] ERROR org.ffmpeg - [wmav2 @ 0x54a6540] overflow in spectral RLE, ignoring
2012-06-17 10:49:52,401 [Thread-4] ERROR org.ffmpeg - [wmav2 @ 0x54a6540] overflow in spectral RLE, ignoring
2012-06-17 10:51:48,176 [Thread-4] ERROR org.ffmpeg - [wmv2 @ 0x55e4c20] warning: first frame is no keyframe
2012-06-17 10:51:48,771 [Finalizer] DEBUG com.xuggle.xuggler - Closing dangling Container (../../../../../../../csrc/com/xuggle/xuggler/Container.cpp:83)
2012-06-17 10:51:59,144 [Thread-4] ERROR org.ffmpeg - [wmv2 @ 0xa6104f0] warning: first frame is no keyframe
2012-06-17 10:51:59,163 [Finalizer] DEBUG com.xuggle.xuggler - Closing dangling Container (../../../../../../../csrc/com/xuggle/xuggler/Container.cpp:83)
2012-06-17 10:51:59,503 [Thread-4] ERROR org.ffmpeg - [wmav2 @ 0x54d5760] overflow in spectral RLE, ignoring
2012-06-17 10:51:59,674 [Thread-4] ERROR org.ffmpeg - [wmav2 @ 0x54d5760] overflow in spectral RLE, ignoring
2012-06-17 10:52:15,740 [Thread-4] ERROR org.ffmpeg - [wmv2 @ 0x5524c20] warning: first frame is no keyframe
2012-06-17 10:52:16,342 [Finalizer] DEBUG com.xuggle.xuggler - Closing dangling Container (../../../../../../../csrc/com/xuggle/xuggler/Container.cpp:83)
2012-06-17 11:54:13,822 [Thread-4] ERROR org.ffmpeg - [wmv2 @ 0x5464c30] warning: first frame is no keyframe
2012-06-17 11:54:13,839 [Finalizer] DEBUG com.xuggle.xuggler - Closing dangling Container (../../../../../../../csrc/com/xuggle/xuggler/Container.cpp:83)
2012-06-17 11:56:53,522 [Thread-4] ERROR org.ffmpeg - [wmv2 @ 0x551acc0] warning: first frame is no keyframe
